Verify task E07-F01: "Sample feature for golden test".

CODE REVIEW


# Workflow: Code Review (Craft Review)

## Purpose

Review code changes for **craftsmanship** — DRY, SOLID, idiomatic patterns, standards compliance, complexity, reuse opportunities — and elevate quality with concrete, actionable feedback. Findings that don't block the task get returned as `non_blockers_to_triage` so they don't get lost.

## Phase Contract

This workflow does **craft review** only. It does NOT re-verify what other phases own:

| What this phase owns | What this phase HANDS OFF to QA |
|---|---|
| DRY / reuse opportunities | Spec fidelity (PRD ↔ implementation) |
| SOLID and architectural compliance | Acceptance criteria verification |
| Standards crosswalk (with citations) | Runtime wiring / call-site verification |
| Idiomatic language patterns | Frontend visual verification |
| Complexity, size, hotspots | Test execution (running pytest, lint, type-check) |
| Reuse search across codebase | E2E reachability |
| Tests **design** review (coverage, boundaries, missing cases) | Codex red-team for spec fidelity |

If you find yourself re-running tests or re-verifying ACs against the PRD, **stop** — that's QA's job. Trust the phase contract; if QA is doing its job, you don't need to re-do it.

A blocker found here halts the task; a non-blocker is returned in `non_blockers_to_triage` so the host can file it as tech-debt on the parent feature.

## Required inputs (validation)

If any critical input is missing, request it before proceeding. **Do not invent standards or fabricate citations.** If `coding_standards_path` is absent, every standards violation downgrades to opinion-level (nit).

## Review process

### Step 1: Scope sanity (60 seconds — not an AC re-check)

A 5-line gut check, not an AC re-verification:

- Diff touches files plausibly related to the task title.
- Diff size is plausible for the task description (flag if `diff_summary.lines_changed > 2000` — recommend splitting).
- No unrelated modifications.

If the diff doesn't plausibly match the task, **FAIL immediately and return** — something is wrong upstream.

### Step 2: Reuse pass (DRY — search before flagging duplication)

**Before** flagging duplication, search the codebase for existing implementations:

```bash
# Examples — adapt to the language and symbol style
grep -rn "<function-name>" --include="*.py" .
grep -rn "<class-name>" --include="*.ts" src/
rg "<concept>" --type-add 'src:*.{py,ts,tsx,go}' -tsrc
```

For each new utility / helper / abstraction the diff introduces, check whether the codebase already has one. If it does:

- Document the existing symbol with its `file:line`.
- Propose a diff-ready refactor showing how the new code would call it.

Findings: list each duplicated logic with the existing code's location, severity (blocker if a major reimplementation, non-blocker if a small parallel utility).

### Step 3: Standards crosswalk (required citations)

For each finding in this phase, cite the **specific section** of the project's standards docs that the code violates. **No citation = the finding is opinion, not a standards violation.**

For each violation: `{file:line} — {rule} — {coding-standards.md §X.Y "quoted clause"}`.

If the project has no standards section that covers a finding, note "no standards section covers this — opinion only" and downgrade to a nit.

### Step 4: SOLID & architecture compliance

Validate each modified file against:

- **Single Responsibility** — does each class/module have one clear job?
- **Open/Closed** — extensible without modification of stable code paths?
- **Liskov / Interface Segregation / Dependency Inversion** — apply where relevant.
- **Architecture documents** — does the implementation respect the layering, dependency direction, and integration points specified in `architecture_doc_paths`?

For each violation: `file:line`, rule, evidence (code excerpt), and a concrete refactor.

### Step 5: Production caller chain trace (MANDATORY for service-contract changes)

If the diff modifies a service signature, factory, DI wire-up, or any function that production code calls into, **walk the chain end-to-end before signing off.** The most common dead-on-arrival miss is that the diff *compiles* and *unit tests pass* but the production caller cannot actually reach the new code path. Examples that have slipped past CR:

- `vision_client=None` hardcoded in a factory while the feature's whole point was to use vision.
- A repository query that compiles to `WHERE source_page_id IS NULL` against a non-nullable column — always 0 rows.
- A caller passing threshold `0.6` while the service hardcodes `0.7`.

For every changed service contract, name in the report:

1. **Entrypoint** — the production handler / route / CLI command / scheduled job that drives this code in production.
2. **Call chain** — each intermediate `file:line` from entrypoint → leaf.
3. **Argument shape at each hop** — the actual values production passes (not the kwargs a helper-test prefers to use).

If you cannot complete the chain in a 5-line trace, the diff is dead on arrival. **FAIL with finding type ARCH/wiring** and require the developer to add an end-to-end test that calls from the production entrypoint. Reuse the greps from Step 2 — same searches, different question (callers, not duplicates).

Return the chains in `production_caller_chains`.

### Step 6: Idiomatic language review

Apply the language's community-standard patterns:

| Language | What to check |
|---|---|
| Python | Pythonic patterns (comprehensions, context managers, dataclasses), type hints, no string-formatted SQL, prefer `pathlib` over `os.path`, idiomatic exception handling |
| TypeScript | Strict types, no `any` without justification, prefer `unknown` over `any` for untrusted input, discriminated unions, proper Promise typing |
| Go | Error handling (no swallowed errors, wrap with context), goroutine lifecycle, idiomatic struct embedding, proper `context.Context` propagation |
| All | Avoid nested ternaries (prefer if/else or switch), avoid premature abstraction, no commented-out code, no debug prints |

Replace non-idiomatic constructs with community-standard alternatives. Show before/after when the change isn't obvious.

### Step 7: Complexity & size hotspots

Use tooling where available:

```bash
# Python
uv run radon cc <files> --min=B
# TypeScript
npx eslint <files> --rule 'complexity: ["error", 10]'
# Go
gocyclo -over 10 <files>
```

Flag using `complexity_thresholds` (defaults: cyclomatic 10, file 500 lines, function 50 lines, deep nesting ≥4):

- Functions over the cyclomatic threshold.
- Files over the file-line threshold (guide, not hard rule — justify or recommend splitting).
- Functions over the function-line threshold (guide — same).
- Deep nesting.

Pre-existing complexity above threshold is a **non-blocker** (triage) unless the task substantially expanded it. New complexity above threshold is a **blocker**.

### Step 8: Tests review (design, not execution)

You don't run tests — QA does that. But you do review **test design**:

- **Coverage touchpoints** — does each AC have at least one test case?
- **Boundary conditions** — does the test set include min/max/empty/null/zero/negative-one for each input?
- **Negative cases** — what should NOT happen, and is there a test asserting it?
- **Flaky-risk** — tests with timing, random data, network, real time, or shared state.
- **Mock discipline** — tests that only assert the mock was called are not testing real behavior.
- **Missing cases** — given the AC, list any boundary or negative case the test set doesn't cover.

Findings here are typically non-blockers (triaged as test-debt), unless a critical AC has zero tests at all.

### Step 8.5: Counter-factual test check (per AC, MANDATORY)

For each item in `acceptance_criteria`, point at the specific test(s) that cover it and answer one question:

> Would this test fail against the prior buggy code (or against an empty implementation that only satisfies type signatures)?

If the answer is **"no"**, the AC is not actually covered. The test asserts trivia — the class exists, the method returned without raising, the mock was called — but does not exercise the AC's truth condition. Examples that have slipped past CR and were caught only at UAT:

- AC said *"raise when both tiers <3 entries"* — the only test covered tier-2 = 0 (empty), never 1 or 2; a buggy implementation that just truthy-checked the list would pass.
- AC said *"orchestrator raises X when source_blocks empty"* — only the exception class's constructor was tested; the gate path was never exercised.
- AC tested the happy path with kwargs the production caller never actually passes (see Step 5).

For each AC, return one entry in `counter_factual_per_ac`:

```
{
  ac_id: "AC-X",
  covering_test: "test_name at file:line",
  rationale_or_blocker_flag: "[short rationale why this test would fail against the wrong implementation]"
}
```

If you cannot answer, the AC is a non-blocker triage at minimum (developer adds coverage). If the AC is critical and has no test driving the boundary named in the AC text, it is a **blocker** (set rationale_or_blocker_flag accordingly).

### Step 9: Risk hotspots

Identify and flag:

- Complexity concentrations (a single function holding most of the diff's logic).
- Tight coupling (one module reaching into another's internals).
- Performance bottlenecks (N+1 queries, unnecessary loops, blocking I/O on hot paths).
- Security boundaries (input validation, parameterized queries, secrets handling, injection surfaces).
- Concurrency issues (shared state, lock ordering, goroutine leaks).
- I/O boundary risks (network, file, DB calls without timeouts/error handling).

For each: severity, evidence, and a concrete mitigation.

### Step 10: Codex red-team on the diff (MANDATORY)

Claude reviewing Claude is a monoculture. Run `codex_command` to red-team the diff from a different model's perspective — same pattern as QA's codex step, but applied at craft-review focus (DRY, idiom, complexity, standards, design) rather than spec fidelity.

The codex prompt (assembled by the caller) should instruct codex to:

1. **DRY / reuse** — for each new utility/helper/abstraction, search the codebase for existing equivalents; list every duplication with file:line and a diff-ready refactor.
2. **SOLID violations** — Single Responsibility, Open/Closed, Liskov, Interface Segregation, Dependency Inversion.
3. **Standards crosswalk** — cite the EXACT section of `coding_standards_path` and quote the clause; no citation = downgrade to opinion-only nit; no fabricated citations.
4. **Idiomatic patterns** — language-specific community-standard alternatives.
5. **Complexity hotspots** — distinguish new complexity (blocker if egregious) from pre-existing (non-blocker triage).
6. **Tests design** — coverage gaps per AC, missing boundary/negative cases, mock-discipline issues.
7. **Risk hotspots** — coupling, performance, security boundaries, concurrency, I/O.

Codex output should be enumerative within each category — multiple non-blocker DRY findings beat one summary.

**Timeout**: 5 minutes. If it times out, retry once. After two failures, log `"Codex craft review: FAILED — [error]"` as a non-blocking note (don't skip CR because of codex failure, but document it).

**Merge codex findings into your own:**

- Codex blockers + your blockers = the rejection set.
- Codex non-blockers + your non-blockers = `non_blockers_to_triage` (deduplicate by `file:line + rule`).
- Codex nits go into `nits`.
- If codex disagreed with your verdict (e.g., codex says FAIL where you said PASS), do not silently override — record the disagreement in `codex_disagreements` and pick the more conservative verdict.

#### Downgrade discipline

If you downgrade a codex blocker to non-blocker or nit, you MUST in the report answer this sentence verbatim:

> *"This finding is non-load-bearing because it does not mask a test bug, a wiring gap, or a regressed AC, for the following reason: [reason]."*

"Greenfield project", "codex over-flags", and "we'll catch it in QA" are not sufficient justifications on their own — they are not a reason, they are a vibe. A real example that bit: codex flagged a broad `except Exception` as blocker; tech-lead downgraded citing greenfield; UAT re-promoted it because the swallow was hiding an `AsyncMock`-not-`MagicMock` test bug. Treat downgrade as a positive claim that has to be defended, not a default position.

Return downgrades in `downgrade_justifications`. Include codex's response verbatim in `codex_assessment_verbatim`.

### Step 11: Quality rubric (0-5 per dimension)

For each modified file, score 0-5 with a one-sentence justification each. Return in `rubric_scores_per_file`:

- **(a) Readability** — names, structure, flow.
- **(b) Maintainability** — DRY, modularity, clear responsibilities.
- **(c) Performance** — sensible algorithms, no obvious bottlenecks.
- **(d) Testability** — pure functions, dependency injection, seams.
- **(e) Standards Compliance** — adherence to cited standards docs.

Average ≤ 3 for any dimension is a non-blocker triage; ≤ 2 is a blocker.

### Step 12: Triage labeling

For every finding, label it:

| Label | Definition | Goes to |
|---|---|---|
| **Blocker** | AC violation, security flaw, broken contract, missing standards-required behavior, severe complexity in new code | `blockers` — host fails the review |
| **Non-blocker** | Real craft issue but doesn't violate a hard contract — pre-existing complexity, missing nice-to-have test, suggestable refactor, minor reuse opportunity | `non_blockers_to_triage` — host files as tech-debt |
| **Nit** | Stylistic preference, opinion-level, debatable | `nits` — host puts in report only |

The host is responsible for actually creating the tech-debt entries from `non_blockers_to_triage`. If the host's triage attempt fails (e.g., parent feature is in a state that doesn't accept new tasks), it falls back to a feature-level note — that's a host concern, not a craft concern.

## Required output structure (report content)

Write the report to `code_review_report_path`. All sections required:

### A. Executive summary (≤ 10 lines)

- What the diff accomplishes (1-2 lines).
- Overall risk level.
- Verdict: **PASS** / **PASS-with-triage** / **FAIL (blocker)**.
- Counts: blockers / non-blockers triaged / nits.

### B. Findings table

| id | severity | file:line | rule | diagnosis | evidence | correction |
|---|---|---|---|---|---|---|
| 1 | blocker | path/to/file.py:42 | DRY | duplicates `existing_helper()` | `existing_helper()` at lib/helpers.py:18 | replace with import + call |

`rule` is one of: `DRY`, `SRP`, `OCP`, `YAGNI`, `ARCH`, `CODING-STANDARD`, `IDIOM`, `COMPLEXITY`, `RISK`, `TESTS`.

### C. Reuse opportunities

For each duplicated logic: existing symbol + `file:line` + diff-ready refactor.

### D. Standards crosswalk

| finding id | standards doc | section | quoted clause |
|---|---|---|---|

If no standards doc covers a finding, mark "opinion-only" and downgrade severity.

### E. Tests review

- Coverage assessment (which ACs have tests, which don't).
- Missing boundary cases.
- Flaky-risk tests.
- Mock-discipline issues.
- **Counter-factual table** (one row per AC, from `counter_factual_per_ac`).

### F. Quality rubric

| file | readability | maintainability | performance | testability | standards | notes |
|---|---|---|---|---|---|---|

### G. Risk hotspots

Short list, one per category that applies.

### G2. Codex red-team

`codex_assessment_verbatim` from Step 10. Note any disagreements between codex's verdict and your own (`codex_disagreements`), with rationale for the final call. Include any `downgrade_justifications` here.

### H. Production caller chains

From `production_caller_chains` (Step 5). One sub-section per service-contract change in the diff.

### I. Triage summary

- Blockers: list — must fix before QA.
- Non-blockers triaged: list (from `non_blockers_to_triage`) — host files these as tech-debt and includes the resulting keys in the final report.
- Nits: bullet list, no action.

### J. Verdict

- **PASS** — no findings of any severity.
- **PASS-with-triage** — no blockers; non-blockers exist (host triages).
- **FAIL** — one or more blockers; task returns to development.

## Decision rules

### Block (request changes) when:

- AC violation that would let the wrong behavior ship.
- Security vulnerability (injection, XSS, auth bypass, secret exposure).
- Architecture violation against a cited section of an architecture doc.
- Duplicated logic of meaningful size without a stated reason.
- New non-idiomatic construct on a critical path.
- Tests have **zero** coverage of a critical AC.
- Performance regression on a documented hot path.
- New code with cyclomatic complexity over the project threshold.
- **Service-contract change without a complete production caller-chain trace** (Step 5).
- **An AC whose only covering test passes against an empty/buggy implementation** (Step 8.5 counter-factual fails for a critical AC).
- **New `except Exception` (or other catch-all: bare `except:`, `catch (Throwable)`, `} catch {}`) introduced by the diff without a stated diagnose-layer justification per the project's error-handling standard.
- **A codex blocker downgraded without the Step 10 downgrade-discipline justification.**

### Do **NOT** block for:

- Stylistic preferences within acceptable bounds.
- Pre-existing issues the task didn't substantially worsen (triage instead).
- Minor optimizations that don't affect correctness.
- Naming nits when project standards are met.
- Missing nice-to-have test cases (triage instead).
- **File-organization preferences** (e.g., "split this 700-line test file into smaller groups"). File as tech-debt only if there is concrete maintainability impact; otherwise drop entirely.
- **Micro-style violations on tiny static-data paths** — e.g., a single sync `Path.read_text()` for a small static prompt file inside an `async def`. Async-purity / hot-path rules apply on hot paths; on a 200-byte one-shot read at module init they are nits, not findings.

### Always prefer:

- Minimal, localized fixes over broad rewrites.
- Concrete code in the correction, not vague guidance.
- Acknowledging good work when it's there.

## Self-verification (before returning)

- [ ] Every blocker cites a specific PRD requirement, standards section, or named risk.
- [ ] Every non-blocker has a clear `file_line` + `summary` + `fix_suggestion` in `non_blockers_to_triage` so the host can file it without re-reading the report.
- [ ] Reuse search was actually performed (cite at least one grep result, even if "no duplicates found").
- [ ] Standards crosswalk cites real sections from real docs (no fabricated citations).
- [ ] Quality rubric scores are justified with evidence, not vibes.
- [ ] **Codex red-team ran and findings are incorporated** (or codex failure is documented).
- [ ] **For each service-contract change in the diff, `production_caller_chains` names entrypoint → call chain → leaf** (Step 5).
- [ ] **`counter_factual_per_ac` has one entry per AC** (Step 8.5) — flag missing coverage as blocker on critical ACs.
- [ ] **If any codex finding was downgraded, `downgrade_justifications` contains the downgrade-discipline justification verbatim** (Step 10).
- [ ] Verdict matches findings: PASS only if zero findings of any severity; PASS-with-triage if no blockers; FAIL otherwise.
- [ ] Report file exists at `code_review_report_path`.

## Edge cases

- **PRD ambiguous or contradictory** — flag explicitly in report; downgrade related findings; do not invent intent.
- **Standards docs conflict** — note the conflict; do not pick a winner without escalation.
- **Diff is tiny (< 50 lines)** — skip rubric scoring; produce a 4-line report.
- **Diff is huge (> 2000 lines)** — recommend splitting in the verdict; review what fits in attention budget; explicitly mark unreviewed regions.
- **No standards doc exists** — every "standards violation" downgrades to opinion-level; recommend running a standards-generation pass.

## Loop-guard awareness

If `prior_rejection_count >= 1` for this task at code review, **escalate to the user instead of issuing another rejection** — re-rejecting the same code on the same grounds is a loop. The host is responsible for halting the dispatch; the craft simply notes loop-guard state in the report.

## Tone

- Be specific and actionable. Vague feedback ("improve error handling") is not a review.
- Acknowledge good work when it's there — not as flattery, but because reinforcement matters.
- Be direct about blockers; constructive about non-blockers.
- Provide learning context for non-obvious feedback (link to the standards section or pattern doc).
- Respect the developer's effort. The goal is better code shipped, not a higher rejection count.


READ:
(1) Task spec at docs/plan/E07/E07-F01/E07-F01.md for acceptance criteria
(2) Feature spec.md for architecture decisions and requirements
(3) Feature test-plan.md for expected test cases
(4) Git diff of changes: git log --oneline -5 && git diff HEAD~1
(5) CLAUDE.md for coding standards

REVIEW:
- [ ] Changes match task scope (no unrelated modifications)
- [ ] Code follows CLAUDE.md patterns (service layer, error handling, etc.)
- [ ] Architecture aligns with feature spec.md decisions
- [ ] No hardcoded values that should be configurable
- [ ] Error handling follows project conventions
- [ ] No security vulnerabilities (injection, XSS, etc.)
- [ ] Acceptance criteria from task spec verified against implementation
- [ ] TDD compliance — tests from feature test-plan.md are implemented and passing

PRODUCE code review report at maincode_review/`<timestamp>`-E07-F01-review.md:
- Verdict: PASS or FAIL
- Findings (if any)
- AC verification status

DECISION:
- ALL PASS → shark status advance E07-F01
- ANY FAIL → shark status set E07-F01 development --reason "<specific findings to fix>"
  (Check report at maincode_review/ on resume)
