RESUME CONTEXT: QA testing is in progress for task E07-F01: "Sample feature for golden test".

Check for existing QA report at docs/review/changes/E07-F01/qa/*-E07-F01-qa.md
- If QA report exists with PASS verdict → shark status advance E07-F01
- If QA report exists with FAIL verdict → shark status set E07-F01 ready_for_development --reason "<failures from report>"
- If NO QA report exists → you MUST perform the full QA validation below. Do NOT advance without a written report.

---

QA testing for task E07-F01: "Sample feature for golden test".

LOAD: quality skill.

READ:
(1) Task spec at docs/plan/E07/E07-F01/E07-F01.md for acceptance criteria and **Scope file list**
(2) Feature test-plan.md for test cases mapped to this task
(3) Feature spec.md for feature-level intent
(4) Code review report from maincode_review/
(5) Implementation code and existing test results
(6) `git diff` of the task's changes to derive the actual touched paths

SCOPED TEST RUN (use this — do NOT run `make test` / full integration suite):

The full integration suite has many pre-existing failures unrelated to any single task. Running it adds 20–40 minutes of wall time and produces noise that obscures real regressions. Instead:

1. **Quality gates (always run, fast):**
   - `cd backend && make fmt && make lint`

2. **Targeted unit tests (always run):**
   - Identify changed source files from `git diff` AND from the task's Scope section
   - Map each changed source file to its test counterparts under `backend/tests/unit/`
     - `backend/app/services/X.py` → `backend/tests/unit/services/test_X.py` (and any `tests/unit/services/<subdir>/`)
     - `backend/app/api/X.py` → `backend/tests/unit/api/test_X.py`
     - `backend/app/db/models/X.py` → `backend/tests/unit/db/`
   - Add any tests explicitly named in the task's Test Cases / Acceptance Criteria
   - Run them: `cd backend && uv run pytest <paths> -x --tb=short`

3. **Targeted integration tests (run only if the change crosses an integration seam):**
   - DB migration / schema change → corresponding `backend/tests/integration/db/` and any test using the changed table
   - API endpoint change → `backend/tests/integration/api/` for that route
   - Service contract change consumed by another service → tests for the consumer
   - If the change is purely intra-service or doc/comment-only, **skip integration tests entirely**
   - Run with: `cd backend && uv run pytest <paths> -x --tb=short`

4. **Sanity unit-suite spot-check (only if changes are broad):**
   - For changes touching a shared module / interface used by many consumers, run the full unit suite once: `cd backend && uv run pytest tests/unit -x --tb=short` (~40s)
   - For localized changes (single service / single API route / doc-only), skip this — the targeted run above is sufficient.

VALIDATE:
- Quality gates pass (fmt, lint)
- All targeted tests pass (zero failures introduced by this task)
- Acceptance criteria from the feature test plan are exercised by the tests you ran (cite test names)
- Edge cases identified in the test plan are covered
- No regressions in the targeted scope

DO NOT RUN:
- `make test` / `scripts/ramtest.sh` (runs full integration suite — too slow for per-task QA)
- Codex red-team (UAT owns red-team; running it here is redundant and costs ~5 min when it times out)
- Manual `make test-performance` unless the task explicitly modifies code paths timed by performance tests

PRODUCE QA report at mainqa/`<timestamp>`-E07-F01-qa.md:
- Verdict: PASS or FAIL
- Test scope rationale: which paths you ran and why (cite touched files from `git diff`)
- Test results summary (counts, durations)
- AC verification status — name the test that proves each AC
- Edge cases tested
- Any pre-existing failures encountered in the targeted scope (explicitly identified, not silently ignored)

DECISION:
- ALL PASS → shark status advance E07-F01
- ANY FAIL → shark status set E07-F01 ready_for_development --reason "<specific failures to fix>"
