Cleaning test database...
Running tests...
warning: GOPATH set to GOROOT (/home/jwwelbor/go) has no effect
?   	github.com/jwwelbor/shark-task-manager/cmd/cleanup	[no test files]
?   	github.com/jwwelbor/shark-task-manager/cmd/create-epic	[no test files]
?   	github.com/jwwelbor/shark-task-manager/cmd/demo	[no test files]
?   	github.com/jwwelbor/shark-task-manager/cmd/migrate	[no test files]
?   	github.com/jwwelbor/shark-task-manager/cmd/migrate-exec-order	[no test files]
?   	github.com/jwwelbor/shark-task-manager/cmd/server	[no test files]
?   	github.com/jwwelbor/shark-task-manager/cmd/shark	[no test files]
?   	github.com/jwwelbor/shark-task-manager/cmd/test-db	[no test files]
?   	github.com/jwwelbor/shark-task-manager/dev-artifacts	[no test files]
testing: warning: no tests to run
PASS
ok  	github.com/jwwelbor/shark-task-manager/dev-artifacts/2025-12-18-feature-discovery-issue/analysis	(cached) [no tests to run]
=== RUN   TestRootCommand
--- PASS: TestRootCommand (0.00s)
=== RUN   TestGlobalConfig
--- PASS: TestGlobalConfig (0.00s)
=== RUN   TestGetDBPath
--- PASS: TestGetDBPath (0.00s)
PASS
ok  	github.com/jwwelbor/shark-task-manager/internal/cli	(cached)
?   	github.com/jwwelbor/shark-task-manager/internal/models	[no test files]
=== RUN   TestConfigTestPatternSuccess
=== RUN   TestConfigTestPatternSuccess/Epic_pattern_matches_E04-task-mgmt
=== RUN   TestConfigTestPatternSuccess/Feature_pattern_with_epic_context
=== RUN   TestConfigTestPatternSuccess/Task_pattern_full_key
--- PASS: TestConfigTestPatternSuccess (0.00s)
    --- PASS: TestConfigTestPatternSuccess/Epic_pattern_matches_E04-task-mgmt (0.00s)
    --- PASS: TestConfigTestPatternSuccess/Feature_pattern_with_epic_context (0.00s)
    --- PASS: TestConfigTestPatternSuccess/Task_pattern_full_key (0.00s)
=== RUN   TestConfigTestPatternFailure
=== RUN   TestConfigTestPatternFailure/Epic_pattern_doesn't_match_tech-debt
=== RUN   TestConfigTestPatternFailure/Feature_pattern_doesn't_match_without_epic_prefix
--- PASS: TestConfigTestPatternFailure (0.00s)
    --- PASS: TestConfigTestPatternFailure/Epic_pattern_doesn't_match_tech-debt (0.00s)
    --- PASS: TestConfigTestPatternFailure/Feature_pattern_doesn't_match_without_epic_prefix (0.00s)
=== RUN   TestConfigTestPatternValidation
=== RUN   TestConfigTestPatternValidation/Feature_pattern_missing_epic_identifier
    config_test.go:143: 
        	Error Trace:	/home/jwwelbor/projects/shark-task-manager/internal/cli/commands/config_test.go:143
        	Error:      	An error is expected but got nil.
        	Test:       	TestConfigTestPatternValidation/Feature_pattern_missing_epic_identifier
--- FAIL: TestConfigTestPatternValidation (0.00s)
    --- FAIL: TestConfigTestPatternValidation/Feature_pattern_missing_epic_identifier (0.00s)
panic: runtime error: invalid memory address or nil pointer dereference [recovered]
	panic: runtime error: invalid memory address or nil pointer dereference
[signal SIGSEGV: segmentation violation code=0x1 addr=0x18 pc=0x86b734]

goroutine 44 [running]:
testing.tRunner.func1.2({0x9be020, 0xe1b2c0})
	/home/jwwelbor/go/src/testing/testing.go:1632 +0x230
testing.tRunner.func1()
	/home/jwwelbor/go/src/testing/testing.go:1635 +0x35e
panic({0x9be020?, 0xe1b2c0?})
	/home/jwwelbor/go/src/runtime/panic.go:785 +0x132
github.com/jwwelbor/shark-task-manager/internal/cli/commands.TestConfigTestPatternValidation.func1(0xc0002a04e0)
	/home/jwwelbor/projects/shark-task-manager/internal/cli/commands/config_test.go:144 +0x74
testing.tRunner(0xc0002a04e0, 0xc0001accd0)
	/home/jwwelbor/go/src/testing/testing.go:1690 +0xf4
created by testing.(*T).Run in goroutine 43
	/home/jwwelbor/go/src/testing/testing.go:1743 +0x390
FAIL	github.com/jwwelbor/shark-task-manager/internal/cli/commands	0.042s
=== RUN   TestIntegration_SyncWorkflow
    integration_test.go:36: Step 1: Initial sync (no last_sync_time)
    integration_test.go:48:   ✓ No last_sync_time found - full scan triggered
    integration_test.go:52: Step 2: Sync completed at 2025-12-18 10:00:00 +0000 UTC
    integration_test.go:60:   ✓ last_sync_time updated in config
    integration_test.go:77:   ✓ Config file updated: last_sync_time = 2025-12-18T10:00:00Z
    integration_test.go:87:   ✓ Existing config fields preserved
    integration_test.go:90: Step 3: Second sync (with last_sync_time)
    integration_test.go:112:   ✓ last_sync_time loaded: 2025-12-18 10:00:00 +0000 UTC
    integration_test.go:113:   ✓ Incremental sync can use this timestamp to filter files
    integration_test.go:116: Step 4: Incremental sync logic
    integration_test.go:151:   ✓ Filtered to 2 modified files (skipped 1 old file)
    integration_test.go:160: Step 5: Second sync completed, last_sync_time updated to 2025-12-18 11:00:00 +0000 UTC
    integration_test.go:178:   ✓ Final last_sync_time verified
    integration_test.go:179: 
        ✓ Complete sync workflow test passed
--- PASS: TestIntegration_SyncWorkflow (0.03s)
=== RUN   TestIntegration_ConcurrentReads
    integration_test.go:246: ✓ Concurrent read during update succeeded (atomic write works)
--- PASS: TestIntegration_ConcurrentReads (0.02s)
=== RUN   TestIntegration_MultipleManagerInstances
    integration_test.go:325: ✓ Multiple manager instances can safely share config file
--- PASS: TestIntegration_MultipleManagerInstances (0.00s)
=== RUN   TestLoadConfig_ValidLastSyncTime
--- PASS: TestLoadConfig_ValidLastSyncTime (0.00s)
=== RUN   TestLoadConfig_MissingLastSyncTime
--- PASS: TestLoadConfig_MissingLastSyncTime (0.00s)
=== RUN   TestLoadConfig_InvalidTimestamp
=== RUN   TestLoadConfig_InvalidTimestamp/invalid_format
2025/12/18 21:54:45 Warning: Invalid last_sync_time format in config: parsing time "2025-12-17 14:30:45" as "2006-01-02T15:04:05Z07:00": cannot parse " 14:30:45" as "T"
=== RUN   TestLoadConfig_InvalidTimestamp/missing_timezone
2025/12/18 21:54:45 Warning: Invalid last_sync_time format in config: parsing time "2025-12-17T14:30:45" as "2006-01-02T15:04:05Z07:00": cannot parse "" as "Z07:00"
=== RUN   TestLoadConfig_InvalidTimestamp/invalid_date
2025/12/18 21:54:45 Warning: Invalid last_sync_time format in config: parsing time "2025-13-45T14:30:45Z": month out of range
=== RUN   TestLoadConfig_InvalidTimestamp/empty_string
=== RUN   TestLoadConfig_InvalidTimestamp/random_text
2025/12/18 21:54:45 Warning: Invalid last_sync_time format in config: parsing time "not a timestamp" as "2006-01-02T15:04:05Z07:00": cannot parse "not a timestamp" as "2006"
--- PASS: TestLoadConfig_InvalidTimestamp (0.03s)
    --- PASS: TestLoadConfig_InvalidTimestamp/invalid_format (0.01s)
    --- PASS: TestLoadConfig_InvalidTimestamp/missing_timezone (0.01s)
    --- PASS: TestLoadConfig_InvalidTimestamp/invalid_date (0.00s)
    --- PASS: TestLoadConfig_InvalidTimestamp/empty_string (0.00s)
    --- PASS: TestLoadConfig_InvalidTimestamp/random_text (0.01s)
=== RUN   TestUpdateLastSyncTime
--- PASS: TestUpdateLastSyncTime (0.00s)
=== RUN   TestUpdateLastSyncTime_PreservesExistingFields
--- PASS: TestUpdateLastSyncTime_PreservesExistingFields (0.00s)
=== RUN   TestUpdateLastSyncTime_AtomicWrite
--- PASS: TestUpdateLastSyncTime_AtomicWrite (0.01s)
=== RUN   TestUpdateLastSyncTime_PreservesPermissions
--- PASS: TestUpdateLastSyncTime_PreservesPermissions (0.00s)
=== RUN   TestUpdateLastSyncTime_TimezonePreserved
--- PASS: TestUpdateLastSyncTime_TimezonePreserved (0.00s)
=== RUN   TestGetLastSyncTime_BeforeLoad
--- PASS: TestGetLastSyncTime_BeforeLoad (0.00s)
=== RUN   TestUpdateLastSyncTime_ConfigNotExists
--- PASS: TestUpdateLastSyncTime_ConfigNotExists (0.00s)
=== RUN   TestUpdateLastSyncTime_MultipleUpdates
--- PASS: TestUpdateLastSyncTime_MultipleUpdates (0.00s)
PASS
ok  	github.com/jwwelbor/shark-task-manager/internal/config	(cached)
=== RUN   TestMigrateAddExecutionOrder
    migrate_test.go:37: execution_order column already exists in schema, skipping migration test
--- PASS: TestMigrateAddExecutionOrder (0.11s)
PASS
ok  	github.com/jwwelbor/shark-task-manager/internal/db	(cached)
=== RUN   TestConflictDetector_Detect_EpicIndexOnly
--- PASS: TestConflictDetector_Detect_EpicIndexOnly (0.00s)
=== RUN   TestConflictDetector_Detect_EpicFolderOnly
--- PASS: TestConflictDetector_Detect_EpicFolderOnly (0.00s)
=== RUN   TestConflictDetector_Detect_FeatureIndexOnly
--- PASS: TestConflictDetector_Detect_FeatureIndexOnly (0.00s)
=== RUN   TestConflictDetector_Detect_FeatureFolderOnly
--- PASS: TestConflictDetector_Detect_FeatureFolderOnly (0.00s)
=== RUN   TestConflictDetector_Detect_FeatureRelationshipMismatch
--- PASS: TestConflictDetector_Detect_FeatureRelationshipMismatch (0.00s)
=== RUN   TestConflictDetector_Detect_MultipleConflicts
--- PASS: TestConflictDetector_Detect_MultipleConflicts (0.00s)
=== RUN   TestConflictDetector_Detect_NoConflicts
--- PASS: TestConflictDetector_Detect_NoConflicts (0.00s)
=== RUN   TestConflictDetector_Detect_EmptyInputs
--- PASS: TestConflictDetector_Detect_EmptyInputs (0.00s)
=== RUN   TestConflictDetector_Detect_ConflictSuggestionsAreActionable
=== RUN   TestConflictDetector_Detect_ConflictSuggestionsAreActionable/Epic_index_only_suggests_creating_folder
=== RUN   TestConflictDetector_Detect_ConflictSuggestionsAreActionable/Epic_folder_only_suggests_adding_to_index
--- PASS: TestConflictDetector_Detect_ConflictSuggestionsAreActionable (0.00s)
    --- PASS: TestConflictDetector_Detect_ConflictSuggestionsAreActionable/Epic_index_only_suggests_creating_folder (0.00s)
    --- PASS: TestConflictDetector_Detect_ConflictSuggestionsAreActionable/Epic_folder_only_suggests_adding_to_index (0.00s)
=== RUN   TestConflictResolver_Resolve_IndexPrecedence_OnlyIndexItems
--- PASS: TestConflictResolver_Resolve_IndexPrecedence_OnlyIndexItems (0.00s)
=== RUN   TestConflictResolver_Resolve_IndexPrecedence_FailsOnIndexOnlyEpic
--- PASS: TestConflictResolver_Resolve_IndexPrecedence_FailsOnIndexOnlyEpic (0.00s)
=== RUN   TestConflictResolver_Resolve_IndexPrecedence_WarnsOnFolderOnlyItems
--- PASS: TestConflictResolver_Resolve_IndexPrecedence_WarnsOnFolderOnlyItems (0.00s)
=== RUN   TestConflictResolver_Resolve_FolderPrecedence_OnlyFolderItems
--- PASS: TestConflictResolver_Resolve_FolderPrecedence_OnlyFolderItems (0.00s)
=== RUN   TestConflictResolver_Resolve_FolderPrecedence_WarnsOnIndexOnlyItems
--- PASS: TestConflictResolver_Resolve_FolderPrecedence_WarnsOnIndexOnlyItems (0.00s)
=== RUN   TestConflictResolver_Resolve_Merge_CombinesBothSources
--- PASS: TestConflictResolver_Resolve_Merge_CombinesBothSources (0.00s)
=== RUN   TestConflictResolver_Resolve_Merge_IndexMetadataWins
--- PASS: TestConflictResolver_Resolve_Merge_IndexMetadataWins (0.00s)
=== RUN   TestConflictResolver_Resolve_Merge_PreservesFolderFilePath
--- PASS: TestConflictResolver_Resolve_Merge_PreservesFolderFilePath (0.00s)
=== RUN   TestConflictResolver_Resolve_UnknownStrategy_ReturnsError
--- PASS: TestConflictResolver_Resolve_UnknownStrategy_ReturnsError (0.00s)
=== RUN   TestConflictResolver_Resolve_Merge_HandlesRelationshipMismatch
--- PASS: TestConflictResolver_Resolve_Merge_HandlesRelationshipMismatch (0.00s)
=== RUN   TestCaptureGroupConstants
=== RUN   TestCaptureGroupConstants/epic_id
=== RUN   TestCaptureGroupConstants/epic_slug
=== RUN   TestCaptureGroupConstants/epic_num
=== RUN   TestCaptureGroupConstants/feature_id
=== RUN   TestCaptureGroupConstants/feature_slug
=== RUN   TestCaptureGroupConstants/feature_num
--- PASS: TestCaptureGroupConstants (0.00s)
    --- PASS: TestCaptureGroupConstants/epic_id (0.00s)
    --- PASS: TestCaptureGroupConstants/epic_slug (0.00s)
    --- PASS: TestCaptureGroupConstants/epic_num (0.00s)
    --- PASS: TestCaptureGroupConstants/feature_id (0.00s)
    --- PASS: TestCaptureGroupConstants/feature_slug (0.00s)
    --- PASS: TestCaptureGroupConstants/feature_num (0.00s)
=== RUN   TestDefaultPatternValidity
=== RUN   TestDefaultPatternValidity/DefaultEpicFolderPattern
=== RUN   TestDefaultPatternValidity/DefaultEpicSpecialPattern
=== RUN   TestDefaultPatternValidity/DefaultFeatureFolderPattern
=== RUN   TestDefaultPatternValidity/DefaultFeatureFolderShortPattern
=== RUN   TestDefaultPatternValidity/DefaultFeatureFilePattern
=== RUN   TestDefaultPatternValidity/DefaultFeatureFileLongPattern
--- PASS: TestDefaultPatternValidity (0.00s)
    --- PASS: TestDefaultPatternValidity/DefaultEpicFolderPattern (0.00s)
    --- PASS: TestDefaultPatternValidity/DefaultEpicSpecialPattern (0.00s)
    --- PASS: TestDefaultPatternValidity/DefaultFeatureFolderPattern (0.00s)
    --- PASS: TestDefaultPatternValidity/DefaultFeatureFolderShortPattern (0.00s)
    --- PASS: TestDefaultPatternValidity/DefaultFeatureFilePattern (0.00s)
    --- PASS: TestDefaultPatternValidity/DefaultFeatureFileLongPattern (0.00s)
=== RUN   TestDefaultEpicFolderPattern
=== RUN   TestDefaultEpicFolderPattern/valid_E04
=== RUN   TestDefaultEpicFolderPattern/valid_E06
=== RUN   TestDefaultEpicFolderPattern/invalid_single_digit
=== RUN   TestDefaultEpicFolderPattern/invalid_no_slug
--- PASS: TestDefaultEpicFolderPattern (0.00s)
    --- PASS: TestDefaultEpicFolderPattern/valid_E04 (0.00s)
    --- PASS: TestDefaultEpicFolderPattern/valid_E06 (0.00s)
    --- PASS: TestDefaultEpicFolderPattern/invalid_single_digit (0.00s)
    --- PASS: TestDefaultEpicFolderPattern/invalid_no_slug (0.00s)
=== RUN   TestDefaultEpicSpecialPattern
=== RUN   TestDefaultEpicSpecialPattern/tech-debt
=== RUN   TestDefaultEpicSpecialPattern/bugs
=== RUN   TestDefaultEpicSpecialPattern/change-cards
=== RUN   TestDefaultEpicSpecialPattern/invalid_other
--- PASS: TestDefaultEpicSpecialPattern (0.00s)
    --- PASS: TestDefaultEpicSpecialPattern/tech-debt (0.00s)
    --- PASS: TestDefaultEpicSpecialPattern/bugs (0.00s)
    --- PASS: TestDefaultEpicSpecialPattern/change-cards (0.00s)
    --- PASS: TestDefaultEpicSpecialPattern/invalid_other (0.00s)
=== RUN   TestDefaultFeatureFolderPattern
=== RUN   TestDefaultFeatureFolderPattern/valid_E04-F07
=== RUN   TestDefaultFeatureFolderPattern/valid_E06-F02
=== RUN   TestDefaultFeatureFolderPattern/invalid_single_digit_epic
=== RUN   TestDefaultFeatureFolderPattern/invalid_no_slug
--- PASS: TestDefaultFeatureFolderPattern (0.00s)
    --- PASS: TestDefaultFeatureFolderPattern/valid_E04-F07 (0.00s)
    --- PASS: TestDefaultFeatureFolderPattern/valid_E06-F02 (0.00s)
    --- PASS: TestDefaultFeatureFolderPattern/invalid_single_digit_epic (0.00s)
    --- PASS: TestDefaultFeatureFolderPattern/invalid_no_slug (0.00s)
=== RUN   TestDefaultFeatureFilePattern
=== RUN   TestDefaultFeatureFilePattern/valid_prd.md
=== RUN   TestDefaultFeatureFilePattern/invalid_PRD.md
=== RUN   TestDefaultFeatureFilePattern/invalid_prd-feature.md
=== RUN   TestDefaultFeatureFilePattern/invalid_epic.md
--- PASS: TestDefaultFeatureFilePattern (0.00s)
    --- PASS: TestDefaultFeatureFilePattern/valid_prd.md (0.00s)
    --- PASS: TestDefaultFeatureFilePattern/invalid_PRD.md (0.00s)
    --- PASS: TestDefaultFeatureFilePattern/invalid_prd-feature.md (0.00s)
    --- PASS: TestDefaultFeatureFilePattern/invalid_epic.md (0.00s)
=== RUN   TestDefaultConstants
--- PASS: TestDefaultConstants (0.00s)
=== RUN   TestRelatedDocPatterns
--- PASS: TestRelatedDocPatterns (0.00s)
=== RUN   TestExcludedSubfolders
--- PASS: TestExcludedSubfolders (0.00s)
=== RUN   TestFolderScanner_Scan
=== RUN   TestFolderScanner_Scan/scan_standard_E##-epic-slug_folders
DEBUG: FolderScanner.Scan found 3 epics, 0 features
DEBUG: Epic: E04 (task-mgmt-cli-core)
DEBUG: Epic: E05 (advanced-querying)
DEBUG: Epic: E06 (intelligent-scanning)
=== RUN   TestFolderScanner_Scan/scan_special_epic_types_(tech-debt,_bugs)
DEBUG: FolderScanner.Scan found 3 epics, 0 features
DEBUG: Epic: bugs ()
DEBUG: Epic: change-cards ()
DEBUG: Epic: tech-debt ()
=== RUN   TestFolderScanner_Scan/scan_epic_with_epic.md_file
DEBUG: FolderScanner.Scan found 1 epics, 0 features
DEBUG: Epic: E04 (task-mgmt-cli-core)
=== RUN   TestFolderScanner_Scan/scan_epic_with_features_(E##-F##-feature-slug)
DEBUG: FolderScanner.Scan found 1 epics, 2 features
DEBUG: Epic: E04 (task-mgmt-cli-core)
DEBUG: Feature: E04-F01 (epic=E04, slug=database-schema)
DEBUG: Feature: E04-F07 (epic=E04, slug=initialization-sync)
=== RUN   TestFolderScanner_Scan/scan_feature_with_prd.md_file
DEBUG: FolderScanner.Scan found 1 epics, 1 features
DEBUG: Epic: E04 (task-mgmt-cli-core)
DEBUG: Feature: E04-F07 (epic=E04, slug=initialization-sync)
=== RUN   TestFolderScanner_Scan/scan_feature_with_related_documents
DEBUG: FolderScanner.Scan found 1 epics, 1 features
DEBUG: Epic: E04 (task-mgmt-cli-core)
DEBUG: Feature: E04-F07 (epic=E04, slug=initialization-sync)
=== RUN   TestFolderScanner_Scan/skip_hidden_directories
DEBUG: FolderScanner.Scan found 1 epics, 0 features
DEBUG: Epic: E04 (task-mgmt-cli-core)
=== RUN   TestFolderScanner_Scan/skip_tasks_subfolder_from_related_docs
DEBUG: FolderScanner.Scan found 1 epics, 1 features
DEBUG: Epic: E04 (task-mgmt-cli-core)
DEBUG: Feature: E04-F07 (epic=E04, slug=initialization-sync)
=== RUN   TestFolderScanner_Scan/handle_empty_docs_root
DEBUG: FolderScanner.Scan found 0 epics, 0 features
=== RUN   TestFolderScanner_Scan/handle_non-existent_docs_root
=== RUN   TestFolderScanner_Scan/mixed_epic_types_in_same_project
DEBUG: FolderScanner.Scan found 4 epics, 0 features
DEBUG: Epic: E04 (task-mgmt-cli-core)
DEBUG: Epic: E05 (advanced-querying)
DEBUG: Epic: bugs ()
DEBUG: Epic: tech-debt ()
--- PASS: TestFolderScanner_Scan (0.11s)
    --- PASS: TestFolderScanner_Scan/scan_standard_E##-epic-slug_folders (0.01s)
    --- PASS: TestFolderScanner_Scan/scan_special_epic_types_(tech-debt,_bugs) (0.01s)
    --- PASS: TestFolderScanner_Scan/scan_epic_with_epic.md_file (0.02s)
    --- PASS: TestFolderScanner_Scan/scan_epic_with_features_(E##-F##-feature-slug) (0.02s)
    --- PASS: TestFolderScanner_Scan/scan_feature_with_prd.md_file (0.01s)
    --- PASS: TestFolderScanner_Scan/scan_feature_with_related_documents (0.01s)
    --- PASS: TestFolderScanner_Scan/skip_hidden_directories (0.01s)
    --- PASS: TestFolderScanner_Scan/skip_tasks_subfolder_from_related_docs (0.01s)
    --- PASS: TestFolderScanner_Scan/handle_empty_docs_root (0.00s)
    --- PASS: TestFolderScanner_Scan/handle_non-existent_docs_root (0.00s)
    --- PASS: TestFolderScanner_Scan/mixed_epic_types_in_same_project (0.01s)
=== RUN   TestFolderScanner_MatchEpicFolder
=== RUN   TestFolderScanner_MatchEpicFolder/match_standard_E##-slug_format
=== RUN   TestFolderScanner_MatchEpicFolder/match_tech-debt_special_type
=== RUN   TestFolderScanner_MatchEpicFolder/match_bugs_special_type
=== RUN   TestFolderScanner_MatchEpicFolder/no_match_for_random_folder
=== RUN   TestFolderScanner_MatchEpicFolder/no_match_for_feature_folder
--- PASS: TestFolderScanner_MatchEpicFolder (0.00s)
    --- PASS: TestFolderScanner_MatchEpicFolder/match_standard_E##-slug_format (0.00s)
    --- PASS: TestFolderScanner_MatchEpicFolder/match_tech-debt_special_type (0.00s)
    --- PASS: TestFolderScanner_MatchEpicFolder/match_bugs_special_type (0.00s)
    --- PASS: TestFolderScanner_MatchEpicFolder/no_match_for_random_folder (0.00s)
    --- PASS: TestFolderScanner_MatchEpicFolder/no_match_for_feature_folder (0.00s)
=== RUN   TestFolderScanner_MatchFeatureFolder
=== RUN   TestFolderScanner_MatchFeatureFolder/match_standard_E##-F##-slug_format
=== RUN   TestFolderScanner_MatchFeatureFolder/no_match_for_random_folder
=== RUN   TestFolderScanner_MatchFeatureFolder/no_match_for_epic_folder
--- PASS: TestFolderScanner_MatchFeatureFolder (0.00s)
    --- PASS: TestFolderScanner_MatchFeatureFolder/match_standard_E##-F##-slug_format (0.00s)
    --- PASS: TestFolderScanner_MatchFeatureFolder/no_match_for_random_folder (0.00s)
    --- PASS: TestFolderScanner_MatchFeatureFolder/no_match_for_epic_folder (0.00s)
=== RUN   TestScanNestedFeatures
DEBUG: FolderScanner.Scan found 1 epics, 1 features
DEBUG: Epic: E01 (test-epic)
DEBUG: Feature: E01-F01 (epic=E01, slug=test-feature)
--- PASS: TestScanNestedFeatures (0.01s)
=== RUN   TestScanNestedFeaturesWithShortFormat
DEBUG: FolderScanner.Scan found 1 epics, 3 features
DEBUG: Epic: E01 (content-ingestion)
DEBUG: Feature: E01-F01 (epic=E01, slug=content-upload-security)
DEBUG: Feature: E01-F02 (epic=E01, slug=content-processing)
DEBUG: Feature: E01-F05 (epic=E01, slug=rules-extraction)
--- PASS: TestScanNestedFeaturesWithShortFormat (0.01s)
=== RUN   TestFolderScanner_Performance
DEBUG: FolderScanner.Scan found 20 epics, 100 features
DEBUG: Epic: E01 (test-epic)
DEBUG: Epic: E02 (test-epic)
DEBUG: Epic: E03 (test-epic)
DEBUG: Epic: E04 (test-epic)
DEBUG: Epic: E05 (test-epic)
DEBUG: Epic: E06 (test-epic)
DEBUG: Epic: E07 (test-epic)
DEBUG: Epic: E08 (test-epic)
DEBUG: Epic: E09 (test-epic)
DEBUG: Epic: E10 (test-epic)
DEBUG: Epic: E11 (test-epic)
DEBUG: Epic: E12 (test-epic)
DEBUG: Epic: E13 (test-epic)
DEBUG: Epic: E14 (test-epic)
DEBUG: Epic: E15 (test-epic)
DEBUG: Epic: E16 (test-epic)
DEBUG: Epic: E17 (test-epic)
DEBUG: Epic: E18 (test-epic)
DEBUG: Epic: E19 (test-epic)
DEBUG: Epic: E20 (test-epic)
DEBUG: Feature: E01-F01 (epic=E01, slug=test-feature)
DEBUG: Feature: E01-F02 (epic=E01, slug=test-feature)
DEBUG: Feature: E01-F03 (epic=E01, slug=test-feature)
DEBUG: Feature: E01-F04 (epic=E01, slug=test-feature)
DEBUG: Feature: E01-F05 (epic=E01, slug=test-feature)
DEBUG: Feature: E02-F01 (epic=E02, slug=test-feature)
DEBUG: Feature: E02-F02 (epic=E02, slug=test-feature)
DEBUG: Feature: E02-F03 (epic=E02, slug=test-feature)
DEBUG: Feature: E02-F04 (epic=E02, slug=test-feature)
DEBUG: Feature: E02-F05 (epic=E02, slug=test-feature)
DEBUG: Feature: E03-F01 (epic=E03, slug=test-feature)
DEBUG: Feature: E03-F02 (epic=E03, slug=test-feature)
DEBUG: Feature: E03-F03 (epic=E03, slug=test-feature)
DEBUG: Feature: E03-F04 (epic=E03, slug=test-feature)
DEBUG: Feature: E03-F05 (epic=E03, slug=test-feature)
DEBUG: Feature: E04-F01 (epic=E04, slug=test-feature)
DEBUG: Feature: E04-F02 (epic=E04, slug=test-feature)
DEBUG: Feature: E04-F03 (epic=E04, slug=test-feature)
DEBUG: Feature: E04-F04 (epic=E04, slug=test-feature)
DEBUG: Feature: E04-F05 (epic=E04, slug=test-feature)
DEBUG: Feature: E05-F01 (epic=E05, slug=test-feature)
DEBUG: Feature: E05-F02 (epic=E05, slug=test-feature)
DEBUG: Feature: E05-F03 (epic=E05, slug=test-feature)
DEBUG: Feature: E05-F04 (epic=E05, slug=test-feature)
DEBUG: Feature: E05-F05 (epic=E05, slug=test-feature)
DEBUG: Feature: E06-F01 (epic=E06, slug=test-feature)
DEBUG: Feature: E06-F02 (epic=E06, slug=test-feature)
DEBUG: Feature: E06-F03 (epic=E06, slug=test-feature)
DEBUG: Feature: E06-F04 (epic=E06, slug=test-feature)
DEBUG: Feature: E06-F05 (epic=E06, slug=test-feature)
DEBUG: Feature: E07-F01 (epic=E07, slug=test-feature)
DEBUG: Feature: E07-F02 (epic=E07, slug=test-feature)
DEBUG: Feature: E07-F03 (epic=E07, slug=test-feature)
DEBUG: Feature: E07-F04 (epic=E07, slug=test-feature)
DEBUG: Feature: E07-F05 (epic=E07, slug=test-feature)
DEBUG: Feature: E08-F01 (epic=E08, slug=test-feature)
DEBUG: Feature: E08-F02 (epic=E08, slug=test-feature)
DEBUG: Feature: E08-F03 (epic=E08, slug=test-feature)
DEBUG: Feature: E08-F04 (epic=E08, slug=test-feature)
DEBUG: Feature: E08-F05 (epic=E08, slug=test-feature)
DEBUG: Feature: E09-F01 (epic=E09, slug=test-feature)
DEBUG: Feature: E09-F02 (epic=E09, slug=test-feature)
DEBUG: Feature: E09-F03 (epic=E09, slug=test-feature)
DEBUG: Feature: E09-F04 (epic=E09, slug=test-feature)
DEBUG: Feature: E09-F05 (epic=E09, slug=test-feature)
DEBUG: Feature: E10-F01 (epic=E10, slug=test-feature)
DEBUG: Feature: E10-F02 (epic=E10, slug=test-feature)
DEBUG: Feature: E10-F03 (epic=E10, slug=test-feature)
DEBUG: Feature: E10-F04 (epic=E10, slug=test-feature)
DEBUG: Feature: E10-F05 (epic=E10, slug=test-feature)
DEBUG: Feature: E11-F01 (epic=E11, slug=test-feature)
DEBUG: Feature: E11-F02 (epic=E11, slug=test-feature)
DEBUG: Feature: E11-F03 (epic=E11, slug=test-feature)
DEBUG: Feature: E11-F04 (epic=E11, slug=test-feature)
DEBUG: Feature: E11-F05 (epic=E11, slug=test-feature)
DEBUG: Feature: E12-F01 (epic=E12, slug=test-feature)
DEBUG: Feature: E12-F02 (epic=E12, slug=test-feature)
DEBUG: Feature: E12-F03 (epic=E12, slug=test-feature)
DEBUG: Feature: E12-F04 (epic=E12, slug=test-feature)
DEBUG: Feature: E12-F05 (epic=E12, slug=test-feature)
DEBUG: Feature: E13-F01 (epic=E13, slug=test-feature)
DEBUG: Feature: E13-F02 (epic=E13, slug=test-feature)
DEBUG: Feature: E13-F03 (epic=E13, slug=test-feature)
DEBUG: Feature: E13-F04 (epic=E13, slug=test-feature)
DEBUG: Feature: E13-F05 (epic=E13, slug=test-feature)
DEBUG: Feature: E14-F01 (epic=E14, slug=test-feature)
DEBUG: Feature: E14-F02 (epic=E14, slug=test-feature)
DEBUG: Feature: E14-F03 (epic=E14, slug=test-feature)
DEBUG: Feature: E14-F04 (epic=E14, slug=test-feature)
DEBUG: Feature: E14-F05 (epic=E14, slug=test-feature)
DEBUG: Feature: E15-F01 (epic=E15, slug=test-feature)
DEBUG: Feature: E15-F02 (epic=E15, slug=test-feature)
DEBUG: Feature: E15-F03 (epic=E15, slug=test-feature)
DEBUG: Feature: E15-F04 (epic=E15, slug=test-feature)
DEBUG: Feature: E15-F05 (epic=E15, slug=test-feature)
DEBUG: Feature: E16-F01 (epic=E16, slug=test-feature)
DEBUG: Feature: E16-F02 (epic=E16, slug=test-feature)
DEBUG: Feature: E16-F03 (epic=E16, slug=test-feature)
DEBUG: Feature: E16-F04 (epic=E16, slug=test-feature)
DEBUG: Feature: E16-F05 (epic=E16, slug=test-feature)
DEBUG: Feature: E17-F01 (epic=E17, slug=test-feature)
DEBUG: Feature: E17-F02 (epic=E17, slug=test-feature)
DEBUG: Feature: E17-F03 (epic=E17, slug=test-feature)
DEBUG: Feature: E17-F04 (epic=E17, slug=test-feature)
DEBUG: Feature: E17-F05 (epic=E17, slug=test-feature)
DEBUG: Feature: E18-F01 (epic=E18, slug=test-feature)
DEBUG: Feature: E18-F02 (epic=E18, slug=test-feature)
DEBUG: Feature: E18-F03 (epic=E18, slug=test-feature)
DEBUG: Feature: E18-F04 (epic=E18, slug=test-feature)
DEBUG: Feature: E18-F05 (epic=E18, slug=test-feature)
DEBUG: Feature: E19-F01 (epic=E19, slug=test-feature)
DEBUG: Feature: E19-F02 (epic=E19, slug=test-feature)
DEBUG: Feature: E19-F03 (epic=E19, slug=test-feature)
DEBUG: Feature: E19-F04 (epic=E19, slug=test-feature)
DEBUG: Feature: E19-F05 (epic=E19, slug=test-feature)
DEBUG: Feature: E20-F01 (epic=E20, slug=test-feature)
DEBUG: Feature: E20-F02 (epic=E20, slug=test-feature)
DEBUG: Feature: E20-F03 (epic=E20, slug=test-feature)
DEBUG: Feature: E20-F04 (epic=E20, slug=test-feature)
DEBUG: Feature: E20-F05 (epic=E20, slug=test-feature)
--- PASS: TestFolderScanner_Performance (0.19s)
=== RUN   TestIndexParser_Parse_StandardEpicLinks
--- PASS: TestIndexParser_Parse_StandardEpicLinks (0.00s)
=== RUN   TestIndexParser_Parse_SpecialEpicTypes
--- PASS: TestIndexParser_Parse_SpecialEpicTypes (0.00s)
=== RUN   TestIndexParser_Parse_FeatureLinks
--- PASS: TestIndexParser_Parse_FeatureLinks (0.00s)
=== RUN   TestIndexParser_Parse_MixedListFormats
--- PASS: TestIndexParser_Parse_MixedListFormats (0.00s)
=== RUN   TestIndexParser_Parse_RelativePathVariations
--- PASS: TestIndexParser_Parse_RelativePathVariations (0.00s)
=== RUN   TestIndexParser_Parse_MalformedLinks
--- PASS: TestIndexParser_Parse_MalformedLinks (0.01s)
=== RUN   TestIndexParser_Parse_FileNotFound
--- PASS: TestIndexParser_Parse_FileNotFound (0.00s)
=== RUN   TestIndexParser_Parse_EmptyFile
--- PASS: TestIndexParser_Parse_EmptyFile (0.00s)
=== RUN   TestIndexParser_Parse_NoMarkdownLinks
--- PASS: TestIndexParser_Parse_NoMarkdownLinks (0.00s)
=== RUN   TestIndexParser_Parse_ComplexRealWorld
--- PASS: TestIndexParser_Parse_ComplexRealWorld (0.00s)
=== RUN   TestIndexParser_parseEpicLink_StandardFormat
=== RUN   TestIndexParser_parseEpicLink_StandardFormat/E04-task-mgmt-cli-core
=== RUN   TestIndexParser_parseEpicLink_StandardFormat/E05-advanced-querying
=== RUN   TestIndexParser_parseEpicLink_StandardFormat/tech-debt
=== RUN   TestIndexParser_parseEpicLink_StandardFormat/bugs
=== RUN   TestIndexParser_parseEpicLink_StandardFormat/X99-invalid
=== RUN   TestIndexParser_parseEpicLink_StandardFormat/E04-F01-something
--- PASS: TestIndexParser_parseEpicLink_StandardFormat (0.00s)
    --- PASS: TestIndexParser_parseEpicLink_StandardFormat/E04-task-mgmt-cli-core (0.00s)
    --- PASS: TestIndexParser_parseEpicLink_StandardFormat/E05-advanced-querying (0.00s)
    --- PASS: TestIndexParser_parseEpicLink_StandardFormat/tech-debt (0.00s)
    --- PASS: TestIndexParser_parseEpicLink_StandardFormat/bugs (0.00s)
    --- PASS: TestIndexParser_parseEpicLink_StandardFormat/X99-invalid (0.00s)
    --- PASS: TestIndexParser_parseEpicLink_StandardFormat/E04-F01-something (0.00s)
=== RUN   TestIndexParser_parseFeatureLink_StandardFormat
=== RUN   TestIndexParser_parseFeatureLink_StandardFormat/E04-task-mgmt-cli-core/E04-F07-initialization-sync
=== RUN   TestIndexParser_parseFeatureLink_StandardFormat/E05-advanced-querying/E05-F01-pattern-library
=== RUN   TestIndexParser_parseFeatureLink_StandardFormat/E04-epic/E04-F01-feature/tasks/T-001
=== RUN   TestIndexParser_parseFeatureLink_StandardFormat/E04-epic-slug
--- PASS: TestIndexParser_parseFeatureLink_StandardFormat (0.00s)
    --- PASS: TestIndexParser_parseFeatureLink_StandardFormat/E04-task-mgmt-cli-core/E04-F07-initialization-sync (0.00s)
    --- PASS: TestIndexParser_parseFeatureLink_StandardFormat/E05-advanced-querying/E05-F01-pattern-library (0.00s)
    --- PASS: TestIndexParser_parseFeatureLink_StandardFormat/E04-epic/E04-F01-feature/tasks/T-001 (0.00s)
    --- PASS: TestIndexParser_parseFeatureLink_StandardFormat/E04-epic-slug (0.00s)
=== RUN   TestIndexParser_Parse_RealWorld_WormwoodGM
--- PASS: TestIndexParser_Parse_RealWorld_WormwoodGM (0.00s)
=== RUN   TestPatternMatcher_MatchEpicPattern
=== RUN   TestPatternMatcher_MatchEpicPattern/match_standard_E##-slug
=== RUN   TestPatternMatcher_MatchEpicPattern/match_E01
=== RUN   TestPatternMatcher_MatchEpicPattern/match_E99
=== RUN   TestPatternMatcher_MatchEpicPattern/match_tech-debt_special_type
=== RUN   TestPatternMatcher_MatchEpicPattern/match_bugs_special_type
=== RUN   TestPatternMatcher_MatchEpicPattern/match_change-cards_special_type
=== RUN   TestPatternMatcher_MatchEpicPattern/no_match_for_E_without_two_digits
=== RUN   TestPatternMatcher_MatchEpicPattern/no_match_for_lowercase_e
=== RUN   TestPatternMatcher_MatchEpicPattern/no_match_for_random_folder
=== RUN   TestPatternMatcher_MatchEpicPattern/no_match_for_feature_folder
--- PASS: TestPatternMatcher_MatchEpicPattern (0.00s)
    --- PASS: TestPatternMatcher_MatchEpicPattern/match_standard_E##-slug (0.00s)
    --- PASS: TestPatternMatcher_MatchEpicPattern/match_E01 (0.00s)
    --- PASS: TestPatternMatcher_MatchEpicPattern/match_E99 (0.00s)
    --- PASS: TestPatternMatcher_MatchEpicPattern/match_tech-debt_special_type (0.00s)
    --- PASS: TestPatternMatcher_MatchEpicPattern/match_bugs_special_type (0.00s)
    --- PASS: TestPatternMatcher_MatchEpicPattern/match_change-cards_special_type (0.00s)
    --- PASS: TestPatternMatcher_MatchEpicPattern/no_match_for_E_without_two_digits (0.00s)
    --- PASS: TestPatternMatcher_MatchEpicPattern/no_match_for_lowercase_e (0.00s)
    --- PASS: TestPatternMatcher_MatchEpicPattern/no_match_for_random_folder (0.00s)
    --- PASS: TestPatternMatcher_MatchEpicPattern/no_match_for_feature_folder (0.00s)
=== RUN   TestPatternMatcher_MatchFeaturePattern
=== RUN   TestPatternMatcher_MatchFeaturePattern/match_standard_E##-F##-slug
=== RUN   TestPatternMatcher_MatchFeaturePattern/match_F01
=== RUN   TestPatternMatcher_MatchFeaturePattern/match_F99
=== RUN   TestPatternMatcher_MatchFeaturePattern/no_match_for_F_without_two_digits
=== RUN   TestPatternMatcher_MatchFeaturePattern/no_match_for_lowercase_f
=== RUN   TestPatternMatcher_MatchFeaturePattern/no_match_for_random_folder
=== RUN   TestPatternMatcher_MatchFeaturePattern/no_match_for_epic_folder
--- PASS: TestPatternMatcher_MatchFeaturePattern (0.00s)
    --- PASS: TestPatternMatcher_MatchFeaturePattern/match_standard_E##-F##-slug (0.00s)
    --- PASS: TestPatternMatcher_MatchFeaturePattern/match_F01 (0.00s)
    --- PASS: TestPatternMatcher_MatchFeaturePattern/match_F99 (0.00s)
    --- PASS: TestPatternMatcher_MatchFeaturePattern/no_match_for_F_without_two_digits (0.00s)
    --- PASS: TestPatternMatcher_MatchFeaturePattern/no_match_for_lowercase_f (0.00s)
    --- PASS: TestPatternMatcher_MatchFeaturePattern/no_match_for_random_folder (0.00s)
    --- PASS: TestPatternMatcher_MatchFeaturePattern/no_match_for_epic_folder (0.00s)
=== RUN   TestPatternMatcher_MatchFeatureFilePattern
=== RUN   TestPatternMatcher_MatchFeatureFilePattern/match_prd.md_(highest_priority)
=== RUN   TestPatternMatcher_MatchFeatureFilePattern/match_PRD_F07-name.md
=== RUN   TestPatternMatcher_MatchFeatureFilePattern/match_architecture.md_(fallback_pattern_matches_any_.md)
=== RUN   TestPatternMatcher_MatchFeatureFilePattern/no_match_for_task_file
=== RUN   TestPatternMatcher_MatchFeatureFilePattern/no_match_for_README
=== RUN   TestPatternMatcher_MatchFeatureFilePattern/no_match_for_non-markdown
--- PASS: TestPatternMatcher_MatchFeatureFilePattern (0.00s)
    --- PASS: TestPatternMatcher_MatchFeatureFilePattern/match_prd.md_(highest_priority) (0.00s)
    --- PASS: TestPatternMatcher_MatchFeatureFilePattern/match_PRD_F07-name.md (0.00s)
    --- PASS: TestPatternMatcher_MatchFeatureFilePattern/match_architecture.md_(fallback_pattern_matches_any_.md) (0.00s)
    --- PASS: TestPatternMatcher_MatchFeatureFilePattern/no_match_for_task_file (0.00s)
    --- PASS: TestPatternMatcher_MatchFeatureFilePattern/no_match_for_README (0.00s)
    --- PASS: TestPatternMatcher_MatchFeatureFilePattern/no_match_for_non-markdown (0.00s)
=== RUN   TestPatternMatcher_FirstMatchWins
--- PASS: TestPatternMatcher_FirstMatchWins (0.00s)
=== RUN   TestPatternMatcher_CachedRegexes
--- PASS: TestPatternMatcher_CachedRegexes (0.00s)
=== RUN   TestPatternMatcher_InvalidPattern
--- PASS: TestPatternMatcher_InvalidPattern (0.00s)
=== RUN   TestPatternMatcher_CustomPatterns
=== RUN   TestPatternMatcher_CustomPatterns/match_custom_EPIC-###_format
=== RUN   TestPatternMatcher_CustomPatterns/no_match_for_standard_E##_format
--- PASS: TestPatternMatcher_CustomPatterns (0.00s)
    --- PASS: TestPatternMatcher_CustomPatterns/match_custom_EPIC-###_format (0.00s)
    --- PASS: TestPatternMatcher_CustomPatterns/no_match_for_standard_E##_format (0.00s)
=== RUN   TestDiscoveryOptions
=== RUN   TestDiscoveryOptions/default_options
=== RUN   TestDiscoveryOptions/custom_options
--- PASS: TestDiscoveryOptions (0.00s)
    --- PASS: TestDiscoveryOptions/default_options (0.00s)
    --- PASS: TestDiscoveryOptions/custom_options (0.00s)
=== RUN   TestDiscoveryReportJSONMarshaling
--- PASS: TestDiscoveryReportJSONMarshaling (0.00s)
=== RUN   TestConflictTypes
=== RUN   TestConflictTypes/epic_index_only
=== RUN   TestConflictTypes/epic_folder_only
=== RUN   TestConflictTypes/feature_index_only
=== RUN   TestConflictTypes/feature_folder_only
=== RUN   TestConflictTypes/relationship_mismatch
--- PASS: TestConflictTypes (0.00s)
    --- PASS: TestConflictTypes/epic_index_only (0.00s)
    --- PASS: TestConflictTypes/epic_folder_only (0.00s)
    --- PASS: TestConflictTypes/feature_index_only (0.00s)
    --- PASS: TestConflictTypes/feature_folder_only (0.00s)
    --- PASS: TestConflictTypes/relationship_mismatch (0.00s)
=== RUN   TestConflictStrategies
=== RUN   TestConflictStrategies/index-precedence
=== RUN   TestConflictStrategies/folder-precedence
=== RUN   TestConflictStrategies/merge
--- PASS: TestConflictStrategies (0.00s)
    --- PASS: TestConflictStrategies/index-precedence (0.00s)
    --- PASS: TestConflictStrategies/folder-precedence (0.00s)
    --- PASS: TestConflictStrategies/merge (0.00s)
=== RUN   TestValidationLevels
=== RUN   TestValidationLevels/strict
=== RUN   TestValidationLevels/balanced
=== RUN   TestValidationLevels/permissive
--- PASS: TestValidationLevels (0.00s)
    --- PASS: TestValidationLevels/strict (0.00s)
    --- PASS: TestValidationLevels/balanced (0.00s)
    --- PASS: TestValidationLevels/permissive (0.00s)
=== RUN   TestIndexEpic
--- PASS: TestIndexEpic (0.00s)
=== RUN   TestFolderEpic
--- PASS: TestFolderEpic (0.00s)
=== RUN   TestDiscoveredEpic
--- PASS: TestDiscoveredEpic (0.00s)
=== RUN   TestDiscoverySource
=== RUN   TestDiscoverySource/index
=== RUN   TestDiscoverySource/folder
=== RUN   TestDiscoverySource/merged
--- PASS: TestDiscoverySource (0.00s)
    --- PASS: TestDiscoverySource/index (0.00s)
    --- PASS: TestDiscoverySource/folder (0.00s)
    --- PASS: TestDiscoverySource/merged (0.00s)
=== RUN   TestConflictJSONMarshaling
--- PASS: TestConflictJSONMarshaling (0.00s)
PASS
ok  	github.com/jwwelbor/shark-task-manager/internal/discovery	(cached)
=== RUN   TestIsValidTaskKey
=== RUN   TestIsValidTaskKey/valid_task_key
=== RUN   TestIsValidTaskKey/valid_with_different_numbers
=== RUN   TestIsValidTaskKey/invalid_-_no_T_prefix
=== RUN   TestIsValidTaskKey/invalid_-_lowercase
=== RUN   TestIsValidTaskKey/invalid_-_missing_sequence
=== RUN   TestIsValidTaskKey/invalid_-_wrong_format
=== RUN   TestIsValidTaskKey/invalid_-_empty
--- PASS: TestIsValidTaskKey (0.00s)
    --- PASS: TestIsValidTaskKey/valid_task_key (0.00s)
    --- PASS: TestIsValidTaskKey/valid_with_different_numbers (0.00s)
    --- PASS: TestIsValidTaskKey/invalid_-_no_T_prefix (0.00s)
    --- PASS: TestIsValidTaskKey/invalid_-_lowercase (0.00s)
    --- PASS: TestIsValidTaskKey/invalid_-_missing_sequence (0.00s)
    --- PASS: TestIsValidTaskKey/invalid_-_wrong_format (0.00s)
    --- PASS: TestIsValidTaskKey/invalid_-_empty (0.00s)
=== RUN   TestParseTaskKey
=== RUN   TestParseTaskKey/valid_task_key
=== RUN   TestParseTaskKey/different_numbers
=== RUN   TestParseTaskKey/invalid_format
=== RUN   TestParseTaskKey/empty
--- PASS: TestParseTaskKey (0.00s)
    --- PASS: TestParseTaskKey/valid_task_key (0.00s)
    --- PASS: TestParseTaskKey/different_numbers (0.00s)
    --- PASS: TestParseTaskKey/invalid_format (0.00s)
    --- PASS: TestParseTaskKey/empty (0.00s)
=== RUN   TestFindProjectRoot
--- PASS: TestFindProjectRoot (0.00s)
=== RUN   TestGetTaskFilePath
=== RUN   TestGetTaskFilePath/valid_task
=== RUN   TestGetTaskFilePath/invalid_task_key
--- PASS: TestGetTaskFilePath (0.00s)
    --- PASS: TestGetTaskFilePath/valid_task (0.00s)
    --- PASS: TestGetTaskFilePath/invalid_task_key (0.00s)
=== RUN   TestGetTasksDirectory
--- PASS: TestGetTasksDirectory (0.00s)
=== RUN   TestCreateTasksDirectory
--- PASS: TestCreateTasksDirectory (0.02s)
=== RUN   TestValidateFilePath
=== RUN   TestValidateFilePath/valid_path
=== RUN   TestValidateFilePath/missing_docs_folder
=== RUN   TestValidateFilePath/wrong_task_key
=== RUN   TestValidateFilePath/invalid_task_key
--- PASS: TestValidateFilePath (0.00s)
    --- PASS: TestValidateFilePath/valid_path (0.00s)
    --- PASS: TestValidateFilePath/missing_docs_folder (0.00s)
    --- PASS: TestValidateFilePath/wrong_task_key (0.00s)
    --- PASS: TestValidateFilePath/invalid_task_key (0.00s)
PASS
ok  	github.com/jwwelbor/shark-task-manager/internal/filepath	0.057s
=== RUN   TestFormatEpicListJSON
=== RUN   TestFormatEpicListJSON/empty_list
=== RUN   TestFormatEpicListJSON/single_epic
=== RUN   TestFormatEpicListJSON/multiple_epics
--- PASS: TestFormatEpicListJSON (0.00s)
    --- PASS: TestFormatEpicListJSON/empty_list (0.00s)
    --- PASS: TestFormatEpicListJSON/single_epic (0.00s)
    --- PASS: TestFormatEpicListJSON/multiple_epics (0.00s)
=== RUN   TestFormatEpicGetJSON
=== RUN   TestFormatEpicGetJSON/epic_with_no_features
=== RUN   TestFormatEpicGetJSON/epic_with_features
--- PASS: TestFormatEpicGetJSON (0.00s)
    --- PASS: TestFormatEpicGetJSON/epic_with_no_features (0.00s)
    --- PASS: TestFormatEpicGetJSON/epic_with_features (0.00s)
=== RUN   TestFormatFeatureListJSON
=== RUN   TestFormatFeatureListJSON/empty_list
=== RUN   TestFormatFeatureListJSON/single_feature
--- PASS: TestFormatFeatureListJSON (0.00s)
    --- PASS: TestFormatFeatureListJSON/empty_list (0.00s)
    --- PASS: TestFormatFeatureListJSON/single_feature (0.00s)
=== RUN   TestFormatFeatureGetJSON
=== RUN   TestFormatFeatureGetJSON/feature_with_no_tasks
=== RUN   TestFormatFeatureGetJSON/feature_with_tasks
--- PASS: TestFormatFeatureGetJSON (0.00s)
    --- PASS: TestFormatFeatureGetJSON/feature_with_no_tasks (0.00s)
    --- PASS: TestFormatFeatureGetJSON/feature_with_tasks (0.00s)
PASS
ok  	github.com/jwwelbor/shark-task-manager/internal/formatters	(cached)
=== RUN   TestCreateConfig
=== RUN   TestCreateConfig/creates_new_config_file
=== RUN   TestCreateConfig/skips_existing_config_in_non-interactive_mode
=== RUN   TestCreateConfig/overwrites_existing_config_with_force_flag
--- PASS: TestCreateConfig (0.02s)
    --- PASS: TestCreateConfig/creates_new_config_file (0.01s)
    --- PASS: TestCreateConfig/skips_existing_config_in_non-interactive_mode (0.00s)
    --- PASS: TestCreateConfig/overwrites_existing_config_with_force_flag (0.01s)
=== RUN   TestCreateConfigAtomicWrite
--- PASS: TestCreateConfigAtomicWrite (0.00s)
=== RUN   TestCreateConfigPermissions
--- PASS: TestCreateConfigPermissions (0.00s)
=== RUN   TestCreateConfigValidJSON
--- PASS: TestCreateConfigValidJSON (0.01s)
=== RUN   TestCreateDatabase
=== RUN   TestCreateDatabase/creates_new_database_successfully
=== RUN   TestCreateDatabase/idempotent_-_database_already_exists
=== RUN   TestCreateDatabase/fails_with_invalid_directory_path
--- PASS: TestCreateDatabase (0.11s)
    --- PASS: TestCreateDatabase/creates_new_database_successfully (0.07s)
    --- PASS: TestCreateDatabase/idempotent_-_database_already_exists (0.04s)
    --- PASS: TestCreateDatabase/fails_with_invalid_directory_path (0.00s)
=== RUN   TestCreateDatabaseFilePermissions
--- PASS: TestCreateDatabaseFilePermissions (0.05s)
=== RUN   TestCreateDatabaseForeignKeysEnabled
--- PASS: TestCreateDatabaseForeignKeysEnabled (0.05s)
=== RUN   TestCreateFolders
=== RUN   TestCreateFolders/creates_all_folders_successfully
=== RUN   TestCreateFolders/idempotent_-_folders_already_exist
=== RUN   TestCreateFolders/creates_nested_folders
--- PASS: TestCreateFolders (0.01s)
    --- PASS: TestCreateFolders/creates_all_folders_successfully (0.00s)
    --- PASS: TestCreateFolders/idempotent_-_folders_already_exist (0.00s)
    --- PASS: TestCreateFolders/creates_nested_folders (0.01s)
=== RUN   TestCreateFoldersInvalidPath
--- PASS: TestCreateFoldersInvalidPath (0.00s)
=== RUN   TestCreateFoldersAbsolutePaths
--- PASS: TestCreateFoldersAbsolutePaths (0.00s)
=== RUN   TestInitialize
=== RUN   TestInitialize/full_initialization_from_scratch
=== RUN   TestInitialize/idempotent_-_everything_exists
=== RUN   TestInitialize/force_mode_overwrites_config
--- PASS: TestInitialize (0.10s)
    --- PASS: TestInitialize/full_initialization_from_scratch (0.04s)
    --- PASS: TestInitialize/idempotent_-_everything_exists (0.02s)
    --- PASS: TestInitialize/force_mode_overwrites_config (0.04s)
=== RUN   TestInitializeWithContext
--- PASS: TestInitializeWithContext (0.05s)
=== RUN   TestInitializeErrorHandling
=== RUN   TestInitializeErrorHandling/database_creation_fails
=== RUN   TestInitializeErrorHandling/folder_creation_fails
--- PASS: TestInitializeErrorHandling (0.04s)
    --- PASS: TestInitializeErrorHandling/database_creation_fails (0.00s)
    --- PASS: TestInitializeErrorHandling/folder_creation_fails (0.04s)
=== RUN   TestInitializePerformance
--- PASS: TestInitializePerformance (0.03s)
=== RUN   TestCopyTemplates
=== RUN   TestCopyTemplates/copies_templates_to_new_directory
=== RUN   TestCopyTemplates/skips_existing_templates_without_force
=== RUN   TestCopyTemplates/overwrites_existing_templates_with_force
--- PASS: TestCopyTemplates (0.01s)
    --- PASS: TestCopyTemplates/copies_templates_to_new_directory (0.00s)
    --- PASS: TestCopyTemplates/skips_existing_templates_without_force (0.00s)
    --- PASS: TestCopyTemplates/overwrites_existing_templates_with_force (0.00s)
=== RUN   TestCopyTemplatesCreatesDirectory
--- PASS: TestCopyTemplatesCreatesDirectory (0.01s)
=== RUN   TestCopyTemplatesFilePermissions
--- PASS: TestCopyTemplatesFilePermissions (0.00s)
PASS
ok  	github.com/jwwelbor/shark-task-manager/internal/init	(cached)
=== RUN   TestFrontmatterWriter_WriteTaskKey
=== RUN   TestFrontmatterWriter_WriteTaskKey/add_task_key_to_existing_frontmatter
=== RUN   TestFrontmatterWriter_WriteTaskKey/create_frontmatter_with_task_key_when_none_exists
=== RUN   TestFrontmatterWriter_WriteTaskKey/update_existing_task_key
=== RUN   TestFrontmatterWriter_WriteTaskKey/preserve_all_other_frontmatter_fields
--- PASS: TestFrontmatterWriter_WriteTaskKey (0.02s)
    --- PASS: TestFrontmatterWriter_WriteTaskKey/add_task_key_to_existing_frontmatter (0.01s)
    --- PASS: TestFrontmatterWriter_WriteTaskKey/create_frontmatter_with_task_key_when_none_exists (0.00s)
    --- PASS: TestFrontmatterWriter_WriteTaskKey/update_existing_task_key (0.00s)
    --- PASS: TestFrontmatterWriter_WriteTaskKey/preserve_all_other_frontmatter_fields (0.01s)
=== RUN   TestFrontmatterWriter_ReadFrontmatter
=== RUN   TestFrontmatterWriter_ReadFrontmatter/read_existing_task_key
=== RUN   TestFrontmatterWriter_ReadFrontmatter/no_task_key_in_frontmatter
=== RUN   TestFrontmatterWriter_ReadFrontmatter/no_frontmatter
--- PASS: TestFrontmatterWriter_ReadFrontmatter (0.03s)
    --- PASS: TestFrontmatterWriter_ReadFrontmatter/read_existing_task_key (0.02s)
    --- PASS: TestFrontmatterWriter_ReadFrontmatter/no_task_key_in_frontmatter (0.01s)
    --- PASS: TestFrontmatterWriter_ReadFrontmatter/no_frontmatter (0.00s)
=== RUN   TestFrontmatterWriter_ValidateFileWritable
=== RUN   TestFrontmatterWriter_ValidateFileWritable/writable_file
=== RUN   TestFrontmatterWriter_ValidateFileWritable/non-existent_file
=== RUN   TestFrontmatterWriter_ValidateFileWritable/read-only_file
--- PASS: TestFrontmatterWriter_ValidateFileWritable (0.01s)
    --- PASS: TestFrontmatterWriter_ValidateFileWritable/writable_file (0.00s)
    --- PASS: TestFrontmatterWriter_ValidateFileWritable/non-existent_file (0.00s)
    --- PASS: TestFrontmatterWriter_ValidateFileWritable/read-only_file (0.00s)
=== RUN   TestFrontmatterWriter_AtomicWrite
--- PASS: TestFrontmatterWriter_AtomicWrite (0.00s)
=== RUN   TestPathParser_ParsePath
=== RUN   TestPathParser_ParsePath/standard_path_with_tasks_folder
=== RUN   TestPathParser_ParsePath/standard_path_with_prps_folder
=== RUN   TestPathParser_ParsePath/path_with_project_number
=== RUN   TestPathParser_ParsePath/path_without_tasks/prps_subfolder
=== RUN   TestPathParser_ParsePath/invalid_path_-_missing_feature_folder
=== RUN   TestPathParser_ParsePath/invalid_path_-_random_folder_structure
=== RUN   TestPathParser_ParsePath/invalid_path_-_no_epic_in_hierarchy
--- PASS: TestPathParser_ParsePath (0.00s)
    --- PASS: TestPathParser_ParsePath/standard_path_with_tasks_folder (0.00s)
    --- PASS: TestPathParser_ParsePath/standard_path_with_prps_folder (0.00s)
    --- PASS: TestPathParser_ParsePath/path_with_project_number (0.00s)
    --- PASS: TestPathParser_ParsePath/path_without_tasks/prps_subfolder (0.00s)
    --- PASS: TestPathParser_ParsePath/invalid_path_-_missing_feature_folder (0.00s)
    --- PASS: TestPathParser_ParsePath/invalid_path_-_random_folder_structure (0.00s)
    --- PASS: TestPathParser_ParsePath/invalid_path_-_no_epic_in_hierarchy (0.00s)
=== RUN   TestPathParser_ValidatePath
=== RUN   TestPathParser_ValidatePath/valid_path
=== RUN   TestPathParser_ValidatePath/invalid_path
--- PASS: TestPathParser_ValidatePath (0.00s)
    --- PASS: TestPathParser_ValidatePath/valid_path (0.00s)
    --- PASS: TestPathParser_ValidatePath/invalid_path (0.00s)
=== RUN   TestBatchProcessing_NoDuplicateKeys
    batch_test.go:132: File 1: add-caching.prp.md -> T-E04-F02-004
    batch_test.go:132: File 2: add-monitoring.prp.md -> T-E04-F02-005
    batch_test.go:132: File 3: add-logging.prp.md -> T-E04-F02-006
    batch_test.go:132: File 4: add-metrics.prp.md -> T-E04-F02-007
    batch_test.go:166: SUCCESS: All files received unique sequential task keys
--- PASS: TestBatchProcessing_NoDuplicateKeys (0.07s)
=== RUN   TestBatchProcessing_WithExistingKeys
    batch_test.go:274: File task-001.prp.md: T-E04-F02-001 (existing: true)
    batch_test.go:274: File task-002.prp.md: T-E04-F02-002 (existing: false)
    batch_test.go:274: File task-003.prp.md: T-E04-F02-003 (existing: false)
--- PASS: TestBatchProcessing_WithExistingKeys (0.07s)
=== RUN   TestEndToEndKeyGeneration
=== RUN   TestEndToEndKeyGeneration/generate_key_for_PRP_file
=== RUN   TestEndToEndKeyGeneration/idempotency_-_second_run_returns_existing_key
=== RUN   TestEndToEndKeyGeneration/sequence_increments_for_second_file
=== RUN   TestEndToEndKeyGeneration/orphaned_file_detection
--- PASS: TestEndToEndKeyGeneration (0.06s)
    --- PASS: TestEndToEndKeyGeneration/generate_key_for_PRP_file (0.00s)
    --- PASS: TestEndToEndKeyGeneration/idempotency_-_second_run_returns_existing_key (0.00s)
    --- PASS: TestEndToEndKeyGeneration/sequence_increments_for_second_file (0.00s)
    --- PASS: TestEndToEndKeyGeneration/orphaned_file_detection (0.00s)
PASS
ok  	github.com/jwwelbor/shark-task-manager/internal/keygen	(cached)
=== RUN   TestParseFrontmatter
=== RUN   TestParseFrontmatter/valid_frontmatter_with_all_fields
=== RUN   TestParseFrontmatter/valid_frontmatter_with_minimal_fields
=== RUN   TestParseFrontmatter/no_frontmatter
=== RUN   TestParseFrontmatter/invalid_YAML_syntax_-_unclosed_quote
=== RUN   TestParseFrontmatter/frontmatter_with_multiline_description
=== RUN   TestParseFrontmatter/empty_frontmatter
=== RUN   TestParseFrontmatter/frontmatter_with_extra_fields
=== RUN   TestParseFrontmatter/only_opening_frontmatter_delimiter
--- PASS: TestParseFrontmatter (0.00s)
    --- PASS: TestParseFrontmatter/valid_frontmatter_with_all_fields (0.00s)
    --- PASS: TestParseFrontmatter/valid_frontmatter_with_minimal_fields (0.00s)
    --- PASS: TestParseFrontmatter/no_frontmatter (0.00s)
    --- PASS: TestParseFrontmatter/invalid_YAML_syntax_-_unclosed_quote (0.00s)
    --- PASS: TestParseFrontmatter/frontmatter_with_multiline_description (0.00s)
    --- PASS: TestParseFrontmatter/empty_frontmatter (0.00s)
    --- PASS: TestParseFrontmatter/frontmatter_with_extra_fields (0.00s)
    --- PASS: TestParseFrontmatter/only_opening_frontmatter_delimiter (0.00s)
=== RUN   TestGetContentAfterFrontmatter
=== RUN   TestGetContentAfterFrontmatter/content_after_frontmatter
=== RUN   TestGetContentAfterFrontmatter/no_frontmatter
=== RUN   TestGetContentAfterFrontmatter/frontmatter_at_end_of_file
=== RUN   TestGetContentAfterFrontmatter/content_immediately_after_delimiter
--- PASS: TestGetContentAfterFrontmatter (0.00s)
    --- PASS: TestGetContentAfterFrontmatter/content_after_frontmatter (0.00s)
    --- PASS: TestGetContentAfterFrontmatter/no_frontmatter (0.00s)
    --- PASS: TestGetContentAfterFrontmatter/frontmatter_at_end_of_file (0.00s)
    --- PASS: TestGetContentAfterFrontmatter/content_immediately_after_delimiter (0.00s)
=== RUN   TestFrontmatterFieldTypes
=== RUN   TestFrontmatterFieldTypes/integer_priority
=== RUN   TestFrontmatterFieldTypes/string_feature_path
--- PASS: TestFrontmatterFieldTypes (0.00s)
    --- PASS: TestFrontmatterFieldTypes/integer_priority (0.00s)
    --- PASS: TestFrontmatterFieldTypes/string_feature_path (0.00s)
=== RUN   TestUpdateFrontmatterField
=== RUN   TestUpdateFrontmatterField/add_task_key_to_existing_frontmatter
=== RUN   TestUpdateFrontmatterField/update_existing_task_key
=== RUN   TestUpdateFrontmatterField/create_frontmatter_when_missing
--- PASS: TestUpdateFrontmatterField (0.00s)
    --- PASS: TestUpdateFrontmatterField/add_task_key_to_existing_frontmatter (0.00s)
    --- PASS: TestUpdateFrontmatterField/update_existing_task_key (0.00s)
    --- PASS: TestUpdateFrontmatterField/create_frontmatter_when_missing (0.00s)
=== RUN   TestIntegrationWithRealTaskFiles
=== RUN   TestIntegrationWithRealTaskFiles/T-E06-F03-002_task_file
=== RUN   TestIntegrationWithRealTaskFiles/T-E04-F07-002_task_file
--- PASS: TestIntegrationWithRealTaskFiles (0.00s)
    --- PASS: TestIntegrationWithRealTaskFiles/T-E06-F03-002_task_file (0.00s)
    --- PASS: TestIntegrationWithRealTaskFiles/T-E04-F07-002_task_file (0.00s)
=== RUN   TestExtractMetadataFromVariousFormats
=== RUN   TestExtractMetadataFromVariousFormats/Standard_task_with_full_frontmatter
=== RUN   TestExtractMetadataFromVariousFormats/Numbered_task_without_frontmatter
=== RUN   TestExtractMetadataFromVariousFormats/PRP_file_with_minimal_frontmatter
--- PASS: TestExtractMetadataFromVariousFormats (0.00s)
    --- PASS: TestExtractMetadataFromVariousFormats/Standard_task_with_full_frontmatter (0.00s)
    --- PASS: TestExtractMetadataFromVariousFormats/Numbered_task_without_frontmatter (0.00s)
    --- PASS: TestExtractMetadataFromVariousFormats/PRP_file_with_minimal_frontmatter (0.00s)
=== RUN   TestExtractTitleFromFilename
=== RUN   TestExtractTitleFromFilename/standard_format_with_slug
=== RUN   TestExtractTitleFromFilename/standard_format_without_slug
=== RUN   TestExtractTitleFromFilename/numbered_format
=== RUN   TestExtractTitleFromFilename/numbered_format_with_three_digits
=== RUN   TestExtractTitleFromFilename/PRP_format
=== RUN   TestExtractTitleFromFilename/PRP_format_with_multiple_words
=== RUN   TestExtractTitleFromFilename/complex_slug_with_many_hyphens
--- PASS: TestExtractTitleFromFilename (0.00s)
    --- PASS: TestExtractTitleFromFilename/standard_format_with_slug (0.00s)
    --- PASS: TestExtractTitleFromFilename/standard_format_without_slug (0.00s)
    --- PASS: TestExtractTitleFromFilename/numbered_format (0.00s)
    --- PASS: TestExtractTitleFromFilename/numbered_format_with_three_digits (0.00s)
    --- PASS: TestExtractTitleFromFilename/PRP_format (0.00s)
    --- PASS: TestExtractTitleFromFilename/PRP_format_with_multiple_words (0.00s)
    --- PASS: TestExtractTitleFromFilename/complex_slug_with_many_hyphens (0.00s)
=== RUN   TestExtractTitleFromMarkdown
=== RUN   TestExtractTitleFromMarkdown/H1_with_'Task:'_prefix
=== RUN   TestExtractTitleFromMarkdown/H1_with_'PRP:'_prefix
=== RUN   TestExtractTitleFromMarkdown/H1_with_'TODO:'_prefix
=== RUN   TestExtractTitleFromMarkdown/H1_with_'WIP:'_prefix
=== RUN   TestExtractTitleFromMarkdown/H1_without_prefix
=== RUN   TestExtractTitleFromMarkdown/H1_with_case_variations
=== RUN   TestExtractTitleFromMarkdown/no_H1_heading
=== RUN   TestExtractTitleFromMarkdown/H1_after_frontmatter
=== RUN   TestExtractTitleFromMarkdown/empty_H1
--- PASS: TestExtractTitleFromMarkdown (0.00s)
    --- PASS: TestExtractTitleFromMarkdown/H1_with_'Task:'_prefix (0.00s)
    --- PASS: TestExtractTitleFromMarkdown/H1_with_'PRP:'_prefix (0.00s)
    --- PASS: TestExtractTitleFromMarkdown/H1_with_'TODO:'_prefix (0.00s)
    --- PASS: TestExtractTitleFromMarkdown/H1_with_'WIP:'_prefix (0.00s)
    --- PASS: TestExtractTitleFromMarkdown/H1_without_prefix (0.00s)
    --- PASS: TestExtractTitleFromMarkdown/H1_with_case_variations (0.00s)
    --- PASS: TestExtractTitleFromMarkdown/no_H1_heading (0.00s)
    --- PASS: TestExtractTitleFromMarkdown/H1_after_frontmatter (0.00s)
    --- PASS: TestExtractTitleFromMarkdown/empty_H1 (0.00s)
=== RUN   TestExtractDescriptionFromMarkdown
=== RUN   TestExtractDescriptionFromMarkdown/first_paragraph_after_frontmatter_and_H1
=== RUN   TestExtractDescriptionFromMarkdown/paragraph_without_frontmatter
=== RUN   TestExtractDescriptionFromMarkdown/no_paragraph_after_heading
=== RUN   TestExtractDescriptionFromMarkdown/long_paragraph_(truncated_to_500_chars)
=== RUN   TestExtractDescriptionFromMarkdown/paragraph_with_blank_lines_preserved
=== RUN   TestExtractDescriptionFromMarkdown/no_frontmatter_or_heading
=== RUN   TestExtractDescriptionFromMarkdown/paragraph_immediately_after_H1
--- PASS: TestExtractDescriptionFromMarkdown (0.00s)
    --- PASS: TestExtractDescriptionFromMarkdown/first_paragraph_after_frontmatter_and_H1 (0.00s)
    --- PASS: TestExtractDescriptionFromMarkdown/paragraph_without_frontmatter (0.00s)
    --- PASS: TestExtractDescriptionFromMarkdown/no_paragraph_after_heading (0.00s)
    --- PASS: TestExtractDescriptionFromMarkdown/long_paragraph_(truncated_to_500_chars) (0.00s)
    --- PASS: TestExtractDescriptionFromMarkdown/paragraph_with_blank_lines_preserved (0.00s)
    --- PASS: TestExtractDescriptionFromMarkdown/no_frontmatter_or_heading (0.00s)
    --- PASS: TestExtractDescriptionFromMarkdown/paragraph_immediately_after_H1 (0.00s)
=== RUN   TestExtractMetadata
=== RUN   TestExtractMetadata/all_metadata_in_frontmatter_(priority_1)
=== RUN   TestExtractMetadata/title_from_filename,_description_from_markdown_(priority_2/2)
=== RUN   TestExtractMetadata/title_from_H1,_no_description_(priority_3)
=== RUN   TestExtractMetadata/no_title_from_any_source_(use_placeholder)
--- PASS: TestExtractMetadata (0.00s)
    --- PASS: TestExtractMetadata/all_metadata_in_frontmatter_(priority_1) (0.00s)
    --- PASS: TestExtractMetadata/title_from_filename,_description_from_markdown_(priority_2/2) (0.00s)
    --- PASS: TestExtractMetadata/title_from_H1,_no_description_(priority_3) (0.00s)
    --- PASS: TestExtractMetadata/no_title_from_any_source_(use_placeholder) (0.00s)
=== RUN   TestSuccessCriteria
=== RUN   TestSuccessCriteria/TaskMetadataExtractor_implemented_with_3-tier_extraction_priority
=== RUN   TestSuccessCriteria/Frontmatter_parser_handles_YAML_syntax_errors_gracefully
=== RUN   TestSuccessCriteria/Filename-based_title_extraction_converts_hyphens_to_Title_Case
=== RUN   TestSuccessCriteria/H1_heading_extraction_removes_common_prefixes
=== RUN   TestSuccessCriteria/Description_extraction_from_markdown_body_(first_paragraph,_500_char_limit)
=== RUN   TestSuccessCriteria/Warning_logs_for_missing_title_(use_'Untitled_Task'_placeholder)
=== RUN   TestSuccessCriteria/Unit_tests_cover_all_extraction_sources_and_edge_cases
    validation_test.go:133: Confirmed by TestExtractTitleFromFilename
    validation_test.go:134: Confirmed by TestExtractTitleFromMarkdown
    validation_test.go:135: Confirmed by TestExtractDescriptionFromMarkdown
    validation_test.go:136: Confirmed by TestExtractMetadata
=== RUN   TestSuccessCriteria/Integration_test_with_real_task_file_examples_from_E04
    validation_test.go:142: Confirmed by TestIntegrationWithRealTaskFiles
--- PASS: TestSuccessCriteria (0.00s)
    --- PASS: TestSuccessCriteria/TaskMetadataExtractor_implemented_with_3-tier_extraction_priority (0.00s)
    --- PASS: TestSuccessCriteria/Frontmatter_parser_handles_YAML_syntax_errors_gracefully (0.00s)
    --- PASS: TestSuccessCriteria/Filename-based_title_extraction_converts_hyphens_to_Title_Case (0.00s)
    --- PASS: TestSuccessCriteria/H1_heading_extraction_removes_common_prefixes (0.00s)
    --- PASS: TestSuccessCriteria/Description_extraction_from_markdown_body_(first_paragraph,_500_char_limit) (0.00s)
    --- PASS: TestSuccessCriteria/Warning_logs_for_missing_title_(use_'Untitled_Task'_placeholder) (0.00s)
    --- PASS: TestSuccessCriteria/Unit_tests_cover_all_extraction_sources_and_edge_cases (0.00s)
    --- PASS: TestSuccessCriteria/Integration_test_with_real_task_file_examples_from_E04 (0.00s)
=== RUN   TestValidationGates
=== RUN   TestValidationGates/Extract_title_from_frontmatter:_exact_match
=== RUN   TestValidationGates/Extract_title_from_filename_T-E04-F02-001-implement-caching.md:_Implement_Caching
=== RUN   TestValidationGates/Extract_title_from_H1_'Task:_Implement_Caching':_Implement_Caching_(prefix_removed)
=== RUN   TestValidationGates/Missing_title_from_all_sources:_returns_'Untitled_Task'_with_warning_logged
=== RUN   TestValidationGates/Extract_description_from_frontmatter:_exact_match
=== RUN   TestValidationGates/Extract_description_from_markdown_body:_first_paragraph,_max_500_chars
=== RUN   TestValidationGates/Invalid_YAML_frontmatter:_logs_error,_continues_with_fallback_extraction
=== RUN   TestValidationGates/Empty_frontmatter_fields:_falls_back_to_next_extraction_source
--- PASS: TestValidationGates (0.00s)
    --- PASS: TestValidationGates/Extract_title_from_frontmatter:_exact_match (0.00s)
    --- PASS: TestValidationGates/Extract_title_from_filename_T-E04-F02-001-implement-caching.md:_Implement_Caching (0.00s)
    --- PASS: TestValidationGates/Extract_title_from_H1_'Task:_Implement_Caching':_Implement_Caching_(prefix_removed) (0.00s)
    --- PASS: TestValidationGates/Missing_title_from_all_sources:_returns_'Untitled_Task'_with_warning_logged (0.00s)
    --- PASS: TestValidationGates/Extract_description_from_frontmatter:_exact_match (0.00s)
    --- PASS: TestValidationGates/Extract_description_from_markdown_body:_first_paragraph,_max_500_chars (0.00s)
    --- PASS: TestValidationGates/Invalid_YAML_frontmatter:_logs_error,_continues_with_fallback_extraction (0.00s)
    --- PASS: TestValidationGates/Empty_frontmatter_fields:_falls_back_to_next_extraction_source (0.00s)
PASS
ok  	github.com/jwwelbor/shark-task-manager/internal/parser	(cached)
=== RUN   TestGetDefaultPatterns
=== RUN   TestGetDefaultPatterns/Epic_folder_patterns
=== RUN   TestGetDefaultPatterns/Epic_generation_format
=== RUN   TestGetDefaultPatterns/Feature_folder_patterns
=== RUN   TestGetDefaultPatterns/Feature_file_patterns
=== RUN   TestGetDefaultPatterns/Feature_generation_format
=== RUN   TestGetDefaultPatterns/Task_file_patterns
=== RUN   TestGetDefaultPatterns/Task_generation_format
--- PASS: TestGetDefaultPatterns (0.00s)
    --- PASS: TestGetDefaultPatterns/Epic_folder_patterns (0.00s)
    --- PASS: TestGetDefaultPatterns/Epic_generation_format (0.00s)
    --- PASS: TestGetDefaultPatterns/Feature_folder_patterns (0.00s)
    --- PASS: TestGetDefaultPatterns/Feature_file_patterns (0.00s)
    --- PASS: TestGetDefaultPatterns/Feature_generation_format (0.00s)
    --- PASS: TestGetDefaultPatterns/Task_file_patterns (0.00s)
    --- PASS: TestGetDefaultPatterns/Task_generation_format (0.00s)
=== RUN   TestDefaultPatternsContainNamedCaptureGroups
=== RUN   TestDefaultPatternsContainNamedCaptureGroups/Epic_patterns_contain_required_capture_groups
=== RUN   TestDefaultPatternsContainNamedCaptureGroups/Feature_patterns_contain_required_capture_groups
=== RUN   TestDefaultPatternsContainNamedCaptureGroups/Task_patterns_contain_required_capture_groups
--- PASS: TestDefaultPatternsContainNamedCaptureGroups (0.00s)
    --- PASS: TestDefaultPatternsContainNamedCaptureGroups/Epic_patterns_contain_required_capture_groups (0.00s)
    --- PASS: TestDefaultPatternsContainNamedCaptureGroups/Feature_patterns_contain_required_capture_groups (0.00s)
    --- PASS: TestDefaultPatternsContainNamedCaptureGroups/Task_patterns_contain_required_capture_groups (0.00s)
=== RUN   TestParsePlaceholder
=== RUN   TestParsePlaceholder/simple_number_placeholder
=== RUN   TestParsePlaceholder/formatted_number_placeholder
=== RUN   TestParsePlaceholder/slug_placeholder
=== RUN   TestParsePlaceholder/epic_placeholder
=== RUN   TestParsePlaceholder/formatted_epic_placeholder
=== RUN   TestParsePlaceholder/feature_placeholder
=== RUN   TestParsePlaceholder/formatted_feature_placeholder
--- PASS: TestParsePlaceholder (0.00s)
    --- PASS: TestParsePlaceholder/simple_number_placeholder (0.00s)
    --- PASS: TestParsePlaceholder/formatted_number_placeholder (0.00s)
    --- PASS: TestParsePlaceholder/slug_placeholder (0.00s)
    --- PASS: TestParsePlaceholder/epic_placeholder (0.00s)
    --- PASS: TestParsePlaceholder/formatted_epic_placeholder (0.00s)
    --- PASS: TestParsePlaceholder/feature_placeholder (0.00s)
    --- PASS: TestParsePlaceholder/formatted_feature_placeholder (0.00s)
=== RUN   TestApplyGenerationFormat_Epic
--- PASS: TestApplyGenerationFormat_Epic (0.00s)
=== RUN   TestApplyGenerationFormat_Feature
--- PASS: TestApplyGenerationFormat_Feature (0.00s)
=== RUN   TestApplyGenerationFormat_Task
--- PASS: TestApplyGenerationFormat_Task (0.00s)
=== RUN   TestSanitizeSlug_Valid
=== RUN   TestSanitizeSlug_Valid/lowercase_letters_and_hyphens
=== RUN   TestSanitizeSlug_Valid/lowercase_letters_and_numbers
=== RUN   TestSanitizeSlug_Valid/single_word
--- PASS: TestSanitizeSlug_Valid (0.00s)
    --- PASS: TestSanitizeSlug_Valid/lowercase_letters_and_hyphens (0.00s)
    --- PASS: TestSanitizeSlug_Valid/lowercase_letters_and_numbers (0.00s)
    --- PASS: TestSanitizeSlug_Valid/single_word (0.00s)
=== RUN   TestSanitizeSlug_Invalid
=== RUN   TestSanitizeSlug_Invalid/contains_forward_slash
=== RUN   TestSanitizeSlug_Invalid/contains_backslash
=== RUN   TestSanitizeSlug_Invalid/contains_colon
=== RUN   TestSanitizeSlug_Invalid/contains_double_dot
=== RUN   TestSanitizeSlug_Invalid/path_traversal_attempt
--- PASS: TestSanitizeSlug_Invalid (0.00s)
    --- PASS: TestSanitizeSlug_Invalid/contains_forward_slash (0.00s)
    --- PASS: TestSanitizeSlug_Invalid/contains_backslash (0.00s)
    --- PASS: TestSanitizeSlug_Invalid/contains_colon (0.00s)
    --- PASS: TestSanitizeSlug_Invalid/contains_double_dot (0.00s)
    --- PASS: TestSanitizeSlug_Invalid/path_traversal_attempt (0.00s)
=== RUN   TestValidatePath_WithinBoundaries
=== RUN   TestValidatePath_WithinBoundaries//home/user/project/docs/plan/E05-feature
=== RUN   TestValidatePath_WithinBoundaries//home/user/project/docs/tasks/T-E04-F07-001.md
=== RUN   TestValidatePath_WithinBoundaries//home/user/project/README.md
--- PASS: TestValidatePath_WithinBoundaries (0.00s)
    --- PASS: TestValidatePath_WithinBoundaries//home/user/project/docs/plan/E05-feature (0.00s)
    --- PASS: TestValidatePath_WithinBoundaries//home/user/project/docs/tasks/T-E04-F07-001.md (0.00s)
    --- PASS: TestValidatePath_WithinBoundaries//home/user/project/README.md (0.00s)
=== RUN   TestValidatePath_OutsideBoundaries
=== RUN   TestValidatePath_OutsideBoundaries//home/user/other-project/file.md
=== RUN   TestValidatePath_OutsideBoundaries//etc/passwd
=== RUN   TestValidatePath_OutsideBoundaries//home/user/../../../etc/shadow
--- PASS: TestValidatePath_OutsideBoundaries (0.00s)
    --- PASS: TestValidatePath_OutsideBoundaries//home/user/other-project/file.md (0.00s)
    --- PASS: TestValidatePath_OutsideBoundaries//etc/passwd (0.00s)
    --- PASS: TestValidatePath_OutsideBoundaries//home/user/../../../etc/shadow (0.00s)
=== RUN   TestExtractPlaceholders
=== RUN   TestExtractPlaceholders/epic_format
=== RUN   TestExtractPlaceholders/feature_format
=== RUN   TestExtractPlaceholders/task_format
--- PASS: TestExtractPlaceholders (0.00s)
    --- PASS: TestExtractPlaceholders/epic_format (0.00s)
    --- PASS: TestExtractPlaceholders/feature_format (0.00s)
    --- PASS: TestExtractPlaceholders/task_format (0.00s)
=== RUN   TestApplyGenerationFormat_MissingValue
--- PASS: TestApplyGenerationFormat_MissingValue (0.00s)
=== RUN   TestApplyGenerationFormat_InvalidFormat
--- PASS: TestApplyGenerationFormat_InvalidFormat (0.00s)
=== RUN   TestIntegration_LoadActualSharkConfig
=== RUN   TestIntegration_LoadActualSharkConfig/Epic_folder_patterns_work
=== RUN   TestIntegration_LoadActualSharkConfig/Task_file_standard_format_works
=== RUN   TestIntegration_LoadActualSharkConfig/Task_file_numbered_format_works
=== RUN   TestIntegration_LoadActualSharkConfig/Task_file_PRP_format_works
=== RUN   TestIntegration_LoadActualSharkConfig/Feature_folder_patterns_work
=== RUN   TestIntegration_LoadActualSharkConfig/Special_epic_patterns_work
--- PASS: TestIntegration_LoadActualSharkConfig (0.00s)
    --- PASS: TestIntegration_LoadActualSharkConfig/Epic_folder_patterns_work (0.00s)
    --- PASS: TestIntegration_LoadActualSharkConfig/Task_file_standard_format_works (0.00s)
    --- PASS: TestIntegration_LoadActualSharkConfig/Task_file_numbered_format_works (0.00s)
    --- PASS: TestIntegration_LoadActualSharkConfig/Task_file_PRP_format_works (0.00s)
    --- PASS: TestIntegration_LoadActualSharkConfig/Feature_folder_patterns_work (0.00s)
    --- PASS: TestIntegration_LoadActualSharkConfig/Special_epic_patterns_work (0.00s)
=== RUN   TestLoadConfig
=== RUN   TestLoadConfig/Load_config_with_patterns
=== RUN   TestLoadConfig/Load_config_without_patterns_-_should_fallback_to_defaults
=== RUN   TestLoadConfig/Load_non-existent_config_file
=== RUN   TestLoadConfig/Load_invalid_JSON_config
--- PASS: TestLoadConfig (0.01s)
    --- PASS: TestLoadConfig/Load_config_with_patterns (0.00s)
    --- PASS: TestLoadConfig/Load_config_without_patterns_-_should_fallback_to_defaults (0.00s)
    --- PASS: TestLoadConfig/Load_non-existent_config_file (0.00s)
    --- PASS: TestLoadConfig/Load_invalid_JSON_config (0.00s)
=== RUN   TestMergeWithDefaults
=== RUN   TestMergeWithDefaults/Merge_nil_patterns_returns_defaults
=== RUN   TestMergeWithDefaults/Merge_partial_user_patterns_with_defaults
=== RUN   TestMergeWithDefaults/User_patterns_take_precedence_over_defaults
--- PASS: TestMergeWithDefaults (0.00s)
    --- PASS: TestMergeWithDefaults/Merge_nil_patterns_returns_defaults (0.00s)
    --- PASS: TestMergeWithDefaults/Merge_partial_user_patterns_with_defaults (0.00s)
    --- PASS: TestMergeWithDefaults/User_patterns_take_precedence_over_defaults (0.00s)
=== RUN   TestNewPatternMatcher
=== RUN   TestNewPatternMatcher/Create_matcher_with_valid_config
=== RUN   TestNewPatternMatcher/Nil_config_returns_error
=== RUN   TestNewPatternMatcher/Invalid_regex_pattern_returns_error
--- PASS: TestNewPatternMatcher (0.00s)
    --- PASS: TestNewPatternMatcher/Create_matcher_with_valid_config (0.00s)
    --- PASS: TestNewPatternMatcher/Nil_config_returns_error (0.00s)
    --- PASS: TestNewPatternMatcher/Invalid_regex_pattern_returns_error (0.00s)
=== RUN   TestFirstMatchWins
=== RUN   TestFirstMatchWins/First_pattern_matches_-_second_pattern_never_evaluated
=== RUN   TestFirstMatchWins/First_pattern_fails_-_second_pattern_matches
=== RUN   TestFirstMatchWins/No_patterns_match_-_all_attempted
--- PASS: TestFirstMatchWins (0.00s)
    --- PASS: TestFirstMatchWins/First_pattern_matches_-_second_pattern_never_evaluated (0.00s)
    --- PASS: TestFirstMatchWins/First_pattern_fails_-_second_pattern_matches (0.00s)
    --- PASS: TestFirstMatchWins/No_patterns_match_-_all_attempted (0.00s)
=== RUN   TestPatternCompilationCaching
=== RUN   TestPatternCompilationCaching/Patterns_compiled_once_at_initialization
    matcher_test.go:159: Initialization: 273.961µs, 1000 matches: 10.41726ms, avg per match: 10.417µs
--- PASS: TestPatternCompilationCaching (0.01s)
    --- PASS: TestPatternCompilationCaching/Patterns_compiled_once_at_initialization (0.01s)
=== RUN   TestPatternMatchingPerformance
=== RUN   TestPatternMatchingPerformance/Pattern_matching_under_1ms_per_file
--- PASS: TestPatternMatchingPerformance (0.00s)
    --- PASS: TestPatternMatchingPerformance/Pattern_matching_under_1ms_per_file (0.00s)
=== RUN   TestMatchTimeout
=== RUN   TestMatchTimeout/Matching_times_out_after_100ms
[MATCH] epic folder 'E04-test' matched pattern #1: ^(?P<slug>[a-zA-Z0-9-]+)$
  Captured groups: map[slug:E04-test]
--- PASS: TestMatchTimeout (0.00s)
    --- PASS: TestMatchTimeout/Matching_times_out_after_100ms (0.00s)
=== RUN   TestVerboseLogging
=== RUN   TestVerboseLogging/Verbose_mode_logs_matches
[MATCH] epic folder 'E04-test' matched pattern #1: ^E(?P<number>\d{2})-(?P<slug>[a-z0-9-]+)$
  Captured groups: map[number:04 slug:test]
=== RUN   TestVerboseLogging/Toggle_verbose_mode
[MATCH] epic folder 'E04-test' matched pattern #1: ^E(?P<number>\d{2})-(?P<slug>[a-z0-9-]+)$
  Captured groups: map[number:04 slug:test]
--- PASS: TestVerboseLogging (0.00s)
    --- PASS: TestVerboseLogging/Verbose_mode_logs_matches (0.00s)
    --- PASS: TestVerboseLogging/Toggle_verbose_mode (0.00s)
=== RUN   TestCaptureGroupExtraction
=== RUN   TestCaptureGroupExtraction/Extract_all_named_capture_groups
=== RUN   TestCaptureGroupExtraction/Handle_missing_capture_groups_gracefully
--- PASS: TestCaptureGroupExtraction (0.00s)
    --- PASS: TestCaptureGroupExtraction/Extract_all_named_capture_groups (0.00s)
    --- PASS: TestCaptureGroupExtraction/Handle_missing_capture_groups_gracefully (0.00s)
=== RUN   TestGetAttemptedPatterns
=== RUN   TestGetAttemptedPatterns/Return_patterns_for_entity_type
=== RUN   TestGetAttemptedPatterns/Return_empty_for_invalid_entity_type
--- PASS: TestGetAttemptedPatterns (0.01s)
    --- PASS: TestGetAttemptedPatterns/Return_patterns_for_entity_type (0.00s)
    --- PASS: TestGetAttemptedPatterns/Return_empty_for_invalid_entity_type (0.01s)
=== RUN   TestMatchAllEntityTypes
=== RUN   TestMatchAllEntityTypes/Epic_folder_with_E##_format
=== RUN   TestMatchAllEntityTypes/Epic_folder_with_tech-debt
=== RUN   TestMatchAllEntityTypes/Feature_folder
=== RUN   TestMatchAllEntityTypes/Task_file
--- PASS: TestMatchAllEntityTypes (0.00s)
    --- PASS: TestMatchAllEntityTypes/Epic_folder_with_E##_format (0.00s)
    --- PASS: TestMatchAllEntityTypes/Epic_folder_with_tech-debt (0.00s)
    --- PASS: TestMatchAllEntityTypes/Feature_folder (0.00s)
    --- PASS: TestMatchAllEntityTypes/Task_file (0.00s)
=== RUN   TestIntegration_ConfigLoadToPatternMatching
=== RUN   TestIntegration_ConfigLoadToPatternMatching/Complete_workflow_with_default_patterns
--- PASS: TestIntegration_ConfigLoadToPatternMatching (0.00s)
    --- PASS: TestIntegration_ConfigLoadToPatternMatching/Complete_workflow_with_default_patterns (0.00s)
=== RUN   TestIntegration_PresetAdditionWorkflow
=== RUN   TestIntegration_PresetAdditionWorkflow/Add_preset_and_verify_patterns_work
--- PASS: TestIntegration_PresetAdditionWorkflow (0.00s)
    --- PASS: TestIntegration_PresetAdditionWorkflow/Add_preset_and_verify_patterns_work (0.00s)
=== RUN   TestIntegration_GenerationFormatApplication
=== RUN   TestIntegration_GenerationFormatApplication/Generate_IDs_using_format_from_config
--- PASS: TestIntegration_GenerationFormatApplication (0.00s)
    --- PASS: TestIntegration_GenerationFormatApplication/Generate_IDs_using_format_from_config (0.00s)
=== RUN   TestIntegration_ErrorHandling
=== RUN   TestIntegration_ErrorHandling/Handle_corrupted_config_gracefully
=== RUN   TestIntegration_ErrorHandling/Reject_catastrophic_backtracking_patterns
=== RUN   TestIntegration_ErrorHandling/Handle_pattern_matching_timeout
--- PASS: TestIntegration_ErrorHandling (0.00s)
    --- PASS: TestIntegration_ErrorHandling/Handle_corrupted_config_gracefully (0.00s)
    --- PASS: TestIntegration_ErrorHandling/Reject_catastrophic_backtracking_patterns (0.00s)
    --- PASS: TestIntegration_ErrorHandling/Handle_pattern_matching_timeout (0.00s)
=== RUN   TestGetPresetNames
--- PASS: TestGetPresetNames (0.00s)
=== RUN   TestGetPresetInfo
=== RUN   TestGetPresetInfo/standard_preset_exists
=== RUN   TestGetPresetInfo/special-epics_preset_exists
=== RUN   TestGetPresetInfo/numeric-only_preset_exists
=== RUN   TestGetPresetInfo/legacy-prp_preset_exists
=== RUN   TestGetPresetInfo/unknown_preset_does_not_exist
--- PASS: TestGetPresetInfo (0.00s)
    --- PASS: TestGetPresetInfo/standard_preset_exists (0.00s)
    --- PASS: TestGetPresetInfo/special-epics_preset_exists (0.00s)
    --- PASS: TestGetPresetInfo/numeric-only_preset_exists (0.00s)
    --- PASS: TestGetPresetInfo/legacy-prp_preset_exists (0.00s)
    --- PASS: TestGetPresetInfo/unknown_preset_does_not_exist (0.00s)
=== RUN   TestGetPreset
=== RUN   TestGetPreset/standard_preset
=== RUN   TestGetPreset/special-epics_preset
=== RUN   TestGetPreset/numeric-only_preset
=== RUN   TestGetPreset/legacy-prp_preset
=== RUN   TestGetPreset/unknown_preset
--- PASS: TestGetPreset (0.00s)
    --- PASS: TestGetPreset/standard_preset (0.00s)
    --- PASS: TestGetPreset/special-epics_preset (0.00s)
    --- PASS: TestGetPreset/numeric-only_preset (0.00s)
    --- PASS: TestGetPreset/legacy-prp_preset (0.00s)
    --- PASS: TestGetPreset/unknown_preset (0.00s)
=== RUN   TestStandardPreset
--- PASS: TestStandardPreset (0.00s)
=== RUN   TestSpecialEpicsPreset
--- PASS: TestSpecialEpicsPreset (0.00s)
=== RUN   TestNumericOnlyPreset
--- PASS: TestNumericOnlyPreset (0.01s)
=== RUN   TestLegacyPRPPreset
--- PASS: TestLegacyPRPPreset (0.00s)
=== RUN   TestPresetJSON
--- PASS: TestPresetJSON (0.00s)
=== RUN   TestListPresets
--- PASS: TestListPresets (0.00s)
=== RUN   TestMergePatterns
--- PASS: TestMergePatterns (0.00s)
=== RUN   TestMergePatternsSkipsDuplicates
--- PASS: TestMergePatternsSkipsDuplicates (0.00s)
=== RUN   TestMergePatternsPreservesGeneration
--- PASS: TestMergePatternsPreservesGeneration (0.00s)
=== RUN   TestNewPatternRegistry
=== RUN   TestNewPatternRegistry/Create_registry_with_valid_config
=== RUN   TestNewPatternRegistry/Create_registry_with_verbose_option
=== RUN   TestNewPatternRegistry/Nil_config_returns_error
=== RUN   TestNewPatternRegistry/Invalid_pattern_config_returns_validation_error
=== RUN   TestNewPatternRegistry/Config_with_missing_required_capture_groups_returns_error
--- PASS: TestNewPatternRegistry (0.02s)
    --- PASS: TestNewPatternRegistry/Create_registry_with_valid_config (0.00s)
    --- PASS: TestNewPatternRegistry/Create_registry_with_verbose_option (0.00s)
    --- PASS: TestNewPatternRegistry/Nil_config_returns_error (0.00s)
    --- PASS: TestNewPatternRegistry/Invalid_pattern_config_returns_validation_error (0.00s)
    --- PASS: TestNewPatternRegistry/Config_with_missing_required_capture_groups_returns_error (0.00s)
=== RUN   TestNewPatternRegistryFromDefaults
=== RUN   TestNewPatternRegistryFromDefaults/Create_registry_from_defaults
=== RUN   TestNewPatternRegistryFromDefaults/Create_registry_from_defaults_with_verbose
--- PASS: TestNewPatternRegistryFromDefaults (0.00s)
    --- PASS: TestNewPatternRegistryFromDefaults/Create_registry_from_defaults (0.00s)
    --- PASS: TestNewPatternRegistryFromDefaults/Create_registry_from_defaults_with_verbose (0.00s)
=== RUN   TestLoadPatternRegistryFromFile
=== RUN   TestLoadPatternRegistryFromFile/Load_registry_from_valid_config_file
=== RUN   TestLoadPatternRegistryFromFile/Load_registry_from_config_without_patterns_uses_defaults
=== RUN   TestLoadPatternRegistryFromFile/Load_registry_from_non-existent_file_returns_error
=== RUN   TestLoadPatternRegistryFromFile/Load_registry_from_invalid_JSON_returns_error
--- PASS: TestLoadPatternRegistryFromFile (0.01s)
    --- PASS: TestLoadPatternRegistryFromFile/Load_registry_from_valid_config_file (0.00s)
    --- PASS: TestLoadPatternRegistryFromFile/Load_registry_from_config_without_patterns_uses_defaults (0.00s)
    --- PASS: TestLoadPatternRegistryFromFile/Load_registry_from_non-existent_file_returns_error (0.00s)
    --- PASS: TestLoadPatternRegistryFromFile/Load_registry_from_invalid_JSON_returns_error (0.00s)
=== RUN   TestRegistryPatternMatching
=== RUN   TestRegistryPatternMatching/Match_standard_task_format
=== RUN   TestRegistryPatternMatching/Match_numbered_task_format
=== RUN   TestRegistryPatternMatching/Match_PRP_task_format
=== RUN   TestRegistryPatternMatching/Match_epic_folder_with_E##_format
=== RUN   TestRegistryPatternMatching/Match_special_epic_(tech-debt)
=== RUN   TestRegistryPatternMatching/Match_feature_folder
=== RUN   TestRegistryPatternMatching/No_match_for_invalid_format
--- PASS: TestRegistryPatternMatching (0.00s)
    --- PASS: TestRegistryPatternMatching/Match_standard_task_format (0.00s)
    --- PASS: TestRegistryPatternMatching/Match_numbered_task_format (0.00s)
    --- PASS: TestRegistryPatternMatching/Match_PRP_task_format (0.00s)
    --- PASS: TestRegistryPatternMatching/Match_epic_folder_with_E##_format (0.00s)
    --- PASS: TestRegistryPatternMatching/Match_special_epic_(tech-debt) (0.00s)
    --- PASS: TestRegistryPatternMatching/Match_feature_folder (0.00s)
    --- PASS: TestRegistryPatternMatching/No_match_for_invalid_format (0.00s)
=== RUN   TestRegistryFirstMatchWins
=== RUN   TestRegistryFirstMatchWins/First_pattern_matches_-_second_not_evaluated
=== RUN   TestRegistryFirstMatchWins/First_pattern_fails_-_second_pattern_matches
--- PASS: TestRegistryFirstMatchWins (0.00s)
    --- PASS: TestRegistryFirstMatchWins/First_pattern_matches_-_second_not_evaluated (0.00s)
    --- PASS: TestRegistryFirstMatchWins/First_pattern_fails_-_second_pattern_matches (0.00s)
=== RUN   TestRegistryGetPatterns
=== RUN   TestRegistryGetPatterns/Get_task_patterns
=== RUN   TestRegistryGetPatterns/Get_feature_patterns
=== RUN   TestRegistryGetPatterns/Get_epic_patterns
=== RUN   TestRegistryGetPatterns/Get_config
--- PASS: TestRegistryGetPatterns (0.00s)
    --- PASS: TestRegistryGetPatterns/Get_task_patterns (0.00s)
    --- PASS: TestRegistryGetPatterns/Get_feature_patterns (0.00s)
    --- PASS: TestRegistryGetPatterns/Get_epic_patterns (0.00s)
    --- PASS: TestRegistryGetPatterns/Get_config (0.00s)
=== RUN   TestRegistrySetVerbose
=== RUN   TestRegistrySetVerbose/Toggle_verbose_mode
[MATCH] task file 'T-E04-F05-001.md' matched pattern #1: ^T-E(?P<epic_num>\d{2})-F(?P<feature_num>\d{2})-(?P<number>\d{3}).*\.md$
  Captured groups: map[epic_num:04 feature_num:05 number:001]
--- PASS: TestRegistrySetVerbose (0.00s)
    --- PASS: TestRegistrySetVerbose/Toggle_verbose_mode (0.00s)
=== RUN   TestRegistryValidatePattern
=== RUN   TestRegistryValidatePattern/Validate_valid_pattern
=== RUN   TestRegistryValidatePattern/Validate_invalid_regex_syntax
=== RUN   TestRegistryValidatePattern/Validate_pattern_with_missing_capture_groups
=== RUN   TestRegistryValidatePattern/Validate_pattern_with_catastrophic_backtracking
--- PASS: TestRegistryValidatePattern (0.00s)
    --- PASS: TestRegistryValidatePattern/Validate_valid_pattern (0.00s)
    --- PASS: TestRegistryValidatePattern/Validate_invalid_regex_syntax (0.00s)
    --- PASS: TestRegistryValidatePattern/Validate_pattern_with_missing_capture_groups (0.00s)
    --- PASS: TestRegistryValidatePattern/Validate_pattern_with_catastrophic_backtracking (0.00s)
=== RUN   TestRegistryValidatePatternWithTimeout
=== RUN   TestRegistryValidatePatternWithTimeout/Validate_pattern_with_timeout
--- PASS: TestRegistryValidatePatternWithTimeout (0.00s)
    --- PASS: TestRegistryValidatePatternWithTimeout/Validate_pattern_with_timeout (0.00s)
=== RUN   TestRegistryGetPatternWarnings
=== RUN   TestRegistryGetPatternWarnings/Get_warnings_for_pattern_with_unrecognized_capture_group
=== RUN   TestRegistryGetPatternWarnings/No_warnings_for_valid_pattern
--- PASS: TestRegistryGetPatternWarnings (0.00s)
    --- PASS: TestRegistryGetPatternWarnings/Get_warnings_for_pattern_with_unrecognized_capture_group (0.00s)
    --- PASS: TestRegistryGetPatternWarnings/No_warnings_for_valid_pattern (0.00s)
=== RUN   TestRegistryGenerateKeys
=== RUN   TestRegistryGenerateKeys/Generate_task_key
=== RUN   TestRegistryGenerateKeys/Generate_feature_key
=== RUN   TestRegistryGenerateKeys/Generate_epic_key
--- PASS: TestRegistryGenerateKeys (0.00s)
    --- PASS: TestRegistryGenerateKeys/Generate_task_key (0.00s)
    --- PASS: TestRegistryGenerateKeys/Generate_feature_key (0.00s)
    --- PASS: TestRegistryGenerateKeys/Generate_epic_key (0.00s)
=== RUN   TestRegistryPerformance
=== RUN   TestRegistryPerformance/Pattern_compilation_is_cached
    registry_test.go:607: Initialization: 946.834µs, 1000 matches: 6.977658ms, avg per match: 6.977µs
--- PASS: TestRegistryPerformance (0.01s)
    --- PASS: TestRegistryPerformance/Pattern_compilation_is_cached (0.01s)
=== RUN   TestIntegration_RegistryWorkflow
=== RUN   TestIntegration_RegistryWorkflow/Load_config,_validate,_and_match_patterns
--- PASS: TestIntegration_RegistryWorkflow (0.00s)
    --- PASS: TestIntegration_RegistryWorkflow/Load_config,_validate,_and_match_patterns (0.00s)
=== RUN   TestValidatePattern_ValidPattern
--- PASS: TestValidatePattern_ValidPattern (0.00s)
=== RUN   TestValidatePattern_InvalidRegexSyntax
--- PASS: TestValidatePattern_InvalidRegexSyntax (0.00s)
=== RUN   TestValidatePattern_MissingRequiredCaptureGroups_Epic
=== RUN   TestValidatePattern_MissingRequiredCaptureGroups_Epic/has_number_-_valid
=== RUN   TestValidatePattern_MissingRequiredCaptureGroups_Epic/has_epic_id_-_valid
=== RUN   TestValidatePattern_MissingRequiredCaptureGroups_Epic/has_epic_slug_-_valid
=== RUN   TestValidatePattern_MissingRequiredCaptureGroups_Epic/has_slug_(same_as_epic_slug)_-_valid
=== RUN   TestValidatePattern_MissingRequiredCaptureGroups_Epic/missing_all_required_groups_-_invalid
--- PASS: TestValidatePattern_MissingRequiredCaptureGroups_Epic (0.00s)
    --- PASS: TestValidatePattern_MissingRequiredCaptureGroups_Epic/has_number_-_valid (0.00s)
    --- PASS: TestValidatePattern_MissingRequiredCaptureGroups_Epic/has_epic_id_-_valid (0.00s)
    --- PASS: TestValidatePattern_MissingRequiredCaptureGroups_Epic/has_epic_slug_-_valid (0.00s)
    --- PASS: TestValidatePattern_MissingRequiredCaptureGroups_Epic/has_slug_(same_as_epic_slug)_-_valid (0.00s)
    --- PASS: TestValidatePattern_MissingRequiredCaptureGroups_Epic/missing_all_required_groups_-_invalid (0.00s)
=== RUN   TestValidatePattern_MissingRequiredCaptureGroups_Feature
=== RUN   TestValidatePattern_MissingRequiredCaptureGroups_Feature/has_epic_num_and_number_-_valid
=== RUN   TestValidatePattern_MissingRequiredCaptureGroups_Feature/has_epic_id_and_feature_id_-_valid
=== RUN   TestValidatePattern_MissingRequiredCaptureGroups_Feature/has_epic_num_and_feature_slug_-_valid
=== RUN   TestValidatePattern_MissingRequiredCaptureGroups_Feature/has_epic_num_and_slug_(same_as_feature_slug)_-_valid
=== RUN   TestValidatePattern_MissingRequiredCaptureGroups_Feature/missing_epic_identifier_-_invalid
    validator_test.go:120: 
        	Error Trace:	/home/jwwelbor/projects/shark-task-manager/internal/patterns/validator_test.go:120
        	Error:      	An error is expected but got nil.
        	Test:       	TestValidatePattern_MissingRequiredCaptureGroups_Feature/missing_epic_identifier_-_invalid
        	Messages:   	Pattern should fail validation
--- FAIL: TestValidatePattern_MissingRequiredCaptureGroups_Feature (0.00s)
    --- PASS: TestValidatePattern_MissingRequiredCaptureGroups_Feature/has_epic_num_and_number_-_valid (0.00s)
    --- PASS: TestValidatePattern_MissingRequiredCaptureGroups_Feature/has_epic_id_and_feature_id_-_valid (0.00s)
    --- PASS: TestValidatePattern_MissingRequiredCaptureGroups_Feature/has_epic_num_and_feature_slug_-_valid (0.00s)
    --- PASS: TestValidatePattern_MissingRequiredCaptureGroups_Feature/has_epic_num_and_slug_(same_as_feature_slug)_-_valid (0.00s)
    --- FAIL: TestValidatePattern_MissingRequiredCaptureGroups_Feature/missing_epic_identifier_-_invalid (0.00s)
panic: runtime error: invalid memory address or nil pointer dereference [recovered]
	panic: runtime error: invalid memory address or nil pointer dereference
[signal SIGSEGV: segmentation violation code=0x1 addr=0x18 pc=0x5f6a79]

goroutine 2281 [running]:
testing.tRunner.func1.2({0x628b00, 0x8446a0})
	/home/jwwelbor/go/src/testing/testing.go:1632 +0x230
testing.tRunner.func1()
	/home/jwwelbor/go/src/testing/testing.go:1635 +0x35e
panic({0x628b00?, 0x8446a0?})
	/home/jwwelbor/go/src/runtime/panic.go:785 +0x132
github.com/jwwelbor/shark-task-manager/internal/patterns.TestValidatePattern_MissingRequiredCaptureGroups_Feature.func1(0xc000152680)
	/home/jwwelbor/projects/shark-task-manager/internal/patterns/validator_test.go:121 +0x99
testing.tRunner(0xc000152680, 0xc000335c80)
	/home/jwwelbor/go/src/testing/testing.go:1690 +0xf4
created by testing.(*T).Run in goroutine 2276
	/home/jwwelbor/go/src/testing/testing.go:1743 +0x390
FAIL	github.com/jwwelbor/shark-task-manager/internal/patterns	0.123s
=== RUN   TestFormatCLI_BasicReport
--- PASS: TestFormatCLI_BasicReport (0.00s)
=== RUN   TestFormatCLI_WithErrors
--- PASS: TestFormatCLI_WithErrors (0.00s)
=== RUN   TestFormatCLI_ErrorGrouping
--- PASS: TestFormatCLI_ErrorGrouping (0.00s)
=== RUN   TestFormatCLI_WithColor
--- PASS: TestFormatCLI_WithColor (0.00s)
=== RUN   TestFormatCLI_DryRunIndicator
--- PASS: TestFormatCLI_DryRunIndicator (0.00s)
=== RUN   TestFormatCLI_EntityBreakdown
--- PASS: TestFormatCLI_EntityBreakdown (0.00s)
=== RUN   TestFormatJSON_BasicReport
--- PASS: TestFormatJSON_BasicReport (0.00s)
=== RUN   TestFormatJSON_WithErrors
--- PASS: TestFormatJSON_WithErrors (0.00s)
=== RUN   TestFormatJSON_EntityBreakdown
--- PASS: TestFormatJSON_EntityBreakdown (0.00s)
=== RUN   TestFormatJSON_DryRunFlag
--- PASS: TestFormatJSON_DryRunFlag (0.00s)
=== RUN   TestFormatJSON_ValidJSONStructure
--- PASS: TestFormatJSON_ValidJSONStructure (0.00s)
=== RUN   TestFormatJSON_MetadataFields
--- PASS: TestFormatJSON_MetadataFields (0.00s)
=== RUN   TestFormatCLI_WarningsSection
--- PASS: TestFormatCLI_WarningsSection (0.00s)
=== RUN   TestFormatCLI_NoErrorsOrWarnings
--- PASS: TestFormatCLI_NoErrorsOrWarnings (0.00s)
=== RUN   TestNewScanReport
--- PASS: TestNewScanReport (0.00s)
=== RUN   TestScanReport_AddScanned
--- PASS: TestScanReport_AddScanned (0.00s)
=== RUN   TestScanReport_AddMatched
--- PASS: TestScanReport_AddMatched (0.00s)
=== RUN   TestScanReport_AddSkipped
--- PASS: TestScanReport_AddSkipped (0.00s)
=== RUN   TestScanReport_AddError
--- PASS: TestScanReport_AddError (0.00s)
=== RUN   TestScanReport_AddWarning
--- PASS: TestScanReport_AddWarning (0.00s)
=== RUN   TestScanReport_SetMetadata
--- PASS: TestScanReport_SetMetadata (0.00s)
=== RUN   TestScanReport_ErrorGrouping
--- PASS: TestScanReport_ErrorGrouping (0.00s)
=== RUN   TestScanReport_EntityBreakdown
--- PASS: TestScanReport_EntityBreakdown (0.00s)
=== RUN   TestScanReport_SkippedFileDetails
--- PASS: TestScanReport_SkippedFileDetails (0.00s)
=== RUN   TestScanReport_RelatedDocsSupport
--- PASS: TestScanReport_RelatedDocsSupport (0.00s)
=== RUN   TestScanReport_DryRunMode
--- PASS: TestScanReport_DryRunMode (0.00s)
=== RUN   TestScanReport_StatusTracking
=== RUN   TestScanReport_StatusTracking/success_with_no_errors
=== RUN   TestScanReport_StatusTracking/success_with_warnings_only
=== RUN   TestScanReport_StatusTracking/failure_with_errors
--- PASS: TestScanReport_StatusTracking (0.00s)
    --- PASS: TestScanReport_StatusTracking/success_with_no_errors (0.00s)
    --- PASS: TestScanReport_StatusTracking/success_with_warnings_only (0.00s)
    --- PASS: TestScanReport_StatusTracking/failure_with_errors (0.00s)
=== RUN   TestGetJSONSchema
--- PASS: TestGetJSONSchema (0.00s)
=== RUN   TestJSONSchema_RequiredFields
--- PASS: TestJSONSchema_RequiredFields (0.00s)
=== RUN   TestJSONSchema_Properties
--- PASS: TestJSONSchema_Properties (0.00s)
=== RUN   TestJSONSchema_MetadataStructure
--- PASS: TestJSONSchema_MetadataStructure (0.00s)
=== RUN   TestJSONSchema_SkippedFileEntryStructure
--- PASS: TestJSONSchema_SkippedFileEntryStructure (0.00s)
=== RUN   TestJSONSchema_StatusEnum
--- PASS: TestJSONSchema_StatusEnum (0.00s)
=== RUN   TestJSONSchema_ErrorTypeEnum
--- PASS: TestJSONSchema_ErrorTypeEnum (0.00s)
=== RUN   TestJSONSchema_Description
--- PASS: TestJSONSchema_Description (0.00s)
=== RUN   TestJSONSchema_Version
--- PASS: TestJSONSchema_Version (0.00s)
PASS
ok  	github.com/jwwelbor/shark-task-manager/internal/reporting	(cached)
=== RUN   TestBulkCreate
--- PASS: TestBulkCreate (0.13s)
=== RUN   TestBulkCreateEmpty
--- PASS: TestBulkCreateEmpty (0.00s)
=== RUN   TestBulkCreateValidationFailure
--- PASS: TestBulkCreateValidationFailure (0.00s)
=== RUN   TestBulkCreateRollback
--- PASS: TestBulkCreateRollback (0.00s)
=== RUN   TestGetByKeys
--- PASS: TestGetByKeys (0.00s)
=== RUN   TestGetByKeysPartial
--- PASS: TestGetByKeysPartial (0.00s)
=== RUN   TestGetByKeysEmpty
--- PASS: TestGetByKeysEmpty (0.00s)
=== RUN   TestUpdateMetadata
--- PASS: TestUpdateMetadata (0.00s)
=== RUN   TestUpdateMetadataNotFound
--- PASS: TestUpdateMetadataNotFound (0.00s)
=== RUN   TestEpicCreateIfNotExists
    bulk_operations_test.go:392: Epic was created on first call
--- PASS: TestEpicCreateIfNotExists (0.00s)
=== RUN   TestFeatureCreateIfNotExists
    bulk_operations_test.go:444: Feature was created on first call
--- PASS: TestFeatureCreateIfNotExists (0.00s)
=== RUN   TestBulkCreatePerformance
    bulk_operations_test.go:493: BulkCreate of 100 tasks completed in 3.104165ms
--- PASS: TestBulkCreatePerformance (0.00s)
=== RUN   TestGetByKeysPerformance
    bulk_operations_test.go:547: GetByKeys of 100 tasks completed in 1.533815ms
--- PASS: TestGetByKeysPerformance (0.01s)
=== RUN   TestEpicListingIntegration
    epic_feature_integration_test.go:107: Successfully listed 8 epics
--- PASS: TestEpicListingIntegration (0.01s)
=== RUN   TestEpicDetailsIntegration
    epic_feature_integration_test.go:223: Epic E55: progress=65.0% (expected 65.0%), features=3
--- PASS: TestEpicDetailsIntegration (0.01s)
=== RUN   TestFeatureDetailsIntegration
    epic_feature_integration_test.go:296: Feature E87-F02: progress=70.0% with 7 completed, 2 in_progress, 1 todo tasks
--- PASS: TestFeatureDetailsIntegration (0.00s)
=== RUN   TestFeatureListFilteringIntegration
    epic_feature_integration_test.go:353: Filter test passed: Epic E51 returned 3 features
--- PASS: TestFeatureListFilteringIntegration (0.00s)
=== RUN   TestProgressCalculationEdgeCases
=== RUN   TestProgressCalculationEdgeCases/FeatureWithZeroTasks
=== RUN   TestProgressCalculationEdgeCases/AllTasksCompleted
    epic_feature_integration_test.go:411: Epic already exists
=== NAME  TestProgressCalculationEdgeCases
    epic_feature_integration_test.go:443: All edge cases handled correctly
--- PASS: TestProgressCalculationEdgeCases (0.00s)
    --- PASS: TestProgressCalculationEdgeCases/FeatureWithZeroTasks (0.00s)
    --- SKIP: TestProgressCalculationEdgeCases/AllTasksCompleted (0.00s)
=== RUN   TestMultiLevelProgressPropagation
    epic_feature_integration_test.go:512: Progress propagation verified: 0% → 50%
--- PASS: TestMultiLevelProgressPropagation (0.00s)
=== RUN   TestFeatureRepository_ListByStatus
=== RUN   TestFeatureRepository_ListByStatus/filter_by_active_status
=== RUN   TestFeatureRepository_ListByStatus/filter_by_completed_status
=== RUN   TestFeatureRepository_ListByStatus/filter_by_draft_status
--- PASS: TestFeatureRepository_ListByStatus (0.00s)
    --- PASS: TestFeatureRepository_ListByStatus/filter_by_active_status (0.00s)
    --- PASS: TestFeatureRepository_ListByStatus/filter_by_completed_status (0.00s)
    --- PASS: TestFeatureRepository_ListByStatus/filter_by_draft_status (0.00s)
=== RUN   TestFeatureRepository_ListByEpicAndStatus
=== RUN   TestFeatureRepository_ListByEpicAndStatus/filter_by_epic_and_active_status
--- PASS: TestFeatureRepository_ListByEpicAndStatus (0.00s)
    --- PASS: TestFeatureRepository_ListByEpicAndStatus/filter_by_epic_and_active_status (0.00s)
=== RUN   TestFeatureRepository_GetTaskCount
=== RUN   TestFeatureRepository_GetTaskCount/get_task_count_for_feature
=== RUN   TestFeatureRepository_GetTaskCount/get_task_count_for_feature_with_no_tasks
--- PASS: TestFeatureRepository_GetTaskCount (0.00s)
    --- PASS: TestFeatureRepository_GetTaskCount/get_task_count_for_feature (0.00s)
    --- PASS: TestFeatureRepository_GetTaskCount/get_task_count_for_feature_with_no_tasks (0.00s)
=== RUN   TestTaskRepository_GetStatusBreakdown
=== RUN   TestTaskRepository_GetStatusBreakdown/get_status_breakdown_for_feature
=== RUN   TestTaskRepository_GetStatusBreakdown/get_status_breakdown_for_feature_with_no_tasks
--- PASS: TestTaskRepository_GetStatusBreakdown (0.03s)
    --- PASS: TestTaskRepository_GetStatusBreakdown/get_status_breakdown_for_feature (0.00s)
    --- PASS: TestTaskRepository_GetStatusBreakdown/get_status_breakdown_for_feature_with_no_tasks (0.00s)
=== RUN   TestFeatureProgress_NoTasks
    progress_calc_test.go:49: Using epic E90 with ID=36
--- PASS: TestFeatureProgress_NoTasks (0.00s)
=== RUN   TestFeatureProgress_CompletedTasks
    progress_calc_test.go:49: Using epic E91 with ID=25
--- PASS: TestFeatureProgress_CompletedTasks (0.00s)
=== RUN   TestFeatureProgress_CompletedAndArchived
    progress_calc_test.go:49: Using epic E92 with ID=38
--- PASS: TestFeatureProgress_CompletedAndArchived (0.00s)
=== RUN   TestFeatureProgress_AllCompleted
    progress_calc_test.go:49: Using epic E93 with ID=39
--- PASS: TestFeatureProgress_AllCompleted (0.00s)
=== RUN   TestFeatureProgress_NoneCompleted
    progress_calc_test.go:49: Using epic E94 with ID=40
--- PASS: TestFeatureProgress_NoneCompleted (0.00s)
=== RUN   TestFeatureProgress_BlockedNotCounted
    progress_calc_test.go:49: Using epic E95 with ID=22
--- PASS: TestFeatureProgress_BlockedNotCounted (0.00s)
=== RUN   TestEpicProgress_NoFeatures
    progress_calc_test.go:49: Using epic E96 with ID=42
--- PASS: TestEpicProgress_NoFeatures (0.00s)
=== RUN   TestEpicProgress_WeightedAverage
    progress_calc_test.go:49: Using epic E97 with ID=43
    progress_calc_test.go:49: Using epic E97 with ID=43
--- PASS: TestEpicProgress_WeightedAverage (0.01s)
=== RUN   TestEpicProgress_TaskCountWeighting
    progress_calc_test.go:49: Using epic E98 with ID=15
    progress_calc_test.go:49: Using epic E98 with ID=15
--- PASS: TestEpicProgress_TaskCountWeighting (0.00s)
=== RUN   TestFeatureProgressByKey
    progress_calc_test.go:49: Using epic E80 with ID=23
--- PASS: TestFeatureProgressByKey (0.00s)
=== RUN   TestEpicProgressByKey
    progress_calc_test.go:49: Using epic E81 with ID=48
--- PASS: TestEpicProgressByKey (0.02s)
=== RUN   TestUpdateProgressByKey
    progress_calc_test.go:49: Using epic E82 with ID=49
--- PASS: TestUpdateProgressByKey (0.00s)
=== RUN   TestFeatureProgressPerformance
    progress_calc_test.go:49: Using epic E83 with ID=31
    progress_performance_test.go:40: Feature progress calculation query plan:
    progress_performance_test.go:48:   SEARCH tasks USING INDEX idx_tasks_feature_id (feature_id=?)
--- PASS: TestFeatureProgressPerformance (0.00s)
=== RUN   TestEpicProgressPerformance
    progress_calc_test.go:49: Using epic E84 with ID=51
    progress_calc_test.go:49: Using epic E84 with ID=51
    progress_performance_test.go:95: Epic progress calculation query plan:
    progress_performance_test.go:103:   SEARCH f USING INDEX idx_features_epic_id (epic_id=?)
    progress_performance_test.go:103:   CORRELATED SCALAR SUBQUERY 1
    progress_performance_test.go:103:   SEARCH t USING COVERING INDEX idx_tasks_feature_id (feature_id=?)
    progress_performance_test.go:103:   CORRELATED SCALAR SUBQUERY 2
    progress_performance_test.go:103:   SEARCH t USING COVERING INDEX idx_tasks_feature_id (feature_id=?)
--- PASS: TestEpicProgressPerformance (0.00s)
=== RUN   TestQueryPlanAnalysis
=== RUN   TestQueryPlanAnalysis/FeatureProgressQueryPlan
    query_performance_benchmark_test.go:204: Feature progress calculation query plan:
    query_performance_benchmark_test.go:213:   SEARCH tasks USING INDEX idx_tasks_feature_id (feature_id=?)
=== RUN   TestQueryPlanAnalysis/EpicProgressQueryPlan
    query_performance_benchmark_test.go:246: Epic progress calculation query plan:
    query_performance_benchmark_test.go:255:   SEARCH f USING INDEX idx_features_epic_id (epic_id=?)
    query_performance_benchmark_test.go:255:   CORRELATED SCALAR SUBQUERY 1
    query_performance_benchmark_test.go:255:   SEARCH t USING COVERING INDEX idx_tasks_feature_id (feature_id=?)
    query_performance_benchmark_test.go:255:   CORRELATED SCALAR SUBQUERY 2
    query_performance_benchmark_test.go:255:   SEARCH t USING COVERING INDEX idx_tasks_feature_id (feature_id=?)
=== RUN   TestQueryPlanAnalysis/GetByKeyQueryPlan
    query_performance_benchmark_test.go:282: GetByKey query plan:
    query_performance_benchmark_test.go:291:   SEARCH features USING INDEX idx_features_key (key=?)
--- PASS: TestQueryPlanAnalysis (0.00s)
    --- PASS: TestQueryPlanAnalysis/FeatureProgressQueryPlan (0.00s)
    --- PASS: TestQueryPlanAnalysis/EpicProgressQueryPlan (0.00s)
    --- PASS: TestQueryPlanAnalysis/GetByKeyQueryPlan (0.00s)
=== RUN   TestNoPlusOneQueries
    query_performance_benchmark_test.go:333: ListByEpic for 1 features: 193.355µs (no N+1 detected)
--- PASS: TestNoPlusOneQueries (0.00s)
=== RUN   TestCompleteWorkflow
--- PASS: TestCompleteWorkflow (0.00s)
=== RUN   TestBlockUnblockWorkflow
    task_lifecycle_test.go:100: Failed to block task: invalid status transition from completed to blocked
--- FAIL: TestBlockUnblockWorkflow (0.00s)
=== RUN   TestReopenWorkflow
    task_lifecycle_test.go:154: Failed to reopen task: invalid status transition from completed to in_progress
--- FAIL: TestReopenWorkflow (0.00s)
FAIL
FAIL	github.com/jwwelbor/shark-task-manager/internal/repository	0.296s
?   	github.com/jwwelbor/shark-task-manager/internal/test	[no test files]
=== RUN   TestConflictDetector_DetectConflicts
=== RUN   TestConflictDetector_DetectConflicts/no_conflicts_when_file_and_database_match
=== RUN   TestConflictDetector_DetectConflicts/detects_title_conflict
=== RUN   TestConflictDetector_DetectConflicts/no_title_conflict_when_file_title_is_empty
=== RUN   TestConflictDetector_DetectConflicts/detects_description_conflict_when_both_exist
=== RUN   TestConflictDetector_DetectConflicts/no_description_conflict_when_file_description_is_nil
=== RUN   TestConflictDetector_DetectConflicts/no_description_conflict_when_database_description_is_nil
=== RUN   TestConflictDetector_DetectConflicts/detects_file_path_conflict_when_database_path_is_different
=== RUN   TestConflictDetector_DetectConflicts/detects_file_path_conflict_when_database_path_is_nil
=== RUN   TestConflictDetector_DetectConflicts/detects_multiple_conflicts
=== RUN   TestConflictDetector_DetectConflicts/does_not_detect_conflicts_for_database-only_fields
--- PASS: TestConflictDetector_DetectConflicts (0.00s)
    --- PASS: TestConflictDetector_DetectConflicts/no_conflicts_when_file_and_database_match (0.00s)
    --- PASS: TestConflictDetector_DetectConflicts/detects_title_conflict (0.00s)
    --- PASS: TestConflictDetector_DetectConflicts/no_title_conflict_when_file_title_is_empty (0.00s)
    --- PASS: TestConflictDetector_DetectConflicts/detects_description_conflict_when_both_exist (0.00s)
    --- PASS: TestConflictDetector_DetectConflicts/no_description_conflict_when_file_description_is_nil (0.00s)
    --- PASS: TestConflictDetector_DetectConflicts/no_description_conflict_when_database_description_is_nil (0.00s)
    --- PASS: TestConflictDetector_DetectConflicts/detects_file_path_conflict_when_database_path_is_different (0.00s)
    --- PASS: TestConflictDetector_DetectConflicts/detects_file_path_conflict_when_database_path_is_nil (0.00s)
    --- PASS: TestConflictDetector_DetectConflicts/detects_multiple_conflicts (0.00s)
    --- PASS: TestConflictDetector_DetectConflicts/does_not_detect_conflicts_for_database-only_fields (0.00s)
=== RUN   TestConcurrentFileAndDatabaseChanges
    conflicts_integration_test.go:65: 
        	Error Trace:	/home/jwwelbor/projects/shark-task-manager/internal/sync/conflicts_integration_test.go:65
        	Error:      	Received unexpected error:
        	            	failed to create feature: table features has no column named execution_order
        	Test:       	TestConcurrentFileAndDatabaseChanges
--- FAIL: TestConcurrentFileAndDatabaseChanges (0.14s)
=== RUN   TestNoConflictWhenOnlyFileModified
--- PASS: TestNoConflictWhenOnlyFileModified (0.00s)
=== RUN   TestNoConflictWhenOnlyDatabaseModified
--- PASS: TestNoConflictWhenOnlyDatabaseModified (0.00s)
=== RUN   TestConflictDetectionWithLastSyncTime
=== RUN   TestConflictDetectionWithLastSyncTime/no_conflict_when_only_file_modified_since_last_sync
=== RUN   TestConflictDetectionWithLastSyncTime/no_conflict_when_only_DB_modified_since_last_sync
=== RUN   TestConflictDetectionWithLastSyncTime/no_conflict_when_both_modified_but_metadata_identical
=== RUN   TestConflictDetectionWithLastSyncTime/conflict_detected_when_both_modified_and_title_differs
=== RUN   TestConflictDetectionWithLastSyncTime/multiple_conflicts_when_both_modified_with_different_values
=== RUN   TestConflictDetectionWithLastSyncTime/clock_skew_tolerance_applied
=== RUN   TestConflictDetectionWithLastSyncTime/falls_back_to_basic_detection_when_last_sync_time_is_nil
--- PASS: TestConflictDetectionWithLastSyncTime (0.00s)
    --- PASS: TestConflictDetectionWithLastSyncTime/no_conflict_when_only_file_modified_since_last_sync (0.00s)
    --- PASS: TestConflictDetectionWithLastSyncTime/no_conflict_when_only_DB_modified_since_last_sync (0.00s)
    --- PASS: TestConflictDetectionWithLastSyncTime/no_conflict_when_both_modified_but_metadata_identical (0.00s)
    --- PASS: TestConflictDetectionWithLastSyncTime/conflict_detected_when_both_modified_and_title_differs (0.00s)
    --- PASS: TestConflictDetectionWithLastSyncTime/multiple_conflicts_when_both_modified_with_different_values (0.00s)
    --- PASS: TestConflictDetectionWithLastSyncTime/clock_skew_tolerance_applied (0.00s)
    --- PASS: TestConflictDetectionWithLastSyncTime/falls_back_to_basic_detection_when_last_sync_time_is_nil (0.00s)
=== RUN   TestManualConflictResolution
=== RUN   TestManualConflictResolution/manual_strategy_with_simulated_user_input
--- PASS: TestManualConflictResolution (0.00s)
    --- PASS: TestManualConflictResolution/manual_strategy_with_simulated_user_input (0.00s)
=== RUN   TestDiscoveryIntegration
DEBUG: FolderScanner.Scan found 1 epics, 1 features
DEBUG: Epic: E04 (task-mgmt-cli-core)
DEBUG: Feature: E04-F06 (epic=E04, slug=task-creation)
--- PASS: TestDiscoveryIntegration (0.13s)
=== RUN   TestDiscoveryStrategyMapping
=== RUN   TestDiscoveryStrategyMapping/index-only_maps_to_index-precedence
=== RUN   TestDiscoveryStrategyMapping/folder-only_maps_to_folder-precedence
=== RUN   TestDiscoveryStrategyMapping/merge_maps_to_merge
--- PASS: TestDiscoveryStrategyMapping (0.00s)
    --- PASS: TestDiscoveryStrategyMapping/index-only_maps_to_index-precedence (0.00s)
    --- PASS: TestDiscoveryStrategyMapping/folder-only_maps_to_folder-precedence (0.00s)
    --- PASS: TestDiscoveryStrategyMapping/merge_maps_to_merge (0.00s)
=== RUN   TestValidationLevelMapping
=== RUN   TestValidationLevelMapping/strict_maps_correctly
=== RUN   TestValidationLevelMapping/balanced_maps_correctly
=== RUN   TestValidationLevelMapping/permissive_maps_correctly
--- PASS: TestValidationLevelMapping (0.00s)
    --- PASS: TestValidationLevelMapping/strict_maps_correctly (0.00s)
    --- PASS: TestValidationLevelMapping/balanced_maps_correctly (0.00s)
    --- PASS: TestValidationLevelMapping/permissive_maps_correctly (0.00s)
=== RUN   TestConvertIndexEpics
--- PASS: TestConvertIndexEpics (0.00s)
=== RUN   TestConvertFolderEpics
--- PASS: TestConvertFolderEpics (0.00s)
=== RUN   TestImportDiscoveredEntities
--- PASS: TestImportDiscoveredEntities (0.09s)
=== RUN   TestImportDiscoveredEntitiesUpdate
--- PASS: TestImportDiscoveredEntitiesUpdate (0.06s)
=== RUN   TestDryRunMode_NoChangesCommitted
    engine_dryrun_test.go:76: Sync failed: failed to query database tasks: failed to query tasks by keys: no such column: execution_order
--- FAIL: TestDryRunMode_NoChangesCommitted (0.08s)
=== RUN   TestDryRunMode_ThenRealRun
    engine_dryrun_test.go:154: Dry-run sync failed: failed to query database tasks: failed to query tasks by keys: no such column: execution_order
--- FAIL: TestDryRunMode_ThenRealRun (0.09s)
=== RUN   TestDryRunMode_WithConflicts
    engine_dryrun_test.go:242: Failed to create test task: failed to create task: table tasks has no column named execution_order
--- FAIL: TestDryRunMode_WithConflicts (0.07s)
=== RUN   TestSyncEngine_NewSyncEngine
--- PASS: TestSyncEngine_NewSyncEngine (0.03s)
=== RUN   TestSyncEngine_Sync_EmptyDirectory
--- PASS: TestSyncEngine_Sync_EmptyDirectory (0.03s)
=== RUN   TestSyncEngine_Sync_NewTasksImport
--- PASS: TestSyncEngine_Sync_NewTasksImport (0.04s)
=== RUN   TestSyncEngine_Sync_UpdateExistingTasks
--- PASS: TestSyncEngine_Sync_UpdateExistingTasks (0.05s)
=== RUN   TestSyncEngine_Sync_DryRun
--- PASS: TestSyncEngine_Sync_DryRun (0.04s)
=== RUN   TestSyncEngine_Sync_ConflictStrategies
=== RUN   TestSyncEngine_Sync_ConflictStrategies/file-wins
=== RUN   TestSyncEngine_Sync_ConflictStrategies/database-wins
--- PASS: TestSyncEngine_Sync_ConflictStrategies (0.09s)
    --- PASS: TestSyncEngine_Sync_ConflictStrategies/file-wins (0.05s)
    --- PASS: TestSyncEngine_Sync_ConflictStrategies/database-wins (0.05s)
=== RUN   TestSyncEngine_Sync_InvalidYAML
--- PASS: TestSyncEngine_Sync_InvalidYAML (0.04s)
=== RUN   TestSyncEngine_Sync_TransactionRollback
    engine_test.go:635: Transaction rollback test requires error injection mechanism
--- SKIP: TestSyncEngine_Sync_TransactionRollback (0.00s)
=== RUN   TestFilter_ForceFullScan
2025/12/19 07:27:57 Incremental filter: 10 total files, 0 changed, 10 skipped, 0 new
--- PASS: TestFilter_ForceFullScan (0.04s)
=== RUN   TestFilter_NilLastSyncTime
--- PASS: TestFilter_NilLastSyncTime (0.04s)
=== RUN   TestFilter_MtimeComparison
2025/12/19 07:27:57 Incremental filter: 3 total files, 2 changed, 1 skipped, 0 new
--- PASS: TestFilter_MtimeComparison (0.03s)
=== RUN   TestFilter_NewFiles
2025/12/19 07:27:57 Incremental filter: 2 total files, 1 changed, 1 skipped, 1 new
--- PASS: TestFilter_NewFiles (0.03s)
=== RUN   TestFilter_ClockSkewTolerance
2025/12/19 07:27:57 Incremental filter: 2 total files, 2 changed, 0 skipped, 0 new
--- PASS: TestFilter_ClockSkewTolerance (0.03s)
=== RUN   TestFilter_Performance
2025/12/19 07:27:57 Incremental filter: 500 total files, 500 changed, 0 skipped, 0 new
    incremental_test.go:394: Filter performance: 9.743069ms for 500 files (requirement: <100ms)
--- PASS: TestFilter_Performance (0.33s)
=== RUN   TestFilter_EmptyFileList
2025/12/19 07:27:57 Incremental filter: 0 total files, 0 changed, 0 skipped, 0 new
--- PASS: TestFilter_EmptyFileList (0.03s)
=== RUN   TestFilter_MissingFile
2025/12/19 07:27:57 Incremental filter: 1 total files, 0 changed, 1 skipped, 0 new
--- PASS: TestFilter_MissingFile (0.03s)
=== RUN   TestIncrementalSync_FirstSync
--- PASS: TestIncrementalSync_FirstSync (0.08s)
=== RUN   TestIncrementalSync_NoChanges
2025/12/19 07:27:57 Incremental filter: 1 total files, 0 changed, 1 skipped, 0 new
--- PASS: TestIncrementalSync_NoChanges (0.05s)
=== RUN   TestIncrementalSync_FewFilesChanged
2025/12/19 07:27:58 Incremental filter: 10 total files, 5 changed, 5 skipped, 0 new
--- PASS: TestIncrementalSync_FewFilesChanged (0.33s)
=== RUN   TestIncrementalSync_ConflictResolution
2025/12/19 07:27:58 Incremental filter: 1 total files, 1 changed, 0 skipped, 0 new
--- PASS: TestIncrementalSync_ConflictResolution (0.18s)
=== RUN   TestIncrementalSync_ForceFullScan
--- PASS: TestIncrementalSync_ForceFullScan (0.14s)
=== RUN   TestIncrementalSync_TransactionRollback
2025/12/19 07:27:58 Incremental filter: 1 total files, 1 changed, 0 skipped, 1 new
--- PASS: TestIncrementalSync_TransactionRollback (0.04s)
=== RUN   TestIncrementalSync_BackwardCompatibility
--- PASS: TestIncrementalSync_BackwardCompatibility (0.06s)
=== RUN   TestSyncWithStandardTaskFiles
    integration_pattern_test.go:42: Database setup required for full integration test
--- SKIP: TestSyncWithStandardTaskFiles (0.01s)
=== RUN   TestSyncWithNumberedTaskFiles
    integration_pattern_test.go:77: Database setup required for full integration test
--- SKIP: TestSyncWithNumberedTaskFiles (0.00s)
=== RUN   TestSyncWithPRPFiles
    integration_pattern_test.go:114: Database setup required for full integration test
--- SKIP: TestSyncWithPRPFiles (0.00s)
=== RUN   TestSyncWithMixedFormats
    integration_pattern_test.go:173: Database setup required for full integration test
--- SKIP: TestSyncWithMixedFormats (0.00s)
=== RUN   TestPatternMatchingLogic
=== RUN   TestPatternMatchingLogic/standard_task_pattern
=== RUN   TestPatternMatchingLogic/numbered_task_pattern
=== RUN   TestPatternMatchingLogic/PRP_pattern
=== RUN   TestPatternMatchingLogic/no_match
--- PASS: TestPatternMatchingLogic (0.00s)
    --- PASS: TestPatternMatchingLogic/standard_task_pattern (0.00s)
    --- PASS: TestPatternMatchingLogic/numbered_task_pattern (0.00s)
    --- PASS: TestPatternMatchingLogic/PRP_pattern (0.00s)
    --- PASS: TestPatternMatchingLogic/no_match (0.00s)
=== RUN   TestMetadataExtraction
=== RUN   TestMetadataExtraction/standard_task_with_frontmatter_title
    integration_pattern_test.go:251: Pattern registry setup required
=== RUN   TestMetadataExtraction/numbered_task_without_frontmatter
    integration_pattern_test.go:261: Pattern registry setup required
=== RUN   TestMetadataExtraction/PRP_file_with_description
    integration_pattern_test.go:277: Pattern registry setup required
--- PASS: TestMetadataExtraction (0.00s)
    --- SKIP: TestMetadataExtraction/standard_task_with_frontmatter_title (0.00s)
    --- SKIP: TestMetadataExtraction/numbered_task_without_frontmatter (0.00s)
    --- SKIP: TestMetadataExtraction/PRP_file_with_description (0.00s)
=== RUN   TestKeyGeneration
=== RUN   TestKeyGeneration/generate_key_for_PRP_file
    integration_pattern_test.go:285: Database setup required
=== RUN   TestKeyGeneration/generate_key_for_numbered_file
    integration_pattern_test.go:290: Database setup required
=== RUN   TestKeyGeneration/skip_generation_for_standard_tasks
    integration_pattern_test.go:295: Database setup required
--- PASS: TestKeyGeneration (0.00s)
    --- SKIP: TestKeyGeneration/generate_key_for_PRP_file (0.00s)
    --- SKIP: TestKeyGeneration/generate_key_for_numbered_file (0.00s)
    --- SKIP: TestKeyGeneration/skip_generation_for_standard_tasks (0.00s)
=== RUN   TestSyncReportStatistics
=== RUN   TestSyncReportStatistics/pattern_match_counts
    integration_pattern_test.go:303: Full sync test required
=== RUN   TestSyncReportStatistics/keys_generated_count
    integration_pattern_test.go:308: Full sync test required
--- PASS: TestSyncReportStatistics (0.00s)
    --- SKIP: TestSyncReportStatistics/pattern_match_counts (0.00s)
    --- SKIP: TestSyncReportStatistics/keys_generated_count (0.00s)
=== RUN   TestErrorRecovery
=== RUN   TestErrorRecovery/invalid_frontmatter_doesn't_abort_sync
    integration_pattern_test.go:317: Full sync test required
=== RUN   TestErrorRecovery/orphaned_PRP_file_doesn't_abort_sync
    integration_pattern_test.go:323: Full sync test required
=== RUN   TestErrorRecovery/pattern_mismatch_is_logged_as_warning
    integration_pattern_test.go:329: Full sync test required
--- PASS: TestErrorRecovery (0.00s)
    --- SKIP: TestErrorRecovery/invalid_frontmatter_doesn't_abort_sync (0.00s)
    --- SKIP: TestErrorRecovery/orphaned_PRP_file_doesn't_abort_sync (0.00s)
    --- SKIP: TestErrorRecovery/pattern_mismatch_is_logged_as_warning (0.00s)
=== RUN   TestBackwardCompatibility
=== RUN   TestBackwardCompatibility/existing_T-E##-F##-###_files_import_correctly
    integration_pattern_test.go:338: Requires access to actual project files
--- PASS: TestBackwardCompatibility (0.00s)
    --- SKIP: TestBackwardCompatibility/existing_T-E##-F##-###_files_import_correctly (0.00s)
=== RUN   TestConflictDetectionAndResolution
=== RUN   TestConflictDetectionAndResolution/complete_workflow:_file-wins_strategy
=== RUN   TestConflictDetectionAndResolution/complete_workflow:_newer-wins_with_database_newer
=== RUN   TestConflictDetectionAndResolution/no_conflicts_means_no_changes
=== RUN   TestConflictDetectionAndResolution/partial_file_metadata_doesn't_create_conflicts
--- PASS: TestConflictDetectionAndResolution (0.00s)
    --- PASS: TestConflictDetectionAndResolution/complete_workflow:_file-wins_strategy (0.00s)
    --- PASS: TestConflictDetectionAndResolution/complete_workflow:_newer-wins_with_database_newer (0.00s)
    --- PASS: TestConflictDetectionAndResolution/no_conflicts_means_no_changes (0.00s)
    --- PASS: TestConflictDetectionAndResolution/partial_file_metadata_doesn't_create_conflicts (0.00s)
=== RUN   TestFullSyncWorkflow
=== RUN   TestFullSyncWorkflow/scanner_finds_files,_engine_imports_them
--- PASS: TestFullSyncWorkflow (0.00s)
    --- PASS: TestFullSyncWorkflow/scanner_finds_files,_engine_imports_them (0.00s)
=== RUN   TestConflictResolver_ResolveConflicts
=== RUN   TestConflictResolver_ResolveConflicts/file-wins_strategy_updates_all_conflicting_fields
=== RUN   TestConflictResolver_ResolveConflicts/database-wins_strategy_keeps_all_database_values
=== RUN   TestConflictResolver_ResolveConflicts/newer-wins_strategy_uses_file_when_file_is_newer
=== RUN   TestConflictResolver_ResolveConflicts/newer-wins_strategy_uses_database_when_database_is_newer
=== RUN   TestConflictResolver_ResolveConflicts/file-wins_with_nil_description_in_file_preserves_database_description
=== RUN   TestConflictResolver_ResolveConflicts/resolves_empty_conflict_list_without_error
=== RUN   TestConflictResolver_ResolveConflicts/returns_copy_of_database_task,_not_original
=== RUN   TestConflictResolver_ResolveConflicts/preserves_all_database-only_fields
--- PASS: TestConflictResolver_ResolveConflicts (0.00s)
    --- PASS: TestConflictResolver_ResolveConflicts/file-wins_strategy_updates_all_conflicting_fields (0.00s)
    --- PASS: TestConflictResolver_ResolveConflicts/database-wins_strategy_keeps_all_database_values (0.00s)
    --- PASS: TestConflictResolver_ResolveConflicts/newer-wins_strategy_uses_file_when_file_is_newer (0.00s)
    --- PASS: TestConflictResolver_ResolveConflicts/newer-wins_strategy_uses_database_when_database_is_newer (0.00s)
    --- PASS: TestConflictResolver_ResolveConflicts/file-wins_with_nil_description_in_file_preserves_database_description (0.00s)
    --- PASS: TestConflictResolver_ResolveConflicts/resolves_empty_conflict_list_without_error (0.00s)
    --- PASS: TestConflictResolver_ResolveConflicts/returns_copy_of_database_task,_not_original (0.00s)
    --- PASS: TestConflictResolver_ResolveConflicts/preserves_all_database-only_fields (0.00s)
=== RUN   TestScanRealProjectStructure
    scanner_integration_test.go:38: Found task file: T-E04-F01-001.md (Epic: E04, Feature: E04-F01)
    scanner_integration_test.go:38: Found task file: T-E04-F01-002.md (Epic: E04, Feature: E04-F01)
    scanner_integration_test.go:38: Found task file: T-E04-F01-003.md (Epic: E04, Feature: E04-F01)
    scanner_integration_test.go:38: Found task file: T-E04-F01-004.md (Epic: E04, Feature: E04-F01)
    scanner_integration_test.go:38: Found task file: T-E04-F01-005.md (Epic: E04, Feature: E04-F01)
    scanner_integration_test.go:38: Found task file: T-E04-F01-006.md (Epic: E04, Feature: E04-F01)
    scanner_integration_test.go:38: Found task file: T-E04-F02-001.md (Epic: E04, Feature: E04-F02)
    scanner_integration_test.go:38: Found task file: T-E04-F02-002.md (Epic: E04, Feature: E04-F02)
    scanner_integration_test.go:38: Found task file: T-E04-F02-003.md (Epic: E04, Feature: E04-F02)
    scanner_integration_test.go:38: Found task file: T-E04-F02-004.md (Epic: E04, Feature: E04-F02)
    scanner_integration_test.go:38: Found task file: T-E04-F02-005.md (Epic: E04, Feature: E04-F02)
    scanner_integration_test.go:38: Found task file: T-E04-F02-006.md (Epic: E04, Feature: E04-F02)
    scanner_integration_test.go:38: Found task file: T-E04-F03-001.md (Epic: E04, Feature: E04-F03)
    scanner_integration_test.go:38: Found task file: T-E04-F03-002.md (Epic: E04, Feature: E04-F03)
    scanner_integration_test.go:38: Found task file: T-E04-F03-003.md (Epic: E04, Feature: E04-F03)
    scanner_integration_test.go:38: Found task file: T-E04-F03-004.md (Epic: E04, Feature: E04-F03)
    scanner_integration_test.go:38: Found task file: T-E04-F04-001.md (Epic: E04, Feature: E04-F04)
    scanner_integration_test.go:38: Found task file: T-E04-F04-002.md (Epic: E04, Feature: E04-F04)
    scanner_integration_test.go:38: Found task file: T-E04-F04-003.md (Epic: E04, Feature: E04-F04)
    scanner_integration_test.go:38: Found task file: T-E04-F04-004.md (Epic: E04, Feature: E04-F04)
    scanner_integration_test.go:38: Found task file: T-E04-F04-005.md (Epic: E04, Feature: E04-F04)
    scanner_integration_test.go:38: Found task file: T-E04-F04-006.md (Epic: E04, Feature: E04-F04)
    scanner_integration_test.go:38: Found task file: T-E04-F05-001.md (Epic: E04, Feature: E04-F05)
    scanner_integration_test.go:38: Found task file: T-E04-F05-002.md (Epic: E04, Feature: E04-F05)
    scanner_integration_test.go:38: Found task file: T-E04-F05-003.md (Epic: E04, Feature: E04-F05)
    scanner_integration_test.go:38: Found task file: T-E04-F05-004.md (Epic: E04, Feature: E04-F05)
    scanner_integration_test.go:38: Found task file: T-E04-F06-001.md (Epic: E04, Feature: E04-F06)
    scanner_integration_test.go:38: Found task file: T-E04-F06-002.md (Epic: E04, Feature: E04-F06)
    scanner_integration_test.go:38: Found task file: T-E04-F06-003.md (Epic: E04, Feature: E04-F06)
    scanner_integration_test.go:38: Found task file: T-E04-F06-004.md (Epic: E04, Feature: E04-F06)
    scanner_integration_test.go:38: Found task file: T-E04-F07-001.md (Epic: E04, Feature: E04-F07)
    scanner_integration_test.go:38: Found task file: T-E04-F07-002.md (Epic: E04, Feature: E04-F07)
    scanner_integration_test.go:38: Found task file: T-E04-F07-003.md (Epic: E04, Feature: E04-F07)
    scanner_integration_test.go:38: Found task file: T-E04-F07-004.md (Epic: E04, Feature: E04-F07)
    scanner_integration_test.go:38: Found task file: T-E04-F07-005.md (Epic: E04, Feature: E04-F07)
    scanner_integration_test.go:38: Found task file: T-E04-F07-006.md (Epic: E04, Feature: E04-F07)
    scanner_integration_test.go:38: Found task file: T-E04-F08-001.md (Epic: E04, Feature: E04-F08)
    scanner_integration_test.go:38: Found task file: T-E04-F08-002.md (Epic: E04, Feature: E04-F08)
    scanner_integration_test.go:38: Found task file: T-E04-F08-003.md (Epic: E04, Feature: E04-F08)
    scanner_integration_test.go:38: Found task file: T-E04-F08-004.md (Epic: E04, Feature: E04-F08)
    scanner_integration_test.go:38: Found task file: T-E04-F08-005.md (Epic: E04, Feature: E04-F08)
    scanner_integration_test.go:38: Found task file: T-E06-F01-001.md (Epic: E06, Feature: E06-F01)
    scanner_integration_test.go:38: Found task file: T-E06-F01-002.md (Epic: E06, Feature: E06-F01)
    scanner_integration_test.go:38: Found task file: T-E06-F01-003.md (Epic: E06, Feature: E06-F01)
    scanner_integration_test.go:38: Found task file: T-E06-F01-004.md (Epic: E06, Feature: E06-F01)
    scanner_integration_test.go:38: Found task file: T-E06-F01-005.md (Epic: E06, Feature: E06-F01)
    scanner_integration_test.go:38: Found task file: T-E06-F01-006.md (Epic: E06, Feature: E06-F01)
    scanner_integration_test.go:38: Found task file: T-E06-F02-001.md (Epic: E06, Feature: E06-F02)
    scanner_integration_test.go:38: Found task file: T-E06-F02-002.md (Epic: E06, Feature: E06-F02)
    scanner_integration_test.go:38: Found task file: T-E06-F02-003.md (Epic: E06, Feature: E06-F02)
    scanner_integration_test.go:38: Found task file: T-E06-F02-004.md (Epic: E06, Feature: E06-F02)
    scanner_integration_test.go:38: Found task file: T-E06-F03-001.md (Epic: E06, Feature: E06-F03)
    scanner_integration_test.go:38: Found task file: T-E06-F03-002.md (Epic: E06, Feature: E06-F03)
    scanner_integration_test.go:38: Found task file: T-E06-F03-003.md (Epic: E06, Feature: E06-F03)
    scanner_integration_test.go:38: Found task file: T-E06-F03-004.md (Epic: E06, Feature: E06-F03)
    scanner_integration_test.go:38: Found task file: T-E06-F04-001.md (Epic: E06, Feature: E06-F04)
    scanner_integration_test.go:38: Found task file: T-E06-F04-002.md (Epic: E06, Feature: E06-F04)
    scanner_integration_test.go:38: Found task file: T-E06-F04-003.md (Epic: E06, Feature: E06-F04)
    scanner_integration_test.go:38: Found task file: T-E06-F04-004.md (Epic: E06, Feature: E06-F04)
    scanner_integration_test.go:38: Found task file: T-E06-F05-001.md (Epic: E06, Feature: E06-F05)
    scanner_integration_test.go:38: Found task file: T-E06-F05-002.md (Epic: E06, Feature: E06-F05)
    scanner_integration_test.go:38: Found task file: T-E06-F05-003.md (Epic: E06, Feature: E06-F05)
    scanner_integration_test.go:38: Found task file: T-E06-F05-004.md (Epic: E06, Feature: E06-F05)
--- PASS: TestScanRealProjectStructure (0.01s)
=== RUN   TestScanSpecificFeature
    scanner_integration_test.go:93: Skipping test: no feature directories found
--- SKIP: TestScanSpecificFeature (0.00s)
=== RUN   TestScanPerformance
    scanner_integration_test.go:150: Scanned 63 files in 4.244458ms
    scanner_integration_test.go:156: Average time per file: 67.372µs
--- PASS: TestScanPerformance (0.00s)
=== RUN   TestScanWithTasksDirectory
    scanner_integration_test.go:192: Found 52 task files in legacy tasks directory
    scanner_integration_test.go:204: Legacy file: T-E05-F01-001.md -> Epic=E05, Feature=E05-F01
    scanner_integration_test.go:204: Legacy file: T-E05-F01-002.md -> Epic=E05, Feature=E05-F01
    scanner_integration_test.go:204: Legacy file: T-E05-F01-003.md -> Epic=E05, Feature=E05-F01
    scanner_integration_test.go:204: Legacy file: T-E06-F02-005.md -> Epic=E06, Feature=E06-F02
    scanner_integration_test.go:204: Legacy file: T-E07-F01-001.md -> Epic=E07, Feature=E07-F01
    scanner_integration_test.go:204: Legacy file: T-E07-F01-002.md -> Epic=E07, Feature=E07-F01
    scanner_integration_test.go:204: Legacy file: T-E07-F01-003.md -> Epic=E07, Feature=E07-F01
    scanner_integration_test.go:204: Legacy file: T-E07-F01-004.md -> Epic=E07, Feature=E07-F01
    scanner_integration_test.go:204: Legacy file: T-E07-F01-005.md -> Epic=E07, Feature=E07-F01
    scanner_integration_test.go:204: Legacy file: T-E07-F01-006.md -> Epic=E07, Feature=E07-F01
    scanner_integration_test.go:204: Legacy file: T-E07-F01-007.md -> Epic=E07, Feature=E07-F01
    scanner_integration_test.go:204: Legacy file: T-E07-F01-008.md -> Epic=E07, Feature=E07-F01
    scanner_integration_test.go:204: Legacy file: T-E07-F01-009.md -> Epic=E07, Feature=E07-F01
    scanner_integration_test.go:204: Legacy file: T-E07-F01-010.md -> Epic=E07, Feature=E07-F01
    scanner_integration_test.go:204: Legacy file: T-E07-F02-001.md -> Epic=E07, Feature=E07-F02
    scanner_integration_test.go:204: Legacy file: T-E07-F02-002.md -> Epic=E07, Feature=E07-F02
    scanner_integration_test.go:204: Legacy file: T-E07-F02-003.md -> Epic=E07, Feature=E07-F02
    scanner_integration_test.go:204: Legacy file: T-E07-F02-004.md -> Epic=E07, Feature=E07-F02
    scanner_integration_test.go:204: Legacy file: T-E07-F02-005.md -> Epic=E07, Feature=E07-F02
    scanner_integration_test.go:204: Legacy file: T-E07-F03-001.md -> Epic=E07, Feature=E07-F03
    scanner_integration_test.go:204: Legacy file: T-E07-F03-002.md -> Epic=E07, Feature=E07-F03
    scanner_integration_test.go:204: Legacy file: T-E07-F03-003.md -> Epic=E07, Feature=E07-F03
    scanner_integration_test.go:204: Legacy file: T-E07-F03-004.md -> Epic=E07, Feature=E07-F03
    scanner_integration_test.go:204: Legacy file: T-E07-F04-001.md -> Epic=E07, Feature=E07-F04
    scanner_integration_test.go:204: Legacy file: T-E07-F04-002.md -> Epic=E07, Feature=E07-F04
    scanner_integration_test.go:204: Legacy file: T-E07-F04-003.md -> Epic=E07, Feature=E07-F04
    scanner_integration_test.go:204: Legacy file: T-E07-F04-004.md -> Epic=E07, Feature=E07-F04
    scanner_integration_test.go:204: Legacy file: T-E07-F05-001.md -> Epic=E07, Feature=E07-F05
    scanner_integration_test.go:204: Legacy file: T-E07-F05-002.md -> Epic=E07, Feature=E07-F05
    scanner_integration_test.go:204: Legacy file: T-E07-F05-003.md -> Epic=E07, Feature=E07-F05
    scanner_integration_test.go:204: Legacy file: T-E07-F05-004.md -> Epic=E07, Feature=E07-F05
    scanner_integration_test.go:204: Legacy file: T-E07-F05-005.md -> Epic=E07, Feature=E07-F05
    scanner_integration_test.go:204: Legacy file: T-E07-F06-001.md -> Epic=E07, Feature=E07-F06
    scanner_integration_test.go:204: Legacy file: T-E07-F06-002.md -> Epic=E07, Feature=E07-F06
    scanner_integration_test.go:204: Legacy file: T-E07-F06-003.md -> Epic=E07, Feature=E07-F06
    scanner_integration_test.go:204: Legacy file: T-E07-F06-004.md -> Epic=E07, Feature=E07-F06
    scanner_integration_test.go:204: Legacy file: T-E07-F06-005.md -> Epic=E07, Feature=E07-F06
    scanner_integration_test.go:204: Legacy file: T-E07-F07-001.md -> Epic=E07, Feature=E07-F07
    scanner_integration_test.go:204: Legacy file: T-E07-F07-002.md -> Epic=E07, Feature=E07-F07
    scanner_integration_test.go:204: Legacy file: T-E07-F07-003.md -> Epic=E07, Feature=E07-F07
    scanner_integration_test.go:204: Legacy file: T-E07-F07-004.md -> Epic=E07, Feature=E07-F07
    scanner_integration_test.go:204: Legacy file: T-E07-F07-005.md -> Epic=E07, Feature=E07-F07
    scanner_integration_test.go:204: Legacy file: T-E08-F01-001.md -> Epic=E08, Feature=E08-F01
    scanner_integration_test.go:204: Legacy file: T-E04-F05-005.md -> Epic=E04, Feature=E04-F05
    scanner_integration_test.go:204: Legacy file: T-E04-F05-006.md -> Epic=E04, Feature=E04-F05
    scanner_integration_test.go:204: Legacy file: T-E04-F07-001.md -> Epic=E04, Feature=E04-F07
    scanner_integration_test.go:204: Legacy file: T-E04-F07-002.md -> Epic=E04, Feature=E04-F07
    scanner_integration_test.go:204: Legacy file: T-E04-F07-003.md -> Epic=E04, Feature=E04-F07
    scanner_integration_test.go:204: Legacy file: T-E04-F07-004.md -> Epic=E04, Feature=E04-F07
    scanner_integration_test.go:204: Legacy file: T-E04-F07-005.md -> Epic=E04, Feature=E04-F07
    scanner_integration_test.go:204: Legacy file: T-E04-F07-006.md -> Epic=E04, Feature=E04-F07
    scanner_integration_test.go:204: Legacy file: T-E04-F07-007.md -> Epic=E04, Feature=E04-F07
--- PASS: TestScanWithTasksDirectory (0.00s)
=== RUN   TestScanHandlesPermissionErrors
--- PASS: TestScanHandlesPermissionErrors (0.00s)
=== RUN   TestScanWithNestedSubdirectories
--- PASS: TestScanWithNestedSubdirectories (0.01s)
=== RUN   TestIsTaskFile
=== RUN   TestIsTaskFile/valid_task_file_with_all_digits
=== RUN   TestIsTaskFile/valid_task_file_with_different_numbers
=== RUN   TestIsTaskFile/valid_task_file_with_high_numbers
=== RUN   TestIsTaskFile/missing_T_prefix
=== RUN   TestIsTaskFile/wrong_extension
=== RUN   TestIsTaskFile/single_digit_epic
=== RUN   TestIsTaskFile/single_digit_feature
=== RUN   TestIsTaskFile/single_digit_task_number
=== RUN   TestIsTaskFile/two_digit_task_number
=== RUN   TestIsTaskFile/lowercase_letters
=== RUN   TestIsTaskFile/no_extension
=== RUN   TestIsTaskFile/extra_characters_before
=== RUN   TestIsTaskFile/extra_characters_after
=== RUN   TestIsTaskFile/random_markdown_file
--- PASS: TestIsTaskFile (0.00s)
    --- PASS: TestIsTaskFile/valid_task_file_with_all_digits (0.00s)
    --- PASS: TestIsTaskFile/valid_task_file_with_different_numbers (0.00s)
    --- PASS: TestIsTaskFile/valid_task_file_with_high_numbers (0.00s)
    --- PASS: TestIsTaskFile/missing_T_prefix (0.00s)
    --- PASS: TestIsTaskFile/wrong_extension (0.00s)
    --- PASS: TestIsTaskFile/single_digit_epic (0.00s)
    --- PASS: TestIsTaskFile/single_digit_feature (0.00s)
    --- PASS: TestIsTaskFile/single_digit_task_number (0.00s)
    --- PASS: TestIsTaskFile/two_digit_task_number (0.00s)
    --- PASS: TestIsTaskFile/lowercase_letters (0.00s)
    --- PASS: TestIsTaskFile/no_extension (0.00s)
    --- PASS: TestIsTaskFile/extra_characters_before (0.00s)
    --- PASS: TestIsTaskFile/extra_characters_after (0.00s)
    --- PASS: TestIsTaskFile/random_markdown_file (0.00s)
=== RUN   TestInferEpicFeature
=== RUN   TestInferEpicFeature/standard_structure_with_epic_and_feature_folders
=== RUN   TestInferEpicFeature/different_epic_and_feature
=== RUN   TestInferEpicFeature/nested_in_subfolder
=== RUN   TestInferEpicFeature/legacy_todo_folder_-_extract_from_filename
=== RUN   TestInferEpicFeature/legacy_active_folder_-_extract_from_filename
=== RUN   TestInferEpicFeature/legacy_completed_folder_-_extract_from_filename
=== RUN   TestInferEpicFeature/root_directory_-_extract_from_filename
=== RUN   TestInferEpicFeature/relative_path_-_extract_from_filename
--- PASS: TestInferEpicFeature (0.00s)
    --- PASS: TestInferEpicFeature/standard_structure_with_epic_and_feature_folders (0.00s)
    --- PASS: TestInferEpicFeature/different_epic_and_feature (0.00s)
    --- PASS: TestInferEpicFeature/nested_in_subfolder (0.00s)
    --- PASS: TestInferEpicFeature/legacy_todo_folder_-_extract_from_filename (0.00s)
    --- PASS: TestInferEpicFeature/legacy_active_folder_-_extract_from_filename (0.00s)
    --- PASS: TestInferEpicFeature/legacy_completed_folder_-_extract_from_filename (0.00s)
    --- PASS: TestInferEpicFeature/root_directory_-_extract_from_filename (0.00s)
    --- PASS: TestInferEpicFeature/relative_path_-_extract_from_filename (0.00s)
=== RUN   TestValidateFilePath
=== RUN   TestValidateFilePath/file_in_docs/plan_is_allowed
=== RUN   TestValidateFilePath/file_in_docs/tasks_is_allowed
=== RUN   TestValidateFilePath/file_in_shark-templates_is_allowed
=== RUN   TestValidateFilePath/file_outside_allowed_directories_is_rejected
=== RUN   TestValidateFilePath/path_traversal_attempt_is_rejected
=== RUN   TestValidateFilePath/absolute_path_to_system_file_is_rejected
--- PASS: TestValidateFilePath (0.01s)
    --- PASS: TestValidateFilePath/file_in_docs/plan_is_allowed (0.00s)
    --- PASS: TestValidateFilePath/file_in_docs/tasks_is_allowed (0.00s)
    --- PASS: TestValidateFilePath/file_in_shark-templates_is_allowed (0.00s)
    --- PASS: TestValidateFilePath/file_outside_allowed_directories_is_rejected (0.00s)
    --- PASS: TestValidateFilePath/path_traversal_attempt_is_rejected (0.00s)
    --- PASS: TestValidateFilePath/absolute_path_to_system_file_is_rejected (0.00s)
=== RUN   TestValidateFileSize
=== RUN   TestValidateFileSize/small_file_is_accepted
=== RUN   TestValidateFileSize/large_file_is_rejected
=== RUN   TestValidateFileSize/non-existent_file_returns_error
--- PASS: TestValidateFileSize (0.01s)
    --- PASS: TestValidateFileSize/small_file_is_accepted (0.00s)
    --- PASS: TestValidateFileSize/large_file_is_rejected (0.00s)
    --- PASS: TestValidateFileSize/non-existent_file_returns_error (0.00s)
=== RUN   TestValidateFileIsRegular
=== RUN   TestValidateFileIsRegular/regular_file_is_accepted
=== RUN   TestValidateFileIsRegular/directory_is_rejected
=== RUN   TestValidateFileIsRegular/symlink_is_rejected
=== RUN   TestValidateFileIsRegular/non-existent_file_returns_error
--- PASS: TestValidateFileIsRegular (0.00s)
    --- PASS: TestValidateFileIsRegular/regular_file_is_accepted (0.00s)
    --- PASS: TestValidateFileIsRegular/directory_is_rejected (0.00s)
    --- PASS: TestValidateFileIsRegular/symlink_is_rejected (0.00s)
    --- PASS: TestValidateFileIsRegular/non-existent_file_returns_error (0.00s)
=== RUN   TestExtractKeyFromFilename
=== RUN   TestExtractKeyFromFilename/standard_task_filename
=== RUN   TestExtractKeyFromFilename/different_numbers
=== RUN   TestExtractKeyFromFilename/high_numbers
--- PASS: TestExtractKeyFromFilename (0.00s)
    --- PASS: TestExtractKeyFromFilename/standard_task_filename (0.00s)
    --- PASS: TestExtractKeyFromFilename/different_numbers (0.00s)
    --- PASS: TestExtractKeyFromFilename/high_numbers (0.00s)
=== RUN   TestScan_EmptyDirectory
--- PASS: TestScan_EmptyDirectory (0.00s)
=== RUN   TestScan_NonexistentDirectory
--- PASS: TestScan_NonexistentDirectory (0.00s)
=== RUN   TestScan_SingleFile
--- PASS: TestScan_SingleFile (0.00s)
=== RUN   TestScan_IgnoresNonTaskFiles
--- PASS: TestScan_IgnoresNonTaskFiles (0.00s)
=== RUN   TestScan_RecursiveTraversal
--- PASS: TestScan_RecursiveTraversal (0.01s)
=== RUN   TestScan_RejectsOversizedFiles
--- PASS: TestScan_RejectsOversizedFiles (0.01s)
FAIL
FAIL	github.com/jwwelbor/shark-task-manager/internal/sync	2.574s
=== RUN   TestValidateCustomFilename_ValidPaths
=== RUN   TestValidateCustomFilename_ValidPaths/simple_markdown_file
=== RUN   TestValidateCustomFilename_ValidPaths/markdown_in_subdirectory
=== RUN   TestValidateCustomFilename_ValidPaths/relative_path_with_dot
=== RUN   TestValidateCustomFilename_ValidPaths/nested_directories
--- PASS: TestValidateCustomFilename_ValidPaths (0.00s)
    --- PASS: TestValidateCustomFilename_ValidPaths/simple_markdown_file (0.00s)
    --- PASS: TestValidateCustomFilename_ValidPaths/markdown_in_subdirectory (0.00s)
    --- PASS: TestValidateCustomFilename_ValidPaths/relative_path_with_dot (0.00s)
    --- PASS: TestValidateCustomFilename_ValidPaths/nested_directories (0.00s)
=== RUN   TestValidateCustomFilename_InvalidPaths
=== RUN   TestValidateCustomFilename_InvalidPaths/absolute_path_rejected
=== RUN   TestValidateCustomFilename_InvalidPaths/path_traversal_double_dot
=== RUN   TestValidateCustomFilename_InvalidPaths/path_traversal_in_middle
=== RUN   TestValidateCustomFilename_InvalidPaths/wrong_extension_txt
=== RUN   TestValidateCustomFilename_InvalidPaths/wrong_extension_none
=== RUN   TestValidateCustomFilename_InvalidPaths/empty_filename
=== RUN   TestValidateCustomFilename_InvalidPaths/dot_only
=== RUN   TestValidateCustomFilename_InvalidPaths/double_dot_only
--- PASS: TestValidateCustomFilename_InvalidPaths (0.00s)
    --- PASS: TestValidateCustomFilename_InvalidPaths/absolute_path_rejected (0.00s)
    --- PASS: TestValidateCustomFilename_InvalidPaths/path_traversal_double_dot (0.00s)
    --- PASS: TestValidateCustomFilename_InvalidPaths/path_traversal_in_middle (0.00s)
    --- PASS: TestValidateCustomFilename_InvalidPaths/wrong_extension_txt (0.00s)
    --- PASS: TestValidateCustomFilename_InvalidPaths/wrong_extension_none (0.00s)
    --- PASS: TestValidateCustomFilename_InvalidPaths/empty_filename (0.00s)
    --- PASS: TestValidateCustomFilename_InvalidPaths/dot_only (0.00s)
    --- PASS: TestValidateCustomFilename_InvalidPaths/double_dot_only (0.00s)
=== RUN   TestValidateCustomFilename_PathNormalization
=== RUN   TestValidateCustomFilename_PathNormalization/forward_slashes_normalized
=== RUN   TestValidateCustomFilename_PathNormalization/mixed_slashes_normalized
=== RUN   TestValidateCustomFilename_PathNormalization/leading_dot_slash_removed
--- PASS: TestValidateCustomFilename_PathNormalization (0.00s)
    --- PASS: TestValidateCustomFilename_PathNormalization/forward_slashes_normalized (0.00s)
    --- PASS: TestValidateCustomFilename_PathNormalization/mixed_slashes_normalized (0.00s)
    --- PASS: TestValidateCustomFilename_PathNormalization/leading_dot_slash_removed (0.00s)
=== RUN   TestValidateCustomFilename_CasePreservation
--- PASS: TestValidateCustomFilename_CasePreservation (0.00s)
=== RUN   TestValidateCustomFilename_SpecialCharacters
=== RUN   TestValidateCustomFilename_SpecialCharacters/hyphenated_filename
=== RUN   TestValidateCustomFilename_SpecialCharacters/underscored_filename
=== RUN   TestValidateCustomFilename_SpecialCharacters/numbered_filename
=== RUN   TestValidateCustomFilename_SpecialCharacters/numbers_in_path
--- PASS: TestValidateCustomFilename_SpecialCharacters (0.00s)
    --- PASS: TestValidateCustomFilename_SpecialCharacters/hyphenated_filename (0.00s)
    --- PASS: TestValidateCustomFilename_SpecialCharacters/underscored_filename (0.00s)
    --- PASS: TestValidateCustomFilename_SpecialCharacters/numbered_filename (0.00s)
    --- PASS: TestValidateCustomFilename_SpecialCharacters/numbers_in_path (0.00s)
=== RUN   TestValidateCustomFilename_DeepNesting
--- PASS: TestValidateCustomFilename_DeepNesting (0.00s)
=== RUN   TestValidateCustomFilename_AbsPathResolution
--- PASS: TestValidateCustomFilename_AbsPathResolution (0.00s)
=== RUN   TestValidateCustomFilename_ConsistentResults
--- PASS: TestValidateCustomFilename_ConsistentResults (0.00s)
=== RUN   TestKeyGenerator_GenerateTaskKey_FirstTask
    keygen_test.go:163: 
        	Error Trace:	/home/jwwelbor/projects/shark-task-manager/internal/taskcreation/keygen_test.go:127
        	            				/home/jwwelbor/projects/shark-task-manager/internal/taskcreation/keygen_test.go:163
        	Error:      	Received unexpected error:
        	            	failed to create feature: table features has no column named execution_order
        	Test:       	TestKeyGenerator_GenerateTaskKey_FirstTask
        	Messages:   	Failed to create test feature
--- FAIL: TestKeyGenerator_GenerateTaskKey_FirstTask (0.15s)
=== RUN   TestKeyGenerator_GenerateTaskKey_SecondTask
    keygen_test.go:184: 
        	Error Trace:	/home/jwwelbor/projects/shark-task-manager/internal/taskcreation/keygen_test.go:127
        	            				/home/jwwelbor/projects/shark-task-manager/internal/taskcreation/keygen_test.go:184
        	Error:      	Received unexpected error:
        	            	failed to create feature: table features has no column named execution_order
        	Test:       	TestKeyGenerator_GenerateTaskKey_SecondTask
        	Messages:   	Failed to create test feature
--- FAIL: TestKeyGenerator_GenerateTaskKey_SecondTask (0.06s)
=== RUN   TestKeyGenerator_GenerateTaskKey_MultipleTasksWithGaps
    keygen_test.go:206: 
        	Error Trace:	/home/jwwelbor/projects/shark-task-manager/internal/taskcreation/keygen_test.go:127
        	            				/home/jwwelbor/projects/shark-task-manager/internal/taskcreation/keygen_test.go:206
        	Error:      	Received unexpected error:
        	            	failed to create feature: table features has no column named execution_order
        	Test:       	TestKeyGenerator_GenerateTaskKey_MultipleTasksWithGaps
        	Messages:   	Failed to create test feature
--- FAIL: TestKeyGenerator_GenerateTaskKey_MultipleTasksWithGaps (0.06s)
=== RUN   TestKeyGenerator_GenerateTaskKey_NormalizeFeatureKey
    keygen_test.go:230: 
        	Error Trace:	/home/jwwelbor/projects/shark-task-manager/internal/taskcreation/keygen_test.go:127
        	            				/home/jwwelbor/projects/shark-task-manager/internal/taskcreation/keygen_test.go:230
        	Error:      	Received unexpected error:
        	            	failed to create feature: table features has no column named execution_order
        	Test:       	TestKeyGenerator_GenerateTaskKey_NormalizeFeatureKey
        	Messages:   	Failed to create test feature
--- FAIL: TestKeyGenerator_GenerateTaskKey_NormalizeFeatureKey (0.05s)
=== RUN   TestKeyGenerator_GenerateTaskKey_FullFeatureKey
    keygen_test.go:251: 
        	Error Trace:	/home/jwwelbor/projects/shark-task-manager/internal/taskcreation/keygen_test.go:127
        	            				/home/jwwelbor/projects/shark-task-manager/internal/taskcreation/keygen_test.go:251
        	Error:      	Received unexpected error:
        	            	failed to create feature: table features has no column named execution_order
        	Test:       	TestKeyGenerator_GenerateTaskKey_FullFeatureKey
        	Messages:   	Failed to create test feature
--- FAIL: TestKeyGenerator_GenerateTaskKey_FullFeatureKey (0.04s)
=== RUN   TestKeyGenerator_GenerateTaskKey_NonExistentFeature
--- PASS: TestKeyGenerator_GenerateTaskKey_NonExistentFeature (0.04s)
=== RUN   TestKeyGenerator_GenerateTaskKey_MaxTaskCount
    keygen_test.go:293: 
        	Error Trace:	/home/jwwelbor/projects/shark-task-manager/internal/taskcreation/keygen_test.go:127
        	            				/home/jwwelbor/projects/shark-task-manager/internal/taskcreation/keygen_test.go:293
        	Error:      	Received unexpected error:
        	            	failed to create feature: table features has no column named execution_order
        	Test:       	TestKeyGenerator_GenerateTaskKey_MaxTaskCount
        	Messages:   	Failed to create test feature
--- FAIL: TestKeyGenerator_GenerateTaskKey_MaxTaskCount (0.05s)
=== RUN   TestKeyGenerator_GenerateTaskKey_ThreeDigitNumbers
    keygen_test.go:318: 
        	Error Trace:	/home/jwwelbor/projects/shark-task-manager/internal/taskcreation/keygen_test.go:127
        	            				/home/jwwelbor/projects/shark-task-manager/internal/taskcreation/keygen_test.go:318
        	Error:      	Received unexpected error:
        	            	failed to create feature: table features has no column named execution_order
        	Test:       	TestKeyGenerator_GenerateTaskKey_ThreeDigitNumbers
        	Messages:   	Failed to create test feature
--- FAIL: TestKeyGenerator_GenerateTaskKey_ThreeDigitNumbers (0.04s)
=== RUN   TestExtractNumberFromKey
=== RUN   TestExtractNumberFromKey/Single_digit
=== RUN   TestExtractNumberFromKey/Two_digits
=== RUN   TestExtractNumberFromKey/Three_digits
=== RUN   TestExtractNumberFromKey/Invalid_format
=== RUN   TestExtractNumberFromKey/Missing_task_prefix
--- PASS: TestExtractNumberFromKey (0.00s)
    --- PASS: TestExtractNumberFromKey/Single_digit (0.00s)
    --- PASS: TestExtractNumberFromKey/Two_digits (0.00s)
    --- PASS: TestExtractNumberFromKey/Three_digits (0.00s)
    --- PASS: TestExtractNumberFromKey/Invalid_format (0.00s)
    --- PASS: TestExtractNumberFromKey/Missing_task_prefix (0.00s)
=== RUN   TestNormalizeFeatureKey
=== RUN   TestNormalizeFeatureKey/Short_form
=== RUN   TestNormalizeFeatureKey/Full_form
=== RUN   TestNormalizeFeatureKey/Different_epic_in_full_form
=== RUN   TestNormalizeFeatureKey/Invalid_format
--- PASS: TestNormalizeFeatureKey (0.00s)
    --- PASS: TestNormalizeFeatureKey/Short_form (0.00s)
    --- PASS: TestNormalizeFeatureKey/Full_form (0.00s)
    --- PASS: TestNormalizeFeatureKey/Different_epic_in_full_form (0.00s)
    --- PASS: TestNormalizeFeatureKey/Invalid_format (0.00s)
=== RUN   TestExtractFeaturePart
=== RUN   TestExtractFeaturePart/Standard_format
=== RUN   TestExtractFeaturePart/Different_epic
=== RUN   TestExtractFeaturePart/Short_form
--- PASS: TestExtractFeaturePart (0.00s)
    --- PASS: TestExtractFeaturePart/Standard_format (0.00s)
    --- PASS: TestExtractFeaturePart/Different_epic (0.00s)
    --- PASS: TestExtractFeaturePart/Short_form (0.00s)
=== RUN   TestValidator_ValidateTaskInput_Success
    validator_test.go:19: 
        	Error Trace:	/home/jwwelbor/projects/shark-task-manager/internal/taskcreation/keygen_test.go:127
        	            				/home/jwwelbor/projects/shark-task-manager/internal/taskcreation/validator_test.go:19
        	Error:      	Received unexpected error:
        	            	failed to create feature: table features has no column named execution_order
        	Test:       	TestValidator_ValidateTaskInput_Success
        	Messages:   	Failed to create test feature
--- FAIL: TestValidator_ValidateTaskInput_Success (0.04s)
=== RUN   TestValidator_ValidateTaskInput_InvalidEpic
--- PASS: TestValidator_ValidateTaskInput_InvalidEpic (0.05s)
=== RUN   TestValidator_ValidateTaskInput_InvalidFeature
--- PASS: TestValidator_ValidateTaskInput_InvalidFeature (0.05s)
=== RUN   TestValidator_ValidateTaskInput_FeatureWrongEpic
    validator_test.go:116: 
        	Error Trace:	/home/jwwelbor/projects/shark-task-manager/internal/taskcreation/keygen_test.go:127
        	            				/home/jwwelbor/projects/shark-task-manager/internal/taskcreation/validator_test.go:116
        	Error:      	Received unexpected error:
        	            	failed to create feature: table features has no column named execution_order
        	Test:       	TestValidator_ValidateTaskInput_FeatureWrongEpic
        	Messages:   	Failed to create test feature
--- FAIL: TestValidator_ValidateTaskInput_FeatureWrongEpic (0.05s)
=== RUN   TestValidator_ValidateTaskInput_InvalidAgentType
    validator_test.go:147: 
        	Error Trace:	/home/jwwelbor/projects/shark-task-manager/internal/taskcreation/keygen_test.go:127
        	            				/home/jwwelbor/projects/shark-task-manager/internal/taskcreation/validator_test.go:147
        	Error:      	Received unexpected error:
        	            	failed to create feature: table features has no column named execution_order
        	Test:       	TestValidator_ValidateTaskInput_InvalidAgentType
        	Messages:   	Failed to create test feature
--- FAIL: TestValidator_ValidateTaskInput_InvalidAgentType (0.04s)
=== RUN   TestValidator_ValidateTaskInput_AllAgentTypes
    validator_test.go:179: 
        	Error Trace:	/home/jwwelbor/projects/shark-task-manager/internal/taskcreation/keygen_test.go:127
        	            				/home/jwwelbor/projects/shark-task-manager/internal/taskcreation/validator_test.go:179
        	Error:      	Received unexpected error:
        	            	failed to create feature: table features has no column named execution_order
        	Test:       	TestValidator_ValidateTaskInput_AllAgentTypes
        	Messages:   	Failed to create test feature
--- FAIL: TestValidator_ValidateTaskInput_AllAgentTypes (0.04s)
=== RUN   TestValidator_ValidateTaskInput_InvalidPriority
    validator_test.go:215: 
        	Error Trace:	/home/jwwelbor/projects/shark-task-manager/internal/taskcreation/keygen_test.go:127
        	            				/home/jwwelbor/projects/shark-task-manager/internal/taskcreation/validator_test.go:215
        	Error:      	Received unexpected error:
        	            	failed to create feature: table features has no column named execution_order
        	Test:       	TestValidator_ValidateTaskInput_InvalidPriority
        	Messages:   	Failed to create test feature
--- FAIL: TestValidator_ValidateTaskInput_InvalidPriority (0.04s)
=== RUN   TestValidator_ValidateTaskInput_EmptyTitle
    validator_test.go:265: 
        	Error Trace:	/home/jwwelbor/projects/shark-task-manager/internal/taskcreation/keygen_test.go:127
        	            				/home/jwwelbor/projects/shark-task-manager/internal/taskcreation/validator_test.go:265
        	Error:      	Received unexpected error:
        	            	failed to create feature: table features has no column named execution_order
        	Test:       	TestValidator_ValidateTaskInput_EmptyTitle
        	Messages:   	Failed to create test feature
--- FAIL: TestValidator_ValidateTaskInput_EmptyTitle (0.05s)
=== RUN   TestValidator_ValidateDependencies_SingleDependency
    validator_test.go:296: 
        	Error Trace:	/home/jwwelbor/projects/shark-task-manager/internal/taskcreation/keygen_test.go:127
        	            				/home/jwwelbor/projects/shark-task-manager/internal/taskcreation/validator_test.go:296
        	Error:      	Received unexpected error:
        	            	failed to create feature: table features has no column named execution_order
        	Test:       	TestValidator_ValidateDependencies_SingleDependency
        	Messages:   	Failed to create test feature
--- FAIL: TestValidator_ValidateDependencies_SingleDependency (0.04s)
=== RUN   TestValidator_ValidateDependencies_MultipleDependencies
    validator_test.go:329: 
        	Error Trace:	/home/jwwelbor/projects/shark-task-manager/internal/taskcreation/keygen_test.go:127
        	            				/home/jwwelbor/projects/shark-task-manager/internal/taskcreation/validator_test.go:329
        	Error:      	Received unexpected error:
        	            	failed to create feature: table features has no column named execution_order
        	Test:       	TestValidator_ValidateDependencies_MultipleDependencies
        	Messages:   	Failed to create test feature
--- FAIL: TestValidator_ValidateDependencies_MultipleDependencies (0.05s)
=== RUN   TestValidator_ValidateDependencies_EmptyDependsOn
    validator_test.go:366: 
        	Error Trace:	/home/jwwelbor/projects/shark-task-manager/internal/taskcreation/keygen_test.go:127
        	            				/home/jwwelbor/projects/shark-task-manager/internal/taskcreation/validator_test.go:366
        	Error:      	Received unexpected error:
        	            	failed to create feature: table features has no column named execution_order
        	Test:       	TestValidator_ValidateDependencies_EmptyDependsOn
        	Messages:   	Failed to create test feature
--- FAIL: TestValidator_ValidateDependencies_EmptyDependsOn (0.05s)
=== RUN   TestValidator_ValidateDependencies_NonExistentDependency
    validator_test.go:397: 
        	Error Trace:	/home/jwwelbor/projects/shark-task-manager/internal/taskcreation/keygen_test.go:127
        	            				/home/jwwelbor/projects/shark-task-manager/internal/taskcreation/validator_test.go:397
        	Error:      	Received unexpected error:
        	            	failed to create feature: table features has no column named execution_order
        	Test:       	TestValidator_ValidateDependencies_NonExistentDependency
        	Messages:   	Failed to create test feature
--- FAIL: TestValidator_ValidateDependencies_NonExistentDependency (0.05s)
=== RUN   TestValidator_ValidateDependencies_InvalidKeyFormat
    validator_test.go:429: 
        	Error Trace:	/home/jwwelbor/projects/shark-task-manager/internal/taskcreation/keygen_test.go:127
        	            				/home/jwwelbor/projects/shark-task-manager/internal/taskcreation/validator_test.go:429
        	Error:      	Received unexpected error:
        	            	failed to create feature: table features has no column named execution_order
        	Test:       	TestValidator_ValidateDependencies_InvalidKeyFormat
        	Messages:   	Failed to create test feature
--- FAIL: TestValidator_ValidateDependencies_InvalidKeyFormat (0.04s)
=== RUN   TestValidator_ValidateDependencies_WithWhitespace
    validator_test.go:461: 
        	Error Trace:	/home/jwwelbor/projects/shark-task-manager/internal/taskcreation/keygen_test.go:127
        	            				/home/jwwelbor/projects/shark-task-manager/internal/taskcreation/validator_test.go:461
        	Error:      	Received unexpected error:
        	            	failed to create feature: table features has no column named execution_order
        	Test:       	TestValidator_ValidateDependencies_WithWhitespace
        	Messages:   	Failed to create test feature
--- FAIL: TestValidator_ValidateDependencies_WithWhitespace (0.05s)
=== RUN   TestValidateAgentType
=== RUN   TestValidateAgentType/Frontend
=== RUN   TestValidateAgentType/Backend
=== RUN   TestValidateAgentType/API
=== RUN   TestValidateAgentType/Testing
=== RUN   TestValidateAgentType/DevOps
=== RUN   TestValidateAgentType/General
=== RUN   TestValidateAgentType/Invalid
=== RUN   TestValidateAgentType/Empty
=== RUN   TestValidateAgentType/Uppercase
--- PASS: TestValidateAgentType (0.00s)
    --- PASS: TestValidateAgentType/Frontend (0.00s)
    --- PASS: TestValidateAgentType/Backend (0.00s)
    --- PASS: TestValidateAgentType/API (0.00s)
    --- PASS: TestValidateAgentType/Testing (0.00s)
    --- PASS: TestValidateAgentType/DevOps (0.00s)
    --- PASS: TestValidateAgentType/General (0.00s)
    --- PASS: TestValidateAgentType/Invalid (0.00s)
    --- PASS: TestValidateAgentType/Empty (0.00s)
    --- PASS: TestValidateAgentType/Uppercase (0.00s)
=== RUN   TestValidatePriority
=== RUN   TestValidatePriority/Minimum_valid
=== RUN   TestValidatePriority/Middle_valid
=== RUN   TestValidatePriority/Maximum_valid
=== RUN   TestValidatePriority/Below_minimum
=== RUN   TestValidatePriority/Above_maximum
=== RUN   TestValidatePriority/Negative
--- PASS: TestValidatePriority (0.00s)
    --- PASS: TestValidatePriority/Minimum_valid (0.00s)
    --- PASS: TestValidatePriority/Middle_valid (0.00s)
    --- PASS: TestValidatePriority/Maximum_valid (0.00s)
    --- PASS: TestValidatePriority/Below_minimum (0.00s)
    --- PASS: TestValidatePriority/Above_maximum (0.00s)
    --- PASS: TestValidatePriority/Negative (0.00s)
FAIL
FAIL	github.com/jwwelbor/shark-task-manager/internal/taskcreation	1.133s
=== RUN   TestParseTaskFileContent
=== RUN   TestParseTaskFileContent/valid_task_file
=== RUN   TestParseTaskFileContent/minimal_valid_task
=== RUN   TestParseTaskFileContent/task_with_dependencies
=== RUN   TestParseTaskFileContent/missing_frontmatter
=== RUN   TestParseTaskFileContent/missing_closing_delimiter
=== RUN   TestParseTaskFileContent/empty_content
--- PASS: TestParseTaskFileContent (0.00s)
    --- PASS: TestParseTaskFileContent/valid_task_file (0.00s)
    --- PASS: TestParseTaskFileContent/minimal_valid_task (0.00s)
    --- PASS: TestParseTaskFileContent/task_with_dependencies (0.00s)
    --- PASS: TestParseTaskFileContent/missing_frontmatter (0.00s)
    --- PASS: TestParseTaskFileContent/missing_closing_delimiter (0.00s)
    --- PASS: TestParseTaskFileContent/empty_content (0.00s)
=== RUN   TestParseTaskFile
--- PASS: TestParseTaskFile (0.00s)
=== RUN   TestParseTaskFile_NonExistent
--- PASS: TestParseTaskFile_NonExistent (0.00s)
=== RUN   TestParseTaskFile_InvalidFormat
--- PASS: TestParseTaskFile_InvalidFormat (0.00s)
=== RUN   TestTaskMetadata_Validate
=== RUN   TestTaskMetadata_Validate/valid_metadata
=== RUN   TestTaskMetadata_Validate/missing_task_key
=== RUN   TestTaskMetadata_Validate/missing_status
=== RUN   TestTaskMetadata_Validate/missing_title
=== RUN   TestTaskMetadata_Validate/invalid_status
=== RUN   TestTaskMetadata_Validate/all_valid_statuses
--- PASS: TestTaskMetadata_Validate (0.00s)
    --- PASS: TestTaskMetadata_Validate/valid_metadata (0.00s)
    --- PASS: TestTaskMetadata_Validate/missing_task_key (0.00s)
    --- PASS: TestTaskMetadata_Validate/missing_status (0.00s)
    --- PASS: TestTaskMetadata_Validate/missing_title (0.00s)
    --- PASS: TestTaskMetadata_Validate/invalid_status (0.00s)
    --- PASS: TestTaskMetadata_Validate/all_valid_statuses (0.00s)
=== RUN   TestParseTaskFileContent_Dependencies
--- PASS: TestParseTaskFileContent_Dependencies (0.00s)
=== RUN   TestFormatTaskFile
=== RUN   TestFormatTaskFile/minimal_task
=== RUN   TestFormatTaskFile/task_with_dependencies
=== RUN   TestFormatTaskFile/task_with_all_fields
--- PASS: TestFormatTaskFile (0.00s)
    --- PASS: TestFormatTaskFile/minimal_task (0.00s)
    --- PASS: TestFormatTaskFile/task_with_dependencies (0.00s)
    --- PASS: TestFormatTaskFile/task_with_all_fields (0.00s)
=== RUN   TestWriteTaskFile
--- PASS: TestWriteTaskFile (0.00s)
=== RUN   TestWriteTaskFile_InvalidMetadata
--- PASS: TestWriteTaskFile_InvalidMetadata (0.00s)
=== RUN   TestWriteTaskFile_Atomic
--- PASS: TestWriteTaskFile_Atomic (0.00s)
=== RUN   TestUpdateTaskMetadata
--- PASS: TestUpdateTaskMetadata (0.00s)
=== RUN   TestUpdateTaskMetadata_ValidationError
--- PASS: TestUpdateTaskMetadata_ValidationError (0.00s)
=== RUN   TestCreateTaskFile
--- PASS: TestCreateTaskFile (0.00s)
=== RUN   TestRoundTrip
--- PASS: TestRoundTrip (0.00s)
PASS
ok  	github.com/jwwelbor/shark-task-manager/internal/taskfile	(cached)
=== RUN   TestRenderer_Render_Frontend
--- PASS: TestRenderer_Render_Frontend (0.00s)
=== RUN   TestRenderer_Render_Backend
--- PASS: TestRenderer_Render_Backend (0.00s)
=== RUN   TestRenderer_Render_API
--- PASS: TestRenderer_Render_API (0.00s)
=== RUN   TestRenderer_Render_Testing
--- PASS: TestRenderer_Render_Testing (0.00s)
=== RUN   TestRenderer_Render_DevOps
--- PASS: TestRenderer_Render_DevOps (0.00s)
=== RUN   TestRenderer_Render_General
--- PASS: TestRenderer_Render_General (0.00s)
=== RUN   TestRenderer_Render_EmptyDescription
--- PASS: TestRenderer_Render_EmptyDescription (0.00s)
=== RUN   TestRenderer_Render_MultipleDependencies
--- PASS: TestRenderer_Render_MultipleDependencies (0.00s)
=== RUN   TestRenderer_Render_FrontmatterValidYAML
--- PASS: TestRenderer_Render_FrontmatterValidYAML (0.00s)
=== RUN   TestRenderer_Render_InvalidAgentType
    renderer_test.go:271: 
        	Error Trace:	/home/jwwelbor/projects/shark-task-manager/internal/templates/renderer_test.go:271
        	Error:      	An error is expected but got nil.
        	Test:       	TestRenderer_Render_InvalidAgentType
--- FAIL: TestRenderer_Render_InvalidAgentType (0.00s)
=== RUN   TestTemplateFuncs_Join
--- PASS: TestTemplateFuncs_Join (0.00s)
=== RUN   TestTemplateFuncs_Quote
--- PASS: TestTemplateFuncs_Quote (0.00s)
=== RUN   TestTemplateFuncs_IsEmpty
--- PASS: TestTemplateFuncs_IsEmpty (0.00s)
=== RUN   TestTemplateFuncs_FormatTime
--- PASS: TestTemplateFuncs_FormatTime (0.00s)
=== RUN   TestTemplateFuncs_FormatDate
--- PASS: TestTemplateFuncs_FormatDate (0.00s)
FAIL
FAIL	github.com/jwwelbor/shark-task-manager/internal/templates	0.021s
=== RUN   TestGenerateSlug
=== RUN   TestGenerateSlug/Task_Management_CLI_Core
=== RUN   TestGenerateSlug/Task_Creation
=== RUN   TestGenerateSlug/UPPERCASE_TEXT
=== RUN   TestGenerateSlug/Special_@#$_Characters!
=== RUN   TestGenerateSlug/Multiple___Spaces
=== RUN   TestGenerateSlug/hello_world
=== RUN   TestGenerateSlug/CamelCaseTitle
=== RUN   TestGenerateSlug/Title_with_numbers_123
=== RUN   TestGenerateSlug/---triple-hyphens---
=== RUN   TestGenerateSlug/__leading_and_trailing_spaces__
--- PASS: TestGenerateSlug (0.00s)
    --- PASS: TestGenerateSlug/Task_Management_CLI_Core (0.00s)
    --- PASS: TestGenerateSlug/Task_Creation (0.00s)
    --- PASS: TestGenerateSlug/UPPERCASE_TEXT (0.00s)
    --- PASS: TestGenerateSlug/Special_@#$_Characters! (0.00s)
    --- PASS: TestGenerateSlug/Multiple___Spaces (0.00s)
    --- PASS: TestGenerateSlug/hello_world (0.00s)
    --- PASS: TestGenerateSlug/CamelCaseTitle (0.00s)
    --- PASS: TestGenerateSlug/Title_with_numbers_123 (0.00s)
    --- PASS: TestGenerateSlug/---triple-hyphens--- (0.00s)
    --- PASS: TestGenerateSlug/__leading_and_trailing_spaces__ (0.00s)
=== RUN   TestGenerateSlug_LongTitle
--- PASS: TestGenerateSlug_LongTitle (0.00s)
=== RUN   TestGenerateSlug_Empty
--- PASS: TestGenerateSlug_Empty (0.00s)
=== RUN   TestGenerateSlug_OnlySpecialChars
--- PASS: TestGenerateSlug_OnlySpecialChars (0.00s)
PASS
ok  	github.com/jwwelbor/shark-task-manager/internal/utils	0.014s
=== RUN   TestValidator_ValidateFilePaths
=== RUN   TestValidator_ValidateFilePaths/all_file_paths_exist
=== RUN   TestValidator_ValidateFilePaths/missing_task_file
=== RUN   TestValidator_ValidateFilePaths/multiple_missing_files
=== RUN   TestValidator_ValidateFilePaths/nil_file_paths_are_skipped
=== RUN   TestValidator_ValidateFilePaths/empty_file_paths_are_skipped
--- PASS: TestValidator_ValidateFilePaths (0.00s)
    --- PASS: TestValidator_ValidateFilePaths/all_file_paths_exist (0.00s)
    --- PASS: TestValidator_ValidateFilePaths/missing_task_file (0.00s)
    --- PASS: TestValidator_ValidateFilePaths/multiple_missing_files (0.00s)
    --- PASS: TestValidator_ValidateFilePaths/nil_file_paths_are_skipped (0.00s)
    --- PASS: TestValidator_ValidateFilePaths/empty_file_paths_are_skipped (0.00s)
=== RUN   TestValidator_ValidateRelationships
=== RUN   TestValidator_ValidateRelationships/all_relationships_valid
=== RUN   TestValidator_ValidateRelationships/orphaned_feature_-_missing_parent_epic
=== RUN   TestValidator_ValidateRelationships/orphaned_task_-_missing_parent_feature
=== RUN   TestValidator_ValidateRelationships/multiple_orphaned_records
--- PASS: TestValidator_ValidateRelationships (0.00s)
    --- PASS: TestValidator_ValidateRelationships/all_relationships_valid (0.00s)
    --- PASS: TestValidator_ValidateRelationships/orphaned_feature_-_missing_parent_epic (0.00s)
    --- PASS: TestValidator_ValidateRelationships/orphaned_task_-_missing_parent_feature (0.00s)
    --- PASS: TestValidator_ValidateRelationships/multiple_orphaned_records (0.00s)
=== RUN   TestValidator_ValidationSummary
=== RUN   TestValidator_ValidationSummary/all_validations_pass
=== RUN   TestValidator_ValidationSummary/mixed_validation_failures
=== RUN   TestValidator_ValidationSummary/no_entities_to_validate
--- PASS: TestValidator_ValidationSummary (0.00s)
    --- PASS: TestValidator_ValidationSummary/all_validations_pass (0.00s)
    --- PASS: TestValidator_ValidationSummary/mixed_validation_failures (0.00s)
    --- PASS: TestValidator_ValidationSummary/no_entities_to_validate (0.00s)
=== RUN   TestValidator_CorrectiveActionSuggestions
=== RUN   TestValidator_CorrectiveActionSuggestions/missing_file_suggestion
=== RUN   TestValidator_CorrectiveActionSuggestions/orphaned_feature_suggestion
=== RUN   TestValidator_CorrectiveActionSuggestions/orphaned_task_suggestion
--- PASS: TestValidator_CorrectiveActionSuggestions (0.00s)
    --- PASS: TestValidator_CorrectiveActionSuggestions/missing_file_suggestion (0.00s)
    --- PASS: TestValidator_CorrectiveActionSuggestions/orphaned_feature_suggestion (0.00s)
    --- PASS: TestValidator_CorrectiveActionSuggestions/orphaned_task_suggestion (0.00s)
=== RUN   TestValidator_Performance
--- PASS: TestValidator_Performance (0.00s)
PASS
ok  	github.com/jwwelbor/shark-task-manager/internal/validation	(cached)
testing: warning: no tests to run
PASS
ok  	github.com/jwwelbor/shark-task-manager/test/integration	(cached) [no tests to run]
FAIL
make: *** [Makefile:65: test] Error 1
