Cleaning test database...
Running tests...
warning: GOPATH set to GOROOT (/home/jwwelbor/go) has no effect
?   	github.com/jwwelbor/shark-task-manager/cmd/backfill-slugs	[no test files]
?   	github.com/jwwelbor/shark-task-manager/cmd/cleanup	[no test files]
?   	github.com/jwwelbor/shark-task-manager/cmd/create-epic	[no test files]
?   	github.com/jwwelbor/shark-task-manager/cmd/demo	[no test files]
?   	github.com/jwwelbor/shark-task-manager/cmd/migrate	[no test files]
?   	github.com/jwwelbor/shark-task-manager/cmd/migrate-exec-order	[no test files]
?   	github.com/jwwelbor/shark-task-manager/cmd/server	[no test files]
?   	github.com/jwwelbor/shark-task-manager/cmd/shark	[no test files]
?   	github.com/jwwelbor/shark-task-manager/cmd/test-backfill	[no test files]
?   	github.com/jwwelbor/shark-task-manager/cmd/test-db	[no test files]
?   	github.com/jwwelbor/shark-task-manager/dev-artifacts/2025-12-30-cli-dual-key-support	[no test files]
?   	github.com/jwwelbor/shark-task-manager/dev-artifacts/2025-12-30-remove-status-check-constraints	[no test files]
=== RUN   TestGetConfigPath
=== RUN   TestGetConfigPath/finds_config_in_project_root_when_run_from_root
=== RUN   TestGetConfigPath/finds_config_in_project_root_when_run_from_subdirectory
=== RUN   TestGetConfigPath/finds_config_in_project_root_when_run_from_deeply_nested_subdirectory
=== RUN   TestGetConfigPath/prefers_.sharkconfig.json_over_.git_directory
=== RUN   TestGetConfigPath/finds_config_with_shark-tasks.db_as_marker
=== RUN   TestGetConfigPath/uses_.git_as_fallback_when_no_config_or_db_file_exists
=== RUN   TestGetConfigPath/returns_current_directory_when_no_project_root_markers_found
=== RUN   TestGetConfigPath/uses_explicit_config_path_when_GlobalConfig.ConfigFile_is_set
--- PASS: TestGetConfigPath (0.04s)
    --- PASS: TestGetConfigPath/finds_config_in_project_root_when_run_from_root (0.00s)
    --- PASS: TestGetConfigPath/finds_config_in_project_root_when_run_from_subdirectory (0.00s)
    --- PASS: TestGetConfigPath/finds_config_in_project_root_when_run_from_deeply_nested_subdirectory (0.01s)
    --- PASS: TestGetConfigPath/prefers_.sharkconfig.json_over_.git_directory (0.00s)
    --- PASS: TestGetConfigPath/finds_config_with_shark-tasks.db_as_marker (0.00s)
    --- PASS: TestGetConfigPath/uses_.git_as_fallback_when_no_config_or_db_file_exists (0.00s)
    --- PASS: TestGetConfigPath/returns_current_directory_when_no_project_root_markers_found (0.00s)
    --- PASS: TestGetConfigPath/uses_explicit_config_path_when_GlobalConfig.ConfigFile_is_set (0.00s)
=== RUN   TestFindProjectRoot_Priority
=== RUN   TestFindProjectRoot_Priority/prioritizes_.sharkconfig.json_over_.git
=== RUN   TestFindProjectRoot_Priority/prioritizes_shark-tasks.db_over_.git
=== RUN   TestFindProjectRoot_Priority/returns_.git_directory_when_no_strong_markers_found
=== RUN   TestFindProjectRoot_Priority/prioritizes_.sharkconfig.json_in_parent_over_shark-tasks.db_in_subdirectory
--- PASS: TestFindProjectRoot_Priority (0.02s)
    --- PASS: TestFindProjectRoot_Priority/prioritizes_.sharkconfig.json_over_.git (0.01s)
    --- PASS: TestFindProjectRoot_Priority/prioritizes_shark-tasks.db_over_.git (0.01s)
    --- PASS: TestFindProjectRoot_Priority/returns_.git_directory_when_no_strong_markers_found (0.00s)
    --- PASS: TestFindProjectRoot_Priority/prioritizes_.sharkconfig.json_in_parent_over_shark-tasks.db_in_subdirectory (0.00s)
=== RUN   TestGetDB_InitializesOnce
--- PASS: TestGetDB_InitializesOnce (0.08s)
=== RUN   TestResetDB_ClearsState
--- PASS: TestResetDB_ClearsState (0.07s)
=== RUN   TestCloseDB_SafeToCallMultipleTimes
--- PASS: TestCloseDB_SafeToCallMultipleTimes (0.00s)
=== RUN   TestInitializeDatabase_LocalBackend
--- PASS: TestInitializeDatabase_LocalBackend (0.02s)
=== RUN   TestInitializeDatabase_TursoBackend
    db_helper_test.go:57: Skipping Turso test: TEST_TURSO_URL and TEST_TURSO_TOKEN not set
--- SKIP: TestInitializeDatabase_TursoBackend (0.00s)
=== RUN   TestInitializeDatabase_MissingConfig
--- PASS: TestInitializeDatabase_MissingConfig (0.00s)
=== RUN   TestInitializeDatabase_InvalidConfig
--- PASS: TestInitializeDatabase_InvalidConfig (0.00s)
=== RUN   TestGetDatabaseConfig_ParsesConfigCorrectly
--- PASS: TestGetDatabaseConfig_ParsesConfigCorrectly (0.00s)
=== RUN   TestGetDatabaseConfig_FallbackToLocalDB
--- PASS: TestGetDatabaseConfig_FallbackToLocalDB (0.00s)
=== RUN   TestFormatEntityCreationMessage
=== RUN   TestFormatEntityCreationMessage/Epic_creation_message
=== RUN   TestFormatEntityCreationMessage/Feature_creation_message
=== RUN   TestFormatEntityCreationMessage/Task_creation_message
--- PASS: TestFormatEntityCreationMessage (0.00s)
    --- PASS: TestFormatEntityCreationMessage/Epic_creation_message (0.00s)
    --- PASS: TestFormatEntityCreationMessage/Feature_creation_message (0.00s)
    --- PASS: TestFormatEntityCreationMessage/Task_creation_message (0.00s)
=== RUN   TestFormatEntityCreationJSON
=== RUN   TestFormatEntityCreationJSON/Task_JSON_output
=== RUN   TestFormatEntityCreationJSON/Epic_JSON_output
--- PASS: TestFormatEntityCreationJSON (0.00s)
    --- PASS: TestFormatEntityCreationJSON/Task_JSON_output (0.00s)
    --- PASS: TestFormatEntityCreationJSON/Epic_JSON_output (0.00s)
=== RUN   TestFormatEntityCreationMessageWithFileLinked
=== RUN   TestFormatEntityCreationMessageWithFileLinked/Task_with_newly_created_file
=== RUN   TestFormatEntityCreationMessageWithFileLinked/Task_with_linked_existing_file
=== RUN   TestFormatEntityCreationMessageWithFileLinked/Epic_with_linked_existing_file
=== RUN   TestFormatEntityCreationMessageWithFileLinked/Feature_with_newly_created_file
--- PASS: TestFormatEntityCreationMessageWithFileLinked (0.00s)
    --- PASS: TestFormatEntityCreationMessageWithFileLinked/Task_with_newly_created_file (0.00s)
    --- PASS: TestFormatEntityCreationMessageWithFileLinked/Task_with_linked_existing_file (0.00s)
    --- PASS: TestFormatEntityCreationMessageWithFileLinked/Epic_with_linked_existing_file (0.00s)
    --- PASS: TestFormatEntityCreationMessageWithFileLinked/Feature_with_newly_created_file (0.00s)
=== RUN   TestGetRequiredSectionsForEntityType
=== RUN   TestGetRequiredSectionsForEntityType/Epic_sections
=== RUN   TestGetRequiredSectionsForEntityType/Feature_sections
=== RUN   TestGetRequiredSectionsForEntityType/Task_sections
=== RUN   TestGetRequiredSectionsForEntityType/Unknown_entity_defaults_to_task_sections
--- PASS: TestGetRequiredSectionsForEntityType (0.00s)
    --- PASS: TestGetRequiredSectionsForEntityType/Epic_sections (0.00s)
    --- PASS: TestGetRequiredSectionsForEntityType/Feature_sections (0.00s)
    --- PASS: TestGetRequiredSectionsForEntityType/Task_sections (0.00s)
    --- PASS: TestGetRequiredSectionsForEntityType/Unknown_entity_defaults_to_task_sections (0.00s)
=== RUN   TestRootCommand
--- PASS: TestRootCommand (0.00s)
=== RUN   TestGlobalConfig
--- PASS: TestGlobalConfig (0.00s)
=== RUN   TestGetDBPath
--- PASS: TestGetDBPath (0.00s)
=== RUN   TestFindProjectRoot
=== RUN   TestFindProjectRoot/from_root_directory
=== RUN   TestFindProjectRoot/from_first_level_subdirectory
=== RUN   TestFindProjectRoot/from_deeply_nested_subdirectory
--- PASS: TestFindProjectRoot (0.01s)
    --- PASS: TestFindProjectRoot/from_root_directory (0.00s)
    --- PASS: TestFindProjectRoot/from_first_level_subdirectory (0.00s)
    --- PASS: TestFindProjectRoot/from_deeply_nested_subdirectory (0.00s)
=== RUN   TestFindProjectRoot_WithDatabase
--- PASS: TestFindProjectRoot_WithDatabase (0.00s)
=== RUN   TestFindProjectRoot_WithGitDir
--- PASS: TestFindProjectRoot_WithGitDir (0.00s)
=== RUN   TestFindProjectRoot_NoMarkers
--- PASS: TestFindProjectRoot_NoMarkers (0.00s)
=== RUN   TestFindProjectRoot_NestedGitWithParentConfig
--- PASS: TestFindProjectRoot_NestedGitWithParentConfig (0.01s)
=== RUN   TestFindProjectRoot_NestedGitWithoutParentConfig
--- PASS: TestFindProjectRoot_NestedGitWithoutParentConfig (0.00s)
PASS
ok  	github.com/jwwelbor/shark-task-manager/internal/cli	(cached)
=== RUN   TestCloudInit_ValidatesURL
=== RUN   TestCloudInit_ValidatesURL/valid_turso_URL
=== RUN   TestCloudInit_ValidatesURL/valid_turso_URL_with_path
=== RUN   TestCloudInit_ValidatesURL/valid_https_URL
=== RUN   TestCloudInit_ValidatesURL/invalid_scheme
=== RUN   TestCloudInit_ValidatesURL/empty_URL
=== RUN   TestCloudInit_ValidatesURL/missing_scheme
--- PASS: TestCloudInit_ValidatesURL (0.00s)
    --- PASS: TestCloudInit_ValidatesURL/valid_turso_URL (0.00s)
    --- PASS: TestCloudInit_ValidatesURL/valid_turso_URL_with_path (0.00s)
    --- PASS: TestCloudInit_ValidatesURL/valid_https_URL (0.00s)
    --- PASS: TestCloudInit_ValidatesURL/invalid_scheme (0.00s)
    --- PASS: TestCloudInit_ValidatesURL/empty_URL (0.00s)
    --- PASS: TestCloudInit_ValidatesURL/missing_scheme (0.00s)
=== RUN   TestCloudInit_HandlesAuthToken
=== RUN   TestCloudInit_HandlesAuthToken/direct_token
=== RUN   TestCloudInit_HandlesAuthToken/token_from_file
=== RUN   TestCloudInit_HandlesAuthToken/token_from_environment
--- PASS: TestCloudInit_HandlesAuthToken (0.00s)
    --- PASS: TestCloudInit_HandlesAuthToken/direct_token (0.00s)
    --- PASS: TestCloudInit_HandlesAuthToken/token_from_file (0.00s)
    --- PASS: TestCloudInit_HandlesAuthToken/token_from_environment (0.00s)
=== RUN   TestMaskToken
=== RUN   TestMaskToken/long_token
=== RUN   TestMaskToken/short_token
=== RUN   TestMaskToken/empty_token
--- PASS: TestMaskToken (0.00s)
    --- PASS: TestMaskToken/long_token (0.00s)
    --- PASS: TestMaskToken/short_token (0.00s)
    --- PASS: TestMaskToken/empty_token (0.00s)
=== RUN   TestCloudStatus
=== RUN   TestCloudStatus/turso_configured
=== RUN   TestCloudStatus/local_sqlite_configured
=== RUN   TestCloudStatus/no_config_file
--- PASS: TestCloudStatus (0.01s)
    --- PASS: TestCloudStatus/turso_configured (0.00s)
    --- PASS: TestCloudStatus/local_sqlite_configured (0.00s)
    --- PASS: TestCloudStatus/no_config_file (0.00s)
=== RUN   TestConfigTestPatternSuccess
=== RUN   TestConfigTestPatternSuccess/Epic_pattern_matches_E04-task-mgmt
=== RUN   TestConfigTestPatternSuccess/Feature_pattern_with_epic_context
=== RUN   TestConfigTestPatternSuccess/Task_pattern_full_key
--- PASS: TestConfigTestPatternSuccess (0.00s)
    --- PASS: TestConfigTestPatternSuccess/Epic_pattern_matches_E04-task-mgmt (0.00s)
    --- PASS: TestConfigTestPatternSuccess/Feature_pattern_with_epic_context (0.00s)
    --- PASS: TestConfigTestPatternSuccess/Task_pattern_full_key (0.00s)
=== RUN   TestConfigTestPatternFailure
=== RUN   TestConfigTestPatternFailure/Epic_pattern_doesn't_match_tech-debt
=== RUN   TestConfigTestPatternFailure/Feature_pattern_doesn't_match_without_epic_prefix
--- PASS: TestConfigTestPatternFailure (0.00s)
    --- PASS: TestConfigTestPatternFailure/Epic_pattern_doesn't_match_tech-debt (0.00s)
    --- PASS: TestConfigTestPatternFailure/Feature_pattern_doesn't_match_without_epic_prefix (0.00s)
=== RUN   TestConfigTestPatternValidation
=== RUN   TestConfigTestPatternValidation/Feature_pattern_with_generic_slug_(nested_context_allowed)
=== RUN   TestConfigTestPatternValidation/Task_pattern_missing_feature_identifier
=== RUN   TestConfigTestPatternValidation/Valid_epic_pattern
=== RUN   TestConfigTestPatternValidation/Feature_pattern_missing_feature_identifier_completely
--- PASS: TestConfigTestPatternValidation (0.00s)
    --- PASS: TestConfigTestPatternValidation/Feature_pattern_with_generic_slug_(nested_context_allowed) (0.00s)
    --- PASS: TestConfigTestPatternValidation/Task_pattern_missing_feature_identifier (0.00s)
    --- PASS: TestConfigTestPatternValidation/Valid_epic_pattern (0.00s)
    --- PASS: TestConfigTestPatternValidation/Feature_pattern_missing_feature_identifier_completely (0.00s)
=== RUN   TestConfigValidatePatternsCommand
=== RUN   TestConfigValidatePatternsCommand/All_patterns_valid
=== RUN   TestConfigValidatePatternsCommand/Invalid_regex_syntax
=== RUN   TestConfigValidatePatternsCommand/Missing_required_capture_groups
--- PASS: TestConfigValidatePatternsCommand (0.00s)
    --- PASS: TestConfigValidatePatternsCommand/All_patterns_valid (0.00s)
    --- PASS: TestConfigValidatePatternsCommand/Invalid_regex_syntax (0.00s)
    --- PASS: TestConfigValidatePatternsCommand/Missing_required_capture_groups (0.00s)
=== RUN   TestConfigShowCommand
=== RUN   TestConfigShowCommand/Show_all_configuration
=== RUN   TestConfigShowCommand/Show_only_patterns_with_--patterns_flag
--- PASS: TestConfigShowCommand (0.00s)
    --- PASS: TestConfigShowCommand/Show_all_configuration (0.00s)
    --- PASS: TestConfigShowCommand/Show_only_patterns_with_--patterns_flag (0.00s)
=== RUN   TestConfigGetFormatCommand
=== RUN   TestConfigGetFormatCommand/Get_epic_format
=== RUN   TestConfigGetFormatCommand/Get_feature_format
=== RUN   TestConfigGetFormatCommand/Get_task_format
=== RUN   TestConfigGetFormatCommand/Get_task_format_JSON_output
--- PASS: TestConfigGetFormatCommand (0.00s)
    --- PASS: TestConfigGetFormatCommand/Get_epic_format (0.00s)
    --- PASS: TestConfigGetFormatCommand/Get_feature_format (0.00s)
    --- PASS: TestConfigGetFormatCommand/Get_task_format (0.00s)
    --- PASS: TestConfigGetFormatCommand/Get_task_format_JSON_output (0.00s)
=== RUN   TestPatternTestingPerformance
--- PASS: TestPatternTestingPerformance (0.00s)
=== RUN   TestUnrecognizedCaptureGroupWarning
--- PASS: TestUnrecognizedCaptureGroupWarning (0.00s)
=== RUN   TestSuggestSimilarPatterns
--- PASS: TestSuggestSimilarPatterns (0.00s)
=== RUN   TestConfigListPresetsCommand
--- PASS: TestConfigListPresetsCommand (0.00s)
=== RUN   TestConfigShowPresetCommand
=== RUN   TestConfigShowPresetCommand/Show_standard_preset
=== RUN   TestConfigShowPresetCommand/Show_special-epics_preset
=== RUN   TestConfigShowPresetCommand/Show_numeric-only_preset
=== RUN   TestConfigShowPresetCommand/Show_legacy-prp_preset
=== RUN   TestConfigShowPresetCommand/Show_unknown_preset
--- PASS: TestConfigShowPresetCommand (0.00s)
    --- PASS: TestConfigShowPresetCommand/Show_standard_preset (0.00s)
    --- PASS: TestConfigShowPresetCommand/Show_special-epics_preset (0.00s)
    --- PASS: TestConfigShowPresetCommand/Show_numeric-only_preset (0.00s)
    --- PASS: TestConfigShowPresetCommand/Show_legacy-prp_preset (0.00s)
    --- PASS: TestConfigShowPresetCommand/Show_unknown_preset (0.00s)
=== RUN   TestConfigAddPatternCommand
=== RUN   TestConfigAddPatternCommand/Add_preset_to_new_config
=== RUN   TestConfigAddPatternCommand/Add_preset_with_duplicates_skipped
=== RUN   TestConfigAddPatternCommand/Unknown_preset_returns_error
=== RUN   TestConfigAddPatternCommand/Validation_fails_on_invalid_merged_patterns
--- PASS: TestConfigAddPatternCommand (0.00s)
    --- PASS: TestConfigAddPatternCommand/Add_preset_to_new_config (0.00s)
    --- PASS: TestConfigAddPatternCommand/Add_preset_with_duplicates_skipped (0.00s)
    --- PASS: TestConfigAddPatternCommand/Unknown_preset_returns_error (0.00s)
    --- PASS: TestConfigAddPatternCommand/Validation_fails_on_invalid_merged_patterns (0.00s)
=== RUN   TestConfigAddPatternIntegration
--- PASS: TestConfigAddPatternIntegration (0.00s)
=== RUN   TestEpicComplete_SetsEpicStatusToCompleted
WARNING: Forced status update from ready_for_review to completed (taskID=1)
WARNING: Forced status update from ready_for_review to completed (taskID=2)
--- PASS: TestEpicComplete_SetsEpicStatusToCompleted (0.01s)
=== RUN   TestEpicComplete_SetsEpicStatusToCompletedEvenWithNoTasks
--- PASS: TestEpicComplete_SetsEpicStatusToCompletedEvenWithNoTasks (0.01s)
=== RUN   TestEpicCreate_WithPriority
--- PASS: TestEpicCreate_WithPriority (0.00s)
=== RUN   TestEpicCreate_WithBusinessValue
--- PASS: TestEpicCreate_WithBusinessValue (0.00s)
=== RUN   TestEpicCreate_WithStatus
--- PASS: TestEpicCreate_WithStatus (0.00s)
=== RUN   TestEpicCreate_FlagsRegistered
=== RUN   TestEpicCreate_FlagsRegistered/priority
=== RUN   TestEpicCreate_FlagsRegistered/business-value
=== RUN   TestEpicCreate_FlagsRegistered/status
--- PASS: TestEpicCreate_FlagsRegistered (0.00s)
    --- PASS: TestEpicCreate_FlagsRegistered/priority (0.00s)
    --- PASS: TestEpicCreate_FlagsRegistered/business-value (0.00s)
    --- PASS: TestEpicCreate_FlagsRegistered/status (0.00s)
=== RUN   TestEpicCreation_FilePathSet
=== RUN   TestEpicCreation_FilePathSet/With_custom_filename_flag
    epic_create_test.go:108: TODO: Implement test after understanding repository mock requirements
=== RUN   TestEpicCreation_FilePathSet/Without_custom_filename_(default_path)
    epic_create_test.go:108: TODO: Implement test after understanding repository mock requirements
--- PASS: TestEpicCreation_FilePathSet (0.00s)
    --- SKIP: TestEpicCreation_FilePathSet/With_custom_filename_flag (0.00s)
    --- SKIP: TestEpicCreation_FilePathSet/Without_custom_filename_(default_path) (0.00s)
=== RUN   TestFeatureCreation_FilePathSet
=== RUN   TestFeatureCreation_FilePathSet/With_custom_filename_flag
    epic_create_test.go:136: TODO: Implement test after understanding repository mock requirements
=== RUN   TestFeatureCreation_FilePathSet/Without_custom_filename_(default_path)
    epic_create_test.go:136: TODO: Implement test after understanding repository mock requirements
--- PASS: TestFeatureCreation_FilePathSet (0.00s)
    --- SKIP: TestFeatureCreation_FilePathSet/With_custom_filename_flag (0.00s)
    --- SKIP: TestFeatureCreation_FilePathSet/Without_custom_filename_(default_path) (0.00s)
=== RUN   TestBuildEpicModel_FilePathAlwaysSet
=== RUN   TestBuildEpicModel_FilePathAlwaysSet/Custom_filename_provided
=== RUN   TestBuildEpicModel_FilePathAlwaysSet/Default_path_used_(BUG)
    epic_create_test.go:188: BUG CONFIRMED: BUG: FilePath is nil when default path is used, but should be set to the actual path
    epic_create_test.go:189: Epic created at: /abs/path/docs/plan/E01-test/epic.md
    epic_create_test.go:190: But FilePath in database is: nil
    epic_create_test.go:191: Expected FilePath to be: docs/plan/E01-test/epic.md
--- PASS: TestBuildEpicModel_FilePathAlwaysSet (0.00s)
    --- PASS: TestBuildEpicModel_FilePathAlwaysSet/Custom_filename_provided (0.00s)
    --- PASS: TestBuildEpicModel_FilePathAlwaysSet/Default_path_used_(BUG) (0.00s)
=== RUN   TestBuildFeatureModel_FilePathAlwaysSet
=== RUN   TestBuildFeatureModel_FilePathAlwaysSet/Custom_filename_provided
=== RUN   TestBuildFeatureModel_FilePathAlwaysSet/Default_path_used_(BUG)
    epic_create_test.go:241: BUG CONFIRMED: Feature created at /abs/path/docs/plan/E01-epic/E01-F01-feature/feature.md but FilePath is nil
    epic_create_test.go:242: Expected FilePath to be: docs/plan/E01-epic/E01-F01-feature/feature.md
--- PASS: TestBuildFeatureModel_FilePathAlwaysSet (0.00s)
    --- PASS: TestBuildFeatureModel_FilePathAlwaysSet/Custom_filename_provided (0.00s)
    --- PASS: TestBuildFeatureModel_FilePathAlwaysSet/Default_path_used_(BUG) (0.00s)
=== RUN   TestEpicCreate_ExistingFile_ShouldNotOverwrite
--- PASS: TestEpicCreate_ExistingFile_ShouldNotOverwrite (0.04s)
=== RUN   TestEpicCreate_NonExistingFile_ShouldCreate
--- PASS: TestEpicCreate_NonExistingFile_ShouldCreate (0.00s)
=== RUN   TestEpicCompleteCascadesToFeatures
WARNING: Forced status update from todo to completed (taskID=1)
WARNING: Forced status update from in_progress to completed (taskID=2)
WARNING: Forced status update from blocked to completed (taskID=3)
--- PASS: TestEpicCompleteCascadesToFeatures (0.02s)
=== RUN   TestEpicUpdateCommand_Exists
--- PASS: TestEpicUpdateCommand_Exists (0.00s)
=== RUN   TestEpicUpdate_StatusCascadeWithForce
--- PASS: TestEpicUpdate_StatusCascadeWithForce (0.01s)
=== RUN   TestEpicCreateCommand_KeyFlag
--- PASS: TestEpicCreateCommand_KeyFlag (0.00s)
=== RUN   TestEnhancedErrorMessages_Integration
=== RUN   TestEnhancedErrorMessages_Integration/Invalid_epic_key_shows_helpful_error
=== RUN   TestEnhancedErrorMessages_Integration/Invalid_feature_key_shows_helpful_error
=== RUN   TestEnhancedErrorMessages_Integration/Invalid_task_key_shows_helpful_error
=== RUN   TestEnhancedErrorMessages_Integration/Missing_arguments_shows_helpful_error
=== RUN   TestEnhancedErrorMessages_Integration/Too_many_arguments_shows_helpful_error
=== RUN   TestEnhancedErrorMessages_Integration/Ambiguous_key_shows_helpful_error
=== RUN   TestEnhancedErrorMessages_Integration/Not_found_error_shows_helpful_suggestions
--- PASS: TestEnhancedErrorMessages_Integration (0.00s)
    --- PASS: TestEnhancedErrorMessages_Integration/Invalid_epic_key_shows_helpful_error (0.00s)
    --- PASS: TestEnhancedErrorMessages_Integration/Invalid_feature_key_shows_helpful_error (0.00s)
    --- PASS: TestEnhancedErrorMessages_Integration/Invalid_task_key_shows_helpful_error (0.00s)
    --- PASS: TestEnhancedErrorMessages_Integration/Missing_arguments_shows_helpful_error (0.00s)
    --- PASS: TestEnhancedErrorMessages_Integration/Too_many_arguments_shows_helpful_error (0.00s)
    --- PASS: TestEnhancedErrorMessages_Integration/Ambiguous_key_shows_helpful_error (0.00s)
    --- PASS: TestEnhancedErrorMessages_Integration/Not_found_error_shows_helpful_suggestions (0.00s)
=== RUN   TestErrorMessageConsistency
=== RUN   TestErrorMessageConsistency/InvalidEpicKeyError
=== RUN   TestErrorMessageConsistency/InvalidFeatureKeyError
=== RUN   TestErrorMessageConsistency/InvalidTaskKeyError
=== RUN   TestErrorMessageConsistency/MissingArgumentsError
=== RUN   TestErrorMessageConsistency/TooManyArgumentsError
=== RUN   TestErrorMessageConsistency/InvalidPositionalArgsError
=== RUN   TestErrorMessageConsistency/AmbiguousKeyError
=== RUN   TestErrorMessageConsistency/NotFoundError
--- PASS: TestErrorMessageConsistency (0.00s)
    --- PASS: TestErrorMessageConsistency/InvalidEpicKeyError (0.00s)
    --- PASS: TestErrorMessageConsistency/InvalidFeatureKeyError (0.00s)
    --- PASS: TestErrorMessageConsistency/InvalidTaskKeyError (0.00s)
    --- PASS: TestErrorMessageConsistency/MissingArgumentsError (0.00s)
    --- PASS: TestErrorMessageConsistency/TooManyArgumentsError (0.00s)
    --- PASS: TestErrorMessageConsistency/InvalidPositionalArgsError (0.00s)
    --- PASS: TestErrorMessageConsistency/AmbiguousKeyError (0.00s)
    --- PASS: TestErrorMessageConsistency/NotFoundError (0.00s)
=== RUN   TestRealWorldErrorScenarios
=== RUN   TestRealWorldErrorScenarios/User_types_short_epic_key
=== RUN   TestRealWorldErrorScenarios/User_provides_too_many_args_to_feature_list
=== RUN   TestRealWorldErrorScenarios/User_forgets_to_quote_feature_title
=== RUN   TestRealWorldErrorScenarios/User_provides_invalid_task_key_format
--- PASS: TestRealWorldErrorScenarios (0.00s)
    --- PASS: TestRealWorldErrorScenarios/User_types_short_epic_key (0.00s)
    --- PASS: TestRealWorldErrorScenarios/User_provides_too_many_args_to_feature_list (0.00s)
    --- PASS: TestRealWorldErrorScenarios/User_forgets_to_quote_feature_title (0.00s)
    --- PASS: TestRealWorldErrorScenarios/User_provides_invalid_task_key_format (0.00s)
=== RUN   TestInvalidEpicKeyError
=== RUN   TestInvalidEpicKeyError/lowercase_epic_key
=== RUN   TestInvalidEpicKeyError/single_digit_epic_key
=== RUN   TestInvalidEpicKeyError/non-numeric_epic_key
--- PASS: TestInvalidEpicKeyError (0.00s)
    --- PASS: TestInvalidEpicKeyError/lowercase_epic_key (0.00s)
    --- PASS: TestInvalidEpicKeyError/single_digit_epic_key (0.00s)
    --- PASS: TestInvalidEpicKeyError/non-numeric_epic_key (0.00s)
=== RUN   TestInvalidFeatureKeyError
=== RUN   TestInvalidFeatureKeyError/lowercase_feature_key
=== RUN   TestInvalidFeatureKeyError/single_digit_feature_key
=== RUN   TestInvalidFeatureKeyError/invalid_epic-feature_combo
--- PASS: TestInvalidFeatureKeyError (0.00s)
    --- PASS: TestInvalidFeatureKeyError/lowercase_feature_key (0.00s)
    --- PASS: TestInvalidFeatureKeyError/single_digit_feature_key (0.00s)
    --- PASS: TestInvalidFeatureKeyError/invalid_epic-feature_combo (0.00s)
=== RUN   TestInvalidTaskKeyError
=== RUN   TestInvalidTaskKeyError/lowercase_task_key
=== RUN   TestInvalidTaskKeyError/missing_dashes
=== RUN   TestInvalidTaskKeyError/wrong_number_format
--- PASS: TestInvalidTaskKeyError (0.00s)
    --- PASS: TestInvalidTaskKeyError/lowercase_task_key (0.00s)
    --- PASS: TestInvalidTaskKeyError/missing_dashes (0.00s)
    --- PASS: TestInvalidTaskKeyError/wrong_number_format (0.00s)
=== RUN   TestMissingArgumentsError
=== RUN   TestMissingArgumentsError/missing_one_argument
=== RUN   TestMissingArgumentsError/missing_multiple_arguments
--- PASS: TestMissingArgumentsError (0.00s)
    --- PASS: TestMissingArgumentsError/missing_one_argument (0.00s)
    --- PASS: TestMissingArgumentsError/missing_multiple_arguments (0.00s)
=== RUN   TestTooManyArgumentsError
=== RUN   TestTooManyArgumentsError/one_extra_argument
=== RUN   TestTooManyArgumentsError/many_extra_arguments
--- PASS: TestTooManyArgumentsError (0.00s)
    --- PASS: TestTooManyArgumentsError/one_extra_argument (0.00s)
    --- PASS: TestTooManyArgumentsError/many_extra_arguments (0.00s)
=== RUN   TestInvalidPositionalArgsError
=== RUN   TestInvalidPositionalArgsError/invalid_epic_and_feature_combination
--- PASS: TestInvalidPositionalArgsError (0.00s)
    --- PASS: TestInvalidPositionalArgsError/invalid_epic_and_feature_combination (0.00s)
=== RUN   TestAmbiguousKeyError
=== RUN   TestAmbiguousKeyError/ambiguous_short_task_key
--- PASS: TestAmbiguousKeyError (0.00s)
    --- PASS: TestAmbiguousKeyError/ambiguous_short_task_key (0.00s)
=== RUN   TestErrorMessageQuality
=== RUN   TestErrorMessageQuality/InvalidEpicKeyError
=== RUN   TestErrorMessageQuality/InvalidFeatureKeyError
=== RUN   TestErrorMessageQuality/InvalidTaskKeyError
=== RUN   TestErrorMessageQuality/MissingArgumentsError
=== RUN   TestErrorMessageQuality/TooManyArgumentsError
--- PASS: TestErrorMessageQuality (0.00s)
    --- PASS: TestErrorMessageQuality/InvalidEpicKeyError (0.00s)
    --- PASS: TestErrorMessageQuality/InvalidFeatureKeyError (0.00s)
    --- PASS: TestErrorMessageQuality/InvalidTaskKeyError (0.00s)
    --- PASS: TestErrorMessageQuality/MissingArgumentsError (0.00s)
    --- PASS: TestErrorMessageQuality/TooManyArgumentsError (0.00s)
=== RUN   TestFeatureComplete_SetsFeatureStatusToCompletedWithNoTasks
--- PASS: TestFeatureComplete_SetsFeatureStatusToCompletedWithNoTasks (0.01s)
=== RUN   TestFeatureComplete_SetsFeatureStatusToCompletedWithTasks
WARNING: Forced status update from ready_for_review to completed (taskID=1)
--- PASS: TestFeatureComplete_SetsFeatureStatusToCompletedWithTasks (0.01s)
=== RUN   TestFeatureCreate_WithStatus
--- PASS: TestFeatureCreate_WithStatus (0.00s)
=== RUN   TestFeatureCreate_FileAtEpicDirectoryPath
    feature_directory_collision_test.go:101: SUCCESS: Detected file at epic directory path: docs/plan/E98-test-epic-for-collision
--- PASS: TestFeatureCreate_FileAtEpicDirectoryPath (0.01s)
=== RUN   TestFeatureCreate_ValidEpicDirectory
    feature_directory_collision_test.go:188: SUCCESS: Epic directory is valid: docs/plan/E98-test-epic-valid-directory
--- PASS: TestFeatureCreate_ValidEpicDirectory (0.00s)
=== RUN   TestFeatureCreate_NoEpicDirectory
    feature_directory_collision_test.go:248: SUCCESS: No epic directory found (as expected)
--- PASS: TestFeatureCreate_NoEpicDirectory (0.00s)
=== RUN   TestFeatureCreate_ExistingFile_ShouldNotOverwrite
--- FAIL: TestFeatureCreate_ExistingFile_ShouldNotOverwrite (0.00s)
panic: Failed to insert feature: FOREIGN KEY constraint failed [recovered]
	panic: Failed to insert feature: FOREIGN KEY constraint failed

goroutine 370 [running]:
testing.tRunner.func1.2({0xc5dac0, 0xc00044cc70})
	/home/jwwelbor/go/src/testing/testing.go:1632 +0x230
testing.tRunner.func1()
	/home/jwwelbor/go/src/testing/testing.go:1635 +0x35e
panic({0xc5dac0?, 0xc00044cc70?})
	/home/jwwelbor/go/src/runtime/panic.go:785 +0x132
github.com/jwwelbor/shark-task-manager/internal/test.SeedTestData()
	/home/jwwelbor/projects/shark-task-manager/internal/test/testdb.go:81 +0x7ee
github.com/jwwelbor/shark-task-manager/internal/cli/commands.TestFeatureCreate_ExistingFile_ShouldNotOverwrite(0xc000383520)
	/home/jwwelbor/projects/shark-task-manager/internal/cli/commands/feature_file_existence_test.go:32 +0xca
testing.tRunner(0xc000383520, 0xdf0568)
	/home/jwwelbor/go/src/testing/testing.go:1690 +0xf4
created by testing.(*T).Run in goroutine 1
	/home/jwwelbor/go/src/testing/testing.go:1743 +0x390
FAIL	github.com/jwwelbor/shark-task-manager/internal/cli/commands	0.162s
=== RUN   TestNewActionService
--- PASS: TestNewActionService (0.00s)
=== RUN   TestGetStatusAction_Valid
--- PASS: TestGetStatusAction_Valid (0.00s)
=== RUN   TestGetStatusAction_NoAction
--- PASS: TestGetStatusAction_NoAction (0.00s)
=== RUN   TestGetStatusAction_StatusNotFound
--- PASS: TestGetStatusAction_StatusNotFound (0.00s)
=== RUN   TestGetStatusActionPopulated
    action_service_test.go:136: Note: No actionable statuses found - expected with default config
--- PASS: TestGetStatusActionPopulated (0.00s)
=== RUN   TestGetStatusActionPopulated_NoPlaceholder
    action_service_test.go:165: Note: No actionable statuses found - expected with default config
--- PASS: TestGetStatusActionPopulated_NoPlaceholder (0.00s)
=== RUN   TestGetAllActions
    action_service_test.go:184: Actions is map[string]*OrchestratorAction with 0 entries
--- PASS: TestGetAllActions (0.00s)
=== RUN   TestGetAllActions_EmptyConfig
    action_service_test.go:205: Number of configured actions: 0
--- PASS: TestGetAllActions_EmptyConfig (0.00s)
=== RUN   TestValidateActions_AllValid
--- PASS: TestValidateActions_AllValid (0.00s)
=== RUN   TestValidateActions_MissingActions
    action_service_test.go:250: Missing actions count: 1
    action_service_test.go:251: Invalid actions count: 0
--- PASS: TestValidateActions_MissingActions (0.00s)
=== RUN   TestValidateActions_InvalidAction
--- PASS: TestValidateActions_InvalidAction (0.00s)
=== RUN   TestReload
--- PASS: TestReload (0.00s)
=== RUN   TestThreadSafety
--- PASS: TestThreadSafety (0.01s)
=== RUN   TestDatabaseConfig_Marshaling
=== RUN   TestDatabaseConfig_Marshaling/config_with_turso_backend
=== RUN   TestDatabaseConfig_Marshaling/config_with_local_backend
=== RUN   TestDatabaseConfig_Marshaling/config_without_database_(backward_compat)
--- PASS: TestDatabaseConfig_Marshaling (0.00s)
    --- PASS: TestDatabaseConfig_Marshaling/config_with_turso_backend (0.00s)
    --- PASS: TestDatabaseConfig_Marshaling/config_with_local_backend (0.00s)
    --- PASS: TestDatabaseConfig_Marshaling/config_without_database_(backward_compat) (0.00s)
=== RUN   TestDatabaseConfig_DefaultValues
--- PASS: TestDatabaseConfig_DefaultValues (0.00s)
=== RUN   TestDatabaseConfig_ValidationBackend
=== RUN   TestDatabaseConfig_ValidationBackend/turso_backend
=== RUN   TestDatabaseConfig_ValidationBackend/local_backend
=== RUN   TestDatabaseConfig_ValidationBackend/sqlite_backend_(alias_for_local)
=== RUN   TestDatabaseConfig_ValidationBackend/empty_backend_(auto-detect)
=== RUN   TestDatabaseConfig_ValidationBackend/invalid_backend
--- PASS: TestDatabaseConfig_ValidationBackend (0.00s)
    --- PASS: TestDatabaseConfig_ValidationBackend/turso_backend (0.00s)
    --- PASS: TestDatabaseConfig_ValidationBackend/local_backend (0.00s)
    --- PASS: TestDatabaseConfig_ValidationBackend/sqlite_backend_(alias_for_local) (0.00s)
    --- PASS: TestDatabaseConfig_ValidationBackend/empty_backend_(auto-detect) (0.00s)
    --- PASS: TestDatabaseConfig_ValidationBackend/invalid_backend (0.00s)
=== RUN   TestDatabaseConfig_ValidationURL
=== RUN   TestDatabaseConfig_ValidationURL/turso_with_libsql_URL
=== RUN   TestDatabaseConfig_ValidationURL/turso_with_https_URL
=== RUN   TestDatabaseConfig_ValidationURL/local_with_file_path
=== RUN   TestDatabaseConfig_ValidationURL/local_with_absolute_path
=== RUN   TestDatabaseConfig_ValidationURL/turso_with_empty_URL
=== RUN   TestDatabaseConfig_ValidationURL/local_with_empty_URL
=== RUN   TestDatabaseConfig_ValidationURL/turso_with_file_path
=== RUN   TestDatabaseConfig_ValidationURL/local_with_libsql_URL
--- PASS: TestDatabaseConfig_ValidationURL (0.00s)
    --- PASS: TestDatabaseConfig_ValidationURL/turso_with_libsql_URL (0.00s)
    --- PASS: TestDatabaseConfig_ValidationURL/turso_with_https_URL (0.00s)
    --- PASS: TestDatabaseConfig_ValidationURL/local_with_file_path (0.00s)
    --- PASS: TestDatabaseConfig_ValidationURL/local_with_absolute_path (0.00s)
    --- PASS: TestDatabaseConfig_ValidationURL/turso_with_empty_URL (0.00s)
    --- PASS: TestDatabaseConfig_ValidationURL/local_with_empty_URL (0.00s)
    --- PASS: TestDatabaseConfig_ValidationURL/turso_with_file_path (0.00s)
    --- PASS: TestDatabaseConfig_ValidationURL/local_with_libsql_URL (0.00s)
=== RUN   TestDetectBackend
=== RUN   TestDetectBackend/libsql_URL
=== RUN   TestDetectBackend/https_URL
=== RUN   TestDetectBackend/relative_file_path
=== RUN   TestDetectBackend/absolute_file_path
=== RUN   TestDetectBackend/relative_path
=== RUN   TestDetectBackend/empty_string
--- PASS: TestDetectBackend (0.00s)
    --- PASS: TestDetectBackend/libsql_URL (0.00s)
    --- PASS: TestDetectBackend/https_URL (0.00s)
    --- PASS: TestDetectBackend/relative_file_path (0.00s)
    --- PASS: TestDetectBackend/absolute_file_path (0.00s)
    --- PASS: TestDetectBackend/relative_path (0.00s)
    --- PASS: TestDetectBackend/empty_string (0.00s)
=== RUN   TestStatusMetadata_OrchestratorAction_Load
--- PASS: TestStatusMetadata_OrchestratorAction_Load (0.00s)
=== RUN   TestStatusMetadata_OrchestratorAction_Backward_Compatible
--- PASS: TestStatusMetadata_OrchestratorAction_Backward_Compatible (0.00s)
=== RUN   TestStatusMetadata_OrchestratorAction_AllActionTypes
=== RUN   TestStatusMetadata_OrchestratorAction_AllActionTypes/spawn_agent
=== RUN   TestStatusMetadata_OrchestratorAction_AllActionTypes/pause
=== RUN   TestStatusMetadata_OrchestratorAction_AllActionTypes/wait_for_triage
=== RUN   TestStatusMetadata_OrchestratorAction_AllActionTypes/archive
--- PASS: TestStatusMetadata_OrchestratorAction_AllActionTypes (0.00s)
    --- PASS: TestStatusMetadata_OrchestratorAction_AllActionTypes/spawn_agent (0.00s)
    --- PASS: TestStatusMetadata_OrchestratorAction_AllActionTypes/pause (0.00s)
    --- PASS: TestStatusMetadata_OrchestratorAction_AllActionTypes/wait_for_triage (0.00s)
    --- PASS: TestStatusMetadata_OrchestratorAction_AllActionTypes/archive (0.00s)
=== RUN   TestWorkflowConfig_OrchestratorAction_Load
--- PASS: TestWorkflowConfig_OrchestratorAction_Load (0.00s)
=== RUN   TestWorkflowConfig_OrchestratorAction_Missing
--- PASS: TestWorkflowConfig_OrchestratorAction_Missing (0.00s)
=== RUN   TestOrchestratorAction_Validate_InConfig
=== RUN   TestOrchestratorAction_Validate_InConfig/invalid_action_type
=== RUN   TestOrchestratorAction_Validate_InConfig/spawn_agent_without_agent_type
=== RUN   TestOrchestratorAction_Validate_InConfig/spawn_agent_without_skills
=== RUN   TestOrchestratorAction_Validate_InConfig/missing_instruction_template
--- PASS: TestOrchestratorAction_Validate_InConfig (0.00s)
    --- PASS: TestOrchestratorAction_Validate_InConfig/invalid_action_type (0.00s)
    --- PASS: TestOrchestratorAction_Validate_InConfig/spawn_agent_without_agent_type (0.00s)
    --- PASS: TestOrchestratorAction_Validate_InConfig/spawn_agent_without_skills (0.00s)
    --- PASS: TestOrchestratorAction_Validate_InConfig/missing_instruction_template (0.00s)
=== RUN   TestIntegration_SyncWorkflow
    integration_test.go:36: Step 1: Initial sync (no last_sync_time)
    integration_test.go:48:   ✓ No last_sync_time found - full scan triggered
    integration_test.go:52: Step 2: Sync completed at 2025-12-18 10:00:00 +0000 UTC
    integration_test.go:60:   ✓ last_sync_time updated in config
    integration_test.go:77:   ✓ Config file updated: last_sync_time = 2025-12-18T10:00:00Z
    integration_test.go:87:   ✓ Existing config fields preserved
    integration_test.go:90: Step 3: Second sync (with last_sync_time)
    integration_test.go:112:   ✓ last_sync_time loaded: 2025-12-18 10:00:00 +0000 UTC
    integration_test.go:113:   ✓ Incremental sync can use this timestamp to filter files
    integration_test.go:116: Step 4: Incremental sync logic
    integration_test.go:151:   ✓ Filtered to 2 modified files (skipped 1 old file)
    integration_test.go:160: Step 5: Second sync completed, last_sync_time updated to 2025-12-18 11:00:00 +0000 UTC
    integration_test.go:178:   ✓ Final last_sync_time verified
    integration_test.go:179: 
        ✓ Complete sync workflow test passed
--- PASS: TestIntegration_SyncWorkflow (0.00s)
=== RUN   TestIntegration_ConcurrentReads
    integration_test.go:246: ✓ Concurrent read during update succeeded (atomic write works)
--- PASS: TestIntegration_ConcurrentReads (0.00s)
=== RUN   TestIntegration_MultipleManagerInstances
    integration_test.go:325: ✓ Multiple manager instances can safely share config file
--- PASS: TestIntegration_MultipleManagerInstances (0.00s)
=== RUN   TestLoadConfig_ValidLastSyncTime
--- PASS: TestLoadConfig_ValidLastSyncTime (0.00s)
=== RUN   TestLoadConfig_MissingLastSyncTime
--- PASS: TestLoadConfig_MissingLastSyncTime (0.00s)
=== RUN   TestLoadConfig_InvalidTimestamp
=== RUN   TestLoadConfig_InvalidTimestamp/invalid_format
2026/01/15 21:04:07 Warning: Invalid last_sync_time format in config: parsing time "2025-12-17 14:30:45" as "2006-01-02T15:04:05Z07:00": cannot parse " 14:30:45" as "T"
=== RUN   TestLoadConfig_InvalidTimestamp/missing_timezone
2026/01/15 21:04:07 Warning: Invalid last_sync_time format in config: parsing time "2025-12-17T14:30:45" as "2006-01-02T15:04:05Z07:00": cannot parse "" as "Z07:00"
=== RUN   TestLoadConfig_InvalidTimestamp/invalid_date
2026/01/15 21:04:07 Warning: Invalid last_sync_time format in config: parsing time "2025-13-45T14:30:45Z": month out of range
=== RUN   TestLoadConfig_InvalidTimestamp/empty_string
=== RUN   TestLoadConfig_InvalidTimestamp/random_text
2026/01/15 21:04:07 Warning: Invalid last_sync_time format in config: parsing time "not a timestamp" as "2006-01-02T15:04:05Z07:00": cannot parse "not a timestamp" as "2006"
--- PASS: TestLoadConfig_InvalidTimestamp (0.01s)
    --- PASS: TestLoadConfig_InvalidTimestamp/invalid_format (0.00s)
    --- PASS: TestLoadConfig_InvalidTimestamp/missing_timezone (0.00s)
    --- PASS: TestLoadConfig_InvalidTimestamp/invalid_date (0.00s)
    --- PASS: TestLoadConfig_InvalidTimestamp/empty_string (0.00s)
    --- PASS: TestLoadConfig_InvalidTimestamp/random_text (0.00s)
=== RUN   TestUpdateLastSyncTime
--- PASS: TestUpdateLastSyncTime (0.00s)
=== RUN   TestUpdateLastSyncTime_PreservesExistingFields
--- PASS: TestUpdateLastSyncTime_PreservesExistingFields (0.00s)
=== RUN   TestUpdateLastSyncTime_AtomicWrite
--- PASS: TestUpdateLastSyncTime_AtomicWrite (0.00s)
=== RUN   TestUpdateLastSyncTime_PreservesPermissions
--- PASS: TestUpdateLastSyncTime_PreservesPermissions (0.00s)
=== RUN   TestUpdateLastSyncTime_TimezonePreserved
--- PASS: TestUpdateLastSyncTime_TimezonePreserved (0.00s)
=== RUN   TestGetLastSyncTime_BeforeLoad
--- PASS: TestGetLastSyncTime_BeforeLoad (0.00s)
=== RUN   TestUpdateLastSyncTime_ConfigNotExists
--- PASS: TestUpdateLastSyncTime_ConfigNotExists (0.00s)
=== RUN   TestUpdateLastSyncTime_MultipleUpdates
--- PASS: TestUpdateLastSyncTime_MultipleUpdates (0.00s)
=== RUN   TestManager_GetActionService
--- PASS: TestManager_GetActionService (0.00s)
=== RUN   TestManager_GetActionService_Caching
--- PASS: TestManager_GetActionService_Caching (0.00s)
=== RUN   TestOrchestratorAction_Validate_SpawnAgent
--- PASS: TestOrchestratorAction_Validate_SpawnAgent (0.00s)
=== RUN   TestOrchestratorAction_Validate_SpawnAgent_MissingAgentType
--- PASS: TestOrchestratorAction_Validate_SpawnAgent_MissingAgentType (0.00s)
=== RUN   TestOrchestratorAction_Validate_SpawnAgent_MissingSkills
--- PASS: TestOrchestratorAction_Validate_SpawnAgent_MissingSkills (0.00s)
=== RUN   TestOrchestratorAction_Validate_Pause
--- PASS: TestOrchestratorAction_Validate_Pause (0.00s)
=== RUN   TestOrchestratorAction_Validate_WaitForTriage
--- PASS: TestOrchestratorAction_Validate_WaitForTriage (0.00s)
=== RUN   TestOrchestratorAction_Validate_Archive
--- PASS: TestOrchestratorAction_Validate_Archive (0.00s)
=== RUN   TestOrchestratorAction_Validate_InvalidAction
--- PASS: TestOrchestratorAction_Validate_InvalidAction (0.00s)
=== RUN   TestOrchestratorAction_Validate_MissingInstruction
--- PASS: TestOrchestratorAction_Validate_MissingInstruction (0.00s)
=== RUN   TestOrchestratorAction_Validate_MissingInstruction_Whitespace
--- PASS: TestOrchestratorAction_Validate_MissingInstruction_Whitespace (0.00s)
=== RUN   TestOrchestratorAction_PopulateTemplate
--- PASS: TestOrchestratorAction_PopulateTemplate (0.00s)
=== RUN   TestOrchestratorAction_PopulateTemplate_MultipleOccurrences
--- PASS: TestOrchestratorAction_PopulateTemplate_MultipleOccurrences (0.00s)
=== RUN   TestOrchestratorAction_PopulateTemplate_NoPlaceholder
--- PASS: TestOrchestratorAction_PopulateTemplate_NoPlaceholder (0.00s)
=== RUN   TestOrchestratorAction_PopulateTemplate_CaseSensitive
--- PASS: TestOrchestratorAction_PopulateTemplate_CaseSensitive (0.00s)
=== RUN   TestValidActionTypes
--- PASS: TestValidActionTypes (0.00s)
=== RUN   TestOrchestratorAction_Validate_AllActionTypes
=== RUN   TestOrchestratorAction_Validate_AllActionTypes/spawn_agent
=== RUN   TestOrchestratorAction_Validate_AllActionTypes/pause
=== RUN   TestOrchestratorAction_Validate_AllActionTypes/wait_for_triage
=== RUN   TestOrchestratorAction_Validate_AllActionTypes/archive
--- PASS: TestOrchestratorAction_Validate_AllActionTypes (0.00s)
    --- PASS: TestOrchestratorAction_Validate_AllActionTypes/spawn_agent (0.00s)
    --- PASS: TestOrchestratorAction_Validate_AllActionTypes/pause (0.00s)
    --- PASS: TestOrchestratorAction_Validate_AllActionTypes/wait_for_triage (0.00s)
    --- PASS: TestOrchestratorAction_Validate_AllActionTypes/archive (0.00s)
=== RUN   TestOrchestratorAction_Validate_SpawnAgent_EmptySkillsArray
--- PASS: TestOrchestratorAction_Validate_SpawnAgent_EmptySkillsArray (0.00s)
=== RUN   TestOrchestratorAction_Validate_SpawnAgent_NilSkills
--- PASS: TestOrchestratorAction_Validate_SpawnAgent_NilSkills (0.00s)
=== RUN   TestOrchestratorAction_Validate_Pause_WithAgentType
--- PASS: TestOrchestratorAction_Validate_Pause_WithAgentType (0.00s)
=== RUN   TestOrchestratorAction_Validate_ErrorType
--- PASS: TestOrchestratorAction_Validate_ErrorType (0.00s)
=== RUN   TestOrchestratorAction_PopulateTemplate_EmptyTaskID
--- PASS: TestOrchestratorAction_PopulateTemplate_EmptyTaskID (0.00s)
=== RUN   TestValidateWithContext_SpawnAgent_Valid
--- PASS: TestValidateWithContext_SpawnAgent_Valid (0.00s)
=== RUN   TestValidateWithContext_Pause_Valid
--- PASS: TestValidateWithContext_Pause_Valid (0.00s)
=== RUN   TestValidateWithContext_WaitForTriage_Valid
--- PASS: TestValidateWithContext_WaitForTriage_Valid (0.00s)
=== RUN   TestValidateWithContext_Archive_Valid
--- PASS: TestValidateWithContext_Archive_Valid (0.00s)
=== RUN   TestValidateWithContext_InvalidActionType
--- PASS: TestValidateWithContext_InvalidActionType (0.00s)
=== RUN   TestValidateWithContext_EmptyAction
--- PASS: TestValidateWithContext_EmptyAction (0.00s)
=== RUN   TestValidateWithContext_MissingInstructionTemplate
--- PASS: TestValidateWithContext_MissingInstructionTemplate (0.00s)
=== RUN   TestValidateWithContext_WhitespaceOnlyTemplate
--- PASS: TestValidateWithContext_WhitespaceOnlyTemplate (0.00s)
=== RUN   TestValidateWithContext_SpawnAgent_MissingAgentType
--- PASS: TestValidateWithContext_SpawnAgent_MissingAgentType (0.00s)
=== RUN   TestValidateWithContext_SpawnAgent_EmptySkills
--- PASS: TestValidateWithContext_SpawnAgent_EmptySkills (0.00s)
=== RUN   TestValidateWithContext_SpawnAgent_NilSkills
--- PASS: TestValidateWithContext_SpawnAgent_NilSkills (0.00s)
=== RUN   TestValidateWithContext_SpawnAgent_EmptySkillString
--- PASS: TestValidateWithContext_SpawnAgent_EmptySkillString (0.00s)
=== RUN   TestValidateWithContext_Pause_WithAgentType
--- PASS: TestValidateWithContext_Pause_WithAgentType (0.00s)
=== RUN   TestValidateWithContext_ErrorMessageFormat
--- PASS: TestValidateWithContext_ErrorMessageFormat (0.00s)
=== RUN   TestValidateTemplate_NoTaskIdPlaceholder
--- PASS: TestValidateTemplate_NoTaskIdPlaceholder (0.00s)
=== RUN   TestValidateTemplate_MalformedPlaceholder
--- PASS: TestValidateTemplate_MalformedPlaceholder (0.00s)
=== RUN   TestValidateTemplate_UnknownPlaceholder
--- PASS: TestValidateTemplate_UnknownPlaceholder (0.00s)
=== RUN   TestValidateTemplate_ValidTaskId
--- PASS: TestValidateTemplate_ValidTaskId (0.00s)
=== RUN   TestValidateTemplate_TooLong
--- PASS: TestValidateTemplate_TooLong (0.00s)
=== RUN   TestValidateAllOrchestratorActions
--- PASS: TestValidateAllOrchestratorActions (0.00s)
=== RUN   TestValidateAllOrchestratorActions_AllValid
--- PASS: TestValidateAllOrchestratorActions_AllValid (0.00s)
=== RUN   TestValidateAllOrchestratorActions_NoActions
--- PASS: TestValidateAllOrchestratorActions_NoActions (0.00s)
=== RUN   TestExtractPlaceholders
=== RUN   TestExtractPlaceholders/single_placeholder
=== RUN   TestExtractPlaceholders/multiple_placeholders
=== RUN   TestExtractPlaceholders/no_placeholders
=== RUN   TestExtractPlaceholders/malformed_placeholder_unclosed
--- PASS: TestExtractPlaceholders (0.00s)
    --- PASS: TestExtractPlaceholders/single_placeholder (0.00s)
    --- PASS: TestExtractPlaceholders/multiple_placeholders (0.00s)
    --- PASS: TestExtractPlaceholders/no_placeholders (0.00s)
    --- PASS: TestExtractPlaceholders/malformed_placeholder_unclosed (0.00s)
=== RUN   TestStringSliceContains
=== RUN   TestStringSliceContains/found
=== RUN   TestStringSliceContains/not_found
=== RUN   TestStringSliceContains/empty_slice
--- PASS: TestStringSliceContains (0.00s)
    --- PASS: TestStringSliceContains/found (0.00s)
    --- PASS: TestStringSliceContains/not_found (0.00s)
    --- PASS: TestStringSliceContains/empty_slice (0.00s)
=== RUN   TestOrchestratorValidationError_Format
--- PASS: TestOrchestratorValidationError_Format (0.00s)
=== RUN   TestParseableErrorFormat
--- PASS: TestParseableErrorFormat (0.00s)
=== RUN   TestValidateWithContext_MultipleErrors
--- PASS: TestValidateWithContext_MultipleErrors (0.00s)
=== RUN   TestLoadWorkflowMetadata
--- PASS: TestLoadWorkflowMetadata (0.00s)
=== RUN   TestLoadWorkflowMetadata_MissingFields
--- PASS: TestLoadWorkflowMetadata_MissingFields (0.00s)
=== RUN   TestLoadWorkflowMetadata_NoMetadataSection
--- PASS: TestLoadWorkflowMetadata_NoMetadataSection (0.00s)
=== RUN   TestGetStatusMetadata
--- PASS: TestGetStatusMetadata (0.00s)
=== RUN   TestGetStatusesByAgentType
--- PASS: TestGetStatusesByAgentType (0.00s)
=== RUN   TestGetStatusesByPhase
--- PASS: TestGetStatusesByPhase (0.00s)
=== RUN   TestWorkflowConfigDefaults
--- PASS: TestWorkflowConfigDefaults (0.00s)
=== RUN   TestDefaultWorkflow
--- PASS: TestDefaultWorkflow (0.00s)
=== RUN   TestDefaultWorkflowIsValid
--- PASS: TestDefaultWorkflowIsValid (0.00s)
=== RUN   TestIsDefaultStatus
--- PASS: TestIsDefaultStatus (0.00s)
=== RUN   TestLoadWorkflowConfig_MissingFile
--- PASS: TestLoadWorkflowConfig_MissingFile (0.00s)
=== RUN   TestLoadWorkflowConfig_ValidConfig
--- PASS: TestLoadWorkflowConfig_ValidConfig (0.00s)
=== RUN   TestLoadWorkflowConfig_InvalidJSON
--- PASS: TestLoadWorkflowConfig_InvalidJSON (0.00s)
=== RUN   TestLoadWorkflowConfig_NoStatusFlow
--- PASS: TestLoadWorkflowConfig_NoStatusFlow (0.00s)
=== RUN   TestLoadWorkflowConfig_UnsupportedVersion
--- PASS: TestLoadWorkflowConfig_UnsupportedVersion (0.00s)
=== RUN   TestGetWorkflowOrDefault
--- PASS: TestGetWorkflowOrDefault (0.00s)
=== RUN   TestValidateWorkflow
=== RUN   TestValidateWorkflow/nil_workflow
=== RUN   TestValidateWorkflow/missing__start__status
=== RUN   TestValidateWorkflow/missing__complete__status
=== RUN   TestValidateWorkflow/undefined_status_reference
=== RUN   TestValidateWorkflow/unreachable_status
=== RUN   TestValidateWorkflow/dead-end_status
=== RUN   TestValidateWorkflow/valid_simple_workflow
=== RUN   TestValidateWorkflow/valid_complex_workflow_with_cycles
--- PASS: TestValidateWorkflow (0.00s)
    --- PASS: TestValidateWorkflow/nil_workflow (0.00s)
    --- PASS: TestValidateWorkflow/missing__start__status (0.00s)
    --- PASS: TestValidateWorkflow/missing__complete__status (0.00s)
    --- PASS: TestValidateWorkflow/undefined_status_reference (0.00s)
    --- PASS: TestValidateWorkflow/unreachable_status (0.00s)
    --- PASS: TestValidateWorkflow/dead-end_status (0.00s)
    --- PASS: TestValidateWorkflow/valid_simple_workflow (0.00s)
    --- PASS: TestValidateWorkflow/valid_complex_workflow_with_cycles (0.00s)
=== RUN   TestValidateTransition
=== RUN   TestValidateTransition/valid_transition
=== RUN   TestValidateTransition/valid_transition_2
=== RUN   TestValidateTransition/invalid_transition
=== RUN   TestValidateTransition/from_terminal_status
=== RUN   TestValidateTransition/undefined_status
=== RUN   TestValidateTransition/valid_to_terminal
--- PASS: TestValidateTransition (0.00s)
    --- PASS: TestValidateTransition/valid_transition (0.00s)
    --- PASS: TestValidateTransition/valid_transition_2 (0.00s)
    --- PASS: TestValidateTransition/invalid_transition (0.00s)
    --- PASS: TestValidateTransition/from_terminal_status (0.00s)
    --- PASS: TestValidateTransition/undefined_status (0.00s)
    --- PASS: TestValidateTransition/valid_to_terminal (0.00s)
=== RUN   TestValidationErrorMessages
--- PASS: TestValidationErrorMessages (0.00s)
=== RUN   TestWorkflowCache
--- PASS: TestWorkflowCache (0.00s)
=== RUN   TestLoadActualSharkConfig
--- PASS: TestLoadActualSharkConfig (0.00s)
PASS
ok  	github.com/jwwelbor/shark-task-manager/internal/config	(cached)
=== RUN   TestLoadAuthToken
=== RUN   TestLoadAuthToken/Load_from_file
=== RUN   TestLoadAuthToken/Direct_token_(JWT_format)
=== RUN   TestLoadAuthToken/Empty_input_(no_token)
=== RUN   TestLoadAuthToken/Nonexistent_file
--- PASS: TestLoadAuthToken (0.00s)
    --- PASS: TestLoadAuthToken/Load_from_file (0.00s)
    --- PASS: TestLoadAuthToken/Direct_token_(JWT_format) (0.00s)
    --- PASS: TestLoadAuthToken/Empty_input_(no_token) (0.00s)
    --- PASS: TestLoadAuthToken/Nonexistent_file (0.00s)
=== RUN   TestLoadAuthToken_FromEnvironment
--- PASS: TestLoadAuthToken_FromEnvironment (0.00s)
=== RUN   TestLoadAuthToken_EmptyFile
--- PASS: TestLoadAuthToken_EmptyFile (0.00s)
=== RUN   TestLoadAuthToken_FileWithWhitespace
--- PASS: TestLoadAuthToken_FileWithWhitespace (0.00s)
=== RUN   TestValidateAuthToken
=== RUN   TestValidateAuthToken/Valid_JWT_token
=== RUN   TestValidateAuthToken/Empty_token_(valid_for_local_dev)
=== RUN   TestValidateAuthToken/Too_short
=== RUN   TestValidateAuthToken/Invalid_prefix
--- PASS: TestValidateAuthToken (0.00s)
    --- PASS: TestValidateAuthToken/Valid_JWT_token (0.00s)
    --- PASS: TestValidateAuthToken/Empty_token_(valid_for_local_dev) (0.00s)
    --- PASS: TestValidateAuthToken/Too_short (0.00s)
    --- PASS: TestValidateAuthToken/Invalid_prefix (0.00s)
=== RUN   TestDatabaseInterface
--- PASS: TestDatabaseInterface (0.00s)
=== RUN   TestTxInterface
--- PASS: TestTxInterface (0.00s)
=== RUN   TestRowsInterface
--- PASS: TestRowsInterface (0.00s)
=== RUN   TestRowInterface
--- PASS: TestRowInterface (0.00s)
=== RUN   TestResultInterface
--- PASS: TestResultInterface (0.00s)
=== RUN   TestMigrateDropCustomFolderPath
--- PASS: TestMigrateDropCustomFolderPath (0.00s)
=== RUN   TestMigrateDropCustomFolderPath_AlreadyMigrated
--- PASS: TestMigrateDropCustomFolderPath_AlreadyMigrated (0.00s)
=== RUN   TestIdeasTableCreation
--- PASS: TestIdeasTableCreation (0.05s)
=== RUN   TestIdeasTableSchema
--- PASS: TestIdeasTableSchema (0.04s)
=== RUN   TestIdeasTableIndexes
--- PASS: TestIdeasTableIndexes (0.04s)
=== RUN   TestIdeasTableInsertAndQuery
--- PASS: TestIdeasTableInsertAndQuery (0.05s)
=== RUN   TestIdeasTableStatusConstraint
--- PASS: TestIdeasTableStatusConstraint (0.05s)
=== RUN   TestInitDB_RunsAllMigrations
--- PASS: TestInitDB_RunsAllMigrations (0.05s)
=== RUN   TestInitDB_ExistingDatabaseWithCustomFolderPath
--- PASS: TestInitDB_ExistingDatabaseWithCustomFolderPath (0.08s)
=== RUN   TestAbstractionLayer_EndToEnd
--- PASS: TestAbstractionLayer_EndToEnd (0.02s)
=== RUN   TestAbstractionLayer_AutoDetection
--- PASS: TestAbstractionLayer_AutoDetection (0.01s)
=== RUN   TestAbstractionLayer_MultipleDrivers
--- PASS: TestAbstractionLayer_MultipleDrivers (0.00s)
=== RUN   TestAbstractionLayer_ConcurrentAccess
--- PASS: TestAbstractionLayer_ConcurrentAccess (0.00s)
=== RUN   TestAbstractionLayer_InvalidConfig
=== RUN   TestAbstractionLayer_InvalidConfig/Empty_backend
=== RUN   TestAbstractionLayer_InvalidConfig/Invalid_backend_and_URL_mismatch
--- PASS: TestAbstractionLayer_InvalidConfig (0.00s)
    --- PASS: TestAbstractionLayer_InvalidConfig/Empty_backend (0.00s)
    --- PASS: TestAbstractionLayer_InvalidConfig/Invalid_backend_and_URL_mismatch (0.00s)
=== RUN   TestAbstractionLayer_SchemaCreation
--- PASS: TestAbstractionLayer_SchemaCreation (0.03s)
=== RUN   TestBackfillSlugsFromFilePaths
--- PASS: TestBackfillSlugsFromFilePaths (0.00s)
=== RUN   TestExtractEpicSlugFromPath
=== RUN   TestExtractEpicSlugFromPath/standard_epic_path
=== RUN   TestExtractEpicSlugFromPath/epic_with_single_word_slug
=== RUN   TestExtractEpicSlugFromPath/epic_with_multiple_hyphens
=== RUN   TestExtractEpicSlugFromPath/extract_epic_slug_from_feature_path
=== RUN   TestExtractEpicSlugFromPath/extract_epic_slug_from_task_path_(absolute)
=== RUN   TestExtractEpicSlugFromPath/extract_epic_slug_from_task_path_(relative)
=== RUN   TestExtractEpicSlugFromPath/epic_folder_without_slug_-_should_not_extract_feature_key
=== RUN   TestExtractEpicSlugFromPath/epic_folder_without_slug_-_feature_path
=== RUN   TestExtractEpicSlugFromPath/epic_folder_without_slug_-_should_not_extract_F05
=== RUN   TestExtractEpicSlugFromPath/empty_file_path
=== RUN   TestExtractEpicSlugFromPath/malformed_path_-_no_epic_marker
=== RUN   TestExtractEpicSlugFromPath/malformed_path_-_no_epic.md
--- PASS: TestExtractEpicSlugFromPath (0.00s)
    --- PASS: TestExtractEpicSlugFromPath/standard_epic_path (0.00s)
    --- PASS: TestExtractEpicSlugFromPath/epic_with_single_word_slug (0.00s)
    --- PASS: TestExtractEpicSlugFromPath/epic_with_multiple_hyphens (0.00s)
    --- PASS: TestExtractEpicSlugFromPath/extract_epic_slug_from_feature_path (0.00s)
    --- PASS: TestExtractEpicSlugFromPath/extract_epic_slug_from_task_path_(absolute) (0.00s)
    --- PASS: TestExtractEpicSlugFromPath/extract_epic_slug_from_task_path_(relative) (0.00s)
    --- PASS: TestExtractEpicSlugFromPath/epic_folder_without_slug_-_should_not_extract_feature_key (0.00s)
    --- PASS: TestExtractEpicSlugFromPath/epic_folder_without_slug_-_feature_path (0.00s)
    --- PASS: TestExtractEpicSlugFromPath/epic_folder_without_slug_-_should_not_extract_F05 (0.00s)
    --- PASS: TestExtractEpicSlugFromPath/empty_file_path (0.00s)
    --- PASS: TestExtractEpicSlugFromPath/malformed_path_-_no_epic_marker (0.00s)
    --- PASS: TestExtractEpicSlugFromPath/malformed_path_-_no_epic.md (0.00s)
=== RUN   TestExtractFeatureSlugFromPath
=== RUN   TestExtractFeatureSlugFromPath/standard_feature_path_with_prd.md
=== RUN   TestExtractFeatureSlugFromPath/feature_path_with_feature.md
=== RUN   TestExtractFeatureSlugFromPath/feature_with_single_word_slug
=== RUN   TestExtractFeatureSlugFromPath/extract_feature_slug_from_task_path_(absolute)
=== RUN   TestExtractFeatureSlugFromPath/extract_feature_slug_from_task_path_(relative)
=== RUN   TestExtractFeatureSlugFromPath/extract_feature_slug_from_task_path_with_multi-part_epic
=== RUN   TestExtractFeatureSlugFromPath/empty_file_path
=== RUN   TestExtractFeatureSlugFromPath/malformed_path_-_no_feature_marker
=== RUN   TestExtractFeatureSlugFromPath/malformed_path_-_no_prd.md_or_feature.md
--- PASS: TestExtractFeatureSlugFromPath (0.00s)
    --- PASS: TestExtractFeatureSlugFromPath/standard_feature_path_with_prd.md (0.00s)
    --- PASS: TestExtractFeatureSlugFromPath/feature_path_with_feature.md (0.00s)
    --- PASS: TestExtractFeatureSlugFromPath/feature_with_single_word_slug (0.00s)
    --- PASS: TestExtractFeatureSlugFromPath/extract_feature_slug_from_task_path_(absolute) (0.00s)
    --- PASS: TestExtractFeatureSlugFromPath/extract_feature_slug_from_task_path_(relative) (0.00s)
    --- PASS: TestExtractFeatureSlugFromPath/extract_feature_slug_from_task_path_with_multi-part_epic (0.00s)
    --- PASS: TestExtractFeatureSlugFromPath/empty_file_path (0.00s)
    --- PASS: TestExtractFeatureSlugFromPath/malformed_path_-_no_feature_marker (0.00s)
    --- PASS: TestExtractFeatureSlugFromPath/malformed_path_-_no_prd.md_or_feature.md (0.00s)
=== RUN   TestExtractTaskSlugFromPath
=== RUN   TestExtractTaskSlugFromPath/standard_task_path_with_slug
=== RUN   TestExtractTaskSlugFromPath/task_without_slug_(key_only)
=== RUN   TestExtractTaskSlugFromPath/task_with_multi-word_slug
=== RUN   TestExtractTaskSlugFromPath/absolute_path_task
=== RUN   TestExtractTaskSlugFromPath/empty_file_path
=== RUN   TestExtractTaskSlugFromPath/malformed_path_-_no_.md_extension
=== RUN   TestExtractTaskSlugFromPath/malformed_path_-_invalid_task_key_format
--- PASS: TestExtractTaskSlugFromPath (0.00s)
    --- PASS: TestExtractTaskSlugFromPath/standard_task_path_with_slug (0.00s)
    --- PASS: TestExtractTaskSlugFromPath/task_without_slug_(key_only) (0.00s)
    --- PASS: TestExtractTaskSlugFromPath/task_with_multi-word_slug (0.00s)
    --- PASS: TestExtractTaskSlugFromPath/absolute_path_task (0.00s)
    --- PASS: TestExtractTaskSlugFromPath/empty_file_path (0.00s)
    --- PASS: TestExtractTaskSlugFromPath/malformed_path_-_no_.md_extension (0.00s)
    --- PASS: TestExtractTaskSlugFromPath/malformed_path_-_invalid_task_key_format (0.00s)
=== RUN   TestMigrateAddExecutionOrder
    migrate_test.go:39: execution_order column already exists in schema, skipping migration test
--- PASS: TestMigrateAddExecutionOrder (0.05s)
=== RUN   TestMigrateAddSlugColumns
--- PASS: TestMigrateAddSlugColumns (0.04s)
=== RUN   TestMigrateTasksStatusConstraint_FixesTaskHistoryForeignKey
--- PASS: TestMigrateTasksStatusConstraint_FixesTaskHistoryForeignKey (0.00s)
=== RUN   TestMigrateTaskHistoryForeignKey_AlreadyMigratedDatabase
--- PASS: TestMigrateTaskHistoryForeignKey_AlreadyMigratedDatabase (0.00s)
=== RUN   TestRegisterDriver
--- PASS: TestRegisterDriver (0.00s)
=== RUN   TestDetectBackend
=== RUN   TestDetectBackend/SQLite_file_path
=== RUN   TestDetectBackend/SQLite_absolute_path
=== RUN   TestDetectBackend/Turso_libsql_URL
=== RUN   TestDetectBackend/Turso_https_URL
=== RUN   TestDetectBackend/Empty_string
=== RUN   TestDetectBackend/Relative_path
--- PASS: TestDetectBackend (0.00s)
    --- PASS: TestDetectBackend/SQLite_file_path (0.00s)
    --- PASS: TestDetectBackend/SQLite_absolute_path (0.00s)
    --- PASS: TestDetectBackend/Turso_libsql_URL (0.00s)
    --- PASS: TestDetectBackend/Turso_https_URL (0.00s)
    --- PASS: TestDetectBackend/Empty_string (0.00s)
    --- PASS: TestDetectBackend/Relative_path (0.00s)
=== RUN   TestNewDatabase
=== RUN   TestNewDatabase/SQLite_with_file_path
=== RUN   TestNewDatabase/Auto-detect_SQLite_from_file_path
=== RUN   TestNewDatabase/Unknown_backend
--- PASS: TestNewDatabase (0.00s)
    --- PASS: TestNewDatabase/SQLite_with_file_path (0.00s)
    --- PASS: TestNewDatabase/Auto-detect_SQLite_from_file_path (0.00s)
    --- PASS: TestNewDatabase/Unknown_backend (0.00s)
=== RUN   TestNewDatabase_UnregisteredBackend
--- PASS: TestNewDatabase_UnregisteredBackend (0.00s)
=== RUN   TestInitDatabase
--- PASS: TestInitDatabase (0.01s)
=== RUN   TestGetRegisteredDrivers
--- PASS: TestGetRegisteredDrivers (0.00s)
=== RUN   TestSQLiteDriver_Interface
--- PASS: TestSQLiteDriver_Interface (0.00s)
=== RUN   TestSQLiteDriver_Connect
--- PASS: TestSQLiteDriver_Connect (0.01s)
=== RUN   TestSQLiteDriver_QueryOperations
--- PASS: TestSQLiteDriver_QueryOperations (0.02s)
=== RUN   TestSQLiteDriver_Transactions
--- PASS: TestSQLiteDriver_Transactions (0.01s)
=== RUN   TestSQLiteDriver_ForeignKeys
--- PASS: TestSQLiteDriver_ForeignKeys (0.01s)
=== RUN   TestSQLiteDriver_ErrorHandling
--- PASS: TestSQLiteDriver_ErrorHandling (0.01s)
=== RUN   TestSQLiteDriver_CloseIdempotent
--- PASS: TestSQLiteDriver_CloseIdempotent (0.01s)
=== RUN   TestWorkflowStatusesAllowed
=== RUN   TestWorkflowStatusesAllowed/draft
    status_constraints_test.go:105: Successfully created task with status 'draft'
=== RUN   TestWorkflowStatusesAllowed/ready_for_refinement
    status_constraints_test.go:105: Successfully created task with status 'ready_for_refinement'
=== RUN   TestWorkflowStatusesAllowed/in_refinement
    status_constraints_test.go:105: Successfully created task with status 'in_refinement'
=== RUN   TestWorkflowStatusesAllowed/ready_for_development
    status_constraints_test.go:105: Successfully created task with status 'ready_for_development'
=== RUN   TestWorkflowStatusesAllowed/in_development
    status_constraints_test.go:105: Successfully created task with status 'in_development'
=== RUN   TestWorkflowStatusesAllowed/ready_for_code_review
    status_constraints_test.go:105: Successfully created task with status 'ready_for_code_review'
=== RUN   TestWorkflowStatusesAllowed/in_code_review
    status_constraints_test.go:105: Successfully created task with status 'in_code_review'
=== RUN   TestWorkflowStatusesAllowed/ready_for_qa
    status_constraints_test.go:105: Successfully created task with status 'ready_for_qa'
=== RUN   TestWorkflowStatusesAllowed/in_qa
    status_constraints_test.go:105: Successfully created task with status 'in_qa'
=== RUN   TestWorkflowStatusesAllowed/ready_for_approval
    status_constraints_test.go:105: Successfully created task with status 'ready_for_approval'
=== RUN   TestWorkflowStatusesAllowed/in_approval
    status_constraints_test.go:105: Successfully created task with status 'in_approval'
=== RUN   TestWorkflowStatusesAllowed/on_hold
    status_constraints_test.go:105: Successfully created task with status 'on_hold'
=== RUN   TestWorkflowStatusesAllowed/cancelled
    status_constraints_test.go:105: Successfully created task with status 'cancelled'
--- PASS: TestWorkflowStatusesAllowed (0.06s)
    --- PASS: TestWorkflowStatusesAllowed/draft (0.00s)
    --- PASS: TestWorkflowStatusesAllowed/ready_for_refinement (0.00s)
    --- PASS: TestWorkflowStatusesAllowed/in_refinement (0.00s)
    --- PASS: TestWorkflowStatusesAllowed/ready_for_development (0.00s)
    --- PASS: TestWorkflowStatusesAllowed/in_development (0.00s)
    --- PASS: TestWorkflowStatusesAllowed/ready_for_code_review (0.00s)
    --- PASS: TestWorkflowStatusesAllowed/in_code_review (0.00s)
    --- PASS: TestWorkflowStatusesAllowed/ready_for_qa (0.00s)
    --- PASS: TestWorkflowStatusesAllowed/in_qa (0.00s)
    --- PASS: TestWorkflowStatusesAllowed/ready_for_approval (0.00s)
    --- PASS: TestWorkflowStatusesAllowed/in_approval (0.00s)
    --- PASS: TestWorkflowStatusesAllowed/on_hold (0.00s)
    --- PASS: TestWorkflowStatusesAllowed/cancelled (0.01s)
=== RUN   TestStatusTransitionFromOldToNewWorkflow
    status_constraints_test.go:175: Successfully transitioned task to 'in_development' status
--- PASS: TestStatusTransitionFromOldToNewWorkflow (0.07s)
=== RUN   TestInvalidStatusStillRejected
=== RUN   TestInvalidStatusStillRejected/not_a_real_status
    status_constraints_test.go:252: WARNING: Database accepted invalid status 'not_a_real_status' - application validation is REQUIRED
=== RUN   TestInvalidStatusStillRejected/invalid
    status_constraints_test.go:252: WARNING: Database accepted invalid status 'invalid' - application validation is REQUIRED
=== RUN   TestInvalidStatusStillRejected/random_string
    status_constraints_test.go:252: WARNING: Database accepted invalid status 'random_string' - application validation is REQUIRED
=== RUN   TestInvalidStatusStillRejected/#00
    status_constraints_test.go:252: WARNING: Database accepted invalid status '' - application validation is REQUIRED
--- PASS: TestInvalidStatusStillRejected (0.04s)
    --- PASS: TestInvalidStatusStillRejected/not_a_real_status (0.00s)
    --- PASS: TestInvalidStatusStillRejected/invalid (0.00s)
    --- PASS: TestInvalidStatusStillRejected/random_string (0.00s)
    --- PASS: TestInvalidStatusStillRejected/#00 (0.00s)
=== RUN   TestTursoDriver_Interface
--- PASS: TestTursoDriver_Interface (0.00s)
=== RUN   TestTursoDriver_NewDriver
--- PASS: TestTursoDriver_NewDriver (0.00s)
=== RUN   TestTursoDriver_Connect
    turso_driver_test.go:32: Skipping Turso connection test: TURSO_DATABASE_URL or TURSO_AUTH_TOKEN not set
--- SKIP: TestTursoDriver_Connect (0.00s)
=== RUN   TestTursoDriver_BasicOperations
    turso_driver_test.go:60: Skipping Turso operations test: credentials not set
--- SKIP: TestTursoDriver_BasicOperations (0.00s)
=== RUN   TestTursoDriver_Transactions
    turso_driver_test.go:127: Skipping Turso transaction test: credentials not set
--- SKIP: TestTursoDriver_Transactions (0.00s)
=== RUN   TestBuildTursoConnectionString
=== RUN   TestBuildTursoConnectionString/libsql_URL_with_token
=== RUN   TestBuildTursoConnectionString/https_URL_with_token
=== RUN   TestBuildTursoConnectionString/URL_with_query_params
--- PASS: TestBuildTursoConnectionString (0.00s)
    --- PASS: TestBuildTursoConnectionString/libsql_URL_with_token (0.00s)
    --- PASS: TestBuildTursoConnectionString/https_URL_with_token (0.00s)
    --- PASS: TestBuildTursoConnectionString/URL_with_query_params (0.00s)
PASS
ok  	github.com/jwwelbor/shark-task-manager/internal/db	(cached)
=== RUN   TestDetector_DetectCycle
=== RUN   TestDetector_DetectCycle/no_cycle_-_linear_chain
=== RUN   TestDetector_DetectCycle/simple_cycle_-_A_depends_on_B,_B_depends_on_A
=== RUN   TestDetector_DetectCycle/three-task_cycle_-_A->B->C->A
=== RUN   TestDetector_DetectCycle/complex_cycle_with_branch_-_A->B,_A->C,_B->D,_C->D,_D->A
=== RUN   TestDetector_DetectCycle/self-reference
=== RUN   TestDetector_DetectCycle/no_cycle_-_diamond_dependency
=== RUN   TestDetector_DetectCycle/cycle_in_middle_of_chain_-_A->B->C->D->B
=== RUN   TestDetector_DetectCycle/no_dependencies
=== RUN   TestDetector_DetectCycle/task_not_in_graph
--- PASS: TestDetector_DetectCycle (0.00s)
    --- PASS: TestDetector_DetectCycle/no_cycle_-_linear_chain (0.00s)
    --- PASS: TestDetector_DetectCycle/simple_cycle_-_A_depends_on_B,_B_depends_on_A (0.00s)
    --- PASS: TestDetector_DetectCycle/three-task_cycle_-_A->B->C->A (0.00s)
    --- PASS: TestDetector_DetectCycle/complex_cycle_with_branch_-_A->B,_A->C,_B->D,_C->D,_D->A (0.00s)
    --- PASS: TestDetector_DetectCycle/self-reference (0.00s)
    --- PASS: TestDetector_DetectCycle/no_cycle_-_diamond_dependency (0.00s)
    --- PASS: TestDetector_DetectCycle/cycle_in_middle_of_chain_-_A->B->C->D->B (0.00s)
    --- PASS: TestDetector_DetectCycle/no_dependencies (0.00s)
    --- PASS: TestDetector_DetectCycle/task_not_in_graph (0.00s)
=== RUN   TestDetector_ValidateDependency
=== RUN   TestDetector_ValidateDependency/valid_-_no_cycle_created
=== RUN   TestDetector_ValidateDependency/invalid_-_would_create_simple_cycle
=== RUN   TestDetector_ValidateDependency/invalid_-_would_create_complex_cycle
=== RUN   TestDetector_ValidateDependency/invalid_-_self-reference
=== RUN   TestDetector_ValidateDependency/valid_-_adding_to_independent_branch
--- PASS: TestDetector_ValidateDependency (0.00s)
    --- PASS: TestDetector_ValidateDependency/valid_-_no_cycle_created (0.00s)
    --- PASS: TestDetector_ValidateDependency/invalid_-_would_create_simple_cycle (0.00s)
    --- PASS: TestDetector_ValidateDependency/invalid_-_would_create_complex_cycle (0.00s)
    --- PASS: TestDetector_ValidateDependency/invalid_-_self-reference (0.00s)
    --- PASS: TestDetector_ValidateDependency/valid_-_adding_to_independent_branch (0.00s)
=== RUN   TestDetector_ValidateMultipleDependencies
=== RUN   TestDetector_ValidateMultipleDependencies/valid_-_multiple_dependencies,_no_cycle
=== RUN   TestDetector_ValidateMultipleDependencies/invalid_-_one_dependency_creates_cycle
=== RUN   TestDetector_ValidateMultipleDependencies/invalid_-_self-reference_in_list
=== RUN   TestDetector_ValidateMultipleDependencies/valid_-_empty_dependencies
--- PASS: TestDetector_ValidateMultipleDependencies (0.00s)
    --- PASS: TestDetector_ValidateMultipleDependencies/valid_-_multiple_dependencies,_no_cycle (0.00s)
    --- PASS: TestDetector_ValidateMultipleDependencies/invalid_-_one_dependency_creates_cycle (0.00s)
    --- PASS: TestDetector_ValidateMultipleDependencies/invalid_-_self-reference_in_list (0.00s)
    --- PASS: TestDetector_ValidateMultipleDependencies/valid_-_empty_dependencies (0.00s)
=== RUN   TestDetector_GetDependencyChain
--- PASS: TestDetector_GetDependencyChain (0.00s)
=== RUN   TestDetector_ClearGraph
--- PASS: TestDetector_ClearGraph (0.00s)
=== RUN   TestDetector_RemoveDependency
--- PASS: TestDetector_RemoveDependency (0.00s)
PASS
ok  	github.com/jwwelbor/shark-task-manager/internal/dependency	(cached)
=== RUN   TestConflictDetector_Detect_EpicIndexOnly
--- PASS: TestConflictDetector_Detect_EpicIndexOnly (0.00s)
=== RUN   TestConflictDetector_Detect_EpicFolderOnly
--- PASS: TestConflictDetector_Detect_EpicFolderOnly (0.00s)
=== RUN   TestConflictDetector_Detect_FeatureIndexOnly
--- PASS: TestConflictDetector_Detect_FeatureIndexOnly (0.00s)
=== RUN   TestConflictDetector_Detect_FeatureFolderOnly
--- PASS: TestConflictDetector_Detect_FeatureFolderOnly (0.00s)
=== RUN   TestConflictDetector_Detect_FeatureRelationshipMismatch
--- PASS: TestConflictDetector_Detect_FeatureRelationshipMismatch (0.00s)
=== RUN   TestConflictDetector_Detect_MultipleConflicts
--- PASS: TestConflictDetector_Detect_MultipleConflicts (0.00s)
=== RUN   TestConflictDetector_Detect_NoConflicts
--- PASS: TestConflictDetector_Detect_NoConflicts (0.00s)
=== RUN   TestConflictDetector_Detect_EmptyInputs
--- PASS: TestConflictDetector_Detect_EmptyInputs (0.00s)
=== RUN   TestConflictDetector_Detect_ConflictSuggestionsAreActionable
=== RUN   TestConflictDetector_Detect_ConflictSuggestionsAreActionable/Epic_index_only_suggests_creating_folder
=== RUN   TestConflictDetector_Detect_ConflictSuggestionsAreActionable/Epic_folder_only_suggests_adding_to_index
--- PASS: TestConflictDetector_Detect_ConflictSuggestionsAreActionable (0.00s)
    --- PASS: TestConflictDetector_Detect_ConflictSuggestionsAreActionable/Epic_index_only_suggests_creating_folder (0.00s)
    --- PASS: TestConflictDetector_Detect_ConflictSuggestionsAreActionable/Epic_folder_only_suggests_adding_to_index (0.00s)
=== RUN   TestConflictResolver_Resolve_IndexPrecedence_OnlyIndexItems
--- PASS: TestConflictResolver_Resolve_IndexPrecedence_OnlyIndexItems (0.00s)
=== RUN   TestConflictResolver_Resolve_IndexPrecedence_FailsOnIndexOnlyEpic
--- PASS: TestConflictResolver_Resolve_IndexPrecedence_FailsOnIndexOnlyEpic (0.00s)
=== RUN   TestConflictResolver_Resolve_IndexPrecedence_WarnsOnFolderOnlyItems
--- PASS: TestConflictResolver_Resolve_IndexPrecedence_WarnsOnFolderOnlyItems (0.00s)
=== RUN   TestConflictResolver_Resolve_FolderPrecedence_OnlyFolderItems
--- PASS: TestConflictResolver_Resolve_FolderPrecedence_OnlyFolderItems (0.00s)
=== RUN   TestConflictResolver_Resolve_FolderPrecedence_WarnsOnIndexOnlyItems
--- PASS: TestConflictResolver_Resolve_FolderPrecedence_WarnsOnIndexOnlyItems (0.00s)
=== RUN   TestConflictResolver_Resolve_Merge_CombinesBothSources
--- PASS: TestConflictResolver_Resolve_Merge_CombinesBothSources (0.00s)
=== RUN   TestConflictResolver_Resolve_Merge_IndexMetadataWins
--- PASS: TestConflictResolver_Resolve_Merge_IndexMetadataWins (0.00s)
=== RUN   TestConflictResolver_Resolve_Merge_PreservesFolderFilePath
--- PASS: TestConflictResolver_Resolve_Merge_PreservesFolderFilePath (0.00s)
=== RUN   TestConflictResolver_Resolve_UnknownStrategy_ReturnsError
--- PASS: TestConflictResolver_Resolve_UnknownStrategy_ReturnsError (0.00s)
=== RUN   TestConflictResolver_Resolve_Merge_HandlesRelationshipMismatch
--- PASS: TestConflictResolver_Resolve_Merge_HandlesRelationshipMismatch (0.00s)
=== RUN   TestConflictResolver_Resolve_IndexPrecedence_NoWarningsWhenIndexFileDoesNotExist
--- PASS: TestConflictResolver_Resolve_IndexPrecedence_NoWarningsWhenIndexFileDoesNotExist (0.00s)
=== RUN   TestConflictResolver_Resolve_Merge_NoWarningsWhenIndexFileDoesNotExist
--- PASS: TestConflictResolver_Resolve_Merge_NoWarningsWhenIndexFileDoesNotExist (0.00s)
=== RUN   TestCaptureGroupConstants
=== RUN   TestCaptureGroupConstants/epic_id
=== RUN   TestCaptureGroupConstants/epic_slug
=== RUN   TestCaptureGroupConstants/epic_num
=== RUN   TestCaptureGroupConstants/feature_id
=== RUN   TestCaptureGroupConstants/feature_slug
=== RUN   TestCaptureGroupConstants/feature_num
--- PASS: TestCaptureGroupConstants (0.00s)
    --- PASS: TestCaptureGroupConstants/epic_id (0.00s)
    --- PASS: TestCaptureGroupConstants/epic_slug (0.00s)
    --- PASS: TestCaptureGroupConstants/epic_num (0.00s)
    --- PASS: TestCaptureGroupConstants/feature_id (0.00s)
    --- PASS: TestCaptureGroupConstants/feature_slug (0.00s)
    --- PASS: TestCaptureGroupConstants/feature_num (0.00s)
=== RUN   TestDefaultPatternValidity
=== RUN   TestDefaultPatternValidity/DefaultEpicFolderPattern
=== RUN   TestDefaultPatternValidity/DefaultEpicSpecialPattern
=== RUN   TestDefaultPatternValidity/DefaultFeatureFolderPattern
=== RUN   TestDefaultPatternValidity/DefaultFeatureFolderShortPattern
=== RUN   TestDefaultPatternValidity/DefaultFeatureFilePattern
=== RUN   TestDefaultPatternValidity/DefaultFeatureFileLongPattern
--- PASS: TestDefaultPatternValidity (0.00s)
    --- PASS: TestDefaultPatternValidity/DefaultEpicFolderPattern (0.00s)
    --- PASS: TestDefaultPatternValidity/DefaultEpicSpecialPattern (0.00s)
    --- PASS: TestDefaultPatternValidity/DefaultFeatureFolderPattern (0.00s)
    --- PASS: TestDefaultPatternValidity/DefaultFeatureFolderShortPattern (0.00s)
    --- PASS: TestDefaultPatternValidity/DefaultFeatureFilePattern (0.00s)
    --- PASS: TestDefaultPatternValidity/DefaultFeatureFileLongPattern (0.00s)
=== RUN   TestDefaultEpicFolderPattern
=== RUN   TestDefaultEpicFolderPattern/valid_E04
=== RUN   TestDefaultEpicFolderPattern/valid_E06
=== RUN   TestDefaultEpicFolderPattern/invalid_single_digit
=== RUN   TestDefaultEpicFolderPattern/invalid_no_slug
--- PASS: TestDefaultEpicFolderPattern (0.00s)
    --- PASS: TestDefaultEpicFolderPattern/valid_E04 (0.00s)
    --- PASS: TestDefaultEpicFolderPattern/valid_E06 (0.00s)
    --- PASS: TestDefaultEpicFolderPattern/invalid_single_digit (0.00s)
    --- PASS: TestDefaultEpicFolderPattern/invalid_no_slug (0.00s)
=== RUN   TestDefaultEpicSpecialPattern
=== RUN   TestDefaultEpicSpecialPattern/tech-debt
=== RUN   TestDefaultEpicSpecialPattern/bugs
=== RUN   TestDefaultEpicSpecialPattern/change-cards
=== RUN   TestDefaultEpicSpecialPattern/invalid_other
--- PASS: TestDefaultEpicSpecialPattern (0.00s)
    --- PASS: TestDefaultEpicSpecialPattern/tech-debt (0.00s)
    --- PASS: TestDefaultEpicSpecialPattern/bugs (0.00s)
    --- PASS: TestDefaultEpicSpecialPattern/change-cards (0.00s)
    --- PASS: TestDefaultEpicSpecialPattern/invalid_other (0.00s)
=== RUN   TestDefaultFeatureFolderPattern
=== RUN   TestDefaultFeatureFolderPattern/valid_E04-F07
=== RUN   TestDefaultFeatureFolderPattern/valid_E06-F02
=== RUN   TestDefaultFeatureFolderPattern/invalid_single_digit_epic
=== RUN   TestDefaultFeatureFolderPattern/invalid_no_slug
--- PASS: TestDefaultFeatureFolderPattern (0.00s)
    --- PASS: TestDefaultFeatureFolderPattern/valid_E04-F07 (0.00s)
    --- PASS: TestDefaultFeatureFolderPattern/valid_E06-F02 (0.00s)
    --- PASS: TestDefaultFeatureFolderPattern/invalid_single_digit_epic (0.00s)
    --- PASS: TestDefaultFeatureFolderPattern/invalid_no_slug (0.00s)
=== RUN   TestDefaultFeatureFilePattern
=== RUN   TestDefaultFeatureFilePattern/valid_prd.md
=== RUN   TestDefaultFeatureFilePattern/invalid_PRD.md
=== RUN   TestDefaultFeatureFilePattern/invalid_prd-feature.md
=== RUN   TestDefaultFeatureFilePattern/invalid_epic.md
--- PASS: TestDefaultFeatureFilePattern (0.00s)
    --- PASS: TestDefaultFeatureFilePattern/valid_prd.md (0.00s)
    --- PASS: TestDefaultFeatureFilePattern/invalid_PRD.md (0.00s)
    --- PASS: TestDefaultFeatureFilePattern/invalid_prd-feature.md (0.00s)
    --- PASS: TestDefaultFeatureFilePattern/invalid_epic.md (0.00s)
=== RUN   TestDefaultConstants
--- PASS: TestDefaultConstants (0.00s)
=== RUN   TestRelatedDocPatterns
--- PASS: TestRelatedDocPatterns (0.00s)
=== RUN   TestExcludedSubfolders
--- PASS: TestExcludedSubfolders (0.00s)
=== RUN   TestFolderScanner_Scan
=== RUN   TestFolderScanner_Scan/scan_standard_E##-epic-slug_folders
=== RUN   TestFolderScanner_Scan/scan_special_epic_types_(tech-debt,_bugs)
=== RUN   TestFolderScanner_Scan/scan_epic_with_epic.md_file
=== RUN   TestFolderScanner_Scan/scan_epic_with_features_(E##-F##-feature-slug)
=== RUN   TestFolderScanner_Scan/scan_feature_with_prd.md_file
=== RUN   TestFolderScanner_Scan/scan_feature_with_related_documents
=== RUN   TestFolderScanner_Scan/skip_hidden_directories
=== RUN   TestFolderScanner_Scan/skip_tasks_subfolder_from_related_docs
=== RUN   TestFolderScanner_Scan/handle_empty_docs_root
=== RUN   TestFolderScanner_Scan/handle_non-existent_docs_root
=== RUN   TestFolderScanner_Scan/mixed_epic_types_in_same_project
--- PASS: TestFolderScanner_Scan (0.04s)
    --- PASS: TestFolderScanner_Scan/scan_standard_E##-epic-slug_folders (0.00s)
    --- PASS: TestFolderScanner_Scan/scan_special_epic_types_(tech-debt,_bugs) (0.00s)
    --- PASS: TestFolderScanner_Scan/scan_epic_with_epic.md_file (0.00s)
    --- PASS: TestFolderScanner_Scan/scan_epic_with_features_(E##-F##-feature-slug) (0.00s)
    --- PASS: TestFolderScanner_Scan/scan_feature_with_prd.md_file (0.00s)
    --- PASS: TestFolderScanner_Scan/scan_feature_with_related_documents (0.00s)
    --- PASS: TestFolderScanner_Scan/skip_hidden_directories (0.00s)
    --- PASS: TestFolderScanner_Scan/skip_tasks_subfolder_from_related_docs (0.00s)
    --- PASS: TestFolderScanner_Scan/handle_empty_docs_root (0.00s)
    --- PASS: TestFolderScanner_Scan/handle_non-existent_docs_root (0.00s)
    --- PASS: TestFolderScanner_Scan/mixed_epic_types_in_same_project (0.01s)
=== RUN   TestFolderScanner_MatchEpicFolder
=== RUN   TestFolderScanner_MatchEpicFolder/match_standard_E##-slug_format
=== RUN   TestFolderScanner_MatchEpicFolder/match_tech-debt_special_type
=== RUN   TestFolderScanner_MatchEpicFolder/match_bugs_special_type
=== RUN   TestFolderScanner_MatchEpicFolder/no_match_for_random_folder
=== RUN   TestFolderScanner_MatchEpicFolder/no_match_for_feature_folder
--- PASS: TestFolderScanner_MatchEpicFolder (0.00s)
    --- PASS: TestFolderScanner_MatchEpicFolder/match_standard_E##-slug_format (0.00s)
    --- PASS: TestFolderScanner_MatchEpicFolder/match_tech-debt_special_type (0.00s)
    --- PASS: TestFolderScanner_MatchEpicFolder/match_bugs_special_type (0.00s)
    --- PASS: TestFolderScanner_MatchEpicFolder/no_match_for_random_folder (0.00s)
    --- PASS: TestFolderScanner_MatchEpicFolder/no_match_for_feature_folder (0.00s)
=== RUN   TestFolderScanner_MatchFeatureFolder
=== RUN   TestFolderScanner_MatchFeatureFolder/match_standard_E##-F##-slug_format
=== RUN   TestFolderScanner_MatchFeatureFolder/no_match_for_random_folder
=== RUN   TestFolderScanner_MatchFeatureFolder/no_match_for_epic_folder
--- PASS: TestFolderScanner_MatchFeatureFolder (0.00s)
    --- PASS: TestFolderScanner_MatchFeatureFolder/match_standard_E##-F##-slug_format (0.00s)
    --- PASS: TestFolderScanner_MatchFeatureFolder/no_match_for_random_folder (0.00s)
    --- PASS: TestFolderScanner_MatchFeatureFolder/no_match_for_epic_folder (0.00s)
=== RUN   TestFolderScanner_Performance
--- PASS: TestFolderScanner_Performance (0.12s)
=== RUN   TestIndexParser_Parse_StandardEpicLinks
--- PASS: TestIndexParser_Parse_StandardEpicLinks (0.00s)
=== RUN   TestIndexParser_Parse_SpecialEpicTypes
--- PASS: TestIndexParser_Parse_SpecialEpicTypes (0.00s)
=== RUN   TestIndexParser_Parse_FeatureLinks
--- PASS: TestIndexParser_Parse_FeatureLinks (0.00s)
=== RUN   TestIndexParser_Parse_MixedListFormats
--- PASS: TestIndexParser_Parse_MixedListFormats (0.00s)
=== RUN   TestIndexParser_Parse_RelativePathVariations
--- PASS: TestIndexParser_Parse_RelativePathVariations (0.00s)
=== RUN   TestIndexParser_Parse_MalformedLinks
--- PASS: TestIndexParser_Parse_MalformedLinks (0.00s)
=== RUN   TestIndexParser_Parse_FileNotFound
--- PASS: TestIndexParser_Parse_FileNotFound (0.00s)
=== RUN   TestIndexParser_Parse_EmptyFile
--- PASS: TestIndexParser_Parse_EmptyFile (0.00s)
=== RUN   TestIndexParser_Parse_NoMarkdownLinks
--- PASS: TestIndexParser_Parse_NoMarkdownLinks (0.00s)
=== RUN   TestIndexParser_Parse_ComplexRealWorld
--- PASS: TestIndexParser_Parse_ComplexRealWorld (0.00s)
=== RUN   TestIndexParser_parseEpicLink_StandardFormat
=== RUN   TestIndexParser_parseEpicLink_StandardFormat/E04-task-mgmt-cli-core
=== RUN   TestIndexParser_parseEpicLink_StandardFormat/E05-advanced-querying
=== RUN   TestIndexParser_parseEpicLink_StandardFormat/tech-debt
=== RUN   TestIndexParser_parseEpicLink_StandardFormat/bugs
=== RUN   TestIndexParser_parseEpicLink_StandardFormat/X99-invalid
=== RUN   TestIndexParser_parseEpicLink_StandardFormat/E04-F01-something
--- PASS: TestIndexParser_parseEpicLink_StandardFormat (0.00s)
    --- PASS: TestIndexParser_parseEpicLink_StandardFormat/E04-task-mgmt-cli-core (0.00s)
    --- PASS: TestIndexParser_parseEpicLink_StandardFormat/E05-advanced-querying (0.00s)
    --- PASS: TestIndexParser_parseEpicLink_StandardFormat/tech-debt (0.00s)
    --- PASS: TestIndexParser_parseEpicLink_StandardFormat/bugs (0.00s)
    --- PASS: TestIndexParser_parseEpicLink_StandardFormat/X99-invalid (0.00s)
    --- PASS: TestIndexParser_parseEpicLink_StandardFormat/E04-F01-something (0.00s)
=== RUN   TestIndexParser_parseFeatureLink_StandardFormat
=== RUN   TestIndexParser_parseFeatureLink_StandardFormat/E04-task-mgmt-cli-core/E04-F07-initialization-sync
=== RUN   TestIndexParser_parseFeatureLink_StandardFormat/E05-advanced-querying/E05-F01-pattern-library
=== RUN   TestIndexParser_parseFeatureLink_StandardFormat/E04-epic/E04-F01-feature/tasks/T-001
=== RUN   TestIndexParser_parseFeatureLink_StandardFormat/E04-epic-slug
--- PASS: TestIndexParser_parseFeatureLink_StandardFormat (0.00s)
    --- PASS: TestIndexParser_parseFeatureLink_StandardFormat/E04-task-mgmt-cli-core/E04-F07-initialization-sync (0.00s)
    --- PASS: TestIndexParser_parseFeatureLink_StandardFormat/E05-advanced-querying/E05-F01-pattern-library (0.00s)
    --- PASS: TestIndexParser_parseFeatureLink_StandardFormat/E04-epic/E04-F01-feature/tasks/T-001 (0.00s)
    --- PASS: TestIndexParser_parseFeatureLink_StandardFormat/E04-epic-slug (0.00s)
=== RUN   TestIndexParser_Parse_RealWorld_WormwoodGM
--- PASS: TestIndexParser_Parse_RealWorld_WormwoodGM (0.00s)
=== RUN   TestPatternMatcher_MatchEpicPattern
=== RUN   TestPatternMatcher_MatchEpicPattern/match_standard_E##-slug
=== RUN   TestPatternMatcher_MatchEpicPattern/match_E01
=== RUN   TestPatternMatcher_MatchEpicPattern/match_E99
=== RUN   TestPatternMatcher_MatchEpicPattern/match_tech-debt_special_type
=== RUN   TestPatternMatcher_MatchEpicPattern/match_bugs_special_type
=== RUN   TestPatternMatcher_MatchEpicPattern/match_change-cards_special_type
=== RUN   TestPatternMatcher_MatchEpicPattern/no_match_for_E_without_two_digits
=== RUN   TestPatternMatcher_MatchEpicPattern/no_match_for_lowercase_e
=== RUN   TestPatternMatcher_MatchEpicPattern/no_match_for_random_folder
=== RUN   TestPatternMatcher_MatchEpicPattern/no_match_for_feature_folder
--- PASS: TestPatternMatcher_MatchEpicPattern (0.00s)
    --- PASS: TestPatternMatcher_MatchEpicPattern/match_standard_E##-slug (0.00s)
    --- PASS: TestPatternMatcher_MatchEpicPattern/match_E01 (0.00s)
    --- PASS: TestPatternMatcher_MatchEpicPattern/match_E99 (0.00s)
    --- PASS: TestPatternMatcher_MatchEpicPattern/match_tech-debt_special_type (0.00s)
    --- PASS: TestPatternMatcher_MatchEpicPattern/match_bugs_special_type (0.00s)
    --- PASS: TestPatternMatcher_MatchEpicPattern/match_change-cards_special_type (0.00s)
    --- PASS: TestPatternMatcher_MatchEpicPattern/no_match_for_E_without_two_digits (0.00s)
    --- PASS: TestPatternMatcher_MatchEpicPattern/no_match_for_lowercase_e (0.00s)
    --- PASS: TestPatternMatcher_MatchEpicPattern/no_match_for_random_folder (0.00s)
    --- PASS: TestPatternMatcher_MatchEpicPattern/no_match_for_feature_folder (0.00s)
=== RUN   TestPatternMatcher_MatchFeaturePattern
=== RUN   TestPatternMatcher_MatchFeaturePattern/match_standard_E##-F##-slug
=== RUN   TestPatternMatcher_MatchFeaturePattern/match_F01
=== RUN   TestPatternMatcher_MatchFeaturePattern/match_F99
=== RUN   TestPatternMatcher_MatchFeaturePattern/no_match_for_F_without_two_digits
=== RUN   TestPatternMatcher_MatchFeaturePattern/no_match_for_lowercase_f
=== RUN   TestPatternMatcher_MatchFeaturePattern/no_match_for_random_folder
=== RUN   TestPatternMatcher_MatchFeaturePattern/no_match_for_epic_folder
--- PASS: TestPatternMatcher_MatchFeaturePattern (0.00s)
    --- PASS: TestPatternMatcher_MatchFeaturePattern/match_standard_E##-F##-slug (0.00s)
    --- PASS: TestPatternMatcher_MatchFeaturePattern/match_F01 (0.00s)
    --- PASS: TestPatternMatcher_MatchFeaturePattern/match_F99 (0.00s)
    --- PASS: TestPatternMatcher_MatchFeaturePattern/no_match_for_F_without_two_digits (0.00s)
    --- PASS: TestPatternMatcher_MatchFeaturePattern/no_match_for_lowercase_f (0.00s)
    --- PASS: TestPatternMatcher_MatchFeaturePattern/no_match_for_random_folder (0.00s)
    --- PASS: TestPatternMatcher_MatchFeaturePattern/no_match_for_epic_folder (0.00s)
=== RUN   TestPatternMatcher_MatchFeatureFilePattern
=== RUN   TestPatternMatcher_MatchFeatureFilePattern/match_prd.md_(highest_priority)
=== RUN   TestPatternMatcher_MatchFeatureFilePattern/match_PRD_F07-name.md
=== RUN   TestPatternMatcher_MatchFeatureFilePattern/match_architecture.md_(fallback_pattern_matches_any_.md)
=== RUN   TestPatternMatcher_MatchFeatureFilePattern/no_match_for_task_file
=== RUN   TestPatternMatcher_MatchFeatureFilePattern/no_match_for_README
=== RUN   TestPatternMatcher_MatchFeatureFilePattern/no_match_for_non-markdown
--- PASS: TestPatternMatcher_MatchFeatureFilePattern (0.00s)
    --- PASS: TestPatternMatcher_MatchFeatureFilePattern/match_prd.md_(highest_priority) (0.00s)
    --- PASS: TestPatternMatcher_MatchFeatureFilePattern/match_PRD_F07-name.md (0.00s)
    --- PASS: TestPatternMatcher_MatchFeatureFilePattern/match_architecture.md_(fallback_pattern_matches_any_.md) (0.00s)
    --- PASS: TestPatternMatcher_MatchFeatureFilePattern/no_match_for_task_file (0.00s)
    --- PASS: TestPatternMatcher_MatchFeatureFilePattern/no_match_for_README (0.00s)
    --- PASS: TestPatternMatcher_MatchFeatureFilePattern/no_match_for_non-markdown (0.00s)
=== RUN   TestPatternMatcher_FirstMatchWins
--- PASS: TestPatternMatcher_FirstMatchWins (0.00s)
=== RUN   TestPatternMatcher_CachedRegexes
--- PASS: TestPatternMatcher_CachedRegexes (0.00s)
=== RUN   TestPatternMatcher_InvalidPattern
--- PASS: TestPatternMatcher_InvalidPattern (0.00s)
=== RUN   TestPatternMatcher_CustomPatterns
=== RUN   TestPatternMatcher_CustomPatterns/match_custom_EPIC-###_format
=== RUN   TestPatternMatcher_CustomPatterns/no_match_for_standard_E##_format
--- PASS: TestPatternMatcher_CustomPatterns (0.00s)
    --- PASS: TestPatternMatcher_CustomPatterns/match_custom_EPIC-###_format (0.00s)
    --- PASS: TestPatternMatcher_CustomPatterns/no_match_for_standard_E##_format (0.00s)
=== RUN   TestDiscoveryOptions
=== RUN   TestDiscoveryOptions/default_options
=== RUN   TestDiscoveryOptions/custom_options
--- PASS: TestDiscoveryOptions (0.00s)
    --- PASS: TestDiscoveryOptions/default_options (0.00s)
    --- PASS: TestDiscoveryOptions/custom_options (0.00s)
=== RUN   TestDiscoveryReportJSONMarshaling
--- PASS: TestDiscoveryReportJSONMarshaling (0.00s)
=== RUN   TestConflictTypes
=== RUN   TestConflictTypes/epic_index_only
=== RUN   TestConflictTypes/epic_folder_only
=== RUN   TestConflictTypes/feature_index_only
=== RUN   TestConflictTypes/feature_folder_only
=== RUN   TestConflictTypes/relationship_mismatch
--- PASS: TestConflictTypes (0.00s)
    --- PASS: TestConflictTypes/epic_index_only (0.00s)
    --- PASS: TestConflictTypes/epic_folder_only (0.00s)
    --- PASS: TestConflictTypes/feature_index_only (0.00s)
    --- PASS: TestConflictTypes/feature_folder_only (0.00s)
    --- PASS: TestConflictTypes/relationship_mismatch (0.00s)
=== RUN   TestConflictStrategies
=== RUN   TestConflictStrategies/index-precedence
=== RUN   TestConflictStrategies/folder-precedence
=== RUN   TestConflictStrategies/merge
--- PASS: TestConflictStrategies (0.00s)
    --- PASS: TestConflictStrategies/index-precedence (0.00s)
    --- PASS: TestConflictStrategies/folder-precedence (0.00s)
    --- PASS: TestConflictStrategies/merge (0.00s)
=== RUN   TestValidationLevels
=== RUN   TestValidationLevels/strict
=== RUN   TestValidationLevels/balanced
=== RUN   TestValidationLevels/permissive
--- PASS: TestValidationLevels (0.00s)
    --- PASS: TestValidationLevels/strict (0.00s)
    --- PASS: TestValidationLevels/balanced (0.00s)
    --- PASS: TestValidationLevels/permissive (0.00s)
=== RUN   TestIndexEpic
--- PASS: TestIndexEpic (0.00s)
=== RUN   TestFolderEpic
--- PASS: TestFolderEpic (0.00s)
=== RUN   TestDiscoveredEpic
--- PASS: TestDiscoveredEpic (0.00s)
=== RUN   TestDiscoverySource
=== RUN   TestDiscoverySource/index
=== RUN   TestDiscoverySource/folder
=== RUN   TestDiscoverySource/merged
--- PASS: TestDiscoverySource (0.00s)
    --- PASS: TestDiscoverySource/index (0.00s)
    --- PASS: TestDiscoverySource/folder (0.00s)
    --- PASS: TestDiscoverySource/merged (0.00s)
=== RUN   TestConflictJSONMarshaling
--- PASS: TestConflictJSONMarshaling (0.00s)
PASS
ok  	github.com/jwwelbor/shark-task-manager/internal/discovery	(cached)
=== RUN   TestWriteNewFile
--- PASS: TestWriteNewFile (0.00s)
=== RUN   TestLinkExistingFile
--- PASS: TestLinkExistingFile (0.00s)
=== RUN   TestAtomicWrite
--- PASS: TestAtomicWrite (0.02s)
=== RUN   TestNonAtomicWrite
--- PASS: TestNonAtomicWrite (0.00s)
=== RUN   TestCreateDirectories
--- PASS: TestCreateDirectories (0.00s)
=== RUN   TestRelativePath
--- PASS: TestRelativePath (0.00s)
=== RUN   TestAbsolutePath
--- PASS: TestAbsolutePath (0.00s)
=== RUN   TestCreateIfMissingTrue
--- PASS: TestCreateIfMissingTrue (0.00s)
=== RUN   TestVerboseLogging
--- PASS: TestVerboseLogging (0.00s)
=== RUN   TestVerboseLoggingForExistingFile
--- PASS: TestVerboseLoggingForExistingFile (0.00s)
=== RUN   TestPermissionDenied
--- PASS: TestPermissionDenied (0.00s)
=== RUN   TestCreateIfMissingFalse
--- PASS: TestCreateIfMissingFalse (0.00s)
=== RUN   TestAtomicWriteRaceCondition
--- PASS: TestAtomicWriteRaceCondition (0.00s)
=== RUN   TestEmptyFilePath
--- PASS: TestEmptyFilePath (0.00s)
=== RUN   TestPathTraversal
--- PASS: TestPathTraversal (0.00s)
=== RUN   TestAbsolutePathOutsideProjectRoot
--- PASS: TestAbsolutePathOutsideProjectRoot (0.00s)
=== RUN   TestStatErrorHandling
--- PASS: TestStatErrorHandling (0.00s)
=== RUN   TestNilLogger
--- PASS: TestNilLogger (0.00s)
=== RUN   TestForceOverwrite
--- PASS: TestForceOverwrite (0.00s)
=== RUN   TestCreateIfMissingForNonTaskEntities
--- PASS: TestCreateIfMissingForNonTaskEntities (0.00s)
=== RUN   TestAtomicWriteFailsWhenFileExists
--- PASS: TestAtomicWriteFailsWhenFileExists (0.01s)
=== RUN   TestWriteFileExclusiveError
--- PASS: TestWriteFileExclusiveError (0.00s)
=== RUN   TestNonAtomicWriteError
--- PASS: TestNonAtomicWriteError (0.00s)
=== RUN   TestResolvePathsEdgeCases
--- PASS: TestResolvePathsEdgeCases (0.00s)
=== RUN   TestSyncFailure
--- PASS: TestSyncFailure (0.01s)
PASS
ok  	github.com/jwwelbor/shark-task-manager/internal/fileops	(cached)
=== RUN   TestIsValidTaskKey
=== RUN   TestIsValidTaskKey/valid_task_key
=== RUN   TestIsValidTaskKey/valid_with_different_numbers
=== RUN   TestIsValidTaskKey/invalid_-_no_T_prefix
=== RUN   TestIsValidTaskKey/invalid_-_lowercase
=== RUN   TestIsValidTaskKey/invalid_-_missing_sequence
=== RUN   TestIsValidTaskKey/invalid_-_wrong_format
=== RUN   TestIsValidTaskKey/invalid_-_empty
--- PASS: TestIsValidTaskKey (0.00s)
    --- PASS: TestIsValidTaskKey/valid_task_key (0.00s)
    --- PASS: TestIsValidTaskKey/valid_with_different_numbers (0.00s)
    --- PASS: TestIsValidTaskKey/invalid_-_no_T_prefix (0.00s)
    --- PASS: TestIsValidTaskKey/invalid_-_lowercase (0.00s)
    --- PASS: TestIsValidTaskKey/invalid_-_missing_sequence (0.00s)
    --- PASS: TestIsValidTaskKey/invalid_-_wrong_format (0.00s)
    --- PASS: TestIsValidTaskKey/invalid_-_empty (0.00s)
=== RUN   TestParseTaskKey
=== RUN   TestParseTaskKey/valid_task_key
=== RUN   TestParseTaskKey/different_numbers
=== RUN   TestParseTaskKey/invalid_format
=== RUN   TestParseTaskKey/empty
--- PASS: TestParseTaskKey (0.00s)
    --- PASS: TestParseTaskKey/valid_task_key (0.00s)
    --- PASS: TestParseTaskKey/different_numbers (0.00s)
    --- PASS: TestParseTaskKey/invalid_format (0.00s)
    --- PASS: TestParseTaskKey/empty (0.00s)
=== RUN   TestFindProjectRoot
--- PASS: TestFindProjectRoot (0.00s)
=== RUN   TestGetTaskFilePath
=== RUN   TestGetTaskFilePath/valid_task
=== RUN   TestGetTaskFilePath/invalid_task_key
--- PASS: TestGetTaskFilePath (0.00s)
    --- PASS: TestGetTaskFilePath/valid_task (0.00s)
    --- PASS: TestGetTaskFilePath/invalid_task_key (0.00s)
=== RUN   TestGetTasksDirectory
--- PASS: TestGetTasksDirectory (0.00s)
=== RUN   TestCreateTasksDirectory
--- PASS: TestCreateTasksDirectory (0.01s)
=== RUN   TestValidateFilePath
=== RUN   TestValidateFilePath/valid_path
=== RUN   TestValidateFilePath/missing_docs_folder
=== RUN   TestValidateFilePath/wrong_task_key
=== RUN   TestValidateFilePath/invalid_task_key
--- PASS: TestValidateFilePath (0.00s)
    --- PASS: TestValidateFilePath/valid_path (0.00s)
    --- PASS: TestValidateFilePath/missing_docs_folder (0.00s)
    --- PASS: TestValidateFilePath/wrong_task_key (0.00s)
    --- PASS: TestValidateFilePath/invalid_task_key (0.00s)
PASS
ok  	github.com/jwwelbor/shark-task-manager/internal/filepath	(cached)
=== RUN   TestFormatHistoryCSV
--- PASS: TestFormatHistoryCSV (0.00s)
=== RUN   TestFormatHistoryCSVWithEmptyFields
--- PASS: TestFormatHistoryCSVWithEmptyFields (0.00s)
=== RUN   TestFormatHistoryCSVWithCommasInNotes
--- PASS: TestFormatHistoryCSVWithCommasInNotes (0.00s)
=== RUN   TestFormatHistoryCSVWithQuotesInNotes
--- PASS: TestFormatHistoryCSVWithQuotesInNotes (0.00s)
=== RUN   TestFormatHistoryCSVEmpty
--- PASS: TestFormatHistoryCSVEmpty (0.00s)
=== RUN   TestFormatHistoryJSON
--- PASS: TestFormatHistoryJSON (0.00s)
=== RUN   TestFormatHistoryJSONEmpty
--- PASS: TestFormatHistoryJSONEmpty (0.00s)
=== RUN   TestConvertToExportRecords
--- PASS: TestConvertToExportRecords (0.00s)
=== RUN   TestConvertMultipleTasksToExportRecords
--- PASS: TestConvertMultipleTasksToExportRecords (0.00s)
=== RUN   TestFormatEpicListJSON
=== RUN   TestFormatEpicListJSON/empty_list
=== RUN   TestFormatEpicListJSON/single_epic
=== RUN   TestFormatEpicListJSON/multiple_epics
--- PASS: TestFormatEpicListJSON (0.00s)
    --- PASS: TestFormatEpicListJSON/empty_list (0.00s)
    --- PASS: TestFormatEpicListJSON/single_epic (0.00s)
    --- PASS: TestFormatEpicListJSON/multiple_epics (0.00s)
=== RUN   TestFormatEpicGetJSON
=== RUN   TestFormatEpicGetJSON/epic_with_no_features
=== RUN   TestFormatEpicGetJSON/epic_with_features
--- PASS: TestFormatEpicGetJSON (0.00s)
    --- PASS: TestFormatEpicGetJSON/epic_with_no_features (0.00s)
    --- PASS: TestFormatEpicGetJSON/epic_with_features (0.00s)
=== RUN   TestFormatFeatureListJSON
=== RUN   TestFormatFeatureListJSON/empty_list
=== RUN   TestFormatFeatureListJSON/single_feature
--- PASS: TestFormatFeatureListJSON (0.00s)
    --- PASS: TestFormatFeatureListJSON/empty_list (0.00s)
    --- PASS: TestFormatFeatureListJSON/single_feature (0.00s)
=== RUN   TestFormatFeatureGetJSON
=== RUN   TestFormatFeatureGetJSON/feature_with_no_tasks
=== RUN   TestFormatFeatureGetJSON/feature_with_tasks
--- PASS: TestFormatFeatureGetJSON (0.00s)
    --- PASS: TestFormatFeatureGetJSON/feature_with_no_tasks (0.00s)
    --- PASS: TestFormatFeatureGetJSON/feature_with_tasks (0.00s)
PASS
ok  	github.com/jwwelbor/shark-task-manager/internal/formatters	(cached)
=== RUN   TestCreateConfig
=== RUN   TestCreateConfig/creates_new_config_file
=== RUN   TestCreateConfig/skips_existing_config_in_non-interactive_mode
=== RUN   TestCreateConfig/overwrites_existing_config_with_force_flag
--- PASS: TestCreateConfig (0.01s)
    --- PASS: TestCreateConfig/creates_new_config_file (0.00s)
    --- PASS: TestCreateConfig/skips_existing_config_in_non-interactive_mode (0.00s)
    --- PASS: TestCreateConfig/overwrites_existing_config_with_force_flag (0.00s)
=== RUN   TestCreateConfigAtomicWrite
--- PASS: TestCreateConfigAtomicWrite (0.00s)
=== RUN   TestCreateConfigPermissions
--- PASS: TestCreateConfigPermissions (0.00s)
=== RUN   TestCreateConfigValidJSON
--- PASS: TestCreateConfigValidJSON (0.00s)
=== RUN   TestCreateDatabase
=== RUN   TestCreateDatabase/creates_new_database_successfully
=== RUN   TestCreateDatabase/idempotent_-_database_already_exists
=== RUN   TestCreateDatabase/fails_with_invalid_directory_path
--- PASS: TestCreateDatabase (0.11s)
    --- PASS: TestCreateDatabase/creates_new_database_successfully (0.06s)
    --- PASS: TestCreateDatabase/idempotent_-_database_already_exists (0.05s)
    --- PASS: TestCreateDatabase/fails_with_invalid_directory_path (0.00s)
=== RUN   TestCreateDatabaseFilePermissions
--- PASS: TestCreateDatabaseFilePermissions (0.04s)
=== RUN   TestCreateDatabaseForeignKeysEnabled
--- PASS: TestCreateDatabaseForeignKeysEnabled (0.04s)
=== RUN   TestCreateFolders
=== RUN   TestCreateFolders/creates_all_folders_successfully
=== RUN   TestCreateFolders/idempotent_-_folders_already_exist
=== RUN   TestCreateFolders/creates_nested_folders
--- PASS: TestCreateFolders (0.01s)
    --- PASS: TestCreateFolders/creates_all_folders_successfully (0.00s)
    --- PASS: TestCreateFolders/idempotent_-_folders_already_exist (0.00s)
    --- PASS: TestCreateFolders/creates_nested_folders (0.00s)
=== RUN   TestCreateFoldersInvalidPath
--- PASS: TestCreateFoldersInvalidPath (0.00s)
=== RUN   TestCreateFoldersAbsolutePaths
--- PASS: TestCreateFoldersAbsolutePaths (0.00s)
=== RUN   TestInitialize
=== RUN   TestInitialize/full_initialization_from_scratch
=== RUN   TestInitialize/idempotent_-_everything_exists_but_database_is_empty
=== RUN   TestInitialize/fails_when_database_contains_data
=== RUN   TestInitialize/force_mode_overwrites_config
--- PASS: TestInitialize (0.18s)
    --- PASS: TestInitialize/full_initialization_from_scratch (0.05s)
    --- PASS: TestInitialize/idempotent_-_everything_exists_but_database_is_empty (0.04s)
    --- PASS: TestInitialize/fails_when_database_contains_data (0.05s)
    --- PASS: TestInitialize/force_mode_overwrites_config (0.04s)
=== RUN   TestInitializeWithContext
--- PASS: TestInitializeWithContext (0.04s)
=== RUN   TestInitializeErrorHandling
=== RUN   TestInitializeErrorHandling/database_creation_fails
=== RUN   TestInitializeErrorHandling/folder_creation_fails
--- PASS: TestInitializeErrorHandling (0.04s)
    --- PASS: TestInitializeErrorHandling/database_creation_fails (0.00s)
    --- PASS: TestInitializeErrorHandling/folder_creation_fails (0.04s)
=== RUN   TestInitializePerformance
--- PASS: TestInitializePerformance (0.05s)
=== RUN   TestCopyTemplates
=== RUN   TestCopyTemplates/copies_templates_to_new_directory
=== RUN   TestCopyTemplates/skips_existing_templates_without_force
=== RUN   TestCopyTemplates/overwrites_existing_templates_with_force
--- PASS: TestCopyTemplates (0.01s)
    --- PASS: TestCopyTemplates/copies_templates_to_new_directory (0.00s)
    --- PASS: TestCopyTemplates/skips_existing_templates_without_force (0.00s)
    --- PASS: TestCopyTemplates/overwrites_existing_templates_with_force (0.00s)
=== RUN   TestCopyTemplatesCreatesDirectory
--- PASS: TestCopyTemplatesCreatesDirectory (0.00s)
=== RUN   TestCopyTemplatesFilePermissions
--- PASS: TestCopyTemplatesFilePermissions (0.00s)
PASS
ok  	github.com/jwwelbor/shark-task-manager/internal/init	(cached)
=== RUN   TestFrontmatterWriter_WriteTaskKey
=== RUN   TestFrontmatterWriter_WriteTaskKey/add_task_key_to_existing_frontmatter
=== RUN   TestFrontmatterWriter_WriteTaskKey/create_frontmatter_with_task_key_when_none_exists
=== RUN   TestFrontmatterWriter_WriteTaskKey/update_existing_task_key
=== RUN   TestFrontmatterWriter_WriteTaskKey/preserve_all_other_frontmatter_fields
--- PASS: TestFrontmatterWriter_WriteTaskKey (0.01s)
    --- PASS: TestFrontmatterWriter_WriteTaskKey/add_task_key_to_existing_frontmatter (0.01s)
    --- PASS: TestFrontmatterWriter_WriteTaskKey/create_frontmatter_with_task_key_when_none_exists (0.00s)
    --- PASS: TestFrontmatterWriter_WriteTaskKey/update_existing_task_key (0.00s)
    --- PASS: TestFrontmatterWriter_WriteTaskKey/preserve_all_other_frontmatter_fields (0.00s)
=== RUN   TestFrontmatterWriter_ReadFrontmatter
=== RUN   TestFrontmatterWriter_ReadFrontmatter/read_existing_task_key
=== RUN   TestFrontmatterWriter_ReadFrontmatter/no_task_key_in_frontmatter
=== RUN   TestFrontmatterWriter_ReadFrontmatter/no_frontmatter
--- PASS: TestFrontmatterWriter_ReadFrontmatter (0.01s)
    --- PASS: TestFrontmatterWriter_ReadFrontmatter/read_existing_task_key (0.00s)
    --- PASS: TestFrontmatterWriter_ReadFrontmatter/no_task_key_in_frontmatter (0.00s)
    --- PASS: TestFrontmatterWriter_ReadFrontmatter/no_frontmatter (0.00s)
=== RUN   TestFrontmatterWriter_ValidateFileWritable
=== RUN   TestFrontmatterWriter_ValidateFileWritable/writable_file
=== RUN   TestFrontmatterWriter_ValidateFileWritable/non-existent_file
=== RUN   TestFrontmatterWriter_ValidateFileWritable/read-only_file
--- PASS: TestFrontmatterWriter_ValidateFileWritable (0.00s)
    --- PASS: TestFrontmatterWriter_ValidateFileWritable/writable_file (0.00s)
    --- PASS: TestFrontmatterWriter_ValidateFileWritable/non-existent_file (0.00s)
    --- PASS: TestFrontmatterWriter_ValidateFileWritable/read-only_file (0.00s)
=== RUN   TestFrontmatterWriter_AtomicWrite
--- PASS: TestFrontmatterWriter_AtomicWrite (0.00s)
=== RUN   TestPathParser_ParsePath
=== RUN   TestPathParser_ParsePath/standard_path_with_tasks_folder
=== RUN   TestPathParser_ParsePath/standard_path_with_prps_folder
=== RUN   TestPathParser_ParsePath/path_with_project_number
=== RUN   TestPathParser_ParsePath/path_without_tasks/prps_subfolder
=== RUN   TestPathParser_ParsePath/invalid_path_-_missing_feature_folder
=== RUN   TestPathParser_ParsePath/invalid_path_-_random_folder_structure
=== RUN   TestPathParser_ParsePath/invalid_path_-_no_epic_in_hierarchy
--- PASS: TestPathParser_ParsePath (0.00s)
    --- PASS: TestPathParser_ParsePath/standard_path_with_tasks_folder (0.00s)
    --- PASS: TestPathParser_ParsePath/standard_path_with_prps_folder (0.00s)
    --- PASS: TestPathParser_ParsePath/path_with_project_number (0.00s)
    --- PASS: TestPathParser_ParsePath/path_without_tasks/prps_subfolder (0.00s)
    --- PASS: TestPathParser_ParsePath/invalid_path_-_missing_feature_folder (0.00s)
    --- PASS: TestPathParser_ParsePath/invalid_path_-_random_folder_structure (0.00s)
    --- PASS: TestPathParser_ParsePath/invalid_path_-_no_epic_in_hierarchy (0.00s)
=== RUN   TestPathParser_ValidatePath
=== RUN   TestPathParser_ValidatePath/valid_path
=== RUN   TestPathParser_ValidatePath/invalid_path
--- PASS: TestPathParser_ValidatePath (0.00s)
    --- PASS: TestPathParser_ValidatePath/valid_path (0.00s)
    --- PASS: TestPathParser_ValidatePath/invalid_path (0.00s)
=== RUN   TestBatchProcessing_NoDuplicateKeys
    batch_test.go:132: File 1: add-caching.prp.md -> T-E04-F02-004
    batch_test.go:132: File 2: add-monitoring.prp.md -> T-E04-F02-005
    batch_test.go:132: File 3: add-logging.prp.md -> T-E04-F02-006
    batch_test.go:132: File 4: add-metrics.prp.md -> T-E04-F02-007
    batch_test.go:166: SUCCESS: All files received unique sequential task keys
--- PASS: TestBatchProcessing_NoDuplicateKeys (0.05s)
=== RUN   TestBatchProcessing_WithExistingKeys
    batch_test.go:274: File task-001.prp.md: T-E04-F02-001 (existing: true)
    batch_test.go:274: File task-002.prp.md: T-E04-F02-002 (existing: false)
    batch_test.go:274: File task-003.prp.md: T-E04-F02-003 (existing: false)
--- PASS: TestBatchProcessing_WithExistingKeys (0.06s)
=== RUN   TestEndToEndKeyGeneration
=== RUN   TestEndToEndKeyGeneration/generate_key_for_PRP_file
=== RUN   TestEndToEndKeyGeneration/idempotency_-_second_run_returns_existing_key
=== RUN   TestEndToEndKeyGeneration/sequence_increments_for_second_file
=== RUN   TestEndToEndKeyGeneration/orphaned_file_detection
--- PASS: TestEndToEndKeyGeneration (0.05s)
    --- PASS: TestEndToEndKeyGeneration/generate_key_for_PRP_file (0.00s)
    --- PASS: TestEndToEndKeyGeneration/idempotency_-_second_run_returns_existing_key (0.00s)
    --- PASS: TestEndToEndKeyGeneration/sequence_increments_for_second_file (0.00s)
    --- PASS: TestEndToEndKeyGeneration/orphaned_file_detection (0.00s)
PASS
ok  	github.com/jwwelbor/shark-task-manager/internal/keygen	(cached)
=== RUN   TestIdeaValidation_ValidIdea
--- PASS: TestIdeaValidation_ValidIdea (0.00s)
=== RUN   TestIdeaValidation_EmptyKey
--- PASS: TestIdeaValidation_EmptyKey (0.00s)
=== RUN   TestIdeaValidation_EmptyTitle
--- PASS: TestIdeaValidation_EmptyTitle (0.00s)
=== RUN   TestIdeaValidation_InvalidStatus
--- PASS: TestIdeaValidation_InvalidStatus (0.00s)
=== RUN   TestIdeaValidation_ValidStatuses
--- PASS: TestIdeaValidation_ValidStatuses (0.00s)
=== RUN   TestIdeaKeyFormat
=== RUN   TestIdeaKeyFormat/valid_key_with_single_digit_sequence
=== RUN   TestIdeaKeyFormat/valid_key_with_double_digit_sequence
=== RUN   TestIdeaKeyFormat/invalid_key_missing_prefix
=== RUN   TestIdeaKeyFormat/invalid_key_wrong_format
=== RUN   TestIdeaKeyFormat/invalid_key_wrong_separator
--- PASS: TestIdeaKeyFormat (0.00s)
    --- PASS: TestIdeaKeyFormat/valid_key_with_single_digit_sequence (0.00s)
    --- PASS: TestIdeaKeyFormat/valid_key_with_double_digit_sequence (0.00s)
    --- PASS: TestIdeaKeyFormat/invalid_key_missing_prefix (0.00s)
    --- PASS: TestIdeaKeyFormat/invalid_key_wrong_format (0.00s)
    --- PASS: TestIdeaKeyFormat/invalid_key_wrong_separator (0.00s)
=== RUN   TestValidateTaskStatus_HardcodedLimitation
=== RUN   TestValidateTaskStatus_HardcodedLimitation/new_workflow_status_rejected
=== RUN   TestValidateTaskStatus_HardcodedLimitation/ready_for_refinement_rejected
=== RUN   TestValidateTaskStatus_HardcodedLimitation/in_refinement_rejected
=== RUN   TestValidateTaskStatus_HardcodedLimitation/ready_for_development_rejected
=== RUN   TestValidateTaskStatus_HardcodedLimitation/in_code_review_rejected
=== RUN   TestValidateTaskStatus_HardcodedLimitation/in_qa_rejected
=== RUN   TestValidateTaskStatus_HardcodedLimitation/hardcoded_status_accepted
=== RUN   TestValidateTaskStatus_HardcodedLimitation/invalid_status_rejected
--- PASS: TestValidateTaskStatus_HardcodedLimitation (0.00s)
    --- PASS: TestValidateTaskStatus_HardcodedLimitation/new_workflow_status_rejected (0.00s)
    --- PASS: TestValidateTaskStatus_HardcodedLimitation/ready_for_refinement_rejected (0.00s)
    --- PASS: TestValidateTaskStatus_HardcodedLimitation/in_refinement_rejected (0.00s)
    --- PASS: TestValidateTaskStatus_HardcodedLimitation/ready_for_development_rejected (0.00s)
    --- PASS: TestValidateTaskStatus_HardcodedLimitation/in_code_review_rejected (0.00s)
    --- PASS: TestValidateTaskStatus_HardcodedLimitation/in_qa_rejected (0.00s)
    --- PASS: TestValidateTaskStatus_HardcodedLimitation/hardcoded_status_accepted (0.00s)
    --- PASS: TestValidateTaskStatus_HardcodedLimitation/invalid_status_rejected (0.00s)
=== RUN   TestValidateTaskStatus_ConfigDrivenDesired
    validation_config_driven_test.go:88: This test documents desired behavior - will be implemented after refactoring
--- SKIP: TestValidateTaskStatus_ConfigDrivenDesired (0.00s)
=== RUN   TestTaskStatusConstants_ShouldBeDeprecated
    validation_config_driven_test.go:134: DESIGN ISSUE: Found 6 hardcoded TaskStatus constants
    validation_config_driven_test.go:135: These constants should be deprecated in favor of config-driven status definitions
    validation_config_driven_test.go:136: Problem: Code using these constants assumes only these 6 statuses exist
    validation_config_driven_test.go:137: Solution: Replace with workflow config lookups
    validation_config_driven_test.go:140:   - TaskStatusTodo = "todo"
    validation_config_driven_test.go:140:   - TaskStatusInProgress = "in_progress"
    validation_config_driven_test.go:140:   - TaskStatusBlocked = "blocked"
    validation_config_driven_test.go:140:   - TaskStatusReadyForReview = "ready_for_review"
    validation_config_driven_test.go:140:   - TaskStatusCompleted = "completed"
    validation_config_driven_test.go:140:   - TaskStatusArchived = "archived"
--- PASS: TestTaskStatusConstants_ShouldBeDeprecated (0.00s)
=== RUN   TestErrorMessage_ConfigDrivenStatusList
    validation_config_driven_test.go:169: SUCCESS: Error message is now config-driven: invalid task status "custom_status": not found in default or extended workflow. Ensure status is defined in .sharkconfig.json workflow
    validation_config_driven_test.go:170: Error message correctly guides users to check workflow configuration
--- PASS: TestErrorMessage_ConfigDrivenStatusList (0.00s)
PASS
ok  	github.com/jwwelbor/shark-task-manager/internal/models	(cached)
=== RUN   TestParseFrontmatter
=== RUN   TestParseFrontmatter/valid_frontmatter_with_all_fields
=== RUN   TestParseFrontmatter/valid_frontmatter_with_minimal_fields
=== RUN   TestParseFrontmatter/no_frontmatter
=== RUN   TestParseFrontmatter/invalid_YAML_syntax_-_unclosed_quote
=== RUN   TestParseFrontmatter/frontmatter_with_multiline_description
=== RUN   TestParseFrontmatter/empty_frontmatter
=== RUN   TestParseFrontmatter/frontmatter_with_extra_fields
=== RUN   TestParseFrontmatter/only_opening_frontmatter_delimiter
--- PASS: TestParseFrontmatter (0.00s)
    --- PASS: TestParseFrontmatter/valid_frontmatter_with_all_fields (0.00s)
    --- PASS: TestParseFrontmatter/valid_frontmatter_with_minimal_fields (0.00s)
    --- PASS: TestParseFrontmatter/no_frontmatter (0.00s)
    --- PASS: TestParseFrontmatter/invalid_YAML_syntax_-_unclosed_quote (0.00s)
    --- PASS: TestParseFrontmatter/frontmatter_with_multiline_description (0.00s)
    --- PASS: TestParseFrontmatter/empty_frontmatter (0.00s)
    --- PASS: TestParseFrontmatter/frontmatter_with_extra_fields (0.00s)
    --- PASS: TestParseFrontmatter/only_opening_frontmatter_delimiter (0.00s)
=== RUN   TestGetContentAfterFrontmatter
=== RUN   TestGetContentAfterFrontmatter/content_after_frontmatter
=== RUN   TestGetContentAfterFrontmatter/no_frontmatter
=== RUN   TestGetContentAfterFrontmatter/frontmatter_at_end_of_file
=== RUN   TestGetContentAfterFrontmatter/content_immediately_after_delimiter
--- PASS: TestGetContentAfterFrontmatter (0.00s)
    --- PASS: TestGetContentAfterFrontmatter/content_after_frontmatter (0.00s)
    --- PASS: TestGetContentAfterFrontmatter/no_frontmatter (0.00s)
    --- PASS: TestGetContentAfterFrontmatter/frontmatter_at_end_of_file (0.00s)
    --- PASS: TestGetContentAfterFrontmatter/content_immediately_after_delimiter (0.00s)
=== RUN   TestFrontmatterFieldTypes
=== RUN   TestFrontmatterFieldTypes/integer_priority
=== RUN   TestFrontmatterFieldTypes/string_feature_path
--- PASS: TestFrontmatterFieldTypes (0.00s)
    --- PASS: TestFrontmatterFieldTypes/integer_priority (0.00s)
    --- PASS: TestFrontmatterFieldTypes/string_feature_path (0.00s)
=== RUN   TestUpdateFrontmatterField
=== RUN   TestUpdateFrontmatterField/add_task_key_to_existing_frontmatter
=== RUN   TestUpdateFrontmatterField/update_existing_task_key
=== RUN   TestUpdateFrontmatterField/create_frontmatter_when_missing
--- PASS: TestUpdateFrontmatterField (0.00s)
    --- PASS: TestUpdateFrontmatterField/add_task_key_to_existing_frontmatter (0.00s)
    --- PASS: TestUpdateFrontmatterField/update_existing_task_key (0.00s)
    --- PASS: TestUpdateFrontmatterField/create_frontmatter_when_missing (0.00s)
=== RUN   TestIntegrationWithRealTaskFiles
=== RUN   TestIntegrationWithRealTaskFiles/T-E06-F03-002_task_file
=== RUN   TestIntegrationWithRealTaskFiles/T-E04-F07-002_task_file
--- PASS: TestIntegrationWithRealTaskFiles (0.00s)
    --- PASS: TestIntegrationWithRealTaskFiles/T-E06-F03-002_task_file (0.00s)
    --- PASS: TestIntegrationWithRealTaskFiles/T-E04-F07-002_task_file (0.00s)
=== RUN   TestExtractMetadataFromVariousFormats
=== RUN   TestExtractMetadataFromVariousFormats/Standard_task_with_full_frontmatter
=== RUN   TestExtractMetadataFromVariousFormats/Numbered_task_without_frontmatter
=== RUN   TestExtractMetadataFromVariousFormats/PRP_file_with_minimal_frontmatter
--- PASS: TestExtractMetadataFromVariousFormats (0.00s)
    --- PASS: TestExtractMetadataFromVariousFormats/Standard_task_with_full_frontmatter (0.00s)
    --- PASS: TestExtractMetadataFromVariousFormats/Numbered_task_without_frontmatter (0.00s)
    --- PASS: TestExtractMetadataFromVariousFormats/PRP_file_with_minimal_frontmatter (0.00s)
=== RUN   TestExtractTitleFromFilename
=== RUN   TestExtractTitleFromFilename/standard_format_with_slug
=== RUN   TestExtractTitleFromFilename/standard_format_without_slug
=== RUN   TestExtractTitleFromFilename/numbered_format
=== RUN   TestExtractTitleFromFilename/numbered_format_with_three_digits
=== RUN   TestExtractTitleFromFilename/PRP_format
=== RUN   TestExtractTitleFromFilename/PRP_format_with_multiple_words
=== RUN   TestExtractTitleFromFilename/complex_slug_with_many_hyphens
--- PASS: TestExtractTitleFromFilename (0.00s)
    --- PASS: TestExtractTitleFromFilename/standard_format_with_slug (0.00s)
    --- PASS: TestExtractTitleFromFilename/standard_format_without_slug (0.00s)
    --- PASS: TestExtractTitleFromFilename/numbered_format (0.00s)
    --- PASS: TestExtractTitleFromFilename/numbered_format_with_three_digits (0.00s)
    --- PASS: TestExtractTitleFromFilename/PRP_format (0.00s)
    --- PASS: TestExtractTitleFromFilename/PRP_format_with_multiple_words (0.00s)
    --- PASS: TestExtractTitleFromFilename/complex_slug_with_many_hyphens (0.00s)
=== RUN   TestExtractTitleFromMarkdown
=== RUN   TestExtractTitleFromMarkdown/H1_with_'Task:'_prefix
=== RUN   TestExtractTitleFromMarkdown/H1_with_'PRP:'_prefix
=== RUN   TestExtractTitleFromMarkdown/H1_with_'TODO:'_prefix
=== RUN   TestExtractTitleFromMarkdown/H1_with_'WIP:'_prefix
=== RUN   TestExtractTitleFromMarkdown/H1_without_prefix
=== RUN   TestExtractTitleFromMarkdown/H1_with_case_variations
=== RUN   TestExtractTitleFromMarkdown/no_H1_heading
=== RUN   TestExtractTitleFromMarkdown/H1_after_frontmatter
=== RUN   TestExtractTitleFromMarkdown/empty_H1
--- PASS: TestExtractTitleFromMarkdown (0.00s)
    --- PASS: TestExtractTitleFromMarkdown/H1_with_'Task:'_prefix (0.00s)
    --- PASS: TestExtractTitleFromMarkdown/H1_with_'PRP:'_prefix (0.00s)
    --- PASS: TestExtractTitleFromMarkdown/H1_with_'TODO:'_prefix (0.00s)
    --- PASS: TestExtractTitleFromMarkdown/H1_with_'WIP:'_prefix (0.00s)
    --- PASS: TestExtractTitleFromMarkdown/H1_without_prefix (0.00s)
    --- PASS: TestExtractTitleFromMarkdown/H1_with_case_variations (0.00s)
    --- PASS: TestExtractTitleFromMarkdown/no_H1_heading (0.00s)
    --- PASS: TestExtractTitleFromMarkdown/H1_after_frontmatter (0.00s)
    --- PASS: TestExtractTitleFromMarkdown/empty_H1 (0.00s)
=== RUN   TestExtractDescriptionFromMarkdown
=== RUN   TestExtractDescriptionFromMarkdown/first_paragraph_after_frontmatter_and_H1
=== RUN   TestExtractDescriptionFromMarkdown/paragraph_without_frontmatter
=== RUN   TestExtractDescriptionFromMarkdown/no_paragraph_after_heading
=== RUN   TestExtractDescriptionFromMarkdown/long_paragraph_(truncated_to_500_chars)
=== RUN   TestExtractDescriptionFromMarkdown/paragraph_with_blank_lines_preserved
=== RUN   TestExtractDescriptionFromMarkdown/no_frontmatter_or_heading
=== RUN   TestExtractDescriptionFromMarkdown/paragraph_immediately_after_H1
--- PASS: TestExtractDescriptionFromMarkdown (0.00s)
    --- PASS: TestExtractDescriptionFromMarkdown/first_paragraph_after_frontmatter_and_H1 (0.00s)
    --- PASS: TestExtractDescriptionFromMarkdown/paragraph_without_frontmatter (0.00s)
    --- PASS: TestExtractDescriptionFromMarkdown/no_paragraph_after_heading (0.00s)
    --- PASS: TestExtractDescriptionFromMarkdown/long_paragraph_(truncated_to_500_chars) (0.00s)
    --- PASS: TestExtractDescriptionFromMarkdown/paragraph_with_blank_lines_preserved (0.00s)
    --- PASS: TestExtractDescriptionFromMarkdown/no_frontmatter_or_heading (0.00s)
    --- PASS: TestExtractDescriptionFromMarkdown/paragraph_immediately_after_H1 (0.00s)
=== RUN   TestExtractMetadata
=== RUN   TestExtractMetadata/all_metadata_in_frontmatter_(priority_1)
=== RUN   TestExtractMetadata/title_from_filename,_description_from_markdown_(priority_2/2)
=== RUN   TestExtractMetadata/title_from_H1,_no_description_(priority_3)
=== RUN   TestExtractMetadata/no_title_from_any_source_(use_placeholder)
--- PASS: TestExtractMetadata (0.00s)
    --- PASS: TestExtractMetadata/all_metadata_in_frontmatter_(priority_1) (0.00s)
    --- PASS: TestExtractMetadata/title_from_filename,_description_from_markdown_(priority_2/2) (0.00s)
    --- PASS: TestExtractMetadata/title_from_H1,_no_description_(priority_3) (0.00s)
    --- PASS: TestExtractMetadata/no_title_from_any_source_(use_placeholder) (0.00s)
=== RUN   TestSuccessCriteria
=== RUN   TestSuccessCriteria/TaskMetadataExtractor_implemented_with_3-tier_extraction_priority
=== RUN   TestSuccessCriteria/Frontmatter_parser_handles_YAML_syntax_errors_gracefully
=== RUN   TestSuccessCriteria/Filename-based_title_extraction_converts_hyphens_to_Title_Case
=== RUN   TestSuccessCriteria/H1_heading_extraction_removes_common_prefixes
=== RUN   TestSuccessCriteria/Description_extraction_from_markdown_body_(first_paragraph,_500_char_limit)
=== RUN   TestSuccessCriteria/Warning_logs_for_missing_title_(use_'Untitled_Task'_placeholder)
=== RUN   TestSuccessCriteria/Unit_tests_cover_all_extraction_sources_and_edge_cases
    validation_test.go:133: Confirmed by TestExtractTitleFromFilename
    validation_test.go:134: Confirmed by TestExtractTitleFromMarkdown
    validation_test.go:135: Confirmed by TestExtractDescriptionFromMarkdown
    validation_test.go:136: Confirmed by TestExtractMetadata
=== RUN   TestSuccessCriteria/Integration_test_with_real_task_file_examples_from_E04
    validation_test.go:142: Confirmed by TestIntegrationWithRealTaskFiles
--- PASS: TestSuccessCriteria (0.00s)
    --- PASS: TestSuccessCriteria/TaskMetadataExtractor_implemented_with_3-tier_extraction_priority (0.00s)
    --- PASS: TestSuccessCriteria/Frontmatter_parser_handles_YAML_syntax_errors_gracefully (0.00s)
    --- PASS: TestSuccessCriteria/Filename-based_title_extraction_converts_hyphens_to_Title_Case (0.00s)
    --- PASS: TestSuccessCriteria/H1_heading_extraction_removes_common_prefixes (0.00s)
    --- PASS: TestSuccessCriteria/Description_extraction_from_markdown_body_(first_paragraph,_500_char_limit) (0.00s)
    --- PASS: TestSuccessCriteria/Warning_logs_for_missing_title_(use_'Untitled_Task'_placeholder) (0.00s)
    --- PASS: TestSuccessCriteria/Unit_tests_cover_all_extraction_sources_and_edge_cases (0.00s)
    --- PASS: TestSuccessCriteria/Integration_test_with_real_task_file_examples_from_E04 (0.00s)
=== RUN   TestValidationGates
=== RUN   TestValidationGates/Extract_title_from_frontmatter:_exact_match
=== RUN   TestValidationGates/Extract_title_from_filename_T-E04-F02-001-implement-caching.md:_Implement_Caching
=== RUN   TestValidationGates/Extract_title_from_H1_'Task:_Implement_Caching':_Implement_Caching_(prefix_removed)
=== RUN   TestValidationGates/Missing_title_from_all_sources:_returns_'Untitled_Task'_with_warning_logged
=== RUN   TestValidationGates/Extract_description_from_frontmatter:_exact_match
=== RUN   TestValidationGates/Extract_description_from_markdown_body:_first_paragraph,_max_500_chars
=== RUN   TestValidationGates/Invalid_YAML_frontmatter:_logs_error,_continues_with_fallback_extraction
=== RUN   TestValidationGates/Empty_frontmatter_fields:_falls_back_to_next_extraction_source
--- PASS: TestValidationGates (0.00s)
    --- PASS: TestValidationGates/Extract_title_from_frontmatter:_exact_match (0.00s)
    --- PASS: TestValidationGates/Extract_title_from_filename_T-E04-F02-001-implement-caching.md:_Implement_Caching (0.00s)
    --- PASS: TestValidationGates/Extract_title_from_H1_'Task:_Implement_Caching':_Implement_Caching_(prefix_removed) (0.00s)
    --- PASS: TestValidationGates/Missing_title_from_all_sources:_returns_'Untitled_Task'_with_warning_logged (0.00s)
    --- PASS: TestValidationGates/Extract_description_from_frontmatter:_exact_match (0.00s)
    --- PASS: TestValidationGates/Extract_description_from_markdown_body:_first_paragraph,_max_500_chars (0.00s)
    --- PASS: TestValidationGates/Invalid_YAML_frontmatter:_logs_error,_continues_with_fallback_extraction (0.00s)
    --- PASS: TestValidationGates/Empty_frontmatter_fields:_falls_back_to_next_extraction_source (0.00s)
PASS
ok  	github.com/jwwelbor/shark-task-manager/internal/parser	(cached)
=== RUN   TestResolveEpicPath_DefaultPath
--- PASS: TestResolveEpicPath_DefaultPath (0.00s)
=== RUN   TestResolveEpicPath_ExplicitFilename
--- PASS: TestResolveEpicPath_ExplicitFilename (0.00s)
=== RUN   TestResolveEpicPath_NotFound
--- PASS: TestResolveEpicPath_NotFound (0.00s)
=== RUN   TestResolveFeaturePath_DefaultPath
--- PASS: TestResolveFeaturePath_DefaultPath (0.00s)
=== RUN   TestResolveFeaturePath_ExplicitFilename
--- PASS: TestResolveFeaturePath_ExplicitFilename (0.00s)
=== RUN   TestResolveTaskPath_DefaultPath
--- PASS: TestResolveTaskPath_DefaultPath (0.00s)
=== RUN   TestResolveTaskPath_ExplicitFilePath
--- PASS: TestResolveTaskPath_ExplicitFilePath (0.00s)
=== RUN   TestPathPrecedence_EpicWithAllOptions
--- PASS: TestPathPrecedence_EpicWithAllOptions (0.00s)
PASS
ok  	github.com/jwwelbor/shark-task-manager/internal/pathresolver	(cached)
=== RUN   TestGetDefaultPatterns
=== RUN   TestGetDefaultPatterns/Epic_folder_patterns
=== RUN   TestGetDefaultPatterns/Epic_generation_format
=== RUN   TestGetDefaultPatterns/Feature_folder_patterns
=== RUN   TestGetDefaultPatterns/Feature_file_patterns
=== RUN   TestGetDefaultPatterns/Feature_generation_format
=== RUN   TestGetDefaultPatterns/Task_file_patterns
=== RUN   TestGetDefaultPatterns/Task_generation_format
--- PASS: TestGetDefaultPatterns (0.00s)
    --- PASS: TestGetDefaultPatterns/Epic_folder_patterns (0.00s)
    --- PASS: TestGetDefaultPatterns/Epic_generation_format (0.00s)
    --- PASS: TestGetDefaultPatterns/Feature_folder_patterns (0.00s)
    --- PASS: TestGetDefaultPatterns/Feature_file_patterns (0.00s)
    --- PASS: TestGetDefaultPatterns/Feature_generation_format (0.00s)
    --- PASS: TestGetDefaultPatterns/Task_file_patterns (0.00s)
    --- PASS: TestGetDefaultPatterns/Task_generation_format (0.00s)
=== RUN   TestDefaultPatternsContainNamedCaptureGroups
=== RUN   TestDefaultPatternsContainNamedCaptureGroups/Epic_patterns_contain_required_capture_groups
=== RUN   TestDefaultPatternsContainNamedCaptureGroups/Feature_patterns_contain_required_capture_groups
=== RUN   TestDefaultPatternsContainNamedCaptureGroups/Task_patterns_contain_required_capture_groups
--- PASS: TestDefaultPatternsContainNamedCaptureGroups (0.00s)
    --- PASS: TestDefaultPatternsContainNamedCaptureGroups/Epic_patterns_contain_required_capture_groups (0.00s)
    --- PASS: TestDefaultPatternsContainNamedCaptureGroups/Feature_patterns_contain_required_capture_groups (0.00s)
    --- PASS: TestDefaultPatternsContainNamedCaptureGroups/Task_patterns_contain_required_capture_groups (0.00s)
=== RUN   TestParsePlaceholder
=== RUN   TestParsePlaceholder/simple_number_placeholder
=== RUN   TestParsePlaceholder/formatted_number_placeholder
=== RUN   TestParsePlaceholder/slug_placeholder
=== RUN   TestParsePlaceholder/epic_placeholder
=== RUN   TestParsePlaceholder/formatted_epic_placeholder
=== RUN   TestParsePlaceholder/feature_placeholder
=== RUN   TestParsePlaceholder/formatted_feature_placeholder
--- PASS: TestParsePlaceholder (0.00s)
    --- PASS: TestParsePlaceholder/simple_number_placeholder (0.00s)
    --- PASS: TestParsePlaceholder/formatted_number_placeholder (0.00s)
    --- PASS: TestParsePlaceholder/slug_placeholder (0.00s)
    --- PASS: TestParsePlaceholder/epic_placeholder (0.00s)
    --- PASS: TestParsePlaceholder/formatted_epic_placeholder (0.00s)
    --- PASS: TestParsePlaceholder/feature_placeholder (0.00s)
    --- PASS: TestParsePlaceholder/formatted_feature_placeholder (0.00s)
=== RUN   TestApplyGenerationFormat_Epic
--- PASS: TestApplyGenerationFormat_Epic (0.00s)
=== RUN   TestApplyGenerationFormat_Feature
--- PASS: TestApplyGenerationFormat_Feature (0.00s)
=== RUN   TestApplyGenerationFormat_Task
--- PASS: TestApplyGenerationFormat_Task (0.00s)
=== RUN   TestSanitizeSlug_Valid
=== RUN   TestSanitizeSlug_Valid/lowercase_letters_and_hyphens
=== RUN   TestSanitizeSlug_Valid/lowercase_letters_and_numbers
=== RUN   TestSanitizeSlug_Valid/single_word
--- PASS: TestSanitizeSlug_Valid (0.00s)
    --- PASS: TestSanitizeSlug_Valid/lowercase_letters_and_hyphens (0.00s)
    --- PASS: TestSanitizeSlug_Valid/lowercase_letters_and_numbers (0.00s)
    --- PASS: TestSanitizeSlug_Valid/single_word (0.00s)
=== RUN   TestSanitizeSlug_Invalid
=== RUN   TestSanitizeSlug_Invalid/contains_forward_slash
=== RUN   TestSanitizeSlug_Invalid/contains_backslash
=== RUN   TestSanitizeSlug_Invalid/contains_colon
=== RUN   TestSanitizeSlug_Invalid/contains_double_dot
=== RUN   TestSanitizeSlug_Invalid/path_traversal_attempt
--- PASS: TestSanitizeSlug_Invalid (0.00s)
    --- PASS: TestSanitizeSlug_Invalid/contains_forward_slash (0.00s)
    --- PASS: TestSanitizeSlug_Invalid/contains_backslash (0.00s)
    --- PASS: TestSanitizeSlug_Invalid/contains_colon (0.00s)
    --- PASS: TestSanitizeSlug_Invalid/contains_double_dot (0.00s)
    --- PASS: TestSanitizeSlug_Invalid/path_traversal_attempt (0.00s)
=== RUN   TestValidatePath_WithinBoundaries
=== RUN   TestValidatePath_WithinBoundaries//home/user/project/docs/plan/E05-feature
=== RUN   TestValidatePath_WithinBoundaries//home/user/project/docs/tasks/T-E04-F07-001.md
=== RUN   TestValidatePath_WithinBoundaries//home/user/project/README.md
--- PASS: TestValidatePath_WithinBoundaries (0.00s)
    --- PASS: TestValidatePath_WithinBoundaries//home/user/project/docs/plan/E05-feature (0.00s)
    --- PASS: TestValidatePath_WithinBoundaries//home/user/project/docs/tasks/T-E04-F07-001.md (0.00s)
    --- PASS: TestValidatePath_WithinBoundaries//home/user/project/README.md (0.00s)
=== RUN   TestValidatePath_OutsideBoundaries
=== RUN   TestValidatePath_OutsideBoundaries//home/user/other-project/file.md
=== RUN   TestValidatePath_OutsideBoundaries//etc/passwd
=== RUN   TestValidatePath_OutsideBoundaries//home/user/../../../etc/shadow
--- PASS: TestValidatePath_OutsideBoundaries (0.00s)
    --- PASS: TestValidatePath_OutsideBoundaries//home/user/other-project/file.md (0.00s)
    --- PASS: TestValidatePath_OutsideBoundaries//etc/passwd (0.00s)
    --- PASS: TestValidatePath_OutsideBoundaries//home/user/../../../etc/shadow (0.00s)
=== RUN   TestExtractPlaceholders
=== RUN   TestExtractPlaceholders/epic_format
=== RUN   TestExtractPlaceholders/feature_format
=== RUN   TestExtractPlaceholders/task_format
--- PASS: TestExtractPlaceholders (0.00s)
    --- PASS: TestExtractPlaceholders/epic_format (0.00s)
    --- PASS: TestExtractPlaceholders/feature_format (0.00s)
    --- PASS: TestExtractPlaceholders/task_format (0.00s)
=== RUN   TestApplyGenerationFormat_MissingValue
--- PASS: TestApplyGenerationFormat_MissingValue (0.00s)
=== RUN   TestApplyGenerationFormat_InvalidFormat
--- PASS: TestApplyGenerationFormat_InvalidFormat (0.00s)
=== RUN   TestIntegration_LoadActualSharkConfig
    integration_config_test.go:14: Config file .sharkconfig.json not found, skipping integration test
--- SKIP: TestIntegration_LoadActualSharkConfig (0.00s)
=== RUN   TestLoadConfig
=== RUN   TestLoadConfig/Load_config_with_patterns
=== RUN   TestLoadConfig/Load_config_without_patterns_-_should_fallback_to_defaults
=== RUN   TestLoadConfig/Load_non-existent_config_file
=== RUN   TestLoadConfig/Load_invalid_JSON_config
--- PASS: TestLoadConfig (0.01s)
    --- PASS: TestLoadConfig/Load_config_with_patterns (0.00s)
    --- PASS: TestLoadConfig/Load_config_without_patterns_-_should_fallback_to_defaults (0.00s)
    --- PASS: TestLoadConfig/Load_non-existent_config_file (0.00s)
    --- PASS: TestLoadConfig/Load_invalid_JSON_config (0.00s)
=== RUN   TestMergeWithDefaults
=== RUN   TestMergeWithDefaults/Merge_nil_patterns_returns_defaults
=== RUN   TestMergeWithDefaults/Merge_partial_user_patterns_with_defaults
=== RUN   TestMergeWithDefaults/User_patterns_take_precedence_over_defaults
--- PASS: TestMergeWithDefaults (0.00s)
    --- PASS: TestMergeWithDefaults/Merge_nil_patterns_returns_defaults (0.00s)
    --- PASS: TestMergeWithDefaults/Merge_partial_user_patterns_with_defaults (0.00s)
    --- PASS: TestMergeWithDefaults/User_patterns_take_precedence_over_defaults (0.00s)
=== RUN   TestNewPatternMatcher
=== RUN   TestNewPatternMatcher/Create_matcher_with_valid_config
=== RUN   TestNewPatternMatcher/Nil_config_returns_error
=== RUN   TestNewPatternMatcher/Invalid_regex_pattern_returns_error
--- PASS: TestNewPatternMatcher (0.00s)
    --- PASS: TestNewPatternMatcher/Create_matcher_with_valid_config (0.00s)
    --- PASS: TestNewPatternMatcher/Nil_config_returns_error (0.00s)
    --- PASS: TestNewPatternMatcher/Invalid_regex_pattern_returns_error (0.00s)
=== RUN   TestFirstMatchWins
=== RUN   TestFirstMatchWins/First_pattern_matches_-_second_pattern_never_evaluated
=== RUN   TestFirstMatchWins/First_pattern_fails_-_second_pattern_matches
=== RUN   TestFirstMatchWins/No_patterns_match_-_all_attempted
--- PASS: TestFirstMatchWins (0.00s)
    --- PASS: TestFirstMatchWins/First_pattern_matches_-_second_pattern_never_evaluated (0.00s)
    --- PASS: TestFirstMatchWins/First_pattern_fails_-_second_pattern_matches (0.00s)
    --- PASS: TestFirstMatchWins/No_patterns_match_-_all_attempted (0.00s)
=== RUN   TestPatternCompilationCaching
=== RUN   TestPatternCompilationCaching/Patterns_compiled_once_at_initialization
    matcher_test.go:159: Initialization: 201.074µs, 1000 matches: 7.255123ms, avg per match: 7.255µs
--- PASS: TestPatternCompilationCaching (0.01s)
    --- PASS: TestPatternCompilationCaching/Patterns_compiled_once_at_initialization (0.01s)
=== RUN   TestPatternMatchingPerformance
=== RUN   TestPatternMatchingPerformance/Pattern_matching_under_1ms_per_file
--- PASS: TestPatternMatchingPerformance (0.00s)
    --- PASS: TestPatternMatchingPerformance/Pattern_matching_under_1ms_per_file (0.00s)
=== RUN   TestMatchTimeout
=== RUN   TestMatchTimeout/Matching_times_out_after_100ms
[MATCH] epic folder 'E04-test' matched pattern #1: ^(?P<slug>[a-zA-Z0-9-]+)$
  Captured groups: map[slug:E04-test]
--- PASS: TestMatchTimeout (0.00s)
    --- PASS: TestMatchTimeout/Matching_times_out_after_100ms (0.00s)
=== RUN   TestVerboseLogging
=== RUN   TestVerboseLogging/Verbose_mode_logs_matches
[MATCH] epic folder 'E04-test' matched pattern #1: ^E(?P<number>\d{2})-(?P<slug>[a-z0-9-]+)$
  Captured groups: map[number:04 slug:test]
=== RUN   TestVerboseLogging/Toggle_verbose_mode
[MATCH] epic folder 'E04-test' matched pattern #1: ^E(?P<number>\d{2})-(?P<slug>[a-z0-9-]+)$
  Captured groups: map[number:04 slug:test]
--- PASS: TestVerboseLogging (0.00s)
    --- PASS: TestVerboseLogging/Verbose_mode_logs_matches (0.00s)
    --- PASS: TestVerboseLogging/Toggle_verbose_mode (0.00s)
=== RUN   TestCaptureGroupExtraction
=== RUN   TestCaptureGroupExtraction/Extract_all_named_capture_groups
=== RUN   TestCaptureGroupExtraction/Handle_missing_capture_groups_gracefully
--- PASS: TestCaptureGroupExtraction (0.00s)
    --- PASS: TestCaptureGroupExtraction/Extract_all_named_capture_groups (0.00s)
    --- PASS: TestCaptureGroupExtraction/Handle_missing_capture_groups_gracefully (0.00s)
=== RUN   TestGetAttemptedPatterns
=== RUN   TestGetAttemptedPatterns/Return_patterns_for_entity_type
=== RUN   TestGetAttemptedPatterns/Return_empty_for_invalid_entity_type
--- PASS: TestGetAttemptedPatterns (0.00s)
    --- PASS: TestGetAttemptedPatterns/Return_patterns_for_entity_type (0.00s)
    --- PASS: TestGetAttemptedPatterns/Return_empty_for_invalid_entity_type (0.00s)
=== RUN   TestMatchAllEntityTypes
=== RUN   TestMatchAllEntityTypes/Epic_folder_with_E##_format
=== RUN   TestMatchAllEntityTypes/Epic_folder_with_tech-debt
=== RUN   TestMatchAllEntityTypes/Feature_folder
=== RUN   TestMatchAllEntityTypes/Task_file
--- PASS: TestMatchAllEntityTypes (0.00s)
    --- PASS: TestMatchAllEntityTypes/Epic_folder_with_E##_format (0.00s)
    --- PASS: TestMatchAllEntityTypes/Epic_folder_with_tech-debt (0.00s)
    --- PASS: TestMatchAllEntityTypes/Feature_folder (0.00s)
    --- PASS: TestMatchAllEntityTypes/Task_file (0.00s)
=== RUN   TestIntegration_ConfigLoadToPatternMatching
=== RUN   TestIntegration_ConfigLoadToPatternMatching/Complete_workflow_with_default_patterns
--- PASS: TestIntegration_ConfigLoadToPatternMatching (0.00s)
    --- PASS: TestIntegration_ConfigLoadToPatternMatching/Complete_workflow_with_default_patterns (0.00s)
=== RUN   TestIntegration_PresetAdditionWorkflow
=== RUN   TestIntegration_PresetAdditionWorkflow/Add_preset_and_verify_patterns_work
--- PASS: TestIntegration_PresetAdditionWorkflow (0.00s)
    --- PASS: TestIntegration_PresetAdditionWorkflow/Add_preset_and_verify_patterns_work (0.00s)
=== RUN   TestIntegration_GenerationFormatApplication
=== RUN   TestIntegration_GenerationFormatApplication/Generate_IDs_using_format_from_config
--- PASS: TestIntegration_GenerationFormatApplication (0.00s)
    --- PASS: TestIntegration_GenerationFormatApplication/Generate_IDs_using_format_from_config (0.00s)
=== RUN   TestIntegration_ErrorHandling
=== RUN   TestIntegration_ErrorHandling/Handle_corrupted_config_gracefully
=== RUN   TestIntegration_ErrorHandling/Reject_catastrophic_backtracking_patterns
=== RUN   TestIntegration_ErrorHandling/Handle_pattern_matching_timeout
--- PASS: TestIntegration_ErrorHandling (0.00s)
    --- PASS: TestIntegration_ErrorHandling/Handle_corrupted_config_gracefully (0.00s)
    --- PASS: TestIntegration_ErrorHandling/Reject_catastrophic_backtracking_patterns (0.00s)
    --- PASS: TestIntegration_ErrorHandling/Handle_pattern_matching_timeout (0.00s)
=== RUN   TestGetPresetNames
--- PASS: TestGetPresetNames (0.00s)
=== RUN   TestGetPresetInfo
=== RUN   TestGetPresetInfo/standard_preset_exists
=== RUN   TestGetPresetInfo/special-epics_preset_exists
=== RUN   TestGetPresetInfo/numeric-only_preset_exists
=== RUN   TestGetPresetInfo/legacy-prp_preset_exists
=== RUN   TestGetPresetInfo/unknown_preset_does_not_exist
--- PASS: TestGetPresetInfo (0.00s)
    --- PASS: TestGetPresetInfo/standard_preset_exists (0.00s)
    --- PASS: TestGetPresetInfo/special-epics_preset_exists (0.00s)
    --- PASS: TestGetPresetInfo/numeric-only_preset_exists (0.00s)
    --- PASS: TestGetPresetInfo/legacy-prp_preset_exists (0.00s)
    --- PASS: TestGetPresetInfo/unknown_preset_does_not_exist (0.00s)
=== RUN   TestGetPreset
=== RUN   TestGetPreset/standard_preset
=== RUN   TestGetPreset/special-epics_preset
=== RUN   TestGetPreset/numeric-only_preset
=== RUN   TestGetPreset/legacy-prp_preset
=== RUN   TestGetPreset/unknown_preset
--- PASS: TestGetPreset (0.00s)
    --- PASS: TestGetPreset/standard_preset (0.00s)
    --- PASS: TestGetPreset/special-epics_preset (0.00s)
    --- PASS: TestGetPreset/numeric-only_preset (0.00s)
    --- PASS: TestGetPreset/legacy-prp_preset (0.00s)
    --- PASS: TestGetPreset/unknown_preset (0.00s)
=== RUN   TestStandardPreset
--- PASS: TestStandardPreset (0.00s)
=== RUN   TestSpecialEpicsPreset
--- PASS: TestSpecialEpicsPreset (0.00s)
=== RUN   TestNumericOnlyPreset
--- PASS: TestNumericOnlyPreset (0.00s)
=== RUN   TestLegacyPRPPreset
--- PASS: TestLegacyPRPPreset (0.00s)
=== RUN   TestPresetJSON
--- PASS: TestPresetJSON (0.00s)
=== RUN   TestListPresets
--- PASS: TestListPresets (0.00s)
=== RUN   TestMergePatterns
--- PASS: TestMergePatterns (0.00s)
=== RUN   TestMergePatternsSkipsDuplicates
--- PASS: TestMergePatternsSkipsDuplicates (0.00s)
=== RUN   TestMergePatternsPreservesGeneration
--- PASS: TestMergePatternsPreservesGeneration (0.00s)
=== RUN   TestNewPatternRegistry
=== RUN   TestNewPatternRegistry/Create_registry_with_valid_config
=== RUN   TestNewPatternRegistry/Create_registry_with_verbose_option
=== RUN   TestNewPatternRegistry/Nil_config_returns_error
=== RUN   TestNewPatternRegistry/Invalid_pattern_config_returns_validation_error
=== RUN   TestNewPatternRegistry/Config_with_missing_required_capture_groups_returns_error
--- PASS: TestNewPatternRegistry (0.00s)
    --- PASS: TestNewPatternRegistry/Create_registry_with_valid_config (0.00s)
    --- PASS: TestNewPatternRegistry/Create_registry_with_verbose_option (0.00s)
    --- PASS: TestNewPatternRegistry/Nil_config_returns_error (0.00s)
    --- PASS: TestNewPatternRegistry/Invalid_pattern_config_returns_validation_error (0.00s)
    --- PASS: TestNewPatternRegistry/Config_with_missing_required_capture_groups_returns_error (0.00s)
=== RUN   TestNewPatternRegistryFromDefaults
=== RUN   TestNewPatternRegistryFromDefaults/Create_registry_from_defaults
=== RUN   TestNewPatternRegistryFromDefaults/Create_registry_from_defaults_with_verbose
--- PASS: TestNewPatternRegistryFromDefaults (0.00s)
    --- PASS: TestNewPatternRegistryFromDefaults/Create_registry_from_defaults (0.00s)
    --- PASS: TestNewPatternRegistryFromDefaults/Create_registry_from_defaults_with_verbose (0.00s)
=== RUN   TestLoadPatternRegistryFromFile
=== RUN   TestLoadPatternRegistryFromFile/Load_registry_from_valid_config_file
=== RUN   TestLoadPatternRegistryFromFile/Load_registry_from_config_without_patterns_uses_defaults
=== RUN   TestLoadPatternRegistryFromFile/Load_registry_from_non-existent_file_returns_error
=== RUN   TestLoadPatternRegistryFromFile/Load_registry_from_invalid_JSON_returns_error
--- PASS: TestLoadPatternRegistryFromFile (0.01s)
    --- PASS: TestLoadPatternRegistryFromFile/Load_registry_from_valid_config_file (0.00s)
    --- PASS: TestLoadPatternRegistryFromFile/Load_registry_from_config_without_patterns_uses_defaults (0.00s)
    --- PASS: TestLoadPatternRegistryFromFile/Load_registry_from_non-existent_file_returns_error (0.00s)
    --- PASS: TestLoadPatternRegistryFromFile/Load_registry_from_invalid_JSON_returns_error (0.00s)
=== RUN   TestRegistryPatternMatching
=== RUN   TestRegistryPatternMatching/Match_standard_task_format
=== RUN   TestRegistryPatternMatching/Match_numbered_task_format
=== RUN   TestRegistryPatternMatching/Match_PRP_task_format
=== RUN   TestRegistryPatternMatching/Match_epic_folder_with_E##_format
=== RUN   TestRegistryPatternMatching/Match_special_epic_(tech-debt)
=== RUN   TestRegistryPatternMatching/Match_feature_folder
=== RUN   TestRegistryPatternMatching/No_match_for_invalid_format
--- PASS: TestRegistryPatternMatching (0.00s)
    --- PASS: TestRegistryPatternMatching/Match_standard_task_format (0.00s)
    --- PASS: TestRegistryPatternMatching/Match_numbered_task_format (0.00s)
    --- PASS: TestRegistryPatternMatching/Match_PRP_task_format (0.00s)
    --- PASS: TestRegistryPatternMatching/Match_epic_folder_with_E##_format (0.00s)
    --- PASS: TestRegistryPatternMatching/Match_special_epic_(tech-debt) (0.00s)
    --- PASS: TestRegistryPatternMatching/Match_feature_folder (0.00s)
    --- PASS: TestRegistryPatternMatching/No_match_for_invalid_format (0.00s)
=== RUN   TestRegistryFirstMatchWins
=== RUN   TestRegistryFirstMatchWins/First_pattern_matches_-_second_not_evaluated
=== RUN   TestRegistryFirstMatchWins/First_pattern_fails_-_second_pattern_matches
--- PASS: TestRegistryFirstMatchWins (0.00s)
    --- PASS: TestRegistryFirstMatchWins/First_pattern_matches_-_second_not_evaluated (0.00s)
    --- PASS: TestRegistryFirstMatchWins/First_pattern_fails_-_second_pattern_matches (0.00s)
=== RUN   TestRegistryGetPatterns
=== RUN   TestRegistryGetPatterns/Get_task_patterns
=== RUN   TestRegistryGetPatterns/Get_feature_patterns
=== RUN   TestRegistryGetPatterns/Get_epic_patterns
=== RUN   TestRegistryGetPatterns/Get_config
--- PASS: TestRegistryGetPatterns (0.00s)
    --- PASS: TestRegistryGetPatterns/Get_task_patterns (0.00s)
    --- PASS: TestRegistryGetPatterns/Get_feature_patterns (0.00s)
    --- PASS: TestRegistryGetPatterns/Get_epic_patterns (0.00s)
    --- PASS: TestRegistryGetPatterns/Get_config (0.00s)
=== RUN   TestRegistrySetVerbose
=== RUN   TestRegistrySetVerbose/Toggle_verbose_mode
[MATCH] task file 'T-E04-F05-001.md' matched pattern #1: ^T-E(?P<epic_num>\d{2})-F(?P<feature_num>\d{2})-(?P<number>\d{3}).*\.md$
  Captured groups: map[epic_num:04 feature_num:05 number:001]
--- PASS: TestRegistrySetVerbose (0.00s)
    --- PASS: TestRegistrySetVerbose/Toggle_verbose_mode (0.00s)
=== RUN   TestRegistryValidatePattern
=== RUN   TestRegistryValidatePattern/Validate_valid_pattern
=== RUN   TestRegistryValidatePattern/Validate_invalid_regex_syntax
=== RUN   TestRegistryValidatePattern/Validate_pattern_with_missing_capture_groups
=== RUN   TestRegistryValidatePattern/Validate_pattern_with_catastrophic_backtracking
--- PASS: TestRegistryValidatePattern (0.00s)
    --- PASS: TestRegistryValidatePattern/Validate_valid_pattern (0.00s)
    --- PASS: TestRegistryValidatePattern/Validate_invalid_regex_syntax (0.00s)
    --- PASS: TestRegistryValidatePattern/Validate_pattern_with_missing_capture_groups (0.00s)
    --- PASS: TestRegistryValidatePattern/Validate_pattern_with_catastrophic_backtracking (0.00s)
=== RUN   TestRegistryValidatePatternWithTimeout
=== RUN   TestRegistryValidatePatternWithTimeout/Validate_pattern_with_timeout
--- PASS: TestRegistryValidatePatternWithTimeout (0.00s)
    --- PASS: TestRegistryValidatePatternWithTimeout/Validate_pattern_with_timeout (0.00s)
=== RUN   TestRegistryGetPatternWarnings
=== RUN   TestRegistryGetPatternWarnings/Get_warnings_for_pattern_with_unrecognized_capture_group
=== RUN   TestRegistryGetPatternWarnings/No_warnings_for_valid_pattern
--- PASS: TestRegistryGetPatternWarnings (0.00s)
    --- PASS: TestRegistryGetPatternWarnings/Get_warnings_for_pattern_with_unrecognized_capture_group (0.00s)
    --- PASS: TestRegistryGetPatternWarnings/No_warnings_for_valid_pattern (0.00s)
=== RUN   TestRegistryGenerateKeys
=== RUN   TestRegistryGenerateKeys/Generate_task_key
=== RUN   TestRegistryGenerateKeys/Generate_feature_key
=== RUN   TestRegistryGenerateKeys/Generate_epic_key
--- PASS: TestRegistryGenerateKeys (0.00s)
    --- PASS: TestRegistryGenerateKeys/Generate_task_key (0.00s)
    --- PASS: TestRegistryGenerateKeys/Generate_feature_key (0.00s)
    --- PASS: TestRegistryGenerateKeys/Generate_epic_key (0.00s)
=== RUN   TestRegistryPerformance
=== RUN   TestRegistryPerformance/Pattern_compilation_is_cached
    registry_test.go:607: Initialization: 572.739µs, 1000 matches: 6.18499ms, avg per match: 6.184µs
--- PASS: TestRegistryPerformance (0.01s)
    --- PASS: TestRegistryPerformance/Pattern_compilation_is_cached (0.01s)
=== RUN   TestIntegration_RegistryWorkflow
=== RUN   TestIntegration_RegistryWorkflow/Load_config,_validate,_and_match_patterns
--- PASS: TestIntegration_RegistryWorkflow (0.00s)
    --- PASS: TestIntegration_RegistryWorkflow/Load_config,_validate,_and_match_patterns (0.00s)
=== RUN   TestValidatePattern_ValidPattern
--- PASS: TestValidatePattern_ValidPattern (0.00s)
=== RUN   TestValidatePattern_InvalidRegexSyntax
--- PASS: TestValidatePattern_InvalidRegexSyntax (0.00s)
=== RUN   TestValidatePattern_MissingRequiredCaptureGroups_Epic
=== RUN   TestValidatePattern_MissingRequiredCaptureGroups_Epic/has_number_-_valid
=== RUN   TestValidatePattern_MissingRequiredCaptureGroups_Epic/has_epic_id_-_valid
=== RUN   TestValidatePattern_MissingRequiredCaptureGroups_Epic/has_epic_slug_-_valid
=== RUN   TestValidatePattern_MissingRequiredCaptureGroups_Epic/has_slug_(same_as_epic_slug)_-_valid
=== RUN   TestValidatePattern_MissingRequiredCaptureGroups_Epic/missing_all_required_groups_-_invalid
--- PASS: TestValidatePattern_MissingRequiredCaptureGroups_Epic (0.00s)
    --- PASS: TestValidatePattern_MissingRequiredCaptureGroups_Epic/has_number_-_valid (0.00s)
    --- PASS: TestValidatePattern_MissingRequiredCaptureGroups_Epic/has_epic_id_-_valid (0.00s)
    --- PASS: TestValidatePattern_MissingRequiredCaptureGroups_Epic/has_epic_slug_-_valid (0.00s)
    --- PASS: TestValidatePattern_MissingRequiredCaptureGroups_Epic/has_slug_(same_as_epic_slug)_-_valid (0.00s)
    --- PASS: TestValidatePattern_MissingRequiredCaptureGroups_Epic/missing_all_required_groups_-_invalid (0.00s)
=== RUN   TestValidatePattern_MissingRequiredCaptureGroups_Feature
=== RUN   TestValidatePattern_MissingRequiredCaptureGroups_Feature/has_epic_num_and_number_-_valid
=== RUN   TestValidatePattern_MissingRequiredCaptureGroups_Feature/has_epic_id_and_feature_id_-_valid
=== RUN   TestValidatePattern_MissingRequiredCaptureGroups_Feature/has_epic_num_and_feature_slug_-_valid
=== RUN   TestValidatePattern_MissingRequiredCaptureGroups_Feature/has_epic_num_and_slug_(same_as_feature_slug)_-_valid
=== RUN   TestValidatePattern_MissingRequiredCaptureGroups_Feature/has_number_without_epic_(nested_context)_-_valid
=== RUN   TestValidatePattern_MissingRequiredCaptureGroups_Feature/missing_feature_identifier_completely_-_invalid
--- PASS: TestValidatePattern_MissingRequiredCaptureGroups_Feature (0.00s)
    --- PASS: TestValidatePattern_MissingRequiredCaptureGroups_Feature/has_epic_num_and_number_-_valid (0.00s)
    --- PASS: TestValidatePattern_MissingRequiredCaptureGroups_Feature/has_epic_id_and_feature_id_-_valid (0.00s)
    --- PASS: TestValidatePattern_MissingRequiredCaptureGroups_Feature/has_epic_num_and_feature_slug_-_valid (0.00s)
    --- PASS: TestValidatePattern_MissingRequiredCaptureGroups_Feature/has_epic_num_and_slug_(same_as_feature_slug)_-_valid (0.00s)
    --- PASS: TestValidatePattern_MissingRequiredCaptureGroups_Feature/has_number_without_epic_(nested_context)_-_valid (0.00s)
    --- PASS: TestValidatePattern_MissingRequiredCaptureGroups_Feature/missing_feature_identifier_completely_-_invalid (0.00s)
=== RUN   TestValidatePattern_MissingRequiredCaptureGroups_Task
=== RUN   TestValidatePattern_MissingRequiredCaptureGroups_Task/has_all_required_(epic_num,_feature_num,_number)_-_valid
=== RUN   TestValidatePattern_MissingRequiredCaptureGroups_Task/has_epic_id,_feature_id,_task_id_-_valid
=== RUN   TestValidatePattern_MissingRequiredCaptureGroups_Task/has_epic_num,_feature_num,_slug_(same_as_task_slug)_-_valid
=== RUN   TestValidatePattern_MissingRequiredCaptureGroups_Task/missing_epic_identifier_-_invalid
=== RUN   TestValidatePattern_MissingRequiredCaptureGroups_Task/missing_feature_identifier_-_invalid
=== RUN   TestValidatePattern_MissingRequiredCaptureGroups_Task/missing_task_identifier_-_invalid
--- PASS: TestValidatePattern_MissingRequiredCaptureGroups_Task (0.00s)
    --- PASS: TestValidatePattern_MissingRequiredCaptureGroups_Task/has_all_required_(epic_num,_feature_num,_number)_-_valid (0.00s)
    --- PASS: TestValidatePattern_MissingRequiredCaptureGroups_Task/has_epic_id,_feature_id,_task_id_-_valid (0.00s)
    --- PASS: TestValidatePattern_MissingRequiredCaptureGroups_Task/has_epic_num,_feature_num,_slug_(same_as_task_slug)_-_valid (0.00s)
    --- PASS: TestValidatePattern_MissingRequiredCaptureGroups_Task/missing_epic_identifier_-_invalid (0.00s)
    --- PASS: TestValidatePattern_MissingRequiredCaptureGroups_Task/missing_feature_identifier_-_invalid (0.00s)
    --- PASS: TestValidatePattern_MissingRequiredCaptureGroups_Task/missing_task_identifier_-_invalid (0.00s)
=== RUN   TestValidatePattern_UnrecognizedCaptureGroups
--- PASS: TestValidatePattern_UnrecognizedCaptureGroups (0.00s)
=== RUN   TestValidatePattern_CatastrophicBacktracking
=== RUN   TestValidatePattern_CatastrophicBacktracking/nested_quantifiers_-_catastrophic
=== RUN   TestValidatePattern_CatastrophicBacktracking/multiple_nested_quantifiers_-_catastrophic
=== RUN   TestValidatePattern_CatastrophicBacktracking/complex_nested_-_catastrophic
=== RUN   TestValidatePattern_CatastrophicBacktracking/safe_pattern_-_non-catastrophic
=== RUN   TestValidatePattern_CatastrophicBacktracking/safe_pattern_with_groups_-_non-catastrophic
--- PASS: TestValidatePattern_CatastrophicBacktracking (0.00s)
    --- PASS: TestValidatePattern_CatastrophicBacktracking/nested_quantifiers_-_catastrophic (0.00s)
    --- PASS: TestValidatePattern_CatastrophicBacktracking/multiple_nested_quantifiers_-_catastrophic (0.00s)
    --- PASS: TestValidatePattern_CatastrophicBacktracking/complex_nested_-_catastrophic (0.00s)
    --- PASS: TestValidatePattern_CatastrophicBacktracking/safe_pattern_-_non-catastrophic (0.00s)
    --- PASS: TestValidatePattern_CatastrophicBacktracking/safe_pattern_with_groups_-_non-catastrophic (0.00s)
=== RUN   TestValidatePatternConfig_AllPatterns
--- PASS: TestValidatePatternConfig_AllPatterns (0.00s)
=== RUN   TestValidatePatternConfig_WithErrors
--- PASS: TestValidatePatternConfig_WithErrors (0.00s)
=== RUN   TestValidationPerformance
--- PASS: TestValidationPerformance (0.00s)
PASS
ok  	github.com/jwwelbor/shark-task-manager/internal/patterns	(cached)
=== RUN   TestFormatCLI_BasicReport
--- PASS: TestFormatCLI_BasicReport (0.00s)
=== RUN   TestFormatCLI_WithErrors
--- PASS: TestFormatCLI_WithErrors (0.00s)
=== RUN   TestFormatCLI_ErrorGrouping
--- PASS: TestFormatCLI_ErrorGrouping (0.00s)
=== RUN   TestFormatCLI_WithColor
--- PASS: TestFormatCLI_WithColor (0.00s)
=== RUN   TestFormatCLI_DryRunIndicator
--- PASS: TestFormatCLI_DryRunIndicator (0.00s)
=== RUN   TestFormatCLI_EntityBreakdown
--- PASS: TestFormatCLI_EntityBreakdown (0.00s)
=== RUN   TestFormatJSON_BasicReport
--- PASS: TestFormatJSON_BasicReport (0.00s)
=== RUN   TestFormatJSON_WithErrors
--- PASS: TestFormatJSON_WithErrors (0.00s)
=== RUN   TestFormatJSON_EntityBreakdown
--- PASS: TestFormatJSON_EntityBreakdown (0.00s)
=== RUN   TestFormatJSON_DryRunFlag
--- PASS: TestFormatJSON_DryRunFlag (0.00s)
=== RUN   TestFormatJSON_ValidJSONStructure
--- PASS: TestFormatJSON_ValidJSONStructure (0.00s)
=== RUN   TestFormatJSON_MetadataFields
--- PASS: TestFormatJSON_MetadataFields (0.00s)
=== RUN   TestFormatCLI_WarningsSection
--- PASS: TestFormatCLI_WarningsSection (0.00s)
=== RUN   TestFormatCLI_NoErrorsOrWarnings
--- PASS: TestFormatCLI_NoErrorsOrWarnings (0.00s)
=== RUN   TestNewScanReport
--- PASS: TestNewScanReport (0.00s)
=== RUN   TestScanReport_AddScanned
--- PASS: TestScanReport_AddScanned (0.00s)
=== RUN   TestScanReport_AddMatched
--- PASS: TestScanReport_AddMatched (0.00s)
=== RUN   TestScanReport_AddSkipped
--- PASS: TestScanReport_AddSkipped (0.00s)
=== RUN   TestScanReport_AddError
--- PASS: TestScanReport_AddError (0.00s)
=== RUN   TestScanReport_AddWarning
--- PASS: TestScanReport_AddWarning (0.00s)
=== RUN   TestScanReport_SetMetadata
--- PASS: TestScanReport_SetMetadata (0.00s)
=== RUN   TestScanReport_ErrorGrouping
--- PASS: TestScanReport_ErrorGrouping (0.00s)
=== RUN   TestScanReport_EntityBreakdown
--- PASS: TestScanReport_EntityBreakdown (0.00s)
=== RUN   TestScanReport_SkippedFileDetails
--- PASS: TestScanReport_SkippedFileDetails (0.00s)
=== RUN   TestScanReport_RelatedDocsSupport
--- PASS: TestScanReport_RelatedDocsSupport (0.00s)
=== RUN   TestScanReport_DryRunMode
--- PASS: TestScanReport_DryRunMode (0.00s)
=== RUN   TestScanReport_StatusTracking
=== RUN   TestScanReport_StatusTracking/success_with_no_errors
=== RUN   TestScanReport_StatusTracking/success_with_warnings_only
=== RUN   TestScanReport_StatusTracking/failure_with_errors
--- PASS: TestScanReport_StatusTracking (0.00s)
    --- PASS: TestScanReport_StatusTracking/success_with_no_errors (0.00s)
    --- PASS: TestScanReport_StatusTracking/success_with_warnings_only (0.00s)
    --- PASS: TestScanReport_StatusTracking/failure_with_errors (0.00s)
=== RUN   TestGetJSONSchema
--- PASS: TestGetJSONSchema (0.00s)
=== RUN   TestJSONSchema_RequiredFields
--- PASS: TestJSONSchema_RequiredFields (0.00s)
=== RUN   TestJSONSchema_Properties
--- PASS: TestJSONSchema_Properties (0.00s)
=== RUN   TestJSONSchema_MetadataStructure
--- PASS: TestJSONSchema_MetadataStructure (0.00s)
=== RUN   TestJSONSchema_SkippedFileEntryStructure
--- PASS: TestJSONSchema_SkippedFileEntryStructure (0.00s)
=== RUN   TestJSONSchema_StatusEnum
--- PASS: TestJSONSchema_StatusEnum (0.00s)
=== RUN   TestJSONSchema_ErrorTypeEnum
--- PASS: TestJSONSchema_ErrorTypeEnum (0.00s)
=== RUN   TestJSONSchema_Description
--- PASS: TestJSONSchema_Description (0.00s)
=== RUN   TestJSONSchema_Version
--- PASS: TestJSONSchema_Version (0.00s)
PASS
ok  	github.com/jwwelbor/shark-task-manager/internal/reporting	(cached)
=== RUN   TestBulkCreateEmpty
--- PASS: TestBulkCreateEmpty (0.04s)
=== RUN   TestBulkCreateValidationFailure
--- PASS: TestBulkCreateValidationFailure (0.00s)
=== RUN   TestBulkCreateRollback
--- PASS: TestBulkCreateRollback (0.00s)
=== RUN   TestGetByKeysPartial
--- PASS: TestGetByKeysPartial (0.00s)
=== RUN   TestGetByKeysEmpty
--- PASS: TestGetByKeysEmpty (0.00s)
=== RUN   TestUpdateMetadata
--- PASS: TestUpdateMetadata (0.00s)
=== RUN   TestUpdateMetadataNotFound
--- PASS: TestUpdateMetadataNotFound (0.00s)
=== RUN   TestCreateOrGetNewDocument
--- PASS: TestCreateOrGetNewDocument (0.00s)
=== RUN   TestCreateOrGetExistingDocument
--- PASS: TestCreateOrGetExistingDocument (0.00s)
=== RUN   TestGetByID
--- PASS: TestGetByID (0.00s)
=== RUN   TestDeleteDocument
--- PASS: TestDeleteDocument (0.00s)
=== RUN   TestLinkToEpic
--- PASS: TestLinkToEpic (0.00s)
=== RUN   TestUnlinkFromEpic
--- PASS: TestUnlinkFromEpic (0.00s)
=== RUN   TestUnlinkFromFeature
--- PASS: TestUnlinkFromFeature (0.00s)
=== RUN   TestUnlinkFromTask
--- PASS: TestUnlinkFromTask (0.00s)
=== RUN   TestListForFeature
--- PASS: TestListForFeature (0.00s)
=== RUN   TestListForTask
--- PASS: TestListForTask (0.00s)
=== RUN   TestDocumentReuseSameTitlePath
--- PASS: TestDocumentReuseSameTitlePath (0.00s)
=== RUN   TestGetByIDNotFound
--- PASS: TestGetByIDNotFound (0.00s)
=== RUN   TestGetByTitle
--- PASS: TestGetByTitle (0.00s)
=== RUN   TestGetByTitleNotFound
--- PASS: TestGetByTitleNotFound (0.00s)
=== RUN   TestEpicListingIntegration
    epic_feature_integration_test.go:109: Successfully listed 9 epics
--- PASS: TestEpicListingIntegration (0.01s)
=== RUN   TestFeatureDetailsIntegration
    epic_feature_integration_test.go:186: Feature E89-F02: progress=70.0% with 7 completed, 2 in_progress, 1 todo tasks
--- PASS: TestFeatureDetailsIntegration (0.02s)
=== RUN   TestFeatureListFilteringIntegration
    epic_feature_integration_test.go:243: Filter test passed: Epic E63 returned 3 features
--- PASS: TestFeatureListFilteringIntegration (0.00s)
=== RUN   TestProgressCalculationEdgeCases
=== RUN   TestProgressCalculationEdgeCases/FeatureWithZeroTasks
=== RUN   TestProgressCalculationEdgeCases/AllTasksCompleted
=== NAME  TestProgressCalculationEdgeCases
    epic_feature_integration_test.go:343: All edge cases handled correctly
--- PASS: TestProgressCalculationEdgeCases (0.00s)
    --- PASS: TestProgressCalculationEdgeCases/FeatureWithZeroTasks (0.00s)
    --- PASS: TestProgressCalculationEdgeCases/AllTasksCompleted (0.00s)
=== RUN   TestMultiLevelProgressPropagation
    epic_feature_integration_test.go:367: Epic already exists: failed to create epic: UNIQUE constraint failed: epics.key
--- SKIP: TestMultiLevelProgressPropagation (0.00s)
=== RUN   TestEpicRepository_GetByFilePath
--- PASS: TestEpicRepository_GetByFilePath (0.00s)
=== RUN   TestEpicRepository_GetByFilePath_NotFound
--- PASS: TestEpicRepository_GetByFilePath_NotFound (0.00s)
=== RUN   TestEpicRepository_UpdateFilePath
--- PASS: TestEpicRepository_UpdateFilePath (0.00s)
=== RUN   TestEpicRepository_UpdateFilePath_Clear
--- PASS: TestEpicRepository_UpdateFilePath_Clear (0.00s)
=== RUN   TestEpicRepository_UpdateFilePath_NotFound
--- PASS: TestEpicRepository_UpdateFilePath_NotFound (0.00s)
=== RUN   TestEpicRepository_GetByFilePath_Collision_Detection
--- PASS: TestEpicRepository_GetByFilePath_Collision_Detection (0.00s)
=== RUN   TestEpicRepository_Create_GeneratesAndStoresSlug
--- PASS: TestEpicRepository_Create_GeneratesAndStoresSlug (0.00s)
=== RUN   TestEpicRepository_Create_SlugHandlesSpecialCharacters
--- PASS: TestEpicRepository_Create_SlugHandlesSpecialCharacters (0.00s)
=== RUN   TestEpicRepository_GetByKey_NumericFormat
--- PASS: TestEpicRepository_GetByKey_NumericFormat (0.00s)
=== RUN   TestEpicRepository_GetByKey_SluggedFormat
--- PASS: TestEpicRepository_GetByKey_SluggedFormat (0.00s)
=== RUN   TestEpicRepository_GetByKey_InvalidSluggedFormat
--- PASS: TestEpicRepository_GetByKey_InvalidSluggedFormat (0.00s)
=== RUN   TestEpicRepository_GetByKey_PreferNumericLookup
--- PASS: TestEpicRepository_GetByKey_PreferNumericLookup (0.00s)
=== RUN   TestContainsHyphen
=== RUN   TestContainsHyphen/No_hyphen
=== RUN   TestContainsHyphen/With_hyphen
=== RUN   TestContainsHyphen/Multiple_hyphens
=== RUN   TestContainsHyphen/Empty_string
=== RUN   TestContainsHyphen/Only_hyphen
--- PASS: TestContainsHyphen (0.00s)
    --- PASS: TestContainsHyphen/No_hyphen (0.00s)
    --- PASS: TestContainsHyphen/With_hyphen (0.00s)
    --- PASS: TestContainsHyphen/Multiple_hyphens (0.00s)
    --- PASS: TestContainsHyphen/Empty_string (0.00s)
    --- PASS: TestContainsHyphen/Only_hyphen (0.00s)
=== RUN   TestSplitSluggedKey
=== RUN   TestSplitSluggedKey/Normal_slugged_key
=== RUN   TestSplitSluggedKey/Multiple_hyphens_in_slug
=== RUN   TestSplitSluggedKey/No_hyphen
=== RUN   TestSplitSluggedKey/Empty_string
--- PASS: TestSplitSluggedKey (0.00s)
    --- PASS: TestSplitSluggedKey/Normal_slugged_key (0.00s)
    --- PASS: TestSplitSluggedKey/Multiple_hyphens_in_slug (0.00s)
    --- PASS: TestSplitSluggedKey/No_hyphen (0.00s)
    --- PASS: TestSplitSluggedKey/Empty_string (0.00s)
=== RUN   TestEpicRepository_CalculateProgress_CompletedFeaturesCountAs100Percent
--- PASS: TestEpicRepository_CalculateProgress_CompletedFeaturesCountAs100Percent (0.00s)
=== RUN   TestEpicRepository_CalculateProgress_MixedFeatureStatuses
--- PASS: TestEpicRepository_CalculateProgress_MixedFeatureStatuses (0.00s)
=== RUN   TestEpicRepository_CalculateProgress_AllFeaturesCompleted
--- PASS: TestEpicRepository_CalculateProgress_AllFeaturesCompleted (0.00s)
=== RUN   TestFeatureRepository_GetByFilePath
--- PASS: TestFeatureRepository_GetByFilePath (0.00s)
=== RUN   TestFeatureRepository_GetByFilePath_NotFound
--- PASS: TestFeatureRepository_GetByFilePath_NotFound (0.00s)
=== RUN   TestFeatureRepository_UpdateFilePath
--- PASS: TestFeatureRepository_UpdateFilePath (0.00s)
=== RUN   TestFeatureRepository_UpdateFilePath_Clear
--- PASS: TestFeatureRepository_UpdateFilePath_Clear (0.00s)
=== RUN   TestFeatureRepository_UpdateFilePath_NotFound
--- PASS: TestFeatureRepository_UpdateFilePath_NotFound (0.00s)
=== RUN   TestFeatureRepository_GetByFilePath_Collision_Detection
--- PASS: TestFeatureRepository_GetByFilePath_Collision_Detection (0.00s)
=== RUN   TestFeatureRepository_ListByStatus
=== RUN   TestFeatureRepository_ListByStatus/filter_by_active_status
=== RUN   TestFeatureRepository_ListByStatus/filter_by_completed_status
=== RUN   TestFeatureRepository_ListByStatus/filter_by_draft_status
--- PASS: TestFeatureRepository_ListByStatus (0.00s)
    --- PASS: TestFeatureRepository_ListByStatus/filter_by_active_status (0.00s)
    --- PASS: TestFeatureRepository_ListByStatus/filter_by_completed_status (0.00s)
    --- PASS: TestFeatureRepository_ListByStatus/filter_by_draft_status (0.00s)
=== RUN   TestFeatureRepository_ListByEpicAndStatus
=== RUN   TestFeatureRepository_ListByEpicAndStatus/filter_by_epic_and_active_status
--- PASS: TestFeatureRepository_ListByEpicAndStatus (0.00s)
    --- PASS: TestFeatureRepository_ListByEpicAndStatus/filter_by_epic_and_active_status (0.00s)
=== RUN   TestFeatureRepository_GetTaskCount
=== RUN   TestFeatureRepository_GetTaskCount/get_task_count_for_feature
=== RUN   TestFeatureRepository_GetTaskCount/get_task_count_for_feature_with_no_tasks
--- PASS: TestFeatureRepository_GetTaskCount (0.00s)
    --- PASS: TestFeatureRepository_GetTaskCount/get_task_count_for_feature (0.00s)
    --- PASS: TestFeatureRepository_GetTaskCount/get_task_count_for_feature_with_no_tasks (0.00s)
=== RUN   TestTaskRepository_GetStatusBreakdown
=== RUN   TestTaskRepository_GetStatusBreakdown/get_status_breakdown_for_feature
=== RUN   TestTaskRepository_GetStatusBreakdown/get_status_breakdown_for_feature_with_no_tasks
=== RUN   TestTaskRepository_GetStatusBreakdown/get_status_breakdown_map_for_feature_(backward_compat)
--- PASS: TestTaskRepository_GetStatusBreakdown (0.00s)
    --- PASS: TestTaskRepository_GetStatusBreakdown/get_status_breakdown_for_feature (0.00s)
    --- PASS: TestTaskRepository_GetStatusBreakdown/get_status_breakdown_for_feature_with_no_tasks (0.00s)
    --- PASS: TestTaskRepository_GetStatusBreakdown/get_status_breakdown_map_for_feature_(backward_compat) (0.00s)
=== RUN   TestFeatureRepository_Create_GeneratesAndStoresSlug
--- PASS: TestFeatureRepository_Create_GeneratesAndStoresSlug (0.00s)
=== RUN   TestFeatureRepository_Create_SlugHandlesSpecialCharacters
    feature_repository_test.go:98: Using epicID: 40
--- PASS: TestFeatureRepository_Create_SlugHandlesSpecialCharacters (0.01s)
=== RUN   TestFeatureRepository_GetByKey_NumericAndSluggedKeys
=== RUN   TestFeatureRepository_GetByKey_NumericAndSluggedKeys/Full_key_lookup
=== RUN   TestFeatureRepository_GetByKey_NumericAndSluggedKeys/Numeric_key_only
=== RUN   TestFeatureRepository_GetByKey_NumericAndSluggedKeys/Lowercase_numeric_key
=== RUN   TestFeatureRepository_GetByKey_NumericAndSluggedKeys/Slugged_key_with_dash
=== RUN   TestFeatureRepository_GetByKey_NumericAndSluggedKeys/Lowercase_slugged_key
=== RUN   TestFeatureRepository_GetByKey_NumericAndSluggedKeys/Full_key_with_slug
=== RUN   TestFeatureRepository_GetByKey_NumericAndSluggedKeys/Invalid_key
=== RUN   TestFeatureRepository_GetByKey_NumericAndSluggedKeys/Invalid_key_with_different_number
=== RUN   TestFeatureRepository_GetByKey_NumericAndSluggedKeys/Wrong_slug
--- PASS: TestFeatureRepository_GetByKey_NumericAndSluggedKeys (0.00s)
    --- PASS: TestFeatureRepository_GetByKey_NumericAndSluggedKeys/Full_key_lookup (0.00s)
    --- PASS: TestFeatureRepository_GetByKey_NumericAndSluggedKeys/Numeric_key_only (0.00s)
    --- PASS: TestFeatureRepository_GetByKey_NumericAndSluggedKeys/Lowercase_numeric_key (0.00s)
    --- PASS: TestFeatureRepository_GetByKey_NumericAndSluggedKeys/Slugged_key_with_dash (0.00s)
    --- PASS: TestFeatureRepository_GetByKey_NumericAndSluggedKeys/Lowercase_slugged_key (0.00s)
    --- PASS: TestFeatureRepository_GetByKey_NumericAndSluggedKeys/Full_key_with_slug (0.00s)
    --- PASS: TestFeatureRepository_GetByKey_NumericAndSluggedKeys/Invalid_key (0.00s)
    --- PASS: TestFeatureRepository_GetByKey_NumericAndSluggedKeys/Invalid_key_with_different_number (0.00s)
    --- PASS: TestFeatureRepository_GetByKey_NumericAndSluggedKeys/Wrong_slug (0.00s)
=== RUN   TestFeatureRepository_GetByKey_MultipleFeaturesSameEpic
--- PASS: TestFeatureRepository_GetByKey_MultipleFeaturesSameEpic (0.00s)
=== RUN   TestFeatureRepository_UpdateCascadesOrder
--- PASS: TestFeatureRepository_UpdateCascadesOrder (0.00s)
=== RUN   TestGetByFilePath_EpicQueryPlan
    filepath_query_plan_test.go:30: Epic GetByFilePath Query Plan: SEARCH epics USING INDEX idx_epics_file_path (file_path=?)
--- PASS: TestGetByFilePath_EpicQueryPlan (0.00s)
=== RUN   TestGetByFilePath_FeatureQueryPlan
    filepath_query_plan_test.go:56: Feature GetByFilePath Query Plan: SEARCH features USING INDEX idx_features_file_path (file_path=?)
--- PASS: TestGetByFilePath_FeatureQueryPlan (0.00s)
=== RUN   TestUpdateFilePath_EpicQueryPlan
    filepath_query_plan_test.go:82: Epic UpdateFilePath Query Plan: SEARCH epics USING INDEX idx_epics_key (key=?)
--- PASS: TestUpdateFilePath_EpicQueryPlan (0.00s)
=== RUN   TestUpdateFilePath_FeatureQueryPlan
    filepath_query_plan_test.go:108: Feature UpdateFilePath Query Plan: SEARCH features USING INDEX idx_features_key (key=?)
--- PASS: TestUpdateFilePath_FeatureQueryPlan (0.00s)
=== RUN   TestIdeaRepository_Create
--- PASS: TestIdeaRepository_Create (0.00s)
=== RUN   TestIdeaRepository_GetByKey
--- PASS: TestIdeaRepository_GetByKey (0.00s)
=== RUN   TestIdeaRepository_GetByID
--- PASS: TestIdeaRepository_GetByID (0.00s)
=== RUN   TestIdeaRepository_List
--- PASS: TestIdeaRepository_List (0.00s)
=== RUN   TestIdeaRepository_ListWithStatusFilter
--- PASS: TestIdeaRepository_ListWithStatusFilter (0.00s)
=== RUN   TestIdeaRepository_Update
--- PASS: TestIdeaRepository_Update (0.00s)
=== RUN   TestIdeaRepository_Delete
--- PASS: TestIdeaRepository_Delete (0.00s)
=== RUN   TestIdeaRepository_MarkAsConverted
--- PASS: TestIdeaRepository_MarkAsConverted (0.00s)
=== RUN   TestIdeaRepository_MarkAsConverted_NonExistentIdea
--- PASS: TestIdeaRepository_MarkAsConverted_NonExistentIdea (0.00s)
=== RUN   TestResequenceOrders_MoveItemDown
--- PASS: TestResequenceOrders_MoveItemDown (0.00s)
=== RUN   TestResequenceOrders_MoveItemUp
--- PASS: TestResequenceOrders_MoveItemUp (0.00s)
=== RUN   TestResequenceOrders_NoChange
--- PASS: TestResequenceOrders_NoChange (0.00s)
=== RUN   TestResequenceOrders_WithNilOrders
--- PASS: TestResequenceOrders_WithNilOrders (0.00s)
=== RUN   TestFeatureProgress_NoTasks
    progress_calc_test.go:54: Using epic E90 with ID=44
--- PASS: TestFeatureProgress_NoTasks (0.00s)
=== RUN   TestFeatureProgress_CompletedTasks
    progress_calc_test.go:54: Using epic E91 with ID=13
--- PASS: TestFeatureProgress_CompletedTasks (0.00s)
=== RUN   TestFeatureProgress_CompletedAndArchived
    progress_calc_test.go:54: Using epic E92 with ID=46
--- PASS: TestFeatureProgress_CompletedAndArchived (0.00s)
=== RUN   TestFeatureProgress_AllCompleted
    progress_calc_test.go:54: Using epic E93 with ID=47
--- PASS: TestFeatureProgress_AllCompleted (0.00s)
=== RUN   TestFeatureProgress_NoneCompleted
    progress_calc_test.go:54: Using epic E94 with ID=48
--- PASS: TestFeatureProgress_NoneCompleted (0.00s)
=== RUN   TestFeatureProgress_BlockedNotCounted
    progress_calc_test.go:54: Using epic E95 with ID=49
--- PASS: TestFeatureProgress_BlockedNotCounted (0.00s)
=== RUN   TestEpicProgress_NoFeatures
    progress_calc_test.go:54: Using epic E96 with ID=50
--- PASS: TestEpicProgress_NoFeatures (0.00s)
=== RUN   TestEpicProgress_MultipleFeatures
    progress_calc_test.go:54: Using epic E49 with ID=51
    progress_calc_test.go:54: Using epic E49 with ID=51
--- PASS: TestEpicProgress_MultipleFeatures (0.02s)
=== RUN   TestEpicProgress_SimpleAverage
    progress_calc_test.go:54: Using epic E98 with ID=53
    progress_calc_test.go:54: Using epic E98 with ID=53
--- PASS: TestEpicProgress_SimpleAverage (0.00s)
=== RUN   TestFeatureProgressPerformance
    progress_calc_test.go:54: Using epic E83 with ID=55
    progress_performance_test.go:40: Feature progress calculation query plan:
    progress_performance_test.go:48:   SEARCH tasks USING INDEX idx_tasks_feature_id (feature_id=?)
--- PASS: TestFeatureProgressPerformance (0.00s)
=== RUN   TestEpicProgressPerformance
    progress_calc_test.go:54: Using epic E84 with ID=35
    progress_calc_test.go:54: Using epic E84 with ID=35
    progress_performance_test.go:95: Epic progress calculation query plan:
    progress_performance_test.go:103:   SEARCH f USING INDEX idx_features_epic_id (epic_id=?)
    progress_performance_test.go:103:   CORRELATED SCALAR SUBQUERY 1
    progress_performance_test.go:103:   SEARCH t USING COVERING INDEX idx_tasks_feature_id (feature_id=?)
    progress_performance_test.go:103:   CORRELATED SCALAR SUBQUERY 2
    progress_performance_test.go:103:   SEARCH t USING COVERING INDEX idx_tasks_feature_id (feature_id=?)
--- PASS: TestEpicProgressPerformance (0.00s)
=== RUN   TestQueryPlanAnalysis
=== RUN   TestQueryPlanAnalysis/FeatureProgressQueryPlan
    query_performance_benchmark_test.go:204: Feature progress calculation query plan:
    query_performance_benchmark_test.go:213:   SEARCH tasks USING INDEX idx_tasks_feature_id (feature_id=?)
=== RUN   TestQueryPlanAnalysis/EpicProgressQueryPlan
    query_performance_benchmark_test.go:246: Epic progress calculation query plan:
    query_performance_benchmark_test.go:255:   SEARCH f USING INDEX idx_features_epic_id (epic_id=?)
    query_performance_benchmark_test.go:255:   CORRELATED SCALAR SUBQUERY 1
    query_performance_benchmark_test.go:255:   SEARCH t USING COVERING INDEX idx_tasks_feature_id (feature_id=?)
    query_performance_benchmark_test.go:255:   CORRELATED SCALAR SUBQUERY 2
    query_performance_benchmark_test.go:255:   SEARCH t USING COVERING INDEX idx_tasks_feature_id (feature_id=?)
=== RUN   TestQueryPlanAnalysis/GetByKeyQueryPlan
    query_performance_benchmark_test.go:282: GetByKey query plan:
    query_performance_benchmark_test.go:291:   SEARCH features USING INDEX idx_features_key (key=?)
--- PASS: TestQueryPlanAnalysis (0.00s)
    --- PASS: TestQueryPlanAnalysis/FeatureProgressQueryPlan (0.00s)
    --- PASS: TestQueryPlanAnalysis/EpicProgressQueryPlan (0.00s)
    --- PASS: TestQueryPlanAnalysis/GetByKeyQueryPlan (0.00s)
=== RUN   TestNoPlusOneQueries
    query_performance_benchmark_test.go:325: No features found for test epic
--- SKIP: TestNoPlusOneQueries (0.00s)
=== RUN   TestSearchRepository_RebuildIndex
--- PASS: TestSearchRepository_RebuildIndex (0.01s)
=== RUN   TestSearchRepository_Search_Basic
=== RUN   TestSearchRepository_Search_Basic/search_for_database
=== RUN   TestSearchRepository_Search_Basic/search_for_search
=== RUN   TestSearchRepository_Search_Basic/search_for_frontend
=== RUN   TestSearchRepository_Search_Basic/empty_query
--- PASS: TestSearchRepository_Search_Basic (0.01s)
    --- PASS: TestSearchRepository_Search_Basic/search_for_database (0.00s)
    --- PASS: TestSearchRepository_Search_Basic/search_for_search (0.00s)
    --- PASS: TestSearchRepository_Search_Basic/search_for_frontend (0.00s)
    --- PASS: TestSearchRepository_Search_Basic/empty_query (0.00s)
=== RUN   TestSearchRepository_SearchWithSnippets
--- PASS: TestSearchRepository_SearchWithSnippets (0.01s)
=== RUN   TestSearchRepository_SearchByEpic
--- PASS: TestSearchRepository_SearchByEpic (0.01s)
=== RUN   TestSearchRepository_SearchByFeature
--- PASS: TestSearchRepository_SearchByFeature (0.01s)
=== RUN   TestSearchRepository_IndexTask
--- PASS: TestSearchRepository_IndexTask (0.01s)
=== RUN   TestSearchRepository_Search_Limit
--- PASS: TestSearchRepository_Search_Limit (0.01s)
=== RUN   TestSlugArchitecture_EndToEnd
=== RUN   TestSlugArchitecture_EndToEnd/1._Epic_creation_with_automatic_slug
=== RUN   TestSlugArchitecture_EndToEnd/2._Epic_retrieval_with_dual_key_formats
=== RUN   TestSlugArchitecture_EndToEnd/3._Feature_creation_with_automatic_slug
=== RUN   TestSlugArchitecture_EndToEnd/4._Feature_retrieval_with_all_4_key_formats
=== RUN   TestSlugArchitecture_EndToEnd/5._Task_creation_with_automatic_slug
=== RUN   TestSlugArchitecture_EndToEnd/6._Task_retrieval_with_dual_key_formats
=== RUN   TestSlugArchitecture_EndToEnd/7._PathResolver_integration_with_slugged_entities
--- PASS: TestSlugArchitecture_EndToEnd (0.01s)
    --- PASS: TestSlugArchitecture_EndToEnd/1._Epic_creation_with_automatic_slug (0.00s)
    --- PASS: TestSlugArchitecture_EndToEnd/2._Epic_retrieval_with_dual_key_formats (0.00s)
    --- PASS: TestSlugArchitecture_EndToEnd/3._Feature_creation_with_automatic_slug (0.00s)
    --- PASS: TestSlugArchitecture_EndToEnd/4._Feature_retrieval_with_all_4_key_formats (0.00s)
    --- PASS: TestSlugArchitecture_EndToEnd/5._Task_creation_with_automatic_slug (0.00s)
    --- PASS: TestSlugArchitecture_EndToEnd/6._Task_retrieval_with_dual_key_formats (0.00s)
    --- PASS: TestSlugArchitecture_EndToEnd/7._PathResolver_integration_with_slugged_entities (0.00s)
=== RUN   TestSlugArchitecture_SpecialCharactersWorkflow
--- PASS: TestSlugArchitecture_SpecialCharactersWorkflow (0.00s)
=== RUN   TestSlugArchitecture_LegacyDataCompatibility
--- PASS: TestSlugArchitecture_LegacyDataCompatibility (0.00s)
=== RUN   TestSlugArchitecture_ConcurrentAccess
--- PASS: TestSlugArchitecture_ConcurrentAccess (0.01s)
=== RUN   TestSlugStorage_AllEntities
=== RUN   TestSlugStorage_AllEntities/Epic_slug_storage
=== RUN   TestSlugStorage_AllEntities/Feature_slug_storage
=== RUN   TestSlugStorage_AllEntities/Task_slug_storage
--- PASS: TestSlugStorage_AllEntities (0.00s)
    --- PASS: TestSlugStorage_AllEntities/Epic_slug_storage (0.00s)
    --- PASS: TestSlugStorage_AllEntities/Feature_slug_storage (0.00s)
    --- PASS: TestSlugStorage_AllEntities/Task_slug_storage (0.00s)
=== RUN   TestSlugStorage_EmptyTitle
=== RUN   TestSlugStorage_EmptyTitle/Task_with_special-chars-only_title_gets_empty_slug
--- PASS: TestSlugStorage_EmptyTitle (0.00s)
    --- PASS: TestSlugStorage_EmptyTitle/Task_with_special-chars-only_title_gets_empty_slug (0.00s)
=== RUN   TestSlugStorage_UnicodeHandling
=== RUN   TestSlugStorage_UnicodeHandling/Epic_with_unicode_characters_normalizes_correctly
--- PASS: TestSlugStorage_UnicodeHandling (0.00s)
    --- PASS: TestSlugStorage_UnicodeHandling/Epic_with_unicode_characters_normalizes_correctly (0.00s)
=== RUN   TestSlugStorage_Uniqueness
=== RUN   TestSlugStorage_Uniqueness/Multiple_epics_can_have_same_slug
--- PASS: TestSlugStorage_Uniqueness (0.00s)
    --- PASS: TestSlugStorage_Uniqueness/Multiple_epics_can_have_same_slug (0.00s)
=== RUN   TestSlugStorage_Retrieval
=== RUN   TestSlugStorage_Retrieval/Query_slug_values_for_path_resolution
--- PASS: TestSlugStorage_Retrieval (0.01s)
    --- PASS: TestSlugStorage_Retrieval/Query_slug_values_for_path_resolution (0.00s)
=== RUN   TestGetTaskStatusBreakdown
--- PASS: TestGetTaskStatusBreakdown (0.00s)
=== RUN   TestGetFeatureStatusBreakdown
--- PASS: TestGetFeatureStatusBreakdown (0.00s)
=== RUN   TestSetStatusOverride
--- PASS: TestSetStatusOverride (0.00s)
=== RUN   TestUpdateStatusIfNotOverridden
--- PASS: TestUpdateStatusIfNotOverridden (0.00s)
=== RUN   TestEpicUpdateStatus
--- PASS: TestEpicUpdateStatus (0.00s)
=== RUN   TestGetCompletionMetadata_NotFound
--- PASS: TestGetCompletionMetadata_NotFound (0.00s)
=== RUN   TestUpdateCompletionMetadata_EmptyFilesChanged
--- PASS: TestUpdateCompletionMetadata_EmptyFilesChanged (0.00s)
=== RUN   TestFindByFileChanged
--- PASS: TestFindByFileChanged (0.00s)
=== RUN   TestGetUnverifiedTasks_Skipped
    task_completion_metadata_test.go:133: Skipping due to test data reset issues - functionality works but test needs refactoring
--- SKIP: TestGetUnverifiedTasks_Skipped (0.00s)
=== RUN   TestCompletionMetadataValidation
--- PASS: TestCompletionMetadataValidation (0.00s)
=== RUN   TestCompletionMetadata_JSONRoundTrip
--- PASS: TestCompletionMetadata_JSONRoundTrip (0.00s)
=== RUN   TestCompletionMetadata_NullAndEmptyHandling
--- PASS: TestCompletionMetadata_NullAndEmptyHandling (0.00s)
=== RUN   TestTaskCriteriaRepository_Create
--- PASS: TestTaskCriteriaRepository_Create (0.01s)
=== RUN   TestTaskCriteriaRepository_GetByID
--- PASS: TestTaskCriteriaRepository_GetByID (0.01s)
=== RUN   TestTaskCriteriaRepository_GetByTaskID
--- PASS: TestTaskCriteriaRepository_GetByTaskID (0.01s)
=== RUN   TestTaskCriteriaRepository_Update
--- PASS: TestTaskCriteriaRepository_Update (0.01s)
=== RUN   TestTaskCriteriaRepository_UpdateStatus
--- PASS: TestTaskCriteriaRepository_UpdateStatus (0.01s)
=== RUN   TestTaskCriteriaRepository_Delete
--- PASS: TestTaskCriteriaRepository_Delete (0.01s)
=== RUN   TestTaskCriteriaRepository_GetSummary
--- PASS: TestTaskCriteriaRepository_GetSummary (0.02s)
=== RUN   TestTaskRepository_AutoBlockDependents_OnReopen
=== RUN   TestTaskRepository_AutoBlockDependents_OnReopen/reopen_task_should_block_direct_dependent
WARNING: Forced status update from todo to ready_for_review (taskID=141)
WARNING: Forced status update from todo to in_progress (taskID=142)
=== RUN   TestTaskRepository_AutoBlockDependents_OnReopen/reopen_task_should_block_transitive_dependents
WARNING: Forced status update from todo to ready_for_review (taskID=143)
WARNING: Forced status update from todo to in_progress (taskID=144)
=== RUN   TestTaskRepository_AutoBlockDependents_OnReopen/reopen_task_should_block_only_non-completed_dependents
WARNING: Forced status update from todo to ready_for_review (taskID=146)
WARNING: Forced status update from todo to completed (taskID=147)
WARNING: Forced status update from todo to in_progress (taskID=148)
=== RUN   TestTaskRepository_AutoBlockDependents_OnReopen/reopen_task_with_no_dependents_should_not_block_anything
WARNING: Forced status update from todo to ready_for_review (taskID=149)
WARNING: Forced status update from todo to in_progress (taskID=150)
--- PASS: TestTaskRepository_AutoBlockDependents_OnReopen (0.02s)
    --- PASS: TestTaskRepository_AutoBlockDependents_OnReopen/reopen_task_should_block_direct_dependent (0.00s)
    --- PASS: TestTaskRepository_AutoBlockDependents_OnReopen/reopen_task_should_block_transitive_dependents (0.00s)
    --- PASS: TestTaskRepository_AutoBlockDependents_OnReopen/reopen_task_should_block_only_non-completed_dependents (0.00s)
    --- PASS: TestTaskRepository_AutoBlockDependents_OnReopen/reopen_task_with_no_dependents_should_not_block_anything (0.00s)
=== RUN   TestTaskRepository_ReopenTaskWithAutoBlock_TransitiveBlocking
WARNING: Forced status update from todo to ready_for_review (taskID=151)
WARNING: Forced status update from todo to in_progress (taskID=152)
--- PASS: TestTaskRepository_ReopenTaskWithAutoBlock_TransitiveBlocking (0.01s)
=== RUN   TestTaskRepository_ValidateDependencies
=== RUN   TestTaskRepository_ValidateDependencies/valid_-_linear_dependency_chain
=== RUN   TestTaskRepository_ValidateDependencies/invalid_-_would_create_simple_cycle
=== RUN   TestTaskRepository_ValidateDependencies/invalid_-_self-reference
=== RUN   TestTaskRepository_ValidateDependencies/valid_-_diamond_dependency_(no_cycle)
--- PASS: TestTaskRepository_ValidateDependencies (0.03s)
    --- PASS: TestTaskRepository_ValidateDependencies/valid_-_linear_dependency_chain (0.02s)
    --- PASS: TestTaskRepository_ValidateDependencies/invalid_-_would_create_simple_cycle (0.00s)
    --- PASS: TestTaskRepository_ValidateDependencies/invalid_-_self-reference (0.00s)
    --- PASS: TestTaskRepository_ValidateDependencies/valid_-_diamond_dependency_(no_cycle) (0.00s)
=== RUN   TestBuildDependencyGraph
--- PASS: TestBuildDependencyGraph (0.01s)
=== RUN   TestTaskRepository_ValidateTaskDependencies_Create
=== RUN   TestTaskRepository_ValidateTaskDependencies_Create/valid_-_no_dependencies
=== RUN   TestTaskRepository_ValidateTaskDependencies_Create/valid_-_linear_dependency_chain
=== RUN   TestTaskRepository_ValidateTaskDependencies_Create/invalid_-_dependency_does_not_exist
=== RUN   TestTaskRepository_ValidateTaskDependencies_Create/invalid_-_would_create_simple_cycle
=== RUN   TestTaskRepository_ValidateTaskDependencies_Create/invalid_-_complex_cycle
=== RUN   TestTaskRepository_ValidateTaskDependencies_Create/invalid_-_self-reference
=== RUN   TestTaskRepository_ValidateTaskDependencies_Create/valid_-_diamond_dependency_(no_cycle)
=== RUN   TestTaskRepository_ValidateTaskDependencies_Create/invalid_-_malformed_JSON_dependencies
--- PASS: TestTaskRepository_ValidateTaskDependencies_Create (0.02s)
    --- PASS: TestTaskRepository_ValidateTaskDependencies_Create/valid_-_no_dependencies (0.00s)
    --- PASS: TestTaskRepository_ValidateTaskDependencies_Create/valid_-_linear_dependency_chain (0.00s)
    --- PASS: TestTaskRepository_ValidateTaskDependencies_Create/invalid_-_dependency_does_not_exist (0.00s)
    --- PASS: TestTaskRepository_ValidateTaskDependencies_Create/invalid_-_would_create_simple_cycle (0.00s)
    --- PASS: TestTaskRepository_ValidateTaskDependencies_Create/invalid_-_complex_cycle (0.00s)
    --- PASS: TestTaskRepository_ValidateTaskDependencies_Create/invalid_-_self-reference (0.00s)
    --- PASS: TestTaskRepository_ValidateTaskDependencies_Create/valid_-_diamond_dependency_(no_cycle) (0.00s)
    --- PASS: TestTaskRepository_ValidateTaskDependencies_Create/invalid_-_malformed_JSON_dependencies (0.00s)
=== RUN   TestTaskRepository_ValidateTaskDependencies_Update
=== RUN   TestTaskRepository_ValidateTaskDependencies_Update/valid_-_add_dependency_to_existing_task
=== RUN   TestTaskRepository_ValidateTaskDependencies_Update/invalid_-_update_would_create_cycle
=== RUN   TestTaskRepository_ValidateTaskDependencies_Update/invalid_-_update_adds_non-existent_dependency
--- PASS: TestTaskRepository_ValidateTaskDependencies_Update (0.02s)
    --- PASS: TestTaskRepository_ValidateTaskDependencies_Update/valid_-_add_dependency_to_existing_task (0.00s)
    --- PASS: TestTaskRepository_ValidateTaskDependencies_Update/invalid_-_update_would_create_cycle (0.00s)
    --- PASS: TestTaskRepository_ValidateTaskDependencies_Update/invalid_-_update_adds_non-existent_dependency (0.01s)
=== RUN   TestTaskRepository_GetTaskDependents
=== RUN   TestTaskRepository_GetTaskDependents/get_dependents_of_base_task
=== RUN   TestTaskRepository_GetTaskDependents/get_dependents_of_middle_task
=== RUN   TestTaskRepository_GetTaskDependents/get_dependents_of_leaf_task
--- PASS: TestTaskRepository_GetTaskDependents (0.01s)
    --- PASS: TestTaskRepository_GetTaskDependents/get_dependents_of_base_task (0.00s)
    --- PASS: TestTaskRepository_GetTaskDependents/get_dependents_of_middle_task (0.00s)
    --- PASS: TestTaskRepository_GetTaskDependents/get_dependents_of_leaf_task (0.00s)
=== RUN   TestTaskRepository_GetByKey_NumericFormat
--- PASS: TestTaskRepository_GetByKey_NumericFormat (0.00s)
=== RUN   TestTaskRepository_GetByKey_SluggedFormat
--- PASS: TestTaskRepository_GetByKey_SluggedFormat (0.00s)
=== RUN   TestTaskRepository_GetByKey_SlugMismatch
--- PASS: TestTaskRepository_GetByKey_SlugMismatch (0.00s)
=== RUN   TestTaskRepository_GetByKey_PartialSlugMatch
--- PASS: TestTaskRepository_GetByKey_PartialSlugMatch (0.00s)
=== RUN   TestTaskRepository_GetByKey_NoSlug
--- PASS: TestTaskRepository_GetByKey_NoSlug (0.00s)
=== RUN   TestTaskRepository_GetByKey_InvalidKey
--- PASS: TestTaskRepository_GetByKey_InvalidKey (0.00s)
=== RUN   TestTaskHistoryRepository_ListWithFilters
=== RUN   TestTaskHistoryRepository_ListWithFilters/NoFilters
=== RUN   TestTaskHistoryRepository_ListWithFilters/FilterByAgent
=== RUN   TestTaskHistoryRepository_ListWithFilters/FilterBySince
=== RUN   TestTaskHistoryRepository_ListWithFilters/FilterByEpic
=== RUN   TestTaskHistoryRepository_ListWithFilters/FilterByStatusChange
=== RUN   TestTaskHistoryRepository_ListWithFilters/CombinedFilters
=== RUN   TestTaskHistoryRepository_ListWithFilters/Pagination
=== RUN   TestTaskHistoryRepository_ListWithFilters/DefaultLimit
--- PASS: TestTaskHistoryRepository_ListWithFilters (0.05s)
    --- PASS: TestTaskHistoryRepository_ListWithFilters/NoFilters (0.00s)
    --- PASS: TestTaskHistoryRepository_ListWithFilters/FilterByAgent (0.00s)
    --- PASS: TestTaskHistoryRepository_ListWithFilters/FilterBySince (0.00s)
    --- PASS: TestTaskHistoryRepository_ListWithFilters/FilterByEpic (0.00s)
    --- PASS: TestTaskHistoryRepository_ListWithFilters/FilterByStatusChange (0.00s)
    --- PASS: TestTaskHistoryRepository_ListWithFilters/CombinedFilters (0.00s)
    --- PASS: TestTaskHistoryRepository_ListWithFilters/Pagination (0.00s)
    --- PASS: TestTaskHistoryRepository_ListWithFilters/DefaultLimit (0.00s)
=== RUN   TestTaskHistoryRepository_ListWithFilters_EmptyResults
--- PASS: TestTaskHistoryRepository_ListWithFilters_EmptyResults (0.00s)
=== RUN   TestGetHistoryByTaskKey
--- PASS: TestGetHistoryByTaskKey (0.01s)
=== RUN   TestGetHistoryByTaskKeyNotFound
--- PASS: TestGetHistoryByTaskKeyNotFound (0.00s)
=== RUN   TestGetHistoryByTaskKeyEmptyHistory
--- PASS: TestGetHistoryByTaskKeyEmptyHistory (0.00s)
=== RUN   TestCompleteWorkflow
--- PASS: TestCompleteWorkflow (0.00s)
=== RUN   TestBlockUnblockWorkflow
--- PASS: TestBlockUnblockWorkflow (0.00s)
=== RUN   TestReopenWorkflow
--- PASS: TestReopenWorkflow (0.00s)
=== RUN   TestFilterByMetadataAgentType
--- PASS: TestFilterByMetadataAgentType (0.01s)
=== RUN   TestFilterByMetadataPhase
--- PASS: TestFilterByMetadataPhase (0.00s)
=== RUN   TestCreateTaskNote
--- PASS: TestCreateTaskNote (0.00s)
=== RUN   TestCreateTaskNoteValidation
=== RUN   TestCreateTaskNoteValidation/invalid_task_ID
=== RUN   TestCreateTaskNoteValidation/invalid_note_type
=== RUN   TestCreateTaskNoteValidation/empty_content
--- PASS: TestCreateTaskNoteValidation (0.00s)
    --- PASS: TestCreateTaskNoteValidation/invalid_task_ID (0.00s)
    --- PASS: TestCreateTaskNoteValidation/invalid_note_type (0.00s)
    --- PASS: TestCreateTaskNoteValidation/empty_content (0.00s)
=== RUN   TestGetTaskNoteByID
--- PASS: TestGetTaskNoteByID (0.02s)
=== RUN   TestGetTaskNoteByTaskID
--- PASS: TestGetTaskNoteByTaskID (0.01s)
=== RUN   TestGetTaskNoteByTaskIDAndType
--- PASS: TestGetTaskNoteByTaskIDAndType (0.00s)
=== RUN   TestSearchTaskNotes
--- PASS: TestSearchTaskNotes (0.00s)
=== RUN   TestSearchTaskNotesWithFilters
--- PASS: TestSearchTaskNotesWithFilters (0.00s)
=== RUN   TestDeleteTaskNote
--- PASS: TestDeleteTaskNote (0.00s)
=== RUN   TestTaskNoteCascadeDelete
--- PASS: TestTaskNoteCascadeDelete (0.00s)
=== RUN   TestListByEpic
--- PASS: TestListByEpic (0.00s)
=== RUN   TestFilterCombined
--- PASS: TestFilterCombined (0.00s)
=== RUN   TestCreateTaskRelationship
--- PASS: TestCreateTaskRelationship (0.00s)
=== RUN   TestCreateTaskRelationshipValidation
=== RUN   TestCreateTaskRelationshipValidation/invalid_from_task_id
=== RUN   TestCreateTaskRelationshipValidation/invalid_to_task_id
=== RUN   TestCreateTaskRelationshipValidation/self-relationship
=== RUN   TestCreateTaskRelationshipValidation/invalid_relationship_type
--- PASS: TestCreateTaskRelationshipValidation (0.00s)
    --- PASS: TestCreateTaskRelationshipValidation/invalid_from_task_id (0.00s)
    --- PASS: TestCreateTaskRelationshipValidation/invalid_to_task_id (0.00s)
    --- PASS: TestCreateTaskRelationshipValidation/self-relationship (0.00s)
    --- PASS: TestCreateTaskRelationshipValidation/invalid_relationship_type (0.00s)
=== RUN   TestGetTaskRelationshipByID
--- PASS: TestGetTaskRelationshipByID (0.00s)
=== RUN   TestGetTaskRelationshipByTaskID
--- PASS: TestGetTaskRelationshipByTaskID (0.00s)
=== RUN   TestGetOutgoingRelationships
--- PASS: TestGetOutgoingRelationships (0.00s)
=== RUN   TestGetIncomingRelationships
--- PASS: TestGetIncomingRelationships (0.00s)
=== RUN   TestDeleteTaskRelationship
--- PASS: TestDeleteTaskRelationship (0.00s)
=== RUN   TestDeleteByTasksAndType
--- PASS: TestDeleteByTasksAndType (0.00s)
=== RUN   TestDuplicateRelationshipPrevention
--- PASS: TestDuplicateRelationshipPrevention (0.01s)
=== RUN   TestCascadeDeleteOnTaskDeletion
--- PASS: TestCascadeDeleteOnTaskDeletion (0.00s)
=== RUN   TestDetectCycleDirect
--- PASS: TestDetectCycleDirect (0.01s)
=== RUN   TestDetectCycleNonBlockingRelationships
--- PASS: TestDetectCycleNonBlockingRelationships (0.00s)
=== RUN   TestTaskRepository_Create_GeneratesAndStoresSlug
--- PASS: TestTaskRepository_Create_GeneratesAndStoresSlug (0.00s)
=== RUN   TestTaskRepository_Create_SlugHandlesSpecialCharacters
--- PASS: TestTaskRepository_Create_SlugHandlesSpecialCharacters (0.01s)
=== RUN   TestTaskRepository_UpdateCascadesOrder
--- PASS: TestTaskRepository_UpdateCascadesOrder (0.01s)
=== RUN   TestTaskRepository_UpdateStatusWithOrchestratorAction
--- PASS: TestTaskRepository_UpdateStatusWithOrchestratorAction (0.00s)
=== RUN   TestTaskRepository_UpdateStatusWithoutOrchestratorAction
--- PASS: TestTaskRepository_UpdateStatusWithoutOrchestratorAction (0.02s)
=== RUN   TestTaskRepository_UpdateStatusPopulatesTemplateVariables
--- PASS: TestTaskRepository_UpdateStatusPopulatesTemplateVariables (0.01s)
=== RUN   TestUpdateStatusForced_BypassValidation
WARNING: Forced status update from todo to completed (taskID=339)
--- PASS: TestUpdateStatusForced_BypassValidation (0.00s)
=== RUN   TestUpdateStatusForced_BlockTaskForced
WARNING: Forced block from completed status (taskID=340)
--- PASS: TestUpdateStatusForced_BlockTaskForced (0.00s)
=== RUN   TestUpdateStatusForced_ReopenTaskForced
WARNING: Forced reopen from ready_for_review status (taskID=341)
--- PASS: TestUpdateStatusForced_ReopenTaskForced (0.00s)
=== RUN   TestUpdateStatusForced_UnblockTaskForced
WARNING: Forced unblock from blocked status (taskID=342)
--- PASS: TestUpdateStatusForced_UnblockTaskForced (0.00s)
=== RUN   TestUpdateStatusForced_NormalTransitionsNotForced
--- PASS: TestUpdateStatusForced_NormalTransitionsNotForced (0.00s)
=== RUN   TestWorkflowIntegration_E2E
=== RUN   TestWorkflowIntegration_E2E/HappyPath
=== RUN   TestWorkflowIntegration_E2E/InvalidTransitionsBlocked
=== RUN   TestWorkflowIntegration_E2E/ForceBypassValidation
WARNING: Forced status update from todo to completed (taskID=339)
=== RUN   TestWorkflowIntegration_E2E/BlockingWorkflow
=== RUN   TestWorkflowIntegration_E2E/ReopenWorkflow
--- PASS: TestWorkflowIntegration_E2E (0.01s)
    --- PASS: TestWorkflowIntegration_E2E/HappyPath (0.00s)
    --- PASS: TestWorkflowIntegration_E2E/InvalidTransitionsBlocked (0.00s)
    --- PASS: TestWorkflowIntegration_E2E/ForceBypassValidation (0.00s)
    --- PASS: TestWorkflowIntegration_E2E/BlockingWorkflow (0.00s)
    --- PASS: TestWorkflowIntegration_E2E/ReopenWorkflow (0.00s)
=== RUN   TestWorkflowIntegration_DefaultWorkflowBackwardCompatibility
--- PASS: TestWorkflowIntegration_DefaultWorkflowBackwardCompatibility (0.00s)
=== RUN   TestWorkflowIntegration_PerformanceBenchmark
    task_workflow_integration_e2e_test.go:343: Successfully validated 100 transitions (50 valid, 50 invalid)
--- PASS: TestWorkflowIntegration_PerformanceBenchmark (0.04s)
=== RUN   TestTaskRepository_WithWorkflowConfig
--- PASS: TestTaskRepository_WithWorkflowConfig (0.00s)
=== RUN   TestTaskRepository_DefaultWorkflow
--- PASS: TestTaskRepository_DefaultWorkflow (0.00s)
=== RUN   TestTaskRepository_WorkflowGetter
--- PASS: TestTaskRepository_WorkflowGetter (0.00s)
=== RUN   TestUpdateStatus_WorkflowValidation
--- PASS: TestUpdateStatus_WorkflowValidation (0.01s)
=== RUN   TestUpdateStatus_DefaultWorkflowValidation
--- PASS: TestUpdateStatus_DefaultWorkflowValidation (0.00s)
=== RUN   TestUpdateStatus_BlockedTransitions
--- PASS: TestUpdateStatus_BlockedTransitions (0.00s)
=== RUN   TestUpdateStatus_ErrorMessages
--- PASS: TestUpdateStatus_ErrorMessages (0.00s)
=== RUN   TestCreateWorkSession
--- PASS: TestCreateWorkSession (0.00s)
=== RUN   TestCreateWorkSessionDuplicateActive
--- PASS: TestCreateWorkSessionDuplicateActive (0.00s)
=== RUN   TestCreateWorkSessionValidation
=== RUN   TestCreateWorkSessionValidation/invalid_task_ID
=== RUN   TestCreateWorkSessionValidation/zero_timestamp
=== RUN   TestCreateWorkSessionValidation/invalid_outcome
=== RUN   TestCreateWorkSessionValidation/valid_session_with_outcome
--- PASS: TestCreateWorkSessionValidation (0.00s)
    --- PASS: TestCreateWorkSessionValidation/invalid_task_ID (0.00s)
    --- PASS: TestCreateWorkSessionValidation/zero_timestamp (0.00s)
    --- PASS: TestCreateWorkSessionValidation/invalid_outcome (0.00s)
    --- PASS: TestCreateWorkSessionValidation/valid_session_with_outcome (0.00s)
=== RUN   TestGetWorkSessionByID
--- PASS: TestGetWorkSessionByID (0.00s)
=== RUN   TestGetWorkSessionByTaskID
--- PASS: TestGetWorkSessionByTaskID (0.00s)
=== RUN   TestGetActiveSessionByTaskID
--- PASS: TestGetActiveSessionByTaskID (0.00s)
=== RUN   TestGetActiveSessionByTaskIDNoActive
--- PASS: TestGetActiveSessionByTaskIDNoActive (0.00s)
=== RUN   TestEndSession
--- PASS: TestEndSession (0.00s)
=== RUN   TestEndSessionAlreadyEnded
--- PASS: TestEndSessionAlreadyEnded (0.01s)
=== RUN   TestUpdateWorkSession
--- PASS: TestUpdateWorkSession (0.00s)
=== RUN   TestDeleteWorkSession
--- PASS: TestDeleteWorkSession (0.00s)
=== RUN   TestGetSessionStatsByTaskID
--- PASS: TestGetSessionStatsByTaskID (0.00s)
=== RUN   TestGetSessionAnalyticsByEpic
--- PASS: TestGetSessionAnalyticsByEpic (0.00s)
PASS
ok  	github.com/jwwelbor/shark-task-manager/internal/repository	0.890s
=== RUN   TestGenerate
=== RUN   TestGenerate/simple_title
=== RUN   TestGenerate/title_with_special_characters
=== RUN   TestGenerate/title_with_multiple_spaces
=== RUN   TestGenerate/title_with_numbers
=== RUN   TestGenerate/title_with_punctuation
=== RUN   TestGenerate/empty_string
=== RUN   TestGenerate/only_special_characters
=== RUN   TestGenerate/mixed_case_with_underscores
=== RUN   TestGenerate/unicode_characters
=== RUN   TestGenerate/very_long_title_should_be_truncated
--- PASS: TestGenerate (0.00s)
    --- PASS: TestGenerate/simple_title (0.00s)
    --- PASS: TestGenerate/title_with_special_characters (0.00s)
    --- PASS: TestGenerate/title_with_multiple_spaces (0.00s)
    --- PASS: TestGenerate/title_with_numbers (0.00s)
    --- PASS: TestGenerate/title_with_punctuation (0.00s)
    --- PASS: TestGenerate/empty_string (0.00s)
    --- PASS: TestGenerate/only_special_characters (0.00s)
    --- PASS: TestGenerate/mixed_case_with_underscores (0.00s)
    --- PASS: TestGenerate/unicode_characters (0.00s)
    --- PASS: TestGenerate/very_long_title_should_be_truncated (0.00s)
=== RUN   TestGenerateFilename
=== RUN   TestGenerateFilename/task_with_simple_title
=== RUN   TestGenerateFilename/task_with_special_characters_in_title
=== RUN   TestGenerateFilename/task_with_empty_title
=== RUN   TestGenerateFilename/task_with_only_special_characters
=== RUN   TestGenerateFilename/task_with_long_title
--- PASS: TestGenerateFilename (0.00s)
    --- PASS: TestGenerateFilename/task_with_simple_title (0.00s)
    --- PASS: TestGenerateFilename/task_with_special_characters_in_title (0.00s)
    --- PASS: TestGenerateFilename/task_with_empty_title (0.00s)
    --- PASS: TestGenerateFilename/task_with_only_special_characters (0.00s)
    --- PASS: TestGenerateFilename/task_with_long_title (0.00s)
PASS
ok  	github.com/jwwelbor/shark-task-manager/internal/slug	(cached)
=== RUN   TestCalculationService_RecalculateFeatureStatus
=== RUN   TestCalculationService_RecalculateFeatureStatus/empty_feature_stays_draft
=== RUN   TestCalculationService_RecalculateFeatureStatus/all_todo_stays_draft
=== RUN   TestCalculationService_RecalculateFeatureStatus/in_progress_activates_feature
WARNING: Forced status update from todo to in_progress (taskID=1)
=== RUN   TestCalculationService_RecalculateFeatureStatus/all_completed_completes_feature
WARNING: Forced status update from in_progress to completed (taskID=1)
WARNING: Forced status update from todo to completed (taskID=2)
WARNING: Forced status update from todo to completed (taskID=3)
=== RUN   TestCalculationService_RecalculateFeatureStatus/override_prevents_update
WARNING: Forced status update from completed to todo (taskID=1)
--- PASS: TestCalculationService_RecalculateFeatureStatus (0.01s)
    --- PASS: TestCalculationService_RecalculateFeatureStatus/empty_feature_stays_draft (0.00s)
    --- PASS: TestCalculationService_RecalculateFeatureStatus/all_todo_stays_draft (0.00s)
    --- PASS: TestCalculationService_RecalculateFeatureStatus/in_progress_activates_feature (0.00s)
    --- PASS: TestCalculationService_RecalculateFeatureStatus/all_completed_completes_feature (0.00s)
    --- PASS: TestCalculationService_RecalculateFeatureStatus/override_prevents_update (0.00s)
=== RUN   TestCalculationService_RecalculateEpicStatus
=== RUN   TestCalculationService_RecalculateEpicStatus/empty_epic_stays_draft
=== RUN   TestCalculationService_RecalculateEpicStatus/all_draft_features_keeps_draft
=== RUN   TestCalculationService_RecalculateEpicStatus/active_feature_activates_epic
=== RUN   TestCalculationService_RecalculateEpicStatus/all_completed_features_completes_epic
--- PASS: TestCalculationService_RecalculateEpicStatus (0.01s)
    --- PASS: TestCalculationService_RecalculateEpicStatus/empty_epic_stays_draft (0.00s)
    --- PASS: TestCalculationService_RecalculateEpicStatus/all_draft_features_keeps_draft (0.00s)
    --- PASS: TestCalculationService_RecalculateEpicStatus/active_feature_activates_epic (0.00s)
    --- PASS: TestCalculationService_RecalculateEpicStatus/all_completed_features_completes_epic (0.00s)
=== RUN   TestCalculationService_CascadeFromTask
=== RUN   TestCalculationService_CascadeFromTask/cascade_updates_both_feature_and_epic
WARNING: Forced status update from todo to in_progress (taskID=1)
=== RUN   TestCalculationService_CascadeFromTask/complete_task_completes_feature_and_epic
WARNING: Forced status update from in_progress to completed (taskID=1)
--- PASS: TestCalculationService_CascadeFromTask (0.02s)
    --- PASS: TestCalculationService_CascadeFromTask/cascade_updates_both_feature_and_epic (0.00s)
    --- PASS: TestCalculationService_CascadeFromTask/complete_task_completes_feature_and_epic (0.00s)
=== RUN   TestCalculationService_RecalculateAll
WARNING: Forced status update from todo to in_progress (taskID=1)
--- PASS: TestCalculationService_RecalculateAll (0.01s)
=== RUN   TestDeriveFeatureStatus
=== RUN   TestDeriveFeatureStatus/empty_returns_draft
=== RUN   TestDeriveFeatureStatus/all_todo_returns_draft
=== RUN   TestDeriveFeatureStatus/all_completed_returns_completed
=== RUN   TestDeriveFeatureStatus/all_archived_returns_completed
=== RUN   TestDeriveFeatureStatus/mixed_completed_archived_returns_completed
=== RUN   TestDeriveFeatureStatus/any_in_progress_returns_active
=== RUN   TestDeriveFeatureStatus/any_ready_for_review_returns_active
=== RUN   TestDeriveFeatureStatus/only_blocked_returns_active
=== RUN   TestDeriveFeatureStatus/blocked_with_todo_returns_active
=== RUN   TestDeriveFeatureStatus/some_completed_some_todo_returns_active
=== RUN   TestDeriveFeatureStatus/complex_mix_with_active_returns_active
=== RUN   TestDeriveFeatureStatus/in_progress_priority_over_blocked
--- PASS: TestDeriveFeatureStatus (0.00s)
    --- PASS: TestDeriveFeatureStatus/empty_returns_draft (0.00s)
    --- PASS: TestDeriveFeatureStatus/all_todo_returns_draft (0.00s)
    --- PASS: TestDeriveFeatureStatus/all_completed_returns_completed (0.00s)
    --- PASS: TestDeriveFeatureStatus/all_archived_returns_completed (0.00s)
    --- PASS: TestDeriveFeatureStatus/mixed_completed_archived_returns_completed (0.00s)
    --- PASS: TestDeriveFeatureStatus/any_in_progress_returns_active (0.00s)
    --- PASS: TestDeriveFeatureStatus/any_ready_for_review_returns_active (0.00s)
    --- PASS: TestDeriveFeatureStatus/only_blocked_returns_active (0.00s)
    --- PASS: TestDeriveFeatureStatus/blocked_with_todo_returns_active (0.00s)
    --- PASS: TestDeriveFeatureStatus/some_completed_some_todo_returns_active (0.00s)
    --- PASS: TestDeriveFeatureStatus/complex_mix_with_active_returns_active (0.00s)
    --- PASS: TestDeriveFeatureStatus/in_progress_priority_over_blocked (0.00s)
=== RUN   TestDeriveEpicStatus
=== RUN   TestDeriveEpicStatus/empty_returns_draft
=== RUN   TestDeriveEpicStatus/all_draft_returns_draft
=== RUN   TestDeriveEpicStatus/all_completed_returns_completed
=== RUN   TestDeriveEpicStatus/all_archived_returns_completed
=== RUN   TestDeriveEpicStatus/mixed_completed_archived_returns_completed
=== RUN   TestDeriveEpicStatus/any_active_returns_active
=== RUN   TestDeriveEpicStatus/mixed_draft_completed_returns_active
=== RUN   TestDeriveEpicStatus/only_active_returns_active
=== RUN   TestDeriveEpicStatus/complex_mix_returns_active
--- PASS: TestDeriveEpicStatus (0.00s)
    --- PASS: TestDeriveEpicStatus/empty_returns_draft (0.00s)
    --- PASS: TestDeriveEpicStatus/all_draft_returns_draft (0.00s)
    --- PASS: TestDeriveEpicStatus/all_completed_returns_completed (0.00s)
    --- PASS: TestDeriveEpicStatus/all_archived_returns_completed (0.00s)
    --- PASS: TestDeriveEpicStatus/mixed_completed_archived_returns_completed (0.00s)
    --- PASS: TestDeriveEpicStatus/any_active_returns_active (0.00s)
    --- PASS: TestDeriveEpicStatus/mixed_draft_completed_returns_active (0.00s)
    --- PASS: TestDeriveEpicStatus/only_active_returns_active (0.00s)
    --- PASS: TestDeriveEpicStatus/complex_mix_returns_active (0.00s)
=== RUN   TestIsTaskActiveStatus
=== RUN   TestIsTaskActiveStatus/in_progress
=== RUN   TestIsTaskActiveStatus/ready_for_review
=== RUN   TestIsTaskActiveStatus/blocked
=== RUN   TestIsTaskActiveStatus/todo
=== RUN   TestIsTaskActiveStatus/completed
=== RUN   TestIsTaskActiveStatus/archived
--- PASS: TestIsTaskActiveStatus (0.00s)
    --- PASS: TestIsTaskActiveStatus/in_progress (0.00s)
    --- PASS: TestIsTaskActiveStatus/ready_for_review (0.00s)
    --- PASS: TestIsTaskActiveStatus/blocked (0.00s)
    --- PASS: TestIsTaskActiveStatus/todo (0.00s)
    --- PASS: TestIsTaskActiveStatus/completed (0.00s)
    --- PASS: TestIsTaskActiveStatus/archived (0.00s)
=== RUN   TestIsTaskCompletedStatus
=== RUN   TestIsTaskCompletedStatus/completed
=== RUN   TestIsTaskCompletedStatus/archived
=== RUN   TestIsTaskCompletedStatus/in_progress
=== RUN   TestIsTaskCompletedStatus/ready_for_review
=== RUN   TestIsTaskCompletedStatus/blocked
=== RUN   TestIsTaskCompletedStatus/todo
--- PASS: TestIsTaskCompletedStatus (0.00s)
    --- PASS: TestIsTaskCompletedStatus/completed (0.00s)
    --- PASS: TestIsTaskCompletedStatus/archived (0.00s)
    --- PASS: TestIsTaskCompletedStatus/in_progress (0.00s)
    --- PASS: TestIsTaskCompletedStatus/ready_for_review (0.00s)
    --- PASS: TestIsTaskCompletedStatus/blocked (0.00s)
    --- PASS: TestIsTaskCompletedStatus/todo (0.00s)
=== RUN   TestIsFeatureActiveStatus
=== RUN   TestIsFeatureActiveStatus/active
=== RUN   TestIsFeatureActiveStatus/draft
=== RUN   TestIsFeatureActiveStatus/completed
=== RUN   TestIsFeatureActiveStatus/archived
--- PASS: TestIsFeatureActiveStatus (0.00s)
    --- PASS: TestIsFeatureActiveStatus/active (0.00s)
    --- PASS: TestIsFeatureActiveStatus/draft (0.00s)
    --- PASS: TestIsFeatureActiveStatus/completed (0.00s)
    --- PASS: TestIsFeatureActiveStatus/archived (0.00s)
=== RUN   TestIsFeatureCompletedStatus
=== RUN   TestIsFeatureCompletedStatus/completed
=== RUN   TestIsFeatureCompletedStatus/archived
=== RUN   TestIsFeatureCompletedStatus/active
=== RUN   TestIsFeatureCompletedStatus/draft
--- PASS: TestIsFeatureCompletedStatus (0.00s)
    --- PASS: TestIsFeatureCompletedStatus/completed (0.00s)
    --- PASS: TestIsFeatureCompletedStatus/archived (0.00s)
    --- PASS: TestIsFeatureCompletedStatus/active (0.00s)
    --- PASS: TestIsFeatureCompletedStatus/draft (0.00s)
=== RUN   TestGetTerminalWidth
--- PASS: TestGetTerminalWidth (0.00s)
=== RUN   TestRenderProgressBar
=== RUN   TestRenderProgressBar/zero_progress
=== RUN   TestRenderProgressBar/half_progress
=== RUN   TestRenderProgressBar/complete_progress
=== RUN   TestRenderProgressBar/with_color_-_low_progress_(red)
=== RUN   TestRenderProgressBar/with_color_-_medium_progress_(yellow)
=== RUN   TestRenderProgressBar/with_color_-_high_progress_(green)
--- PASS: TestRenderProgressBar (0.00s)
    --- PASS: TestRenderProgressBar/zero_progress (0.00s)
    --- PASS: TestRenderProgressBar/half_progress (0.00s)
    --- PASS: TestRenderProgressBar/complete_progress (0.00s)
    --- PASS: TestRenderProgressBar/with_color_-_low_progress_(red) (0.00s)
    --- PASS: TestRenderProgressBar/with_color_-_medium_progress_(yellow) (0.00s)
    --- PASS: TestRenderProgressBar/with_color_-_high_progress_(green) (0.00s)
=== RUN   TestFormatProjectSummary
=== RUN   TestFormatProjectSummary/with_color
=== RUN   TestFormatProjectSummary/without_color
--- PASS: TestFormatProjectSummary (0.00s)
    --- PASS: TestFormatProjectSummary/with_color (0.00s)
    --- PASS: TestFormatProjectSummary/without_color (0.00s)
=== RUN   TestFormatEpicTable
=== RUN   TestFormatEpicTable/with_color
=== RUN   TestFormatEpicTable/without_color
--- PASS: TestFormatEpicTable (0.00s)
    --- PASS: TestFormatEpicTable/with_color (0.00s)
    --- PASS: TestFormatEpicTable/without_color (0.00s)
=== RUN   TestFormatActiveTasks
=== RUN   TestFormatActiveTasks/with_tasks
=== RUN   TestFormatActiveTasks/empty_tasks
--- PASS: TestFormatActiveTasks (0.00s)
    --- PASS: TestFormatActiveTasks/with_tasks (0.00s)
    --- PASS: TestFormatActiveTasks/empty_tasks (0.00s)
=== RUN   TestFormatBlockedTasks
=== RUN   TestFormatBlockedTasks/with_blocked_tasks
=== RUN   TestFormatBlockedTasks/empty_blocked_tasks
--- PASS: TestFormatBlockedTasks (0.00s)
    --- PASS: TestFormatBlockedTasks/with_blocked_tasks (0.00s)
    --- PASS: TestFormatBlockedTasks/empty_blocked_tasks (0.00s)
=== RUN   TestFormatRecentCompletions
=== RUN   TestFormatRecentCompletions/with_completions
=== RUN   TestFormatRecentCompletions/empty_completions
--- PASS: TestFormatRecentCompletions (0.00s)
    --- PASS: TestFormatRecentCompletions/with_completions (0.00s)
    --- PASS: TestFormatRecentCompletions/empty_completions (0.00s)
=== RUN   TestFormatDashboard
=== RUN   TestFormatDashboard/complete_dashboard
=== RUN   TestFormatDashboard/no_color_mode
--- PASS: TestFormatDashboard (0.00s)
    --- PASS: TestFormatDashboard/complete_dashboard (0.00s)
    --- PASS: TestFormatDashboard/no_color_mode (0.00s)
=== RUN   TestStatusDashboardJSONMarshaling
--- PASS: TestStatusDashboardJSONMarshaling (0.00s)
=== RUN   TestEpicSummaryJSONMarshaling
--- PASS: TestEpicSummaryJSONMarshaling (0.00s)
=== RUN   TestCompletionInfoWithNilFields
--- PASS: TestCompletionInfoWithNilFields (0.00s)
=== RUN   TestStatusRequestValidate_ValidInputs
=== RUN   TestStatusRequestValidate_ValidInputs/Empty_request
=== RUN   TestStatusRequestValidate_ValidInputs/Valid_epic_key
=== RUN   TestStatusRequestValidate_ValidInputs/Valid_epic_key_with_multiple_digits
=== RUN   TestStatusRequestValidate_ValidInputs/Valid_timeframe_24h
=== RUN   TestStatusRequestValidate_ValidInputs/Valid_timeframe_7d
=== RUN   TestStatusRequestValidate_ValidInputs/Valid_timeframe_30d
=== RUN   TestStatusRequestValidate_ValidInputs/Valid_epic_and_timeframe
=== RUN   TestStatusRequestValidate_ValidInputs/Include_archived
--- PASS: TestStatusRequestValidate_ValidInputs (0.00s)
    --- PASS: TestStatusRequestValidate_ValidInputs/Empty_request (0.00s)
    --- PASS: TestStatusRequestValidate_ValidInputs/Valid_epic_key (0.00s)
    --- PASS: TestStatusRequestValidate_ValidInputs/Valid_epic_key_with_multiple_digits (0.00s)
    --- PASS: TestStatusRequestValidate_ValidInputs/Valid_timeframe_24h (0.00s)
    --- PASS: TestStatusRequestValidate_ValidInputs/Valid_timeframe_7d (0.00s)
    --- PASS: TestStatusRequestValidate_ValidInputs/Valid_timeframe_30d (0.00s)
    --- PASS: TestStatusRequestValidate_ValidInputs/Valid_epic_and_timeframe (0.00s)
    --- PASS: TestStatusRequestValidate_ValidInputs/Include_archived (0.00s)
=== RUN   TestStatusRequestValidate_InvalidInputs
=== RUN   TestStatusRequestValidate_InvalidInputs/Invalid_epic_key_format_-_lowercase
=== RUN   TestStatusRequestValidate_InvalidInputs/Invalid_epic_key_format_-_no_number
=== RUN   TestStatusRequestValidate_InvalidInputs/Invalid_epic_key_format_-_letters_after_number
=== RUN   TestStatusRequestValidate_InvalidInputs/Invalid_timeframe
=== RUN   TestStatusRequestValidate_InvalidInputs/Invalid_timeframe_-_wrong_format
--- PASS: TestStatusRequestValidate_InvalidInputs (0.00s)
    --- PASS: TestStatusRequestValidate_InvalidInputs/Invalid_epic_key_format_-_lowercase (0.00s)
    --- PASS: TestStatusRequestValidate_InvalidInputs/Invalid_epic_key_format_-_no_number (0.00s)
    --- PASS: TestStatusRequestValidate_InvalidInputs/Invalid_epic_key_format_-_letters_after_number (0.00s)
    --- PASS: TestStatusRequestValidate_InvalidInputs/Invalid_timeframe (0.00s)
    --- PASS: TestStatusRequestValidate_InvalidInputs/Invalid_timeframe_-_wrong_format (0.00s)
=== RUN   TestStatusErrorImplementsError
--- PASS: TestStatusErrorImplementsError (0.00s)
=== RUN   TestStatusErrorWithCode
--- PASS: TestStatusErrorWithCode (0.00s)
=== RUN   TestAgentTypesOrderConstant
--- PASS: TestAgentTypesOrderConstant (0.00s)
=== RUN   TestValidTimeframesConstant
--- PASS: TestValidTimeframesConstant (0.00s)
=== RUN   TestDetermineEpicHealth_Healthy
=== RUN   TestDetermineEpicHealth_Healthy/75%_progress,_no_blocked
=== RUN   TestDetermineEpicHealth_Healthy/100%_progress,_no_blocked
=== RUN   TestDetermineEpicHealth_Healthy/90%_progress,_no_blocked
--- PASS: TestDetermineEpicHealth_Healthy (0.01s)
    --- PASS: TestDetermineEpicHealth_Healthy/75%_progress,_no_blocked (0.00s)
    --- PASS: TestDetermineEpicHealth_Healthy/100%_progress,_no_blocked (0.00s)
    --- PASS: TestDetermineEpicHealth_Healthy/90%_progress,_no_blocked (0.00s)
=== RUN   TestDetermineEpicHealth_Warning
=== RUN   TestDetermineEpicHealth_Warning/50%_progress,_no_blocked
=== RUN   TestDetermineEpicHealth_Warning/74%_progress,_no_blocked
=== RUN   TestDetermineEpicHealth_Warning/75%_progress,_1_blocked
=== RUN   TestDetermineEpicHealth_Warning/80%_progress,_2_blocked
=== RUN   TestDetermineEpicHealth_Warning/90%_progress,_3_blocked
--- PASS: TestDetermineEpicHealth_Warning (0.00s)
    --- PASS: TestDetermineEpicHealth_Warning/50%_progress,_no_blocked (0.00s)
    --- PASS: TestDetermineEpicHealth_Warning/74%_progress,_no_blocked (0.00s)
    --- PASS: TestDetermineEpicHealth_Warning/75%_progress,_1_blocked (0.00s)
    --- PASS: TestDetermineEpicHealth_Warning/80%_progress,_2_blocked (0.00s)
    --- PASS: TestDetermineEpicHealth_Warning/90%_progress,_3_blocked (0.00s)
=== RUN   TestDetermineEpicHealth_Critical
=== RUN   TestDetermineEpicHealth_Critical/0%_progress,_no_blocked
=== RUN   TestDetermineEpicHealth_Critical/10%_progress,_no_blocked
=== RUN   TestDetermineEpicHealth_Critical/24%_progress,_no_blocked
=== RUN   TestDetermineEpicHealth_Critical/50%_progress,_4_blocked
=== RUN   TestDetermineEpicHealth_Critical/90%_progress,_5_blocked
--- PASS: TestDetermineEpicHealth_Critical (0.00s)
    --- PASS: TestDetermineEpicHealth_Critical/0%_progress,_no_blocked (0.00s)
    --- PASS: TestDetermineEpicHealth_Critical/10%_progress,_no_blocked (0.00s)
    --- PASS: TestDetermineEpicHealth_Critical/24%_progress,_no_blocked (0.00s)
    --- PASS: TestDetermineEpicHealth_Critical/50%_progress,_4_blocked (0.00s)
    --- PASS: TestDetermineEpicHealth_Critical/90%_progress,_5_blocked (0.00s)
=== RUN   TestIsValidEpicKey_ValidKeys
=== RUN   TestIsValidEpicKey_ValidKeys/E1
=== RUN   TestIsValidEpicKey_ValidKeys/E01
=== RUN   TestIsValidEpicKey_ValidKeys/E05
=== RUN   TestIsValidEpicKey_ValidKeys/E10
=== RUN   TestIsValidEpicKey_ValidKeys/E99
=== RUN   TestIsValidEpicKey_ValidKeys/E123
=== RUN   TestIsValidEpicKey_ValidKeys/E9999
--- PASS: TestIsValidEpicKey_ValidKeys (0.00s)
    --- PASS: TestIsValidEpicKey_ValidKeys/E1 (0.00s)
    --- PASS: TestIsValidEpicKey_ValidKeys/E01 (0.00s)
    --- PASS: TestIsValidEpicKey_ValidKeys/E05 (0.00s)
    --- PASS: TestIsValidEpicKey_ValidKeys/E10 (0.00s)
    --- PASS: TestIsValidEpicKey_ValidKeys/E99 (0.00s)
    --- PASS: TestIsValidEpicKey_ValidKeys/E123 (0.00s)
    --- PASS: TestIsValidEpicKey_ValidKeys/E9999 (0.00s)
=== RUN   TestIsValidEpicKey_InvalidKeys
=== RUN   TestIsValidEpicKey_InvalidKeys/e05
=== RUN   TestIsValidEpicKey_InvalidKeys/E
=== RUN   TestIsValidEpicKey_InvalidKeys/E05F01
=== RUN   TestIsValidEpicKey_InvalidKeys/E05-F01
=== RUN   TestIsValidEpicKey_InvalidKeys/Epic05
=== RUN   TestIsValidEpicKey_InvalidKeys/5
=== RUN   TestIsValidEpicKey_InvalidKeys/E05ABC
=== RUN   TestIsValidEpicKey_InvalidKeys/#00
=== RUN   TestIsValidEpicKey_InvalidKeys/E_05
=== RUN   TestIsValidEpicKey_InvalidKeys/E-05
--- PASS: TestIsValidEpicKey_InvalidKeys (0.00s)
    --- PASS: TestIsValidEpicKey_InvalidKeys/e05 (0.00s)
    --- PASS: TestIsValidEpicKey_InvalidKeys/E (0.00s)
    --- PASS: TestIsValidEpicKey_InvalidKeys/E05F01 (0.00s)
    --- PASS: TestIsValidEpicKey_InvalidKeys/E05-F01 (0.00s)
    --- PASS: TestIsValidEpicKey_InvalidKeys/Epic05 (0.00s)
    --- PASS: TestIsValidEpicKey_InvalidKeys/5 (0.00s)
    --- PASS: TestIsValidEpicKey_InvalidKeys/E05ABC (0.00s)
    --- PASS: TestIsValidEpicKey_InvalidKeys/#00 (0.00s)
    --- PASS: TestIsValidEpicKey_InvalidKeys/E_05 (0.00s)
    --- PASS: TestIsValidEpicKey_InvalidKeys/E-05 (0.00s)
=== RUN   TestGetDashboard_CancelledContext
--- PASS: TestGetDashboard_CancelledContext (0.00s)
=== RUN   TestGetDashboard_InvalidRequest
=== RUN   TestGetDashboard_InvalidRequest/Invalid_epic_key
=== RUN   TestGetDashboard_InvalidRequest/Invalid_timeframe
--- PASS: TestGetDashboard_InvalidRequest (0.00s)
    --- PASS: TestGetDashboard_InvalidRequest/Invalid_epic_key (0.00s)
    --- PASS: TestGetDashboard_InvalidRequest/Invalid_timeframe (0.00s)
=== RUN   TestGetDashboard_WithData
--- PASS: TestGetDashboard_WithData (0.01s)
=== RUN   TestGetDashboard_FilterByEpic
--- PASS: TestGetDashboard_FilterByEpic (0.00s)
=== RUN   TestGetDashboard_MultipleAgentTypes
--- PASS: TestGetDashboard_MultipleAgentTypes (0.00s)
=== RUN   TestGetDashboard_NoActiveTasks
--- PASS: TestGetDashboard_NoActiveTasks (0.00s)
=== RUN   TestGetProjectSummary_ZeroDivision
--- PASS: TestGetProjectSummary_ZeroDivision (0.00s)
=== RUN   TestGetRecentCompletions_NotImplemented
--- PASS: TestGetRecentCompletions_NotImplemented (0.00s)
=== RUN   TestNewStatusService_NilDatabase
--- PASS: TestNewStatusService_NilDatabase (0.00s)
=== RUN   TestGetBlockedTasks_OrderedByPriority
--- PASS: TestGetBlockedTasks_OrderedByPriority (0.00s)
=== RUN   TestGetActiveTasks_WithNullAgentType
--- PASS: TestGetActiveTasks_WithNullAgentType (0.00s)
=== RUN   TestGetBlockedTasks_WithNullBlockedReason
--- PASS: TestGetBlockedTasks_WithNullBlockedReason (0.00s)
=== RUN   TestGetDashboard_SQLInjectionProtection
--- PASS: TestGetDashboard_SQLInjectionProtection (0.00s)
=== RUN   TestGetDashboard_ConcurrentAccess
--- PASS: TestGetDashboard_ConcurrentAccess (0.02s)
=== RUN   TestGetEpics_NullSafeAggregation
--- PASS: TestGetEpics_NullSafeAggregation (0.00s)
=== RUN   TestGetDashboard_InvalidDatabase
    status_test.go:1227: Skipping test that closes database - affects other tests
--- SKIP: TestGetDashboard_InvalidDatabase (0.00s)
=== RUN   TestStatusRequest_EmptyEpicKey
--- PASS: TestStatusRequest_EmptyEpicKey (0.00s)
=== RUN   TestGetActiveTasks_EmptyAgentTypeString
--- PASS: TestGetActiveTasks_EmptyAgentTypeString (0.00s)
PASS
ok  	github.com/jwwelbor/shark-task-manager/internal/status	0.130s
=== RUN   TestConflictDetector_DetectConflicts
=== RUN   TestConflictDetector_DetectConflicts/no_conflicts_when_file_and_database_match
=== RUN   TestConflictDetector_DetectConflicts/detects_title_conflict
=== RUN   TestConflictDetector_DetectConflicts/no_title_conflict_when_file_title_is_empty
=== RUN   TestConflictDetector_DetectConflicts/detects_description_conflict_when_both_exist
=== RUN   TestConflictDetector_DetectConflicts/no_description_conflict_when_file_description_is_nil
=== RUN   TestConflictDetector_DetectConflicts/no_description_conflict_when_database_description_is_nil
=== RUN   TestConflictDetector_DetectConflicts/detects_file_path_conflict_when_database_path_is_different
=== RUN   TestConflictDetector_DetectConflicts/detects_file_path_conflict_when_database_path_is_nil
=== RUN   TestConflictDetector_DetectConflicts/detects_multiple_conflicts
=== RUN   TestConflictDetector_DetectConflicts/does_not_detect_conflicts_for_database-only_fields
--- PASS: TestConflictDetector_DetectConflicts (0.00s)
    --- PASS: TestConflictDetector_DetectConflicts/no_conflicts_when_file_and_database_match (0.00s)
    --- PASS: TestConflictDetector_DetectConflicts/detects_title_conflict (0.00s)
    --- PASS: TestConflictDetector_DetectConflicts/no_title_conflict_when_file_title_is_empty (0.00s)
    --- PASS: TestConflictDetector_DetectConflicts/detects_description_conflict_when_both_exist (0.00s)
    --- PASS: TestConflictDetector_DetectConflicts/no_description_conflict_when_file_description_is_nil (0.00s)
    --- PASS: TestConflictDetector_DetectConflicts/no_description_conflict_when_database_description_is_nil (0.00s)
    --- PASS: TestConflictDetector_DetectConflicts/detects_file_path_conflict_when_database_path_is_different (0.00s)
    --- PASS: TestConflictDetector_DetectConflicts/detects_file_path_conflict_when_database_path_is_nil (0.00s)
    --- PASS: TestConflictDetector_DetectConflicts/detects_multiple_conflicts (0.00s)
    --- PASS: TestConflictDetector_DetectConflicts/does_not_detect_conflicts_for_database-only_fields (0.00s)
=== RUN   TestConcurrentFileAndDatabaseChanges
=== RUN   TestConcurrentFileAndDatabaseChanges/file-wins_resolution
=== RUN   TestConcurrentFileAndDatabaseChanges/database-wins_resolution
=== RUN   TestConcurrentFileAndDatabaseChanges/newer-wins_resolution
=== RUN   TestConcurrentFileAndDatabaseChanges/detection_without_last_sync_time
--- PASS: TestConcurrentFileAndDatabaseChanges (0.06s)
    --- PASS: TestConcurrentFileAndDatabaseChanges/file-wins_resolution (0.00s)
    --- PASS: TestConcurrentFileAndDatabaseChanges/database-wins_resolution (0.00s)
    --- PASS: TestConcurrentFileAndDatabaseChanges/newer-wins_resolution (0.00s)
    --- PASS: TestConcurrentFileAndDatabaseChanges/detection_without_last_sync_time (0.00s)
=== RUN   TestNoConflictWhenOnlyFileModified
--- PASS: TestNoConflictWhenOnlyFileModified (0.00s)
=== RUN   TestNoConflictWhenOnlyDatabaseModified
--- PASS: TestNoConflictWhenOnlyDatabaseModified (0.00s)
=== RUN   TestConflictDetectionWithLastSyncTime
=== RUN   TestConflictDetectionWithLastSyncTime/no_conflict_when_only_file_modified_since_last_sync
=== RUN   TestConflictDetectionWithLastSyncTime/no_conflict_when_only_DB_modified_since_last_sync
=== RUN   TestConflictDetectionWithLastSyncTime/no_conflict_when_both_modified_but_metadata_identical
=== RUN   TestConflictDetectionWithLastSyncTime/conflict_detected_when_both_modified_and_title_differs
=== RUN   TestConflictDetectionWithLastSyncTime/multiple_conflicts_when_both_modified_with_different_values
=== RUN   TestConflictDetectionWithLastSyncTime/clock_skew_tolerance_applied
=== RUN   TestConflictDetectionWithLastSyncTime/falls_back_to_basic_detection_when_last_sync_time_is_nil
--- PASS: TestConflictDetectionWithLastSyncTime (0.00s)
    --- PASS: TestConflictDetectionWithLastSyncTime/no_conflict_when_only_file_modified_since_last_sync (0.00s)
    --- PASS: TestConflictDetectionWithLastSyncTime/no_conflict_when_only_DB_modified_since_last_sync (0.00s)
    --- PASS: TestConflictDetectionWithLastSyncTime/no_conflict_when_both_modified_but_metadata_identical (0.00s)
    --- PASS: TestConflictDetectionWithLastSyncTime/conflict_detected_when_both_modified_and_title_differs (0.00s)
    --- PASS: TestConflictDetectionWithLastSyncTime/multiple_conflicts_when_both_modified_with_different_values (0.00s)
    --- PASS: TestConflictDetectionWithLastSyncTime/clock_skew_tolerance_applied (0.00s)
    --- PASS: TestConflictDetectionWithLastSyncTime/falls_back_to_basic_detection_when_last_sync_time_is_nil (0.00s)
=== RUN   TestManualConflictResolution
=== RUN   TestManualConflictResolution/manual_strategy_with_simulated_user_input
--- PASS: TestManualConflictResolution (0.00s)
    --- PASS: TestManualConflictResolution/manual_strategy_with_simulated_user_input (0.00s)
=== RUN   TestDiscoveryIntegration
--- PASS: TestDiscoveryIntegration (0.05s)
=== RUN   TestDiscoveryStrategyMapping
=== RUN   TestDiscoveryStrategyMapping/index-only_maps_to_index-precedence
=== RUN   TestDiscoveryStrategyMapping/folder-only_maps_to_folder-precedence
=== RUN   TestDiscoveryStrategyMapping/merge_maps_to_merge
--- PASS: TestDiscoveryStrategyMapping (0.00s)
    --- PASS: TestDiscoveryStrategyMapping/index-only_maps_to_index-precedence (0.00s)
    --- PASS: TestDiscoveryStrategyMapping/folder-only_maps_to_folder-precedence (0.00s)
    --- PASS: TestDiscoveryStrategyMapping/merge_maps_to_merge (0.00s)
=== RUN   TestValidationLevelMapping
=== RUN   TestValidationLevelMapping/strict_maps_correctly
=== RUN   TestValidationLevelMapping/balanced_maps_correctly
=== RUN   TestValidationLevelMapping/permissive_maps_correctly
--- PASS: TestValidationLevelMapping (0.00s)
    --- PASS: TestValidationLevelMapping/strict_maps_correctly (0.00s)
    --- PASS: TestValidationLevelMapping/balanced_maps_correctly (0.00s)
    --- PASS: TestValidationLevelMapping/permissive_maps_correctly (0.00s)
=== RUN   TestConvertIndexEpics
--- PASS: TestConvertIndexEpics (0.00s)
=== RUN   TestConvertFolderEpics
--- PASS: TestConvertFolderEpics (0.00s)
=== RUN   TestImportDiscoveredEntities
--- PASS: TestImportDiscoveredEntities (0.04s)
=== RUN   TestImportDiscoveredEntitiesUpdate
--- PASS: TestImportDiscoveredEntitiesUpdate (0.04s)
=== RUN   TestDryRunMode_NoChangesCommitted
--- PASS: TestDryRunMode_NoChangesCommitted (0.04s)
=== RUN   TestDryRunMode_ThenRealRun
--- PASS: TestDryRunMode_ThenRealRun (0.05s)
=== RUN   TestDryRunMode_WithConflicts
--- PASS: TestDryRunMode_WithConflicts (0.05s)
=== RUN   TestSyncEngine_NewSyncEngine
--- PASS: TestSyncEngine_NewSyncEngine (0.06s)
=== RUN   TestSyncEngine_Sync_EmptyDirectory
--- PASS: TestSyncEngine_Sync_EmptyDirectory (0.04s)
=== RUN   TestSyncEngine_Sync_NewTasksImport
--- PASS: TestSyncEngine_Sync_NewTasksImport (0.06s)
=== RUN   TestSyncEngine_Sync_UpdateExistingTasks
--- PASS: TestSyncEngine_Sync_UpdateExistingTasks (0.04s)
=== RUN   TestSyncEngine_Sync_DryRun
--- PASS: TestSyncEngine_Sync_DryRun (0.04s)
=== RUN   TestSyncEngine_Sync_ConflictStrategies
=== RUN   TestSyncEngine_Sync_ConflictStrategies/file-wins
=== RUN   TestSyncEngine_Sync_ConflictStrategies/database-wins
--- PASS: TestSyncEngine_Sync_ConflictStrategies (0.11s)
    --- PASS: TestSyncEngine_Sync_ConflictStrategies/file-wins (0.06s)
    --- PASS: TestSyncEngine_Sync_ConflictStrategies/database-wins (0.05s)
=== RUN   TestSyncEngine_Sync_InvalidYAML
--- PASS: TestSyncEngine_Sync_InvalidYAML (0.04s)
=== RUN   TestSyncEngine_Sync_TransactionRollback
    engine_test.go:635: Transaction rollback test requires error injection mechanism
--- SKIP: TestSyncEngine_Sync_TransactionRollback (0.00s)
=== RUN   TestFilter_ForceFullScan
2026/01/15 21:04:24 Incremental filter: 10 total files, 0 changed, 10 skipped, 0 new
--- PASS: TestFilter_ForceFullScan (0.04s)
=== RUN   TestFilter_NilLastSyncTime
--- PASS: TestFilter_NilLastSyncTime (0.04s)
=== RUN   TestFilter_MtimeComparison
2026/01/15 21:04:24 Incremental filter: 3 total files, 2 changed, 1 skipped, 0 new
--- PASS: TestFilter_MtimeComparison (0.04s)
=== RUN   TestFilter_NewFiles
2026/01/15 21:04:24 Incremental filter: 2 total files, 1 changed, 1 skipped, 1 new
--- PASS: TestFilter_NewFiles (0.04s)
=== RUN   TestFilter_ClockSkewTolerance
2026/01/15 21:04:25 Incremental filter: 2 total files, 2 changed, 0 skipped, 0 new
--- PASS: TestFilter_ClockSkewTolerance (0.03s)
=== RUN   TestFilter_Performance
2026/01/15 21:04:25 Incremental filter: 500 total files, 500 changed, 0 skipped, 0 new
    incremental_test.go:394: Filter performance: 10.177243ms for 500 files (requirement: <100ms)
--- PASS: TestFilter_Performance (0.42s)
=== RUN   TestFilter_EmptyFileList
2026/01/15 21:04:25 Incremental filter: 0 total files, 0 changed, 0 skipped, 0 new
--- PASS: TestFilter_EmptyFileList (0.06s)
=== RUN   TestFilter_MissingFile
2026/01/15 21:04:25 Incremental filter: 1 total files, 0 changed, 1 skipped, 0 new
--- PASS: TestFilter_MissingFile (0.07s)
=== RUN   TestIncrementalSync_FirstSync
--- PASS: TestIncrementalSync_FirstSync (0.06s)
=== RUN   TestIncrementalSync_NoChanges
2026/01/15 21:04:25 Incremental filter: 1 total files, 0 changed, 1 skipped, 0 new
--- PASS: TestIncrementalSync_NoChanges (0.06s)
=== RUN   TestIncrementalSync_FewFilesChanged
2026/01/15 21:04:25 Incremental filter: 10 total files, 5 changed, 5 skipped, 0 new
--- PASS: TestIncrementalSync_FewFilesChanged (0.16s)
=== RUN   TestIncrementalSync_ConflictResolution
2026/01/15 21:04:25 Incremental filter: 1 total files, 1 changed, 0 skipped, 0 new
--- PASS: TestIncrementalSync_ConflictResolution (0.15s)
=== RUN   TestIncrementalSync_ForceFullScan
--- PASS: TestIncrementalSync_ForceFullScan (0.05s)
=== RUN   TestIncrementalSync_TransactionRollback
2026/01/15 21:04:26 Incremental filter: 1 total files, 1 changed, 0 skipped, 1 new
--- PASS: TestIncrementalSync_TransactionRollback (0.04s)
=== RUN   TestIncrementalSync_BackwardCompatibility
--- PASS: TestIncrementalSync_BackwardCompatibility (0.05s)
=== RUN   TestSyncWithStandardTaskFiles
    integration_pattern_test.go:42: Database setup required for full integration test
--- SKIP: TestSyncWithStandardTaskFiles (0.01s)
=== RUN   TestSyncWithNumberedTaskFiles
    integration_pattern_test.go:77: Database setup required for full integration test
--- SKIP: TestSyncWithNumberedTaskFiles (0.00s)
=== RUN   TestSyncWithPRPFiles
    integration_pattern_test.go:114: Database setup required for full integration test
--- SKIP: TestSyncWithPRPFiles (0.00s)
=== RUN   TestSyncWithMixedFormats
    integration_pattern_test.go:173: Database setup required for full integration test
--- SKIP: TestSyncWithMixedFormats (0.00s)
=== RUN   TestPatternMatchingLogic
=== RUN   TestPatternMatchingLogic/standard_task_pattern
=== RUN   TestPatternMatchingLogic/numbered_task_pattern
=== RUN   TestPatternMatchingLogic/PRP_pattern
=== RUN   TestPatternMatchingLogic/no_match
--- PASS: TestPatternMatchingLogic (0.00s)
    --- PASS: TestPatternMatchingLogic/standard_task_pattern (0.00s)
    --- PASS: TestPatternMatchingLogic/numbered_task_pattern (0.00s)
    --- PASS: TestPatternMatchingLogic/PRP_pattern (0.00s)
    --- PASS: TestPatternMatchingLogic/no_match (0.00s)
=== RUN   TestMetadataExtraction
=== RUN   TestMetadataExtraction/standard_task_with_frontmatter_title
    integration_pattern_test.go:251: Pattern registry setup required
=== RUN   TestMetadataExtraction/numbered_task_without_frontmatter
    integration_pattern_test.go:261: Pattern registry setup required
=== RUN   TestMetadataExtraction/PRP_file_with_description
    integration_pattern_test.go:277: Pattern registry setup required
--- PASS: TestMetadataExtraction (0.00s)
    --- SKIP: TestMetadataExtraction/standard_task_with_frontmatter_title (0.00s)
    --- SKIP: TestMetadataExtraction/numbered_task_without_frontmatter (0.00s)
    --- SKIP: TestMetadataExtraction/PRP_file_with_description (0.00s)
=== RUN   TestKeyGeneration
=== RUN   TestKeyGeneration/generate_key_for_PRP_file
    integration_pattern_test.go:285: Database setup required
=== RUN   TestKeyGeneration/generate_key_for_numbered_file
    integration_pattern_test.go:290: Database setup required
=== RUN   TestKeyGeneration/skip_generation_for_standard_tasks
    integration_pattern_test.go:295: Database setup required
--- PASS: TestKeyGeneration (0.00s)
    --- SKIP: TestKeyGeneration/generate_key_for_PRP_file (0.00s)
    --- SKIP: TestKeyGeneration/generate_key_for_numbered_file (0.00s)
    --- SKIP: TestKeyGeneration/skip_generation_for_standard_tasks (0.00s)
=== RUN   TestSyncReportStatistics
=== RUN   TestSyncReportStatistics/pattern_match_counts
    integration_pattern_test.go:303: Full sync test required
=== RUN   TestSyncReportStatistics/keys_generated_count
    integration_pattern_test.go:308: Full sync test required
--- PASS: TestSyncReportStatistics (0.00s)
    --- SKIP: TestSyncReportStatistics/pattern_match_counts (0.00s)
    --- SKIP: TestSyncReportStatistics/keys_generated_count (0.00s)
=== RUN   TestErrorRecovery
=== RUN   TestErrorRecovery/invalid_frontmatter_doesn't_abort_sync
    integration_pattern_test.go:317: Full sync test required
=== RUN   TestErrorRecovery/orphaned_PRP_file_doesn't_abort_sync
    integration_pattern_test.go:323: Full sync test required
=== RUN   TestErrorRecovery/pattern_mismatch_is_logged_as_warning
    integration_pattern_test.go:329: Full sync test required
--- PASS: TestErrorRecovery (0.00s)
    --- SKIP: TestErrorRecovery/invalid_frontmatter_doesn't_abort_sync (0.00s)
    --- SKIP: TestErrorRecovery/orphaned_PRP_file_doesn't_abort_sync (0.00s)
    --- SKIP: TestErrorRecovery/pattern_mismatch_is_logged_as_warning (0.00s)
=== RUN   TestBackwardCompatibility
=== RUN   TestBackwardCompatibility/existing_T-E##-F##-###_files_import_correctly
    integration_pattern_test.go:338: Requires access to actual project files
--- PASS: TestBackwardCompatibility (0.00s)
    --- SKIP: TestBackwardCompatibility/existing_T-E##-F##-###_files_import_correctly (0.00s)
=== RUN   TestConflictDetectionAndResolution
=== RUN   TestConflictDetectionAndResolution/complete_workflow:_file-wins_strategy
=== RUN   TestConflictDetectionAndResolution/complete_workflow:_newer-wins_with_database_newer
=== RUN   TestConflictDetectionAndResolution/no_conflicts_means_no_changes
=== RUN   TestConflictDetectionAndResolution/partial_file_metadata_doesn't_create_conflicts
--- PASS: TestConflictDetectionAndResolution (0.00s)
    --- PASS: TestConflictDetectionAndResolution/complete_workflow:_file-wins_strategy (0.00s)
    --- PASS: TestConflictDetectionAndResolution/complete_workflow:_newer-wins_with_database_newer (0.00s)
    --- PASS: TestConflictDetectionAndResolution/no_conflicts_means_no_changes (0.00s)
    --- PASS: TestConflictDetectionAndResolution/partial_file_metadata_doesn't_create_conflicts (0.00s)
=== RUN   TestFullSyncWorkflow
=== RUN   TestFullSyncWorkflow/scanner_finds_files,_engine_imports_them
--- PASS: TestFullSyncWorkflow (0.00s)
    --- PASS: TestFullSyncWorkflow/scanner_finds_files,_engine_imports_them (0.00s)
=== RUN   TestConflictResolver_ResolveConflicts
=== RUN   TestConflictResolver_ResolveConflicts/file-wins_strategy_updates_all_conflicting_fields
=== RUN   TestConflictResolver_ResolveConflicts/database-wins_strategy_keeps_all_database_values
=== RUN   TestConflictResolver_ResolveConflicts/newer-wins_strategy_uses_file_when_file_is_newer
=== RUN   TestConflictResolver_ResolveConflicts/newer-wins_strategy_uses_database_when_database_is_newer
=== RUN   TestConflictResolver_ResolveConflicts/file-wins_with_nil_description_in_file_preserves_database_description
=== RUN   TestConflictResolver_ResolveConflicts/resolves_empty_conflict_list_without_error
=== RUN   TestConflictResolver_ResolveConflicts/returns_copy_of_database_task,_not_original
=== RUN   TestConflictResolver_ResolveConflicts/preserves_all_database-only_fields
--- PASS: TestConflictResolver_ResolveConflicts (0.00s)
    --- PASS: TestConflictResolver_ResolveConflicts/file-wins_strategy_updates_all_conflicting_fields (0.00s)
    --- PASS: TestConflictResolver_ResolveConflicts/database-wins_strategy_keeps_all_database_values (0.00s)
    --- PASS: TestConflictResolver_ResolveConflicts/newer-wins_strategy_uses_file_when_file_is_newer (0.00s)
    --- PASS: TestConflictResolver_ResolveConflicts/newer-wins_strategy_uses_database_when_database_is_newer (0.00s)
    --- PASS: TestConflictResolver_ResolveConflicts/file-wins_with_nil_description_in_file_preserves_database_description (0.00s)
    --- PASS: TestConflictResolver_ResolveConflicts/resolves_empty_conflict_list_without_error (0.00s)
    --- PASS: TestConflictResolver_ResolveConflicts/returns_copy_of_database_task,_not_original (0.00s)
    --- PASS: TestConflictResolver_ResolveConflicts/preserves_all_database-only_fields (0.00s)
=== RUN   TestScanRealProjectStructure
    scanner_integration_test.go:38: Found task file: T-E04-F01-001.md (Epic: E04, Feature: E04-F01)
    scanner_integration_test.go:38: Found task file: T-E04-F01-002.md (Epic: E04, Feature: E04-F01)
    scanner_integration_test.go:38: Found task file: T-E04-F01-003.md (Epic: E04, Feature: E04-F01)
    scanner_integration_test.go:38: Found task file: T-E04-F01-004.md (Epic: E04, Feature: E04-F01)
    scanner_integration_test.go:38: Found task file: T-E04-F01-005.md (Epic: E04, Feature: E04-F01)
    scanner_integration_test.go:38: Found task file: T-E04-F01-006.md (Epic: E04, Feature: E04-F01)
    scanner_integration_test.go:38: Found task file: T-E04-F02-001.md (Epic: E04, Feature: E04-F02)
    scanner_integration_test.go:38: Found task file: T-E04-F02-002.md (Epic: E04, Feature: E04-F02)
    scanner_integration_test.go:38: Found task file: T-E04-F02-003.md (Epic: E04, Feature: E04-F02)
    scanner_integration_test.go:38: Found task file: T-E04-F02-004.md (Epic: E04, Feature: E04-F02)
    scanner_integration_test.go:38: Found task file: T-E04-F02-005.md (Epic: E04, Feature: E04-F02)
    scanner_integration_test.go:38: Found task file: T-E04-F02-006.md (Epic: E04, Feature: E04-F02)
    scanner_integration_test.go:38: Found task file: T-E04-F03-001.md (Epic: E04, Feature: E04-F03)
    scanner_integration_test.go:38: Found task file: T-E04-F03-002.md (Epic: E04, Feature: E04-F03)
    scanner_integration_test.go:38: Found task file: T-E04-F03-003.md (Epic: E04, Feature: E04-F03)
    scanner_integration_test.go:38: Found task file: T-E04-F03-004.md (Epic: E04, Feature: E04-F03)
    scanner_integration_test.go:38: Found task file: T-E04-F04-001.md (Epic: E04, Feature: E04-F04)
    scanner_integration_test.go:38: Found task file: T-E04-F04-002.md (Epic: E04, Feature: E04-F04)
    scanner_integration_test.go:38: Found task file: T-E04-F04-003.md (Epic: E04, Feature: E04-F04)
    scanner_integration_test.go:38: Found task file: T-E04-F04-004.md (Epic: E04, Feature: E04-F04)
    scanner_integration_test.go:38: Found task file: T-E04-F04-005.md (Epic: E04, Feature: E04-F04)
    scanner_integration_test.go:38: Found task file: T-E04-F04-006.md (Epic: E04, Feature: E04-F04)
    scanner_integration_test.go:38: Found task file: T-E04-F05-001.md (Epic: E04, Feature: E04-F05)
    scanner_integration_test.go:38: Found task file: T-E04-F05-002.md (Epic: E04, Feature: E04-F05)
    scanner_integration_test.go:38: Found task file: T-E04-F05-003.md (Epic: E04, Feature: E04-F05)
    scanner_integration_test.go:38: Found task file: T-E04-F05-004.md (Epic: E04, Feature: E04-F05)
    scanner_integration_test.go:38: Found task file: T-E04-F06-001.md (Epic: E04, Feature: E04-F06)
    scanner_integration_test.go:38: Found task file: T-E04-F06-002.md (Epic: E04, Feature: E04-F06)
    scanner_integration_test.go:38: Found task file: T-E04-F06-003.md (Epic: E04, Feature: E04-F06)
    scanner_integration_test.go:38: Found task file: T-E04-F06-004.md (Epic: E04, Feature: E04-F06)
    scanner_integration_test.go:38: Found task file: T-E04-F07-001.md (Epic: E04, Feature: E04-F07)
    scanner_integration_test.go:38: Found task file: T-E04-F07-002.md (Epic: E04, Feature: E04-F07)
    scanner_integration_test.go:38: Found task file: T-E04-F07-003.md (Epic: E04, Feature: E04-F07)
    scanner_integration_test.go:38: Found task file: T-E04-F07-004.md (Epic: E04, Feature: E04-F07)
    scanner_integration_test.go:38: Found task file: T-E04-F07-005.md (Epic: E04, Feature: E04-F07)
    scanner_integration_test.go:38: Found task file: T-E04-F07-006.md (Epic: E04, Feature: E04-F07)
    scanner_integration_test.go:38: Found task file: T-E04-F08-001.md (Epic: E04, Feature: E04-F08)
    scanner_integration_test.go:38: Found task file: T-E04-F08-002.md (Epic: E04, Feature: E04-F08)
    scanner_integration_test.go:38: Found task file: T-E04-F08-003.md (Epic: E04, Feature: E04-F08)
    scanner_integration_test.go:38: Found task file: T-E04-F08-004.md (Epic: E04, Feature: E04-F08)
    scanner_integration_test.go:38: Found task file: T-E04-F08-005.md (Epic: E04, Feature: E04-F08)
    scanner_integration_test.go:38: Found task file: T-E04-F09-002.md (Epic: E04, Feature: E04-F09)
    scanner_integration_test.go:38: Found task file: T-E06-F01-001.md (Epic: E06, Feature: E06-F01)
    scanner_integration_test.go:38: Found task file: T-E06-F01-002.md (Epic: E06, Feature: E06-F01)
    scanner_integration_test.go:38: Found task file: T-E06-F01-003.md (Epic: E06, Feature: E06-F01)
    scanner_integration_test.go:38: Found task file: T-E06-F01-004.md (Epic: E06, Feature: E06-F01)
    scanner_integration_test.go:38: Found task file: T-E06-F01-005.md (Epic: E06, Feature: E06-F01)
    scanner_integration_test.go:38: Found task file: T-E06-F01-006.md (Epic: E06, Feature: E06-F01)
    scanner_integration_test.go:38: Found task file: T-E06-F02-001.md (Epic: E06, Feature: E06-F02)
    scanner_integration_test.go:38: Found task file: T-E06-F02-002.md (Epic: E06, Feature: E06-F02)
    scanner_integration_test.go:38: Found task file: T-E06-F02-003.md (Epic: E06, Feature: E06-F02)
    scanner_integration_test.go:38: Found task file: T-E06-F02-004.md (Epic: E06, Feature: E06-F02)
    scanner_integration_test.go:38: Found task file: T-E06-F03-001.md (Epic: E06, Feature: E06-F03)
    scanner_integration_test.go:38: Found task file: T-E06-F03-002.md (Epic: E06, Feature: E06-F03)
    scanner_integration_test.go:38: Found task file: T-E06-F03-003.md (Epic: E06, Feature: E06-F03)
    scanner_integration_test.go:38: Found task file: T-E06-F03-004.md (Epic: E06, Feature: E06-F03)
    scanner_integration_test.go:38: Found task file: T-E06-F04-001.md (Epic: E06, Feature: E06-F04)
    scanner_integration_test.go:38: Found task file: T-E06-F04-002.md (Epic: E06, Feature: E06-F04)
    scanner_integration_test.go:38: Found task file: T-E06-F04-003.md (Epic: E06, Feature: E06-F04)
    scanner_integration_test.go:38: Found task file: T-E06-F04-004.md (Epic: E06, Feature: E06-F04)
    scanner_integration_test.go:38: Found task file: T-E06-F05-001.md (Epic: E06, Feature: E06-F05)
    scanner_integration_test.go:38: Found task file: T-E06-F05-002.md (Epic: E06, Feature: E06-F05)
    scanner_integration_test.go:38: Found task file: T-E06-F05-003.md (Epic: E06, Feature: E06-F05)
    scanner_integration_test.go:38: Found task file: T-E06-F05-004.md (Epic: E06, Feature: E06-F05)
    scanner_integration_test.go:38: Found task file: T-E07-F05-001.md (Epic: E07, Feature: E07-F05)
    scanner_integration_test.go:38: Found task file: T-E07-F05-002.md (Epic: E07, Feature: E07-F05)
    scanner_integration_test.go:38: Found task file: T-E07-F05-003.md (Epic: E07, Feature: E07-F05)
    scanner_integration_test.go:38: Found task file: T-E07-F05-004.md (Epic: E07, Feature: E07-F05)
    scanner_integration_test.go:38: Found task file: T-E07-F05-005.md (Epic: E07, Feature: E07-F05)
    scanner_integration_test.go:38: Found task file: T-E07-F06-001.md (Epic: E07, Feature: E07-F06)
    scanner_integration_test.go:38: Found task file: T-E07-F06-002.md (Epic: E07, Feature: E07-F06)
    scanner_integration_test.go:38: Found task file: T-E07-F06-003.md (Epic: E07, Feature: E07-F06)
    scanner_integration_test.go:38: Found task file: T-E07-F06-004.md (Epic: E07, Feature: E07-F06)
    scanner_integration_test.go:38: Found task file: T-E07-F06-005.md (Epic: E07, Feature: E07-F06)
    scanner_integration_test.go:38: Found task file: T-E07-F06-006.md (Epic: E07, Feature: E07-F06)
    scanner_integration_test.go:38: Found task file: T-E07-F06-007.md (Epic: E07, Feature: E07-F06)
    scanner_integration_test.go:38: Found task file: T-E07-F06-008.md (Epic: E07, Feature: E07-F06)
    scanner_integration_test.go:38: Found task file: T-E07-F09-001.md (Epic: E07, Feature: E07-F09)
    scanner_integration_test.go:38: Found task file: T-E07-F09-002.md (Epic: E07, Feature: E07-F09)
    scanner_integration_test.go:38: Found task file: T-E07-F09-003.md (Epic: E07, Feature: E07-F09)
    scanner_integration_test.go:38: Found task file: T-E07-F09-004.md (Epic: E07, Feature: E07-F09)
    scanner_integration_test.go:38: Found task file: T-E07-F09-005.md (Epic: E07, Feature: E07-F09)
    scanner_integration_test.go:38: Found task file: T-E07-F11-001.md (Epic: E07, Feature: E07-F11)
    scanner_integration_test.go:38: Found task file: T-E07-F11-002.md (Epic: E07, Feature: E07-F11)
    scanner_integration_test.go:38: Found task file: T-E07-F11-003.md (Epic: E07, Feature: E07-F11)
    scanner_integration_test.go:38: Found task file: T-E07-F11-004.md (Epic: E07, Feature: E07-F11)
    scanner_integration_test.go:38: Found task file: T-E07-F11-005.md (Epic: E07, Feature: E07-F11)
    scanner_integration_test.go:38: Found task file: T-E07-F11-006.md (Epic: E07, Feature: E07-F11)
    scanner_integration_test.go:38: Found task file: T-E07-F11-007.md (Epic: E07, Feature: E07-F11)
    scanner_integration_test.go:38: Found task file: T-E07-F11-008.md (Epic: E07, Feature: E07-F11)
    scanner_integration_test.go:38: Found task file: T-E07-F11-009.md (Epic: E07, Feature: E07-F11)
    scanner_integration_test.go:38: Found task file: T-E07-F11-010.md (Epic: E07, Feature: E07-F11)
    scanner_integration_test.go:38: Found task file: T-E07-F11-011.md (Epic: E07, Feature: E07-F11)
    scanner_integration_test.go:38: Found task file: T-E07-F11-012.md (Epic: E07, Feature: E07-F11)
    scanner_integration_test.go:38: Found task file: T-E07-F11-013.md (Epic: E07, Feature: E07-F11)
    scanner_integration_test.go:38: Found task file: T-E07-F11-014.md (Epic: E07, Feature: E07-F11)
    scanner_integration_test.go:38: Found task file: T-E07-F11-015.md (Epic: E07, Feature: E07-F11)
    scanner_integration_test.go:38: Found task file: T-E07-F11-016.md (Epic: E07, Feature: E07-F11)
    scanner_integration_test.go:38: Found task file: T-E07-F11-017.md (Epic: E07, Feature: E07-F11)
    scanner_integration_test.go:38: Found task file: T-E07-F11-018.md (Epic: E07, Feature: E07-F11)
    scanner_integration_test.go:38: Found task file: T-E07-F12-001.md (Epic: E07, Feature: E07-F12)
    scanner_integration_test.go:38: Found task file: T-E07-F12-002.md (Epic: E07, Feature: E07-F12)
    scanner_integration_test.go:38: Found task file: T-E07-F12-003.md (Epic: E07, Feature: E07-F12)
    scanner_integration_test.go:38: Found task file: T-E07-F12-004.md (Epic: E07, Feature: E07-F12)
    scanner_integration_test.go:38: Found task file: T-E07-F12-005.md (Epic: E07, Feature: E07-F12)
    scanner_integration_test.go:38: Found task file: T-E07-F12-006.md (Epic: E07, Feature: E07-F12)
    scanner_integration_test.go:38: Found task file: T-E07-F12-007.md (Epic: E07, Feature: E07-F12)
    scanner_integration_test.go:38: Found task file: T-E07-F12-008.md (Epic: E07, Feature: E07-F12)
    scanner_integration_test.go:38: Found task file: T-E07-F12-009.md (Epic: E07, Feature: E07-F12)
    scanner_integration_test.go:38: Found task file: T-E07-F13-001.md (Epic: E07, Feature: E07-F13)
    scanner_integration_test.go:38: Found task file: T-E07-F13-002.md (Epic: E07, Feature: E07-F13)
    scanner_integration_test.go:38: Found task file: T-E07-F13-003.md (Epic: E07, Feature: E07-F13)
    scanner_integration_test.go:38: Found task file: T-E07-F13-004.md (Epic: E07, Feature: E07-F13)
    scanner_integration_test.go:38: Found task file: T-E07-F13-005.md (Epic: E07, Feature: E07-F13)
    scanner_integration_test.go:38: Found task file: T-E07-F13-006.md (Epic: E07, Feature: E07-F13)
    scanner_integration_test.go:38: Found task file: T-E07-F14-001.md (Epic: E07, Feature: E07-F14)
    scanner_integration_test.go:38: Found task file: T-E07-F14-002.md (Epic: E07, Feature: E07-F14)
    scanner_integration_test.go:38: Found task file: T-E07-F14-003.md (Epic: E07, Feature: E07-F14)
    scanner_integration_test.go:38: Found task file: T-E07-F14-004.md (Epic: E07, Feature: E07-F14)
    scanner_integration_test.go:38: Found task file: T-E07-F14-005.md (Epic: E07, Feature: E07-F14)
    scanner_integration_test.go:38: Found task file: T-E07-F14-006.md (Epic: E07, Feature: E07-F14)
    scanner_integration_test.go:38: Found task file: T-E07-F14-007.md (Epic: E07, Feature: E07-F14)
    scanner_integration_test.go:38: Found task file: T-E07-F14-008.md (Epic: E07, Feature: E07-F14)
    scanner_integration_test.go:38: Found task file: T-E07-F14-009.md (Epic: E07, Feature: E07-F14)
    scanner_integration_test.go:38: Found task file: T-E07-F14-010.md (Epic: E07, Feature: E07-F14)
    scanner_integration_test.go:38: Found task file: T-E07-F14-011.md (Epic: E07, Feature: E07-F14)
    scanner_integration_test.go:38: Found task file: T-E07-F14-012.md (Epic: E07, Feature: E07-F14)
    scanner_integration_test.go:38: Found task file: T-E07-F16-001.md (Epic: E07, Feature: E07-F16)
    scanner_integration_test.go:38: Found task file: T-E07-F16-002.md (Epic: E07, Feature: E07-F16)
    scanner_integration_test.go:38: Found task file: T-E07-F16-003.md (Epic: E07, Feature: E07-F16)
    scanner_integration_test.go:38: Found task file: T-E07-F16-004.md (Epic: E07, Feature: E07-F16)
    scanner_integration_test.go:38: Found task file: T-E07-F16-005.md (Epic: E07, Feature: E07-F16)
    scanner_integration_test.go:38: Found task file: T-E07-F16-006.md (Epic: E07, Feature: E07-F16)
    scanner_integration_test.go:38: Found task file: T-E07-F16-007.md (Epic: E07, Feature: E07-F16)
    scanner_integration_test.go:38: Found task file: T-E07-F16-008.md (Epic: E07, Feature: E07-F16)
    scanner_integration_test.go:38: Found task file: T-E07-F16-009.md (Epic: E07, Feature: E07-F16)
    scanner_integration_test.go:38: Found task file: T-E07-F16-010.md (Epic: E07, Feature: E07-F16)
    scanner_integration_test.go:38: Found task file: T-E07-F16-011.md (Epic: E07, Feature: E07-F16)
    scanner_integration_test.go:38: Found task file: T-E07-F16-012.md (Epic: E07, Feature: E07-F16)
    scanner_integration_test.go:38: Found task file: T-E07-F16-013.md (Epic: E07, Feature: E07-F16)
    scanner_integration_test.go:38: Found task file: T-E07-F16-014.md (Epic: E07, Feature: E07-F16)
    scanner_integration_test.go:38: Found task file: T-E07-F16-015.md (Epic: E07, Feature: E07-F16)
    scanner_integration_test.go:38: Found task file: T-E07-F16-019.md (Epic: E07, Feature: E07-F16)
    scanner_integration_test.go:38: Found task file: T-E07-F16-020.md (Epic: E07, Feature: E07-F16)
    scanner_integration_test.go:38: Found task file: T-E07-F16-021.md (Epic: E07, Feature: E07-F16)
    scanner_integration_test.go:38: Found task file: T-E07-F16-022.md (Epic: E07, Feature: E07-F16)
    scanner_integration_test.go:38: Found task file: T-E07-F17-001.md (Epic: E07, Feature: E07-F17)
    scanner_integration_test.go:38: Found task file: T-E07-F17-002.md (Epic: E07, Feature: E07-F17)
    scanner_integration_test.go:38: Found task file: T-E07-F17-003.md (Epic: E07, Feature: E07-F17)
    scanner_integration_test.go:38: Found task file: T-E07-F18-001.md (Epic: E07, Feature: E07-F18)
    scanner_integration_test.go:38: Found task file: T-E07-F19-001.md (Epic: E07, Feature: E07-F19)
    scanner_integration_test.go:38: Found task file: T-E07-F19-002.md (Epic: E07, Feature: E07-F19)
    scanner_integration_test.go:38: Found task file: T-E07-F19-003.md (Epic: E07, Feature: E07-F19)
    scanner_integration_test.go:38: Found task file: T-E07-F19-004.md (Epic: E07, Feature: E07-F19)
    scanner_integration_test.go:38: Found task file: T-E07-F19-005.md (Epic: E07, Feature: E07-F19)
    scanner_integration_test.go:38: Found task file: T-E07-F19-006.md (Epic: E07, Feature: E07-F19)
    scanner_integration_test.go:38: Found task file: T-E07-F19-007.md (Epic: E07, Feature: E07-F19)
    scanner_integration_test.go:38: Found task file: T-E07-F20-001.md (Epic: E07, Feature: E07-F20)
    scanner_integration_test.go:38: Found task file: T-E07-F20-002.md (Epic: E07, Feature: E07-F20)
    scanner_integration_test.go:38: Found task file: T-E07-F20-003.md (Epic: E07, Feature: E07-F20)
    scanner_integration_test.go:38: Found task file: T-E07-F20-004.md (Epic: E07, Feature: E07-F20)
    scanner_integration_test.go:38: Found task file: T-E07-F20-005.md (Epic: E07, Feature: E07-F20)
    scanner_integration_test.go:38: Found task file: T-E07-F20-006.md (Epic: E07, Feature: E07-F20)
    scanner_integration_test.go:38: Found task file: T-E07-F20-007.md (Epic: E07, Feature: E07-F20)
    scanner_integration_test.go:38: Found task file: T-E07-F20-008.md (Epic: E07, Feature: E07-F20)
    scanner_integration_test.go:38: Found task file: T-E07-F20-009.md (Epic: E07, Feature: E07-F20)
    scanner_integration_test.go:38: Found task file: T-E07-F20-010.md (Epic: E07, Feature: E07-F20)
    scanner_integration_test.go:38: Found task file: T-E07-F20-011.md (Epic: E07, Feature: E07-F20)
    scanner_integration_test.go:38: Found task file: T-E07-F20-012.md (Epic: E07, Feature: E07-F20)
    scanner_integration_test.go:38: Found task file: T-E07-F20-013.md (Epic: E07, Feature: E07-F20)
    scanner_integration_test.go:38: Found task file: T-E07-F20-014.md (Epic: E07, Feature: E07-F20)
    scanner_integration_test.go:38: Found task file: T-E07-F20-015.md (Epic: E07, Feature: E07-F20)
    scanner_integration_test.go:38: Found task file: T-E07-F20-016.md (Epic: E07, Feature: E07-F20)
    scanner_integration_test.go:38: Found task file: T-E07-F20-017.md (Epic: E07, Feature: E07-F20)
    scanner_integration_test.go:38: Found task file: T-E07-F20-018.md (Epic: E07, Feature: E07-F20)
    scanner_integration_test.go:38: Found task file: T-E07-F20-019.md (Epic: E07, Feature: E07-F20)
    scanner_integration_test.go:38: Found task file: T-E07-F21-001.md (Epic: E07, Feature: E07-F21)
    scanner_integration_test.go:38: Found task file: T-E07-F21-002.md (Epic: E07, Feature: E07-F21)
    scanner_integration_test.go:38: Found task file: T-E07-F21-003.md (Epic: E07, Feature: E07-F21)
    scanner_integration_test.go:38: Found task file: T-E07-F21-004.md (Epic: E07, Feature: E07-F21)
    scanner_integration_test.go:38: Found task file: T-E07-F21-005.md (Epic: E07, Feature: E07-F21)
    scanner_integration_test.go:38: Found task file: T-E07-F21-006.md (Epic: E07, Feature: E07-F21)
    scanner_integration_test.go:38: Found task file: T-E07-F21-007.md (Epic: E07, Feature: E07-F21)
    scanner_integration_test.go:38: Found task file: T-E07-F21-008.md (Epic: E07, Feature: E07-F21)
    scanner_integration_test.go:38: Found task file: T-E07-F21-009.md (Epic: E07, Feature: E07-F21)
    scanner_integration_test.go:38: Found task file: T-E07-F21-010.md (Epic: E07, Feature: E07-F21)
    scanner_integration_test.go:38: Found task file: T-E07-F21-011.md (Epic: E07, Feature: E07-F21)
    scanner_integration_test.go:38: Found task file: T-E07-F21-012.md (Epic: E07, Feature: E07-F21)
    scanner_integration_test.go:38: Found task file: T-E07-F21-013.md (Epic: E07, Feature: E07-F21)
    scanner_integration_test.go:38: Found task file: T-E07-F21-014.md (Epic: E07, Feature: E07-F21)
    scanner_integration_test.go:38: Found task file: T-E08-F01-001.md (Epic: E08, Feature: E08-F01)
    scanner_integration_test.go:38: Found task file: T-E08-F01-002.md (Epic: E08, Feature: E08-F01)
    scanner_integration_test.go:38: Found task file: T-E08-F01-003.md (Epic: E08, Feature: E08-F01)
    scanner_integration_test.go:38: Found task file: T-E08-F02-001.md (Epic: E08, Feature: E08-F02)
    scanner_integration_test.go:38: Found task file: T-E08-F02-002.md (Epic: E08, Feature: E08-F02)
    scanner_integration_test.go:38: Found task file: T-E08-F02-003.md (Epic: E08, Feature: E08-F02)
    scanner_integration_test.go:38: Found task file: T-E08-F02-004.md (Epic: E08, Feature: E08-F02)
    scanner_integration_test.go:38: Found task file: T-E08-F02-005.md (Epic: E08, Feature: E08-F02)
    scanner_integration_test.go:38: Found task file: T-E08-F03-001.md (Epic: E08, Feature: E08-F03)
    scanner_integration_test.go:38: Found task file: T-E08-F03-002.md (Epic: E08, Feature: E08-F03)
    scanner_integration_test.go:38: Found task file: T-E08-F03-003.md (Epic: E08, Feature: E08-F03)
    scanner_integration_test.go:38: Found task file: T-E08-F03-004.md (Epic: E08, Feature: E08-F03)
    scanner_integration_test.go:38: Found task file: T-E10-F01-001.md (Epic: E10, Feature: E10-F01)
    scanner_integration_test.go:38: Found task file: T-E10-F01-002.md (Epic: E10, Feature: E10-F01)
    scanner_integration_test.go:38: Found task file: T-E10-F01-003.md (Epic: E10, Feature: E10-F01)
    scanner_integration_test.go:38: Found task file: T-E10-F01-004.md (Epic: E10, Feature: E10-F01)
    scanner_integration_test.go:38: Found task file: T-E10-F01-005.md (Epic: E10, Feature: E10-F01)
    scanner_integration_test.go:38: Found task file: T-E10-F01-006.md (Epic: E10, Feature: E10-F01)
    scanner_integration_test.go:38: Found task file: T-E10-F01-007.md (Epic: E10, Feature: E10-F01)
    scanner_integration_test.go:38: Found task file: T-E10-F01-008.md (Epic: E10, Feature: E10-F01)
    scanner_integration_test.go:38: Found task file: T-E10-F01-009.md (Epic: E10, Feature: E10-F01)
    scanner_integration_test.go:38: Found task file: T-E10-F02-001.md (Epic: E10, Feature: E10-F02)
    scanner_integration_test.go:38: Found task file: T-E10-F02-002.md (Epic: E10, Feature: E10-F02)
    scanner_integration_test.go:38: Found task file: T-E10-F02-003.md (Epic: E10, Feature: E10-F02)
    scanner_integration_test.go:38: Found task file: T-E10-F02-004.md (Epic: E10, Feature: E10-F02)
    scanner_integration_test.go:38: Found task file: T-E10-F02-005.md (Epic: E10, Feature: E10-F02)
    scanner_integration_test.go:38: Found task file: T-E10-F02-006.md (Epic: E10, Feature: E10-F02)
    scanner_integration_test.go:38: Found task file: T-E10-F02-007.md (Epic: E10, Feature: E10-F02)
    scanner_integration_test.go:38: Found task file: T-E10-F02-008.md (Epic: E10, Feature: E10-F02)
    scanner_integration_test.go:38: Found task file: T-E10-F03-001.md (Epic: E10, Feature: E10-F03)
    scanner_integration_test.go:38: Found task file: T-E10-F03-002.md (Epic: E10, Feature: E10-F03)
    scanner_integration_test.go:38: Found task file: T-E10-F03-003.md (Epic: E10, Feature: E10-F03)
    scanner_integration_test.go:38: Found task file: T-E10-F03-004.md (Epic: E10, Feature: E10-F03)
    scanner_integration_test.go:38: Found task file: T-E10-F03-005.md (Epic: E10, Feature: E10-F03)
    scanner_integration_test.go:38: Found task file: T-E10-F03-006.md (Epic: E10, Feature: E10-F03)
    scanner_integration_test.go:38: Found task file: T-E10-F03-007.md (Epic: E10, Feature: E10-F03)
    scanner_integration_test.go:38: Found task file: T-E10-F03-008.md (Epic: E10, Feature: E10-F03)
    scanner_integration_test.go:38: Found task file: T-E10-F03-009.md (Epic: E10, Feature: E10-F03)
    scanner_integration_test.go:38: Found task file: T-E10-F03-010.md (Epic: E10, Feature: E10-F03)
    scanner_integration_test.go:38: Found task file: T-E10-F03-011.md (Epic: E10, Feature: E10-F03)
    scanner_integration_test.go:38: Found task file: T-E10-F04-001.md (Epic: E10, Feature: E10-F04)
    scanner_integration_test.go:38: Found task file: T-E10-F04-002.md (Epic: E10, Feature: E10-F04)
    scanner_integration_test.go:38: Found task file: T-E10-F04-003.md (Epic: E10, Feature: E10-F04)
    scanner_integration_test.go:38: Found task file: T-E10-F04-004.md (Epic: E10, Feature: E10-F04)
    scanner_integration_test.go:38: Found task file: T-E10-F04-005.md (Epic: E10, Feature: E10-F04)
    scanner_integration_test.go:38: Found task file: T-E10-F04-006.md (Epic: E10, Feature: E10-F04)
    scanner_integration_test.go:38: Found task file: T-E10-F04-007.md (Epic: E10, Feature: E10-F04)
    scanner_integration_test.go:38: Found task file: T-E10-F04-008.md (Epic: E10, Feature: E10-F04)
    scanner_integration_test.go:38: Found task file: T-E10-F04-009.md (Epic: E10, Feature: E10-F04)
    scanner_integration_test.go:38: Found task file: T-E10-F04-010.md (Epic: E10, Feature: E10-F04)
    scanner_integration_test.go:38: Found task file: T-E10-F05-001.md (Epic: E10, Feature: E10-F05)
    scanner_integration_test.go:38: Found task file: T-E10-F05-002.md (Epic: E10, Feature: E10-F05)
    scanner_integration_test.go:38: Found task file: T-E10-F05-003.md (Epic: E10, Feature: E10-F05)
    scanner_integration_test.go:38: Found task file: T-E10-F05-004.md (Epic: E10, Feature: E10-F05)
    scanner_integration_test.go:38: Found task file: T-E10-F05-005.md (Epic: E10, Feature: E10-F05)
    scanner_integration_test.go:38: Found task file: T-E10-F05-006.md (Epic: E10, Feature: E10-F05)
    scanner_integration_test.go:38: Found task file: T-E10-F05-007.md (Epic: E10, Feature: E10-F05)
    scanner_integration_test.go:38: Found task file: T-E10-F05-008.md (Epic: E10, Feature: E10-F05)
    scanner_integration_test.go:38: Found task file: T-E10-F05-009.md (Epic: E10, Feature: E10-F05)
    scanner_integration_test.go:38: Found task file: T-E10-F05-010.md (Epic: E10, Feature: E10-F05)
    scanner_integration_test.go:38: Found task file: T-E10-F05-011.md (Epic: E10, Feature: E10-F05)
    scanner_integration_test.go:38: Found task file: T-E11-F01-001.md (Epic: E11, Feature: E11-F01)
    scanner_integration_test.go:38: Found task file: T-E11-F01-002.md (Epic: E11, Feature: E11-F01)
    scanner_integration_test.go:38: Found task file: T-E11-F01-003.md (Epic: E11, Feature: E11-F01)
    scanner_integration_test.go:38: Found task file: T-E11-F01-004.md (Epic: E11, Feature: E11-F01)
    scanner_integration_test.go:38: Found task file: T-E11-F01-005.md (Epic: E11, Feature: E11-F01)
    scanner_integration_test.go:38: Found task file: T-E11-F02-001.md (Epic: E11, Feature: E11-F02)
    scanner_integration_test.go:38: Found task file: T-E11-F02-002.md (Epic: E11, Feature: E11-F02)
    scanner_integration_test.go:38: Found task file: T-E11-F02-003.md (Epic: E11, Feature: E11-F02)
    scanner_integration_test.go:38: Found task file: T-E11-F02-004.md (Epic: E11, Feature: E11-F02)
    scanner_integration_test.go:38: Found task file: T-E11-F02-005.md (Epic: E11, Feature: E11-F02)
    scanner_integration_test.go:38: Found task file: T-E11-F03-001.md (Epic: E11, Feature: E11-F03)
    scanner_integration_test.go:38: Found task file: T-E11-F03-002.md (Epic: E11, Feature: E11-F03)
    scanner_integration_test.go:38: Found task file: T-E11-F03-003.md (Epic: E11, Feature: E11-F03)
    scanner_integration_test.go:38: Found task file: T-E11-F03-004.md (Epic: E11, Feature: E11-F03)
    scanner_integration_test.go:38: Found task file: T-E11-F03-005.md (Epic: E11, Feature: E11-F03)
    scanner_integration_test.go:38: Found task file: T-E11-F03-006.md (Epic: E11, Feature: E11-F03)
    scanner_integration_test.go:38: Found task file: T-E11-F03-007.md (Epic: E11, Feature: E11-F03)
    scanner_integration_test.go:38: Found task file: T-E11-F03-008.md (Epic: E11, Feature: E11-F03)
    scanner_integration_test.go:38: Found task file: T-E11-F04-001.md (Epic: E11, Feature: E11-F04)
    scanner_integration_test.go:38: Found task file: T-E11-F04-002.md (Epic: E11, Feature: E11-F04)
    scanner_integration_test.go:38: Found task file: T-E11-F04-003.md (Epic: E11, Feature: E11-F04)
    scanner_integration_test.go:38: Found task file: T-E11-F04-004.md (Epic: E11, Feature: E11-F04)
    scanner_integration_test.go:38: Found task file: T-E11-F04-005.md (Epic: E11, Feature: E11-F04)
    scanner_integration_test.go:38: Found task file: T-E11-F05-001.md (Epic: E11, Feature: E11-F05)
    scanner_integration_test.go:38: Found task file: T-E11-F05-002.md (Epic: E11, Feature: E11-F05)
    scanner_integration_test.go:38: Found task file: T-E11-F05-003.md (Epic: E11, Feature: E11-F05)
    scanner_integration_test.go:38: Found task file: T-E11-F05-004.md (Epic: E11, Feature: E11-F05)
    scanner_integration_test.go:38: Found task file: T-E13-F01-001.md (Epic: E13, Feature: E13-F01)
    scanner_integration_test.go:38: Found task file: T-E13-F01-002.md (Epic: E13, Feature: E13-F01)
    scanner_integration_test.go:38: Found task file: T-E13-F01-003.md (Epic: E13, Feature: E13-F01)
    scanner_integration_test.go:38: Found task file: T-E13-F01-004.md (Epic: E13, Feature: E13-F01)
    scanner_integration_test.go:38: Found task file: T-E13-F01-005.md (Epic: E13, Feature: E13-F01)
    scanner_integration_test.go:38: Found task file: T-E13-F01-006.md (Epic: E13, Feature: E13-F01)
    scanner_integration_test.go:38: Found task file: T-E13-F01-007.md (Epic: E13, Feature: E13-F01)
    scanner_integration_test.go:38: Found task file: T-E13-F01-008.md (Epic: E13, Feature: E13-F01)
    scanner_integration_test.go:38: Found task file: T-E13-F01-009.md (Epic: E13, Feature: E13-F01)
    scanner_integration_test.go:38: Found task file: T-E13-F01-010.md (Epic: E13, Feature: E13-F01)
    scanner_integration_test.go:38: Found task file: T-E13-F01-011.md (Epic: E13, Feature: E13-F01)
    scanner_integration_test.go:38: Found task file: T-E13-F01-012.md (Epic: E13, Feature: E13-F01)
    scanner_integration_test.go:38: Found task file: T-E13-F01-013.md (Epic: E13, Feature: E13-F01)
    scanner_integration_test.go:38: Found task file: T-E13-F01-014.md (Epic: E13, Feature: E13-F01)
    scanner_integration_test.go:38: Found task file: T-E13-F01-015.md (Epic: E13, Feature: E13-F01)
    scanner_integration_test.go:38: Found task file: T-E13-F01-016.md (Epic: E13, Feature: E13-F01)
    scanner_integration_test.go:38: Found task file: T-E13-F01-017.md (Epic: E13, Feature: E13-F01)
    scanner_integration_test.go:38: Found task file: T-E13-F01-018.md (Epic: E13, Feature: E13-F01)
    scanner_integration_test.go:38: Found task file: T-E13-F01-019.md (Epic: E13, Feature: E13-F01)
    scanner_integration_test.go:38: Found task file: T-E13-F01-020.md (Epic: E13, Feature: E13-F01)
    scanner_integration_test.go:38: Found task file: T-E13-F01-021.md (Epic: E13, Feature: E13-F01)
    scanner_integration_test.go:38: Found task file: T-E13-F01-022.md (Epic: E13, Feature: E13-F01)
    scanner_integration_test.go:38: Found task file: T-E13-F01-023.md (Epic: E13, Feature: E13-F01)
    scanner_integration_test.go:38: Found task file: T-E13-F01-024.md (Epic: E13, Feature: E13-F01)
    scanner_integration_test.go:38: Found task file: T-E13-F01-025.md (Epic: E13, Feature: E13-F01)
    scanner_integration_test.go:38: Found task file: T-E13-F02-001.md (Epic: E13, Feature: E13-F02)
    scanner_integration_test.go:38: Found task file: T-E13-F02-002.md (Epic: E13, Feature: E13-F02)
    scanner_integration_test.go:38: Found task file: T-E13-F02-003.md (Epic: E13, Feature: E13-F02)
    scanner_integration_test.go:38: Found task file: T-E13-F02-004.md (Epic: E13, Feature: E13-F02)
    scanner_integration_test.go:38: Found task file: T-E13-F02-005.md (Epic: E13, Feature: E13-F02)
    scanner_integration_test.go:38: Found task file: T-E13-F02-006.md (Epic: E13, Feature: E13-F02)
    scanner_integration_test.go:38: Found task file: T-E13-F02-007.md (Epic: E13, Feature: E13-F02)
    scanner_integration_test.go:38: Found task file: T-E13-F02-008.md (Epic: E13, Feature: E13-F02)
    scanner_integration_test.go:38: Found task file: T-E13-F02-009.md (Epic: E13, Feature: E13-F02)
    scanner_integration_test.go:38: Found task file: T-E13-F02-010.md (Epic: E13, Feature: E13-F02)
    scanner_integration_test.go:38: Found task file: T-E13-F02-011.md (Epic: E13, Feature: E13-F02)
    scanner_integration_test.go:38: Found task file: T-E13-F02-012.md (Epic: E13, Feature: E13-F02)
    scanner_integration_test.go:38: Found task file: T-E13-F02-013.md (Epic: E13, Feature: E13-F02)
    scanner_integration_test.go:38: Found task file: T-E13-F02-014.md (Epic: E13, Feature: E13-F02)
    scanner_integration_test.go:38: Found task file: T-E13-F02-015.md (Epic: E13, Feature: E13-F02)
    scanner_integration_test.go:38: Found task file: T-E13-F02-016.md (Epic: E13, Feature: E13-F02)
    scanner_integration_test.go:38: Found task file: T-E13-F02-017.md (Epic: E13, Feature: E13-F02)
    scanner_integration_test.go:38: Found task file: T-E13-F02-018.md (Epic: E13, Feature: E13-F02)
    scanner_integration_test.go:38: Found task file: T-E13-F02-019.md (Epic: E13, Feature: E13-F02)
    scanner_integration_test.go:38: Found task file: T-E13-F02-020.md (Epic: E13, Feature: E13-F02)
    scanner_integration_test.go:38: Found task file: T-E13-F02-021.md (Epic: E13, Feature: E13-F02)
    scanner_integration_test.go:38: Found task file: T-E13-F02-022.md (Epic: E13, Feature: E13-F02)
    scanner_integration_test.go:38: Found task file: T-E13-F02-023.md (Epic: E13, Feature: E13-F02)
    scanner_integration_test.go:38: Found task file: T-E13-F03-001.md (Epic: E13, Feature: E13-F03)
    scanner_integration_test.go:38: Found task file: T-E13-F03-002.md (Epic: E13, Feature: E13-F03)
    scanner_integration_test.go:38: Found task file: T-E13-F03-003.md (Epic: E13, Feature: E13-F03)
    scanner_integration_test.go:38: Found task file: T-E13-F03-004.md (Epic: E13, Feature: E13-F03)
    scanner_integration_test.go:38: Found task file: T-E13-F03-005.md (Epic: E13, Feature: E13-F03)
    scanner_integration_test.go:38: Found task file: T-E13-F03-006.md (Epic: E13, Feature: E13-F03)
    scanner_integration_test.go:38: Found task file: T-E13-F03-007.md (Epic: E13, Feature: E13-F03)
    scanner_integration_test.go:38: Found task file: T-E13-F03-008.md (Epic: E13, Feature: E13-F03)
    scanner_integration_test.go:38: Found task file: T-E13-F03-009.md (Epic: E13, Feature: E13-F03)
    scanner_integration_test.go:38: Found task file: T-E13-F03-010.md (Epic: E13, Feature: E13-F03)
    scanner_integration_test.go:38: Found task file: T-E13-F03-011.md (Epic: E13, Feature: E13-F03)
    scanner_integration_test.go:38: Found task file: T-E13-F03-012.md (Epic: E13, Feature: E13-F03)
    scanner_integration_test.go:38: Found task file: T-E13-F03-013.md (Epic: E13, Feature: E13-F03)
    scanner_integration_test.go:38: Found task file: T-E13-F03-014.md (Epic: E13, Feature: E13-F03)
    scanner_integration_test.go:38: Found task file: T-E13-F04-001.md (Epic: E13, Feature: E13-F04)
    scanner_integration_test.go:38: Found task file: T-E13-F04-002.md (Epic: E13, Feature: E13-F04)
    scanner_integration_test.go:38: Found task file: T-E13-F04-003.md (Epic: E13, Feature: E13-F04)
    scanner_integration_test.go:38: Found task file: T-E13-F04-004.md (Epic: E13, Feature: E13-F04)
    scanner_integration_test.go:38: Found task file: T-E13-F04-005.md (Epic: E13, Feature: E13-F04)
    scanner_integration_test.go:38: Found task file: T-E13-F04-006.md (Epic: E13, Feature: E13-F04)
    scanner_integration_test.go:38: Found task file: T-E13-F04-007.md (Epic: E13, Feature: E13-F04)
    scanner_integration_test.go:38: Found task file: T-E13-F04-008.md (Epic: E13, Feature: E13-F04)
    scanner_integration_test.go:38: Found task file: T-E13-F04-009.md (Epic: E13, Feature: E13-F04)
    scanner_integration_test.go:38: Found task file: T-E13-F04-010.md (Epic: E13, Feature: E13-F04)
    scanner_integration_test.go:38: Found task file: T-E13-F04-011.md (Epic: E13, Feature: E13-F04)
    scanner_integration_test.go:38: Found task file: T-E13-F04-012.md (Epic: E13, Feature: E13-F04)
    scanner_integration_test.go:38: Found task file: T-E13-F04-013.md (Epic: E13, Feature: E13-F04)
    scanner_integration_test.go:38: Found task file: T-E13-F04-014.md (Epic: E13, Feature: E13-F04)
    scanner_integration_test.go:38: Found task file: T-E13-F04-015.md (Epic: E13, Feature: E13-F04)
    scanner_integration_test.go:38: Found task file: T-E13-F04-016.md (Epic: E13, Feature: E13-F04)
    scanner_integration_test.go:38: Found task file: T-E13-F04-017.md (Epic: E13, Feature: E13-F04)
    scanner_integration_test.go:38: Found task file: T-E13-F04-018.md (Epic: E13, Feature: E13-F04)
    scanner_integration_test.go:38: Found task file: T-E13-F04-019.md (Epic: E13, Feature: E13-F04)
    scanner_integration_test.go:38: Found task file: T-E13-F04-020.md (Epic: E13, Feature: E13-F04)
    scanner_integration_test.go:38: Found task file: T-E13-F04-021.md (Epic: E13, Feature: E13-F04)
    scanner_integration_test.go:38: Found task file: T-E13-F04-022.md (Epic: E13, Feature: E13-F04)
    scanner_integration_test.go:38: Found task file: T-E13-F04-023.md (Epic: E13, Feature: E13-F04)
    scanner_integration_test.go:38: Found task file: T-E13-F04-024.md (Epic: E13, Feature: E13-F04)
    scanner_integration_test.go:38: Found task file: T-E13-F04-025.md (Epic: E13, Feature: E13-F04)
    scanner_integration_test.go:38: Found task file: T-E13-F04-026.md (Epic: E13, Feature: E13-F04)
    scanner_integration_test.go:38: Found task file: T-E13-F04-027.md (Epic: E13, Feature: E13-F04)
    scanner_integration_test.go:38: Found task file: T-E13-F04-028.md (Epic: E13, Feature: E13-F04)
    scanner_integration_test.go:38: Found task file: T-E13-F04-029.md (Epic: E13, Feature: E13-F04)
    scanner_integration_test.go:38: Found task file: T-E13-F05-001.md (Epic: E13, Feature: E13-F05)
    scanner_integration_test.go:38: Found task file: T-E13-F05-002.md (Epic: E13, Feature: E13-F05)
    scanner_integration_test.go:38: Found task file: T-E13-F05-003.md (Epic: E13, Feature: E13-F05)
    scanner_integration_test.go:38: Found task file: T-E13-F05-004.md (Epic: E13, Feature: E13-F05)
    scanner_integration_test.go:38: Found task file: T-E13-F05-005.md (Epic: E13, Feature: E13-F05)
    scanner_integration_test.go:38: Found task file: T-E13-F05-006.md (Epic: E13, Feature: E13-F05)
    scanner_integration_test.go:38: Found task file: T-E13-F05-007.md (Epic: E13, Feature: E13-F05)
    scanner_integration_test.go:38: Found task file: T-E13-F05-008.md (Epic: E13, Feature: E13-F05)
    scanner_integration_test.go:38: Found task file: T-E13-F05-009.md (Epic: E13, Feature: E13-F05)
    scanner_integration_test.go:38: Found task file: T-E13-F05-010.md (Epic: E13, Feature: E13-F05)
    scanner_integration_test.go:38: Found task file: T-E13-F05-011.md (Epic: E13, Feature: E13-F05)
    scanner_integration_test.go:38: Found task file: T-E13-F05-012.md (Epic: E13, Feature: E13-F05)
    scanner_integration_test.go:38: Found task file: T-E13-F05-013.md (Epic: E13, Feature: E13-F05)
    scanner_integration_test.go:38: Found task file: T-E13-F05-014.md (Epic: E13, Feature: E13-F05)
    scanner_integration_test.go:38: Found task file: T-E13-F05-015.md (Epic: E13, Feature: E13-F05)
    scanner_integration_test.go:38: Found task file: T-E13-F05-016.md (Epic: E13, Feature: E13-F05)
    scanner_integration_test.go:38: Found task file: T-E14-F01-001.md (Epic: E14, Feature: E14-F01)
    scanner_integration_test.go:38: Found task file: T-E14-F01-002.md (Epic: E14, Feature: E14-F01)
    scanner_integration_test.go:38: Found task file: T-E14-F01-003.md (Epic: E14, Feature: E14-F01)
    scanner_integration_test.go:38: Found task file: T-E14-F01-004.md (Epic: E14, Feature: E14-F01)
    scanner_integration_test.go:38: Found task file: T-E14-F01-005.md (Epic: E14, Feature: E14-F01)
    scanner_integration_test.go:38: Found task file: T-E14-F02-001.md (Epic: E14, Feature: E14-F02)
    scanner_integration_test.go:38: Found task file: T-E14-F02-002.md (Epic: E14, Feature: E14-F02)
    scanner_integration_test.go:38: Found task file: T-E14-F02-003.md (Epic: E14, Feature: E14-F02)
    scanner_integration_test.go:38: Found task file: T-E14-F02-004.md (Epic: E14, Feature: E14-F02)
    scanner_integration_test.go:38: Found task file: T-E14-F02-005.md (Epic: E14, Feature: E14-F02)
    scanner_integration_test.go:38: Found task file: T-E14-F03-001.md (Epic: E14, Feature: E14-F03)
    scanner_integration_test.go:38: Found task file: T-E14-F03-002.md (Epic: E14, Feature: E14-F03)
    scanner_integration_test.go:38: Found task file: T-E14-F03-003.md (Epic: E14, Feature: E14-F03)
    scanner_integration_test.go:38: Found task file: T-E14-F03-004.md (Epic: E14, Feature: E14-F03)
    scanner_integration_test.go:38: Found task file: T-E14-F03-005.md (Epic: E14, Feature: E14-F03)
    scanner_integration_test.go:38: Found task file: T-E14-F03-006.md (Epic: E14, Feature: E14-F03)
    scanner_integration_test.go:38: Found task file: T-E14-F04-001.md (Epic: E14, Feature: E14-F04)
    scanner_integration_test.go:38: Found task file: T-E14-F04-002.md (Epic: E14, Feature: E14-F04)
    scanner_integration_test.go:38: Found task file: T-E14-F04-003.md (Epic: E14, Feature: E14-F04)
    scanner_integration_test.go:38: Found task file: T-E14-F04-004.md (Epic: E14, Feature: E14-F04)
    scanner_integration_test.go:38: Found task file: T-E14-F04-005.md (Epic: E14, Feature: E14-F04)
    scanner_integration_test.go:38: Found task file: T-E14-F05-001.md (Epic: E14, Feature: E14-F05)
    scanner_integration_test.go:38: Found task file: T-E14-F05-002.md (Epic: E14, Feature: E14-F05)
    scanner_integration_test.go:38: Found task file: T-E14-F05-003.md (Epic: E14, Feature: E14-F05)
    scanner_integration_test.go:38: Found task file: T-E14-F05-004.md (Epic: E14, Feature: E14-F05)
    scanner_integration_test.go:38: Found task file: T-E14-F05-005.md (Epic: E14, Feature: E14-F05)
    scanner_integration_test.go:38: Found task file: T-E14-F05-006.md (Epic: E14, Feature: E14-F05)
--- PASS: TestScanRealProjectStructure (0.03s)
=== RUN   TestScanSpecificFeature
    scanner_integration_test.go:97: Scanning feature directory: /home/jwwelbor/projects/shark-task-manager/docs/plan/E01-regression-test-epic/E01-F01-regression-test-feature
--- PASS: TestScanSpecificFeature (0.00s)
=== RUN   TestScanPerformance
    scanner_integration_test.go:150: Scanned 412 files in 16.549818ms
    scanner_integration_test.go:156: Average time per file: 40.169µs
--- PASS: TestScanPerformance (0.02s)
=== RUN   TestScanWithTasksDirectory
    scanner_integration_test.go:192: Found 49 task files in legacy tasks directory
    scanner_integration_test.go:204: Legacy file: T-E06-F02-005.md -> Epic=E06, Feature=E06-F02
    scanner_integration_test.go:204: Legacy file: T-E07-F01-001.md -> Epic=E07, Feature=E07-F01
    scanner_integration_test.go:204: Legacy file: T-E07-F01-002.md -> Epic=E07, Feature=E07-F01
    scanner_integration_test.go:204: Legacy file: T-E07-F01-003.md -> Epic=E07, Feature=E07-F01
    scanner_integration_test.go:204: Legacy file: T-E07-F01-004.md -> Epic=E07, Feature=E07-F01
    scanner_integration_test.go:204: Legacy file: T-E07-F01-005.md -> Epic=E07, Feature=E07-F01
    scanner_integration_test.go:204: Legacy file: T-E07-F01-006.md -> Epic=E07, Feature=E07-F01
    scanner_integration_test.go:204: Legacy file: T-E07-F01-007.md -> Epic=E07, Feature=E07-F01
    scanner_integration_test.go:204: Legacy file: T-E07-F01-008.md -> Epic=E07, Feature=E07-F01
    scanner_integration_test.go:204: Legacy file: T-E07-F01-009.md -> Epic=E07, Feature=E07-F01
    scanner_integration_test.go:204: Legacy file: T-E07-F01-010.md -> Epic=E07, Feature=E07-F01
    scanner_integration_test.go:204: Legacy file: T-E07-F02-001.md -> Epic=E07, Feature=E07-F02
    scanner_integration_test.go:204: Legacy file: T-E07-F02-002.md -> Epic=E07, Feature=E07-F02
    scanner_integration_test.go:204: Legacy file: T-E07-F02-003.md -> Epic=E07, Feature=E07-F02
    scanner_integration_test.go:204: Legacy file: T-E07-F02-004.md -> Epic=E07, Feature=E07-F02
    scanner_integration_test.go:204: Legacy file: T-E07-F02-005.md -> Epic=E07, Feature=E07-F02
    scanner_integration_test.go:204: Legacy file: T-E07-F03-001.md -> Epic=E07, Feature=E07-F03
    scanner_integration_test.go:204: Legacy file: T-E07-F03-002.md -> Epic=E07, Feature=E07-F03
    scanner_integration_test.go:204: Legacy file: T-E07-F03-003.md -> Epic=E07, Feature=E07-F03
    scanner_integration_test.go:204: Legacy file: T-E07-F03-004.md -> Epic=E07, Feature=E07-F03
    scanner_integration_test.go:204: Legacy file: T-E07-F04-001.md -> Epic=E07, Feature=E07-F04
    scanner_integration_test.go:204: Legacy file: T-E07-F04-002.md -> Epic=E07, Feature=E07-F04
    scanner_integration_test.go:204: Legacy file: T-E07-F04-003.md -> Epic=E07, Feature=E07-F04
    scanner_integration_test.go:204: Legacy file: T-E07-F04-004.md -> Epic=E07, Feature=E07-F04
    scanner_integration_test.go:204: Legacy file: T-E07-F05-001.md -> Epic=E07, Feature=E07-F05
    scanner_integration_test.go:204: Legacy file: T-E07-F05-002.md -> Epic=E07, Feature=E07-F05
    scanner_integration_test.go:204: Legacy file: T-E07-F05-003.md -> Epic=E07, Feature=E07-F05
    scanner_integration_test.go:204: Legacy file: T-E07-F05-004.md -> Epic=E07, Feature=E07-F05
    scanner_integration_test.go:204: Legacy file: T-E07-F05-005.md -> Epic=E07, Feature=E07-F05
    scanner_integration_test.go:204: Legacy file: T-E07-F06-001.md -> Epic=E07, Feature=E07-F06
    scanner_integration_test.go:204: Legacy file: T-E07-F06-002.md -> Epic=E07, Feature=E07-F06
    scanner_integration_test.go:204: Legacy file: T-E07-F06-003.md -> Epic=E07, Feature=E07-F06
    scanner_integration_test.go:204: Legacy file: T-E07-F06-004.md -> Epic=E07, Feature=E07-F06
    scanner_integration_test.go:204: Legacy file: T-E07-F06-005.md -> Epic=E07, Feature=E07-F06
    scanner_integration_test.go:204: Legacy file: T-E07-F07-001.md -> Epic=E07, Feature=E07-F07
    scanner_integration_test.go:204: Legacy file: T-E07-F07-002.md -> Epic=E07, Feature=E07-F07
    scanner_integration_test.go:204: Legacy file: T-E07-F07-003.md -> Epic=E07, Feature=E07-F07
    scanner_integration_test.go:204: Legacy file: T-E07-F07-004.md -> Epic=E07, Feature=E07-F07
    scanner_integration_test.go:204: Legacy file: T-E07-F07-005.md -> Epic=E07, Feature=E07-F07
    scanner_integration_test.go:204: Legacy file: T-E08-F01-001.md -> Epic=E08, Feature=E08-F01
    scanner_integration_test.go:204: Legacy file: T-E04-F05-005.md -> Epic=E04, Feature=E04-F05
    scanner_integration_test.go:204: Legacy file: T-E04-F05-006.md -> Epic=E04, Feature=E04-F05
    scanner_integration_test.go:204: Legacy file: T-E04-F07-001.md -> Epic=E04, Feature=E04-F07
    scanner_integration_test.go:204: Legacy file: T-E04-F07-002.md -> Epic=E04, Feature=E04-F07
    scanner_integration_test.go:204: Legacy file: T-E04-F07-003.md -> Epic=E04, Feature=E04-F07
    scanner_integration_test.go:204: Legacy file: T-E04-F07-004.md -> Epic=E04, Feature=E04-F07
    scanner_integration_test.go:204: Legacy file: T-E04-F07-005.md -> Epic=E04, Feature=E04-F07
    scanner_integration_test.go:204: Legacy file: T-E04-F07-006.md -> Epic=E04, Feature=E04-F07
    scanner_integration_test.go:204: Legacy file: T-E04-F07-007.md -> Epic=E04, Feature=E04-F07
--- PASS: TestScanWithTasksDirectory (0.00s)
=== RUN   TestScanHandlesPermissionErrors
--- PASS: TestScanHandlesPermissionErrors (0.00s)
=== RUN   TestScanWithNestedSubdirectories
--- PASS: TestScanWithNestedSubdirectories (0.01s)
=== RUN   TestIsTaskFile
=== RUN   TestIsTaskFile/valid_task_file_with_all_digits
=== RUN   TestIsTaskFile/valid_task_file_with_different_numbers
=== RUN   TestIsTaskFile/valid_task_file_with_high_numbers
=== RUN   TestIsTaskFile/missing_T_prefix
=== RUN   TestIsTaskFile/wrong_extension
=== RUN   TestIsTaskFile/single_digit_epic
=== RUN   TestIsTaskFile/single_digit_feature
=== RUN   TestIsTaskFile/single_digit_task_number
=== RUN   TestIsTaskFile/two_digit_task_number
=== RUN   TestIsTaskFile/lowercase_letters
=== RUN   TestIsTaskFile/no_extension
=== RUN   TestIsTaskFile/extra_characters_before
=== RUN   TestIsTaskFile/extra_characters_after
=== RUN   TestIsTaskFile/random_markdown_file
--- PASS: TestIsTaskFile (0.00s)
    --- PASS: TestIsTaskFile/valid_task_file_with_all_digits (0.00s)
    --- PASS: TestIsTaskFile/valid_task_file_with_different_numbers (0.00s)
    --- PASS: TestIsTaskFile/valid_task_file_with_high_numbers (0.00s)
    --- PASS: TestIsTaskFile/missing_T_prefix (0.00s)
    --- PASS: TestIsTaskFile/wrong_extension (0.00s)
    --- PASS: TestIsTaskFile/single_digit_epic (0.00s)
    --- PASS: TestIsTaskFile/single_digit_feature (0.00s)
    --- PASS: TestIsTaskFile/single_digit_task_number (0.00s)
    --- PASS: TestIsTaskFile/two_digit_task_number (0.00s)
    --- PASS: TestIsTaskFile/lowercase_letters (0.00s)
    --- PASS: TestIsTaskFile/no_extension (0.00s)
    --- PASS: TestIsTaskFile/extra_characters_before (0.00s)
    --- PASS: TestIsTaskFile/extra_characters_after (0.00s)
    --- PASS: TestIsTaskFile/random_markdown_file (0.00s)
=== RUN   TestInferEpicFeature
=== RUN   TestInferEpicFeature/standard_structure_with_epic_and_feature_folders
=== RUN   TestInferEpicFeature/different_epic_and_feature
=== RUN   TestInferEpicFeature/nested_in_subfolder
=== RUN   TestInferEpicFeature/legacy_todo_folder_-_extract_from_filename
=== RUN   TestInferEpicFeature/legacy_active_folder_-_extract_from_filename
=== RUN   TestInferEpicFeature/legacy_completed_folder_-_extract_from_filename
=== RUN   TestInferEpicFeature/root_directory_-_extract_from_filename
=== RUN   TestInferEpicFeature/relative_path_-_extract_from_filename
--- PASS: TestInferEpicFeature (0.00s)
    --- PASS: TestInferEpicFeature/standard_structure_with_epic_and_feature_folders (0.00s)
    --- PASS: TestInferEpicFeature/different_epic_and_feature (0.00s)
    --- PASS: TestInferEpicFeature/nested_in_subfolder (0.00s)
    --- PASS: TestInferEpicFeature/legacy_todo_folder_-_extract_from_filename (0.00s)
    --- PASS: TestInferEpicFeature/legacy_active_folder_-_extract_from_filename (0.00s)
    --- PASS: TestInferEpicFeature/legacy_completed_folder_-_extract_from_filename (0.00s)
    --- PASS: TestInferEpicFeature/root_directory_-_extract_from_filename (0.00s)
    --- PASS: TestInferEpicFeature/relative_path_-_extract_from_filename (0.00s)
=== RUN   TestValidateFilePath
=== RUN   TestValidateFilePath/file_in_docs/plan_is_allowed
=== RUN   TestValidateFilePath/file_in_docs/tasks_is_allowed
=== RUN   TestValidateFilePath/file_in_shark-templates_is_allowed
=== RUN   TestValidateFilePath/file_outside_allowed_directories_is_rejected
=== RUN   TestValidateFilePath/path_traversal_attempt_is_rejected
=== RUN   TestValidateFilePath/absolute_path_to_system_file_is_rejected
--- PASS: TestValidateFilePath (0.01s)
    --- PASS: TestValidateFilePath/file_in_docs/plan_is_allowed (0.00s)
    --- PASS: TestValidateFilePath/file_in_docs/tasks_is_allowed (0.00s)
    --- PASS: TestValidateFilePath/file_in_shark-templates_is_allowed (0.00s)
    --- PASS: TestValidateFilePath/file_outside_allowed_directories_is_rejected (0.00s)
    --- PASS: TestValidateFilePath/path_traversal_attempt_is_rejected (0.00s)
    --- PASS: TestValidateFilePath/absolute_path_to_system_file_is_rejected (0.00s)
=== RUN   TestValidateFileSize
=== RUN   TestValidateFileSize/small_file_is_accepted
=== RUN   TestValidateFileSize/large_file_is_rejected
=== RUN   TestValidateFileSize/non-existent_file_returns_error
--- PASS: TestValidateFileSize (0.01s)
    --- PASS: TestValidateFileSize/small_file_is_accepted (0.00s)
    --- PASS: TestValidateFileSize/large_file_is_rejected (0.00s)
    --- PASS: TestValidateFileSize/non-existent_file_returns_error (0.00s)
=== RUN   TestValidateFileIsRegular
=== RUN   TestValidateFileIsRegular/regular_file_is_accepted
=== RUN   TestValidateFileIsRegular/directory_is_rejected
=== RUN   TestValidateFileIsRegular/symlink_is_rejected
=== RUN   TestValidateFileIsRegular/non-existent_file_returns_error
--- PASS: TestValidateFileIsRegular (0.00s)
    --- PASS: TestValidateFileIsRegular/regular_file_is_accepted (0.00s)
    --- PASS: TestValidateFileIsRegular/directory_is_rejected (0.00s)
    --- PASS: TestValidateFileIsRegular/symlink_is_rejected (0.00s)
    --- PASS: TestValidateFileIsRegular/non-existent_file_returns_error (0.00s)
=== RUN   TestExtractKeyFromFilename
=== RUN   TestExtractKeyFromFilename/standard_task_filename
=== RUN   TestExtractKeyFromFilename/different_numbers
=== RUN   TestExtractKeyFromFilename/high_numbers
--- PASS: TestExtractKeyFromFilename (0.00s)
    --- PASS: TestExtractKeyFromFilename/standard_task_filename (0.00s)
    --- PASS: TestExtractKeyFromFilename/different_numbers (0.00s)
    --- PASS: TestExtractKeyFromFilename/high_numbers (0.00s)
=== RUN   TestScan_EmptyDirectory
--- PASS: TestScan_EmptyDirectory (0.00s)
=== RUN   TestScan_NonexistentDirectory
--- PASS: TestScan_NonexistentDirectory (0.00s)
=== RUN   TestScan_SingleFile
--- PASS: TestScan_SingleFile (0.00s)
=== RUN   TestScan_IgnoresNonTaskFiles
--- PASS: TestScan_IgnoresNonTaskFiles (0.00s)
=== RUN   TestScan_RecursiveTraversal
--- PASS: TestScan_RecursiveTraversal (0.01s)
=== RUN   TestScan_RejectsOversizedFiles
--- PASS: TestScan_RejectsOversizedFiles (0.01s)
PASS
ok  	github.com/jwwelbor/shark-task-manager/internal/sync	(cached)
=== RUN   TestValidateCustomFilename_ValidPaths
=== RUN   TestValidateCustomFilename_ValidPaths/simple_markdown_file
=== RUN   TestValidateCustomFilename_ValidPaths/markdown_in_subdirectory
=== RUN   TestValidateCustomFilename_ValidPaths/relative_path_with_dot
=== RUN   TestValidateCustomFilename_ValidPaths/nested_directories
--- PASS: TestValidateCustomFilename_ValidPaths (0.00s)
    --- PASS: TestValidateCustomFilename_ValidPaths/simple_markdown_file (0.00s)
    --- PASS: TestValidateCustomFilename_ValidPaths/markdown_in_subdirectory (0.00s)
    --- PASS: TestValidateCustomFilename_ValidPaths/relative_path_with_dot (0.00s)
    --- PASS: TestValidateCustomFilename_ValidPaths/nested_directories (0.00s)
=== RUN   TestValidateCustomFilename_InvalidPaths
=== RUN   TestValidateCustomFilename_InvalidPaths/absolute_path_rejected
=== RUN   TestValidateCustomFilename_InvalidPaths/path_traversal_double_dot
=== RUN   TestValidateCustomFilename_InvalidPaths/path_traversal_in_middle
=== RUN   TestValidateCustomFilename_InvalidPaths/wrong_extension_txt
=== RUN   TestValidateCustomFilename_InvalidPaths/wrong_extension_none
=== RUN   TestValidateCustomFilename_InvalidPaths/empty_filename
=== RUN   TestValidateCustomFilename_InvalidPaths/dot_only
=== RUN   TestValidateCustomFilename_InvalidPaths/double_dot_only
--- PASS: TestValidateCustomFilename_InvalidPaths (0.00s)
    --- PASS: TestValidateCustomFilename_InvalidPaths/absolute_path_rejected (0.00s)
    --- PASS: TestValidateCustomFilename_InvalidPaths/path_traversal_double_dot (0.00s)
    --- PASS: TestValidateCustomFilename_InvalidPaths/path_traversal_in_middle (0.00s)
    --- PASS: TestValidateCustomFilename_InvalidPaths/wrong_extension_txt (0.00s)
    --- PASS: TestValidateCustomFilename_InvalidPaths/wrong_extension_none (0.00s)
    --- PASS: TestValidateCustomFilename_InvalidPaths/empty_filename (0.00s)
    --- PASS: TestValidateCustomFilename_InvalidPaths/dot_only (0.00s)
    --- PASS: TestValidateCustomFilename_InvalidPaths/double_dot_only (0.00s)
=== RUN   TestValidateCustomFilename_PathNormalization
=== RUN   TestValidateCustomFilename_PathNormalization/forward_slashes_normalized
=== RUN   TestValidateCustomFilename_PathNormalization/mixed_slashes_normalized
=== RUN   TestValidateCustomFilename_PathNormalization/leading_dot_slash_removed
--- PASS: TestValidateCustomFilename_PathNormalization (0.00s)
    --- PASS: TestValidateCustomFilename_PathNormalization/forward_slashes_normalized (0.00s)
    --- PASS: TestValidateCustomFilename_PathNormalization/mixed_slashes_normalized (0.00s)
    --- PASS: TestValidateCustomFilename_PathNormalization/leading_dot_slash_removed (0.00s)
=== RUN   TestValidateCustomFilename_CasePreservation
--- PASS: TestValidateCustomFilename_CasePreservation (0.00s)
=== RUN   TestValidateCustomFilename_SpecialCharacters
=== RUN   TestValidateCustomFilename_SpecialCharacters/hyphenated_filename
=== RUN   TestValidateCustomFilename_SpecialCharacters/underscored_filename
=== RUN   TestValidateCustomFilename_SpecialCharacters/numbered_filename
=== RUN   TestValidateCustomFilename_SpecialCharacters/numbers_in_path
--- PASS: TestValidateCustomFilename_SpecialCharacters (0.00s)
    --- PASS: TestValidateCustomFilename_SpecialCharacters/hyphenated_filename (0.00s)
    --- PASS: TestValidateCustomFilename_SpecialCharacters/underscored_filename (0.00s)
    --- PASS: TestValidateCustomFilename_SpecialCharacters/numbered_filename (0.00s)
    --- PASS: TestValidateCustomFilename_SpecialCharacters/numbers_in_path (0.00s)
=== RUN   TestValidateCustomFilename_DeepNesting
--- PASS: TestValidateCustomFilename_DeepNesting (0.00s)
=== RUN   TestValidateCustomFilename_AbsPathResolution
--- PASS: TestValidateCustomFilename_AbsPathResolution (0.00s)
=== RUN   TestValidateCustomFilename_ConsistentResults
--- PASS: TestValidateCustomFilename_ConsistentResults (0.00s)
=== RUN   TestCreator_FileExistsAssignsFile
--- PASS: TestCreator_FileExistsAssignsFile (0.02s)
=== RUN   TestCreator_FileDoesNotExistWithCreateFlagCreatesFile
--- PASS: TestCreator_FileDoesNotExistWithCreateFlagCreatesFile (0.02s)
=== RUN   TestCreator_FileDoesNotExistWithoutCreateFlagFails
--- PASS: TestCreator_FileDoesNotExistWithoutCreateFlagFails (0.00s)
=== RUN   TestCreator_UsesWorkflowConfigEntryStatus
--- PASS: TestCreator_UsesWorkflowConfigEntryStatus (0.01s)
=== RUN   TestCreator_StandaloneFeatureFileCreatesTaskInProperFolder
--- PASS: TestCreator_StandaloneFeatureFileCreatesTaskInProperFolder (0.01s)
=== RUN   TestKeyGenerator_GenerateTaskKey_FirstTask
--- PASS: TestKeyGenerator_GenerateTaskKey_FirstTask (0.04s)
=== RUN   TestKeyGenerator_GenerateTaskKey_SecondTask
--- PASS: TestKeyGenerator_GenerateTaskKey_SecondTask (0.04s)
=== RUN   TestKeyGenerator_GenerateTaskKey_MultipleTasksWithGaps
--- PASS: TestKeyGenerator_GenerateTaskKey_MultipleTasksWithGaps (0.05s)
=== RUN   TestKeyGenerator_GenerateTaskKey_NormalizeFeatureKey
--- PASS: TestKeyGenerator_GenerateTaskKey_NormalizeFeatureKey (0.04s)
=== RUN   TestKeyGenerator_GenerateTaskKey_FullFeatureKey
--- PASS: TestKeyGenerator_GenerateTaskKey_FullFeatureKey (0.05s)
=== RUN   TestKeyGenerator_GenerateTaskKey_NonExistentFeature
--- PASS: TestKeyGenerator_GenerateTaskKey_NonExistentFeature (0.05s)
=== RUN   TestKeyGenerator_GenerateTaskKey_MaxTaskCount
--- PASS: TestKeyGenerator_GenerateTaskKey_MaxTaskCount (0.04s)
=== RUN   TestKeyGenerator_GenerateTaskKey_ThreeDigitNumbers
--- PASS: TestKeyGenerator_GenerateTaskKey_ThreeDigitNumbers (0.03s)
=== RUN   TestExtractNumberFromKey
=== RUN   TestExtractNumberFromKey/Single_digit
=== RUN   TestExtractNumberFromKey/Two_digits
=== RUN   TestExtractNumberFromKey/Three_digits
=== RUN   TestExtractNumberFromKey/Invalid_format
=== RUN   TestExtractNumberFromKey/Missing_task_prefix
--- PASS: TestExtractNumberFromKey (0.00s)
    --- PASS: TestExtractNumberFromKey/Single_digit (0.00s)
    --- PASS: TestExtractNumberFromKey/Two_digits (0.00s)
    --- PASS: TestExtractNumberFromKey/Three_digits (0.00s)
    --- PASS: TestExtractNumberFromKey/Invalid_format (0.00s)
    --- PASS: TestExtractNumberFromKey/Missing_task_prefix (0.00s)
=== RUN   TestNormalizeFeatureKey
=== RUN   TestNormalizeFeatureKey/Short_form
=== RUN   TestNormalizeFeatureKey/Full_form
=== RUN   TestNormalizeFeatureKey/Different_epic_in_full_form
=== RUN   TestNormalizeFeatureKey/Invalid_format
--- PASS: TestNormalizeFeatureKey (0.00s)
    --- PASS: TestNormalizeFeatureKey/Short_form (0.00s)
    --- PASS: TestNormalizeFeatureKey/Full_form (0.00s)
    --- PASS: TestNormalizeFeatureKey/Different_epic_in_full_form (0.00s)
    --- PASS: TestNormalizeFeatureKey/Invalid_format (0.00s)
=== RUN   TestExtractFeaturePart
=== RUN   TestExtractFeaturePart/Standard_format
=== RUN   TestExtractFeaturePart/Different_epic
=== RUN   TestExtractFeaturePart/Short_form
--- PASS: TestExtractFeaturePart (0.00s)
    --- PASS: TestExtractFeaturePart/Standard_format (0.00s)
    --- PASS: TestExtractFeaturePart/Different_epic (0.00s)
    --- PASS: TestExtractFeaturePart/Short_form (0.00s)
=== RUN   TestValidator_ValidateTaskInput_Success
--- PASS: TestValidator_ValidateTaskInput_Success (0.05s)
=== RUN   TestValidator_ValidateTaskInput_InvalidEpic
--- PASS: TestValidator_ValidateTaskInput_InvalidEpic (0.04s)
=== RUN   TestValidator_ValidateTaskInput_InvalidFeature
--- PASS: TestValidator_ValidateTaskInput_InvalidFeature (0.07s)
=== RUN   TestValidator_ValidateTaskInput_FeatureWrongEpic
--- PASS: TestValidator_ValidateTaskInput_FeatureWrongEpic (0.04s)
=== RUN   TestValidator_ValidateTaskInput_InvalidAgentType
--- PASS: TestValidator_ValidateTaskInput_InvalidAgentType (0.04s)
=== RUN   TestValidator_ValidateTaskInput_AllAgentTypes
=== RUN   TestValidator_ValidateTaskInput_AllAgentTypes/frontend
=== RUN   TestValidator_ValidateTaskInput_AllAgentTypes/backend
=== RUN   TestValidator_ValidateTaskInput_AllAgentTypes/api
=== RUN   TestValidator_ValidateTaskInput_AllAgentTypes/testing
=== RUN   TestValidator_ValidateTaskInput_AllAgentTypes/devops
=== RUN   TestValidator_ValidateTaskInput_AllAgentTypes/general
--- PASS: TestValidator_ValidateTaskInput_AllAgentTypes (0.04s)
    --- PASS: TestValidator_ValidateTaskInput_AllAgentTypes/frontend (0.00s)
    --- PASS: TestValidator_ValidateTaskInput_AllAgentTypes/backend (0.00s)
    --- PASS: TestValidator_ValidateTaskInput_AllAgentTypes/api (0.00s)
    --- PASS: TestValidator_ValidateTaskInput_AllAgentTypes/testing (0.00s)
    --- PASS: TestValidator_ValidateTaskInput_AllAgentTypes/devops (0.00s)
    --- PASS: TestValidator_ValidateTaskInput_AllAgentTypes/general (0.00s)
=== RUN   TestValidator_ValidateTaskInput_InvalidPriority
=== RUN   TestValidator_ValidateTaskInput_InvalidPriority/Priority_0
=== RUN   TestValidator_ValidateTaskInput_InvalidPriority/Priority_1
=== RUN   TestValidator_ValidateTaskInput_InvalidPriority/Priority_5
=== RUN   TestValidator_ValidateTaskInput_InvalidPriority/Priority_10
=== RUN   TestValidator_ValidateTaskInput_InvalidPriority/Priority_11
=== RUN   TestValidator_ValidateTaskInput_InvalidPriority/Priority_-1
--- PASS: TestValidator_ValidateTaskInput_InvalidPriority (0.05s)
    --- PASS: TestValidator_ValidateTaskInput_InvalidPriority/Priority_0 (0.00s)
    --- PASS: TestValidator_ValidateTaskInput_InvalidPriority/Priority_1 (0.00s)
    --- PASS: TestValidator_ValidateTaskInput_InvalidPriority/Priority_5 (0.00s)
    --- PASS: TestValidator_ValidateTaskInput_InvalidPriority/Priority_10 (0.00s)
    --- PASS: TestValidator_ValidateTaskInput_InvalidPriority/Priority_11 (0.00s)
    --- PASS: TestValidator_ValidateTaskInput_InvalidPriority/Priority_-1 (0.00s)
=== RUN   TestValidator_ValidateTaskInput_EmptyTitle
--- PASS: TestValidator_ValidateTaskInput_EmptyTitle (0.04s)
=== RUN   TestValidator_ValidateDependencies_SingleDependency
--- PASS: TestValidator_ValidateDependencies_SingleDependency (0.04s)
=== RUN   TestValidator_ValidateDependencies_MultipleDependencies
--- PASS: TestValidator_ValidateDependencies_MultipleDependencies (0.04s)
=== RUN   TestValidator_ValidateDependencies_EmptyDependsOn
--- PASS: TestValidator_ValidateDependencies_EmptyDependsOn (0.04s)
=== RUN   TestValidator_ValidateDependencies_NonExistentDependency
--- PASS: TestValidator_ValidateDependencies_NonExistentDependency (0.04s)
=== RUN   TestValidator_ValidateDependencies_InvalidKeyFormat
--- PASS: TestValidator_ValidateDependencies_InvalidKeyFormat (0.06s)
=== RUN   TestValidator_ValidateDependencies_WithWhitespace
--- PASS: TestValidator_ValidateDependencies_WithWhitespace (0.05s)
=== RUN   TestValidateAgentType
=== RUN   TestValidateAgentType/Frontend
=== RUN   TestValidateAgentType/Backend
=== RUN   TestValidateAgentType/API
=== RUN   TestValidateAgentType/Testing
=== RUN   TestValidateAgentType/DevOps
=== RUN   TestValidateAgentType/General
=== RUN   TestValidateAgentType/Invalid
=== RUN   TestValidateAgentType/Empty
=== RUN   TestValidateAgentType/Uppercase
--- PASS: TestValidateAgentType (0.00s)
    --- PASS: TestValidateAgentType/Frontend (0.00s)
    --- PASS: TestValidateAgentType/Backend (0.00s)
    --- PASS: TestValidateAgentType/API (0.00s)
    --- PASS: TestValidateAgentType/Testing (0.00s)
    --- PASS: TestValidateAgentType/DevOps (0.00s)
    --- PASS: TestValidateAgentType/General (0.00s)
    --- PASS: TestValidateAgentType/Invalid (0.00s)
    --- PASS: TestValidateAgentType/Empty (0.00s)
    --- PASS: TestValidateAgentType/Uppercase (0.00s)
=== RUN   TestValidatePriority
=== RUN   TestValidatePriority/Minimum_valid
=== RUN   TestValidatePriority/Middle_valid
=== RUN   TestValidatePriority/Maximum_valid
=== RUN   TestValidatePriority/Below_minimum
=== RUN   TestValidatePriority/Above_maximum
=== RUN   TestValidatePriority/Negative
--- PASS: TestValidatePriority (0.00s)
    --- PASS: TestValidatePriority/Minimum_valid (0.00s)
    --- PASS: TestValidatePriority/Middle_valid (0.00s)
    --- PASS: TestValidatePriority/Maximum_valid (0.00s)
    --- PASS: TestValidatePriority/Below_minimum (0.00s)
    --- PASS: TestValidatePriority/Above_maximum (0.00s)
    --- PASS: TestValidatePriority/Negative (0.00s)
PASS
ok  	github.com/jwwelbor/shark-task-manager/internal/taskcreation	1.054s
=== RUN   TestParseCriteria
=== RUN   TestParseCriteria/empty_content
=== RUN   TestParseCriteria/no_criteria
=== RUN   TestParseCriteria/single_pending_criterion
=== RUN   TestParseCriteria/single_complete_criterion
=== RUN   TestParseCriteria/uppercase_X_for_complete
=== RUN   TestParseCriteria/mixed_pending_and_complete
=== RUN   TestParseCriteria/criteria_with_extra_whitespace
=== RUN   TestParseCriteria/ignore_empty_checkboxes
=== RUN   TestParseCriteria/criteria_in_different_sections
=== RUN   TestParseCriteria/ignore_non-checkbox_list_items
--- PASS: TestParseCriteria (0.00s)
    --- PASS: TestParseCriteria/empty_content (0.00s)
    --- PASS: TestParseCriteria/no_criteria (0.00s)
    --- PASS: TestParseCriteria/single_pending_criterion (0.00s)
    --- PASS: TestParseCriteria/single_complete_criterion (0.00s)
    --- PASS: TestParseCriteria/uppercase_X_for_complete (0.00s)
    --- PASS: TestParseCriteria/mixed_pending_and_complete (0.00s)
    --- PASS: TestParseCriteria/criteria_with_extra_whitespace (0.00s)
    --- PASS: TestParseCriteria/ignore_empty_checkboxes (0.00s)
    --- PASS: TestParseCriteria/criteria_in_different_sections (0.00s)
    --- PASS: TestParseCriteria/ignore_non-checkbox_list_items (0.00s)
=== RUN   TestParseTaskFileContent
=== RUN   TestParseTaskFileContent/valid_task_file
=== RUN   TestParseTaskFileContent/minimal_valid_task
=== RUN   TestParseTaskFileContent/task_with_dependencies
=== RUN   TestParseTaskFileContent/missing_frontmatter
=== RUN   TestParseTaskFileContent/missing_closing_delimiter
=== RUN   TestParseTaskFileContent/empty_content
--- PASS: TestParseTaskFileContent (0.00s)
    --- PASS: TestParseTaskFileContent/valid_task_file (0.00s)
    --- PASS: TestParseTaskFileContent/minimal_valid_task (0.00s)
    --- PASS: TestParseTaskFileContent/task_with_dependencies (0.00s)
    --- PASS: TestParseTaskFileContent/missing_frontmatter (0.00s)
    --- PASS: TestParseTaskFileContent/missing_closing_delimiter (0.00s)
    --- PASS: TestParseTaskFileContent/empty_content (0.00s)
=== RUN   TestParseTaskFile
--- PASS: TestParseTaskFile (0.00s)
=== RUN   TestParseTaskFile_NonExistent
--- PASS: TestParseTaskFile_NonExistent (0.00s)
=== RUN   TestParseTaskFile_InvalidFormat
--- PASS: TestParseTaskFile_InvalidFormat (0.00s)
=== RUN   TestTaskMetadata_Validate
=== RUN   TestTaskMetadata_Validate/valid_metadata
=== RUN   TestTaskMetadata_Validate/missing_task_key
=== RUN   TestTaskMetadata_Validate/missing_status
=== RUN   TestTaskMetadata_Validate/missing_title
=== RUN   TestTaskMetadata_Validate/invalid_status
=== RUN   TestTaskMetadata_Validate/all_valid_statuses
--- PASS: TestTaskMetadata_Validate (0.00s)
    --- PASS: TestTaskMetadata_Validate/valid_metadata (0.00s)
    --- PASS: TestTaskMetadata_Validate/missing_task_key (0.00s)
    --- PASS: TestTaskMetadata_Validate/missing_status (0.00s)
    --- PASS: TestTaskMetadata_Validate/missing_title (0.00s)
    --- PASS: TestTaskMetadata_Validate/invalid_status (0.00s)
    --- PASS: TestTaskMetadata_Validate/all_valid_statuses (0.00s)
=== RUN   TestParseTaskFileContent_Dependencies
--- PASS: TestParseTaskFileContent_Dependencies (0.00s)
=== RUN   TestWriteTaskFile_ExistingFile_ShouldNotOverwrite
    writer_file_existence_test.go:57: PASS: File was not overwritten (correct behavior)
--- PASS: TestWriteTaskFile_ExistingFile_ShouldNotOverwrite (0.00s)
=== RUN   TestWriteTaskFile_NonExistingFile_ShouldCreate
--- PASS: TestWriteTaskFile_NonExistingFile_ShouldCreate (0.00s)
=== RUN   TestFormatTaskFile
=== RUN   TestFormatTaskFile/minimal_task
=== RUN   TestFormatTaskFile/task_with_dependencies
=== RUN   TestFormatTaskFile/task_with_all_fields
--- PASS: TestFormatTaskFile (0.00s)
    --- PASS: TestFormatTaskFile/minimal_task (0.00s)
    --- PASS: TestFormatTaskFile/task_with_dependencies (0.00s)
    --- PASS: TestFormatTaskFile/task_with_all_fields (0.00s)
=== RUN   TestWriteTaskFile
--- PASS: TestWriteTaskFile (0.00s)
=== RUN   TestWriteTaskFile_InvalidMetadata
--- PASS: TestWriteTaskFile_InvalidMetadata (0.00s)
=== RUN   TestWriteTaskFile_Atomic
--- PASS: TestWriteTaskFile_Atomic (0.00s)
=== RUN   TestUpdateTaskMetadata
--- PASS: TestUpdateTaskMetadata (0.00s)
=== RUN   TestUpdateTaskMetadata_ValidationError
--- PASS: TestUpdateTaskMetadata_ValidationError (0.00s)
=== RUN   TestCreateTaskFile
--- PASS: TestCreateTaskFile (0.00s)
=== RUN   TestRoundTrip
--- PASS: TestRoundTrip (0.00s)
PASS
ok  	github.com/jwwelbor/shark-task-manager/internal/taskfile	(cached)
=== RUN   TestRenderer_BasicSubstitution
=== RUN   TestRenderer_BasicSubstitution/single_task_id_substitution
=== RUN   TestRenderer_BasicSubstitution/multiple_task_id_occurrences
=== RUN   TestRenderer_BasicSubstitution/unknown_variable_left_unchanged
=== RUN   TestRenderer_BasicSubstitution/no_variables
--- PASS: TestRenderer_BasicSubstitution (0.00s)
    --- PASS: TestRenderer_BasicSubstitution/single_task_id_substitution (0.00s)
    --- PASS: TestRenderer_BasicSubstitution/multiple_task_id_occurrences (0.00s)
    --- PASS: TestRenderer_BasicSubstitution/unknown_variable_left_unchanged (0.00s)
    --- PASS: TestRenderer_BasicSubstitution/no_variables (0.00s)
=== RUN   TestRenderer_EdgeCases
=== RUN   TestRenderer_EdgeCases/empty_template
=== RUN   TestRenderer_EdgeCases/nil_context
=== RUN   TestRenderer_EdgeCases/empty_context
=== RUN   TestRenderer_EdgeCases/variable_not_in_context
=== RUN   TestRenderer_EdgeCases/malformed_variable_-_missing_closing_brace
=== RUN   TestRenderer_EdgeCases/malformed_variable_-_missing_opening_brace
=== RUN   TestRenderer_EdgeCases/case_sensitive
=== RUN   TestRenderer_EdgeCases/empty_braces
--- PASS: TestRenderer_EdgeCases (0.00s)
    --- PASS: TestRenderer_EdgeCases/empty_template (0.00s)
    --- PASS: TestRenderer_EdgeCases/nil_context (0.00s)
    --- PASS: TestRenderer_EdgeCases/empty_context (0.00s)
    --- PASS: TestRenderer_EdgeCases/variable_not_in_context (0.00s)
    --- PASS: TestRenderer_EdgeCases/malformed_variable_-_missing_closing_brace (0.00s)
    --- PASS: TestRenderer_EdgeCases/malformed_variable_-_missing_opening_brace (0.00s)
    --- PASS: TestRenderer_EdgeCases/case_sensitive (0.00s)
    --- PASS: TestRenderer_EdgeCases/empty_braces (0.00s)
=== RUN   TestRenderer_ContextVariations
=== RUN   TestRenderer_ContextVariations/single_variable_in_context
=== RUN   TestRenderer_ContextVariations/multiple_variables_in_context,_only_task_id_used
=== RUN   TestRenderer_ContextVariations/complex_template_with_instruction
--- PASS: TestRenderer_ContextVariations (0.00s)
    --- PASS: TestRenderer_ContextVariations/single_variable_in_context (0.00s)
    --- PASS: TestRenderer_ContextVariations/multiple_variables_in_context,_only_task_id_used (0.00s)
    --- PASS: TestRenderer_ContextVariations/complex_template_with_instruction (0.00s)
PASS
ok  	github.com/jwwelbor/shark-task-manager/internal/template	(cached)
=== RUN   TestRenderer_Render_Frontend
--- PASS: TestRenderer_Render_Frontend (0.00s)
=== RUN   TestRenderer_Render_Backend
--- PASS: TestRenderer_Render_Backend (0.00s)
=== RUN   TestRenderer_Render_API
--- PASS: TestRenderer_Render_API (0.00s)
=== RUN   TestRenderer_Render_Testing
--- PASS: TestRenderer_Render_Testing (0.00s)
=== RUN   TestRenderer_Render_DevOps
--- PASS: TestRenderer_Render_DevOps (0.00s)
=== RUN   TestRenderer_Render_General
--- PASS: TestRenderer_Render_General (0.00s)
=== RUN   TestRenderer_Render_EmptyDescription
--- PASS: TestRenderer_Render_EmptyDescription (0.00s)
=== RUN   TestRenderer_Render_MultipleDependencies
--- PASS: TestRenderer_Render_MultipleDependencies (0.00s)
=== RUN   TestRenderer_Render_FrontmatterValidYAML
--- PASS: TestRenderer_Render_FrontmatterValidYAML (0.00s)
=== RUN   TestRenderer_Render_InvalidAgentType
--- PASS: TestRenderer_Render_InvalidAgentType (0.00s)
=== RUN   TestTemplateFuncs_Join
--- PASS: TestTemplateFuncs_Join (0.00s)
=== RUN   TestTemplateFuncs_Quote
--- PASS: TestTemplateFuncs_Quote (0.00s)
=== RUN   TestTemplateFuncs_IsEmpty
--- PASS: TestTemplateFuncs_IsEmpty (0.00s)
=== RUN   TestTemplateFuncs_FormatTime
--- PASS: TestTemplateFuncs_FormatTime (0.00s)
=== RUN   TestTemplateFuncs_FormatDate
--- PASS: TestTemplateFuncs_FormatDate (0.00s)
PASS
ok  	github.com/jwwelbor/shark-task-manager/internal/templates	(cached)
?   	github.com/jwwelbor/shark-task-manager/internal/test	[no test files]
=== RUN   TestValidateFolderPath
=== RUN   TestValidateFolderPath/valid_relative_path
=== RUN   TestValidateFolderPath/valid_path_with_single_level
=== RUN   TestValidateFolderPath/valid_path_with_multiple_levels
=== RUN   TestValidateFolderPath/path_with_trailing_slash_normalized
=== RUN   TestValidateFolderPath/path_with_./_normalized
=== RUN   TestValidateFolderPath/empty_path_error
=== RUN   TestValidateFolderPath/whitespace_only_path_error
=== RUN   TestValidateFolderPath/absolute_path_error
=== RUN   TestValidateFolderPath/path_traversal_error
=== RUN   TestValidateFolderPath/path_traversal_with_.._error
=== RUN   TestValidateFolderPath/path_outside_project_error
=== RUN   TestValidateFolderPath/path_with_hyphenated_names
--- PASS: TestValidateFolderPath (0.00s)
    --- PASS: TestValidateFolderPath/valid_relative_path (0.00s)
    --- PASS: TestValidateFolderPath/valid_path_with_single_level (0.00s)
    --- PASS: TestValidateFolderPath/valid_path_with_multiple_levels (0.00s)
    --- PASS: TestValidateFolderPath/path_with_trailing_slash_normalized (0.00s)
    --- PASS: TestValidateFolderPath/path_with_./_normalized (0.00s)
    --- PASS: TestValidateFolderPath/empty_path_error (0.00s)
    --- PASS: TestValidateFolderPath/whitespace_only_path_error (0.00s)
    --- PASS: TestValidateFolderPath/absolute_path_error (0.00s)
    --- PASS: TestValidateFolderPath/path_traversal_error (0.00s)
    --- PASS: TestValidateFolderPath/path_traversal_with_.._error (0.00s)
    --- PASS: TestValidateFolderPath/path_outside_project_error (0.00s)
    --- PASS: TestValidateFolderPath/path_with_hyphenated_names (0.00s)
=== RUN   TestValidateFolderPath_EdgeCases
=== RUN   TestValidateFolderPath_EdgeCases/single_dot_normalized
=== RUN   TestValidateFolderPath_EdgeCases/multiple_trailing_slashes
=== RUN   TestValidateFolderPath_EdgeCases/consecutive_dots_in_directory_name
=== RUN   TestValidateFolderPath_EdgeCases/single_dot_in_path_component
--- PASS: TestValidateFolderPath_EdgeCases (0.00s)
    --- PASS: TestValidateFolderPath_EdgeCases/single_dot_normalized (0.00s)
    --- PASS: TestValidateFolderPath_EdgeCases/multiple_trailing_slashes (0.00s)
    --- PASS: TestValidateFolderPath_EdgeCases/consecutive_dots_in_directory_name (0.00s)
    --- PASS: TestValidateFolderPath_EdgeCases/single_dot_in_path_component (0.00s)
=== RUN   TestGenerateSlug
=== RUN   TestGenerateSlug/Task_Management_CLI_Core
=== RUN   TestGenerateSlug/Task_Creation
=== RUN   TestGenerateSlug/UPPERCASE_TEXT
=== RUN   TestGenerateSlug/Special_@#$_Characters!
=== RUN   TestGenerateSlug/Multiple___Spaces
=== RUN   TestGenerateSlug/hello_world
=== RUN   TestGenerateSlug/CamelCaseTitle
=== RUN   TestGenerateSlug/Title_with_numbers_123
=== RUN   TestGenerateSlug/---triple-hyphens---
=== RUN   TestGenerateSlug/__leading_and_trailing_spaces__
--- PASS: TestGenerateSlug (0.00s)
    --- PASS: TestGenerateSlug/Task_Management_CLI_Core (0.00s)
    --- PASS: TestGenerateSlug/Task_Creation (0.00s)
    --- PASS: TestGenerateSlug/UPPERCASE_TEXT (0.00s)
    --- PASS: TestGenerateSlug/Special_@#$_Characters! (0.00s)
    --- PASS: TestGenerateSlug/Multiple___Spaces (0.00s)
    --- PASS: TestGenerateSlug/hello_world (0.00s)
    --- PASS: TestGenerateSlug/CamelCaseTitle (0.00s)
    --- PASS: TestGenerateSlug/Title_with_numbers_123 (0.00s)
    --- PASS: TestGenerateSlug/---triple-hyphens--- (0.00s)
    --- PASS: TestGenerateSlug/__leading_and_trailing_spaces__ (0.00s)
=== RUN   TestGenerateSlug_LongTitle
--- PASS: TestGenerateSlug_LongTitle (0.00s)
=== RUN   TestGenerateSlug_Empty
--- PASS: TestGenerateSlug_Empty (0.00s)
=== RUN   TestGenerateSlug_OnlySpecialChars
--- PASS: TestGenerateSlug_OnlySpecialChars (0.00s)
=== RUN   TestFormatRelativeTime
=== RUN   TestFormatRelativeTime/just_now_(5_seconds_ago)
=== RUN   TestFormatRelativeTime/30_seconds_ago
=== RUN   TestFormatRelativeTime/1_minute_ago
=== RUN   TestFormatRelativeTime/5_minutes_ago
=== RUN   TestFormatRelativeTime/1_hour_ago
=== RUN   TestFormatRelativeTime/3_hours_ago
=== RUN   TestFormatRelativeTime/1_day_ago
=== RUN   TestFormatRelativeTime/3_days_ago
=== RUN   TestFormatRelativeTime/1_week_ago
=== RUN   TestFormatRelativeTime/2_weeks_ago
=== RUN   TestFormatRelativeTime/1_month_ago
=== RUN   TestFormatRelativeTime/3_months_ago
=== RUN   TestFormatRelativeTime/1_year_ago
=== RUN   TestFormatRelativeTime/2_years_ago
=== RUN   TestFormatRelativeTime/future_time_(2_hours_from_now)
--- PASS: TestFormatRelativeTime (0.00s)
    --- PASS: TestFormatRelativeTime/just_now_(5_seconds_ago) (0.00s)
    --- PASS: TestFormatRelativeTime/30_seconds_ago (0.00s)
    --- PASS: TestFormatRelativeTime/1_minute_ago (0.00s)
    --- PASS: TestFormatRelativeTime/5_minutes_ago (0.00s)
    --- PASS: TestFormatRelativeTime/1_hour_ago (0.00s)
    --- PASS: TestFormatRelativeTime/3_hours_ago (0.00s)
    --- PASS: TestFormatRelativeTime/1_day_ago (0.00s)
    --- PASS: TestFormatRelativeTime/3_days_ago (0.00s)
    --- PASS: TestFormatRelativeTime/1_week_ago (0.00s)
    --- PASS: TestFormatRelativeTime/2_weeks_ago (0.00s)
    --- PASS: TestFormatRelativeTime/1_month_ago (0.00s)
    --- PASS: TestFormatRelativeTime/3_months_ago (0.00s)
    --- PASS: TestFormatRelativeTime/1_year_ago (0.00s)
    --- PASS: TestFormatRelativeTime/2_years_ago (0.00s)
    --- PASS: TestFormatRelativeTime/future_time_(2_hours_from_now) (0.00s)
=== RUN   TestFormatDuration
=== RUN   TestFormatDuration/5_seconds
=== RUN   TestFormatDuration/30_seconds
=== RUN   TestFormatDuration/90_seconds_(1.5_minutes)
=== RUN   TestFormatDuration/5_minutes
=== RUN   TestFormatDuration/90_minutes_(1.5_hours)
=== RUN   TestFormatDuration/5_hours
=== RUN   TestFormatDuration/30_hours_(1.25_days)
=== RUN   TestFormatDuration/3_days
=== RUN   TestFormatDuration/10_days_(1.4_weeks)
=== RUN   TestFormatDuration/14_days_(2_weeks)
=== RUN   TestFormatDuration/35_days_(1.16_months)
=== RUN   TestFormatDuration/90_days_(3_months)
=== RUN   TestFormatDuration/400_days_(1.09_years)
=== RUN   TestFormatDuration/800_days_(2.19_years)
--- PASS: TestFormatDuration (0.00s)
    --- PASS: TestFormatDuration/5_seconds (0.00s)
    --- PASS: TestFormatDuration/30_seconds (0.00s)
    --- PASS: TestFormatDuration/90_seconds_(1.5_minutes) (0.00s)
    --- PASS: TestFormatDuration/5_minutes (0.00s)
    --- PASS: TestFormatDuration/90_minutes_(1.5_hours) (0.00s)
    --- PASS: TestFormatDuration/5_hours (0.00s)
    --- PASS: TestFormatDuration/30_hours_(1.25_days) (0.00s)
    --- PASS: TestFormatDuration/3_days (0.00s)
    --- PASS: TestFormatDuration/10_days_(1.4_weeks) (0.00s)
    --- PASS: TestFormatDuration/14_days_(2_weeks) (0.00s)
    --- PASS: TestFormatDuration/35_days_(1.16_months) (0.00s)
    --- PASS: TestFormatDuration/90_days_(3_months) (0.00s)
    --- PASS: TestFormatDuration/400_days_(1.09_years) (0.00s)
    --- PASS: TestFormatDuration/800_days_(2.19_years) (0.00s)
PASS
ok  	github.com/jwwelbor/shark-task-manager/internal/utils	(cached)
=== RUN   TestValidator_ValidateFilePaths
=== RUN   TestValidator_ValidateFilePaths/all_file_paths_exist
=== RUN   TestValidator_ValidateFilePaths/missing_task_file
=== RUN   TestValidator_ValidateFilePaths/multiple_missing_files
=== RUN   TestValidator_ValidateFilePaths/nil_file_paths_are_skipped
=== RUN   TestValidator_ValidateFilePaths/empty_file_paths_are_skipped
--- PASS: TestValidator_ValidateFilePaths (0.00s)
    --- PASS: TestValidator_ValidateFilePaths/all_file_paths_exist (0.00s)
    --- PASS: TestValidator_ValidateFilePaths/missing_task_file (0.00s)
    --- PASS: TestValidator_ValidateFilePaths/multiple_missing_files (0.00s)
    --- PASS: TestValidator_ValidateFilePaths/nil_file_paths_are_skipped (0.00s)
    --- PASS: TestValidator_ValidateFilePaths/empty_file_paths_are_skipped (0.00s)
=== RUN   TestValidator_ValidateRelationships
=== RUN   TestValidator_ValidateRelationships/all_relationships_valid
=== RUN   TestValidator_ValidateRelationships/orphaned_feature_-_missing_parent_epic
=== RUN   TestValidator_ValidateRelationships/orphaned_task_-_missing_parent_feature
=== RUN   TestValidator_ValidateRelationships/multiple_orphaned_records
--- PASS: TestValidator_ValidateRelationships (0.00s)
    --- PASS: TestValidator_ValidateRelationships/all_relationships_valid (0.00s)
    --- PASS: TestValidator_ValidateRelationships/orphaned_feature_-_missing_parent_epic (0.00s)
    --- PASS: TestValidator_ValidateRelationships/orphaned_task_-_missing_parent_feature (0.00s)
    --- PASS: TestValidator_ValidateRelationships/multiple_orphaned_records (0.00s)
=== RUN   TestValidator_ValidationSummary
=== RUN   TestValidator_ValidationSummary/all_validations_pass
=== RUN   TestValidator_ValidationSummary/mixed_validation_failures
=== RUN   TestValidator_ValidationSummary/no_entities_to_validate
--- PASS: TestValidator_ValidationSummary (0.00s)
    --- PASS: TestValidator_ValidationSummary/all_validations_pass (0.00s)
    --- PASS: TestValidator_ValidationSummary/mixed_validation_failures (0.00s)
    --- PASS: TestValidator_ValidationSummary/no_entities_to_validate (0.00s)
=== RUN   TestValidator_CorrectiveActionSuggestions
=== RUN   TestValidator_CorrectiveActionSuggestions/missing_file_suggestion
=== RUN   TestValidator_CorrectiveActionSuggestions/orphaned_feature_suggestion
=== RUN   TestValidator_CorrectiveActionSuggestions/orphaned_task_suggestion
--- PASS: TestValidator_CorrectiveActionSuggestions (0.00s)
    --- PASS: TestValidator_CorrectiveActionSuggestions/missing_file_suggestion (0.00s)
    --- PASS: TestValidator_CorrectiveActionSuggestions/orphaned_feature_suggestion (0.00s)
    --- PASS: TestValidator_CorrectiveActionSuggestions/orphaned_task_suggestion (0.00s)
=== RUN   TestValidator_Performance
--- PASS: TestValidator_Performance (0.00s)
=== RUN   TestStatusValidator_ValidateStatus
=== RUN   TestStatusValidator_ValidateStatus/valid_status_draft
=== RUN   TestStatusValidator_ValidateStatus/valid_status_in_development
=== RUN   TestStatusValidator_ValidateStatus/valid_status_completed
=== RUN   TestStatusValidator_ValidateStatus/invalid_status
=== RUN   TestStatusValidator_ValidateStatus/empty_status
--- PASS: TestStatusValidator_ValidateStatus (0.00s)
    --- PASS: TestStatusValidator_ValidateStatus/valid_status_draft (0.00s)
    --- PASS: TestStatusValidator_ValidateStatus/valid_status_in_development (0.00s)
    --- PASS: TestStatusValidator_ValidateStatus/valid_status_completed (0.00s)
    --- PASS: TestStatusValidator_ValidateStatus/invalid_status (0.00s)
    --- PASS: TestStatusValidator_ValidateStatus/empty_status (0.00s)
=== RUN   TestStatusValidator_ValidateTransition
=== RUN   TestStatusValidator_ValidateTransition/valid_transition
=== RUN   TestStatusValidator_ValidateTransition/valid_transition_to_blocked
=== RUN   TestStatusValidator_ValidateTransition/valid_backward_transition
=== RUN   TestStatusValidator_ValidateTransition/invalid_transition
=== RUN   TestStatusValidator_ValidateTransition/transition_from_terminal_status
=== RUN   TestStatusValidator_ValidateTransition/self_transition
--- PASS: TestStatusValidator_ValidateTransition (0.00s)
    --- PASS: TestStatusValidator_ValidateTransition/valid_transition (0.00s)
    --- PASS: TestStatusValidator_ValidateTransition/valid_transition_to_blocked (0.00s)
    --- PASS: TestStatusValidator_ValidateTransition/valid_backward_transition (0.00s)
    --- PASS: TestStatusValidator_ValidateTransition/invalid_transition (0.00s)
    --- PASS: TestStatusValidator_ValidateTransition/transition_from_terminal_status (0.00s)
    --- PASS: TestStatusValidator_ValidateTransition/self_transition (0.00s)
=== RUN   TestStatusValidator_CanTransition
--- PASS: TestStatusValidator_CanTransition (0.00s)
=== RUN   TestStatusValidator_GetAllStatuses
--- PASS: TestStatusValidator_GetAllStatuses (0.00s)
=== RUN   TestStatusValidator_GetStartStatuses
--- PASS: TestStatusValidator_GetStartStatuses (0.00s)
=== RUN   TestStatusValidator_GetCompleteStatuses
--- PASS: TestStatusValidator_GetCompleteStatuses (0.00s)
=== RUN   TestStatusValidator_GetAllowedTransitions
--- PASS: TestStatusValidator_GetAllowedTransitions (0.00s)
=== RUN   TestStatusValidator_DefaultWorkflow
--- PASS: TestStatusValidator_DefaultWorkflow (0.00s)
=== RUN   TestStatusValidator_NilWorkflowHandling
--- PASS: TestStatusValidator_NilWorkflowHandling (0.00s)
=== RUN   TestStatusValidator_ValidateTransition_UnrecognizedCurrentStatus
--- PASS: TestStatusValidator_ValidateTransition_UnrecognizedCurrentStatus (0.00s)
=== RUN   TestStatusValidator_ValidateTransition_UnrecognizedTargetStatus
--- PASS: TestStatusValidator_ValidateTransition_UnrecognizedTargetStatus (0.00s)
PASS
ok  	github.com/jwwelbor/shark-task-manager/internal/validation	(cached)
=== RUN   TestNewService_ValidConfig
--- PASS: TestNewService_ValidConfig (0.00s)
=== RUN   TestNewService_MissingConfig
--- PASS: TestNewService_MissingConfig (0.00s)
=== RUN   TestNewService_InvalidConfig
Warning: Failed to load workflow config: invalid JSON in /tmp/TestNewService_InvalidConfig4242067620/001/.sharkconfig.json at byte offset 2: invalid character 'i' looking for beginning of object key string
Using default workflow. Define status_flow in /tmp/TestNewService_InvalidConfig4242067620/001/.sharkconfig.json to customize.
--- PASS: TestNewService_InvalidConfig (0.00s)
=== RUN   TestService_GetInitialStatus
--- PASS: TestService_GetInitialStatus (0.00s)
=== RUN   TestService_GetInitialStatus_Fallback
--- PASS: TestService_GetInitialStatus_Fallback (0.00s)
=== RUN   TestService_GetEntryStatuses
--- PASS: TestService_GetEntryStatuses (0.00s)
=== RUN   TestService_GetTerminalStatuses
--- PASS: TestService_GetTerminalStatuses (0.00s)
=== RUN   TestService_IsTerminalStatus
--- PASS: TestService_IsTerminalStatus (0.00s)
=== RUN   TestService_GetAllStatusesOrdered
--- PASS: TestService_GetAllStatusesOrdered (0.00s)
=== RUN   TestService_GetStatusMetadata
--- PASS: TestService_GetStatusMetadata (0.00s)
=== RUN   TestService_GetStatusMetadata_NotFound
--- PASS: TestService_GetStatusMetadata_NotFound (0.00s)
=== RUN   TestService_GetStatusesByPhase
--- PASS: TestService_GetStatusesByPhase (0.00s)
=== RUN   TestService_GetValidTransitions
--- PASS: TestService_GetValidTransitions (0.00s)
=== RUN   TestService_GetTransitionInfo
--- PASS: TestService_GetTransitionInfo (0.00s)
=== RUN   TestService_IsValidTransition
--- PASS: TestService_IsValidTransition (0.00s)
=== RUN   TestService_IsValidStatus
--- PASS: TestService_IsValidStatus (0.00s)
=== RUN   TestService_NormalizeStatus
--- PASS: TestService_NormalizeStatus (0.00s)
=== RUN   TestService_GetPhases
--- PASS: TestService_GetPhases (0.00s)
=== RUN   TestService_FormatStatusForDisplay
--- PASS: TestService_FormatStatusForDisplay (0.00s)
=== RUN   TestService_FormatStatusForDisplay_UnknownStatus
--- PASS: TestService_FormatStatusForDisplay_UnknownStatus (0.00s)
=== RUN   TestService_FormatStatusCount
--- PASS: TestService_FormatStatusCount (0.00s)
=== RUN   TestService_GetColorForStatus
--- PASS: TestService_GetColorForStatus (0.00s)
=== RUN   TestColorizeStatus
=== RUN   TestColorizeStatus/red
=== RUN   TestColorizeStatus/green
=== RUN   TestColorizeStatus/yellow
=== RUN   TestColorizeStatus/blue
=== RUN   TestColorizeStatus/magenta
=== RUN   TestColorizeStatus/cyan
=== RUN   TestColorizeStatus/gray
=== RUN   TestColorizeStatus/orange
=== RUN   TestColorizeStatus/purple
=== RUN   TestColorizeStatus/unknown_color
--- PASS: TestColorizeStatus (0.00s)
    --- PASS: TestColorizeStatus/red (0.00s)
    --- PASS: TestColorizeStatus/green (0.00s)
    --- PASS: TestColorizeStatus/yellow (0.00s)
    --- PASS: TestColorizeStatus/blue (0.00s)
    --- PASS: TestColorizeStatus/magenta (0.00s)
    --- PASS: TestColorizeStatus/cyan (0.00s)
    --- PASS: TestColorizeStatus/gray (0.00s)
    --- PASS: TestColorizeStatus/orange (0.00s)
    --- PASS: TestColorizeStatus/purple (0.00s)
    --- PASS: TestColorizeStatus/unknown_color (0.00s)
PASS
ok  	github.com/jwwelbor/shark-task-manager/internal/workflow	(cached)
testing: warning: no tests to run
PASS
ok  	github.com/jwwelbor/shark-task-manager/test/integration	(cached) [no tests to run]
FAIL
make: *** [Makefile:66: test] Error 1
