==> tc003_clean_checkout_test.sh
TC-003: part 1 - real checkout, real verify, expect CLEAN
checkout-fixture: bench/fixture-repo submodule not initialized; run 'git submodule update --init'
TC-003 FAIL: checkout-fixture.sh exited non-zero on a clean checkout
FAIL: tc003_clean_checkout_test.sh

==> tc004_admit_full_set_test.sh
error obtaining VCS status: exit status 128
	Use -buildvcs=false to disable VCS stamping.
admit: failed to build testenum (independent test enumerator)
TC-004 FAIL: admit.sh exited 1 over the full admitted set (expected 0); output: 
FAIL: tc004_admit_full_set_test.sh

==> tc005_admit_rejection_branches_test.sh
TC-005: part 1 - three committed negative candidates (branches a, b, d)
error obtaining VCS status: exit status 128
	Use -buildvcs=false to disable VCS stamping.
admit: failed to build testenum (independent test enumerator)
TC-005 FAIL: branch (a): admit.sh did not print a single JSON verdict line: '' (Expecting value: line 1 column 1 (char 0))
FAIL: tc005_admit_rejection_branches_test.sh

==> tc006_admit_reproducibility_test.sh
TC-006: round 1 - independently provisioned checkouts
checkout-fixture: bench/fixture-repo submodule not initialized; run 'git submodule update --init'
fatal: cannot change to '/tmp/e40-f10-015-run.gBtgTW/tmp.kVpkyyOvtI/round1/branch-e-scratch': No such file or directory
TC-006 FAIL: branch (e): could not apply inventory-reserve-boundary's own reference.patch to a fresh checkout
FAIL: tc006_admit_reproducibility_test.sh

==> tc007_ledger_reproducibility_test.sh
TC-007: round 1 - independently provisioned checkout
checkout-fixture: bench/fixture-repo submodule not initialized; run 'git submodule update --init'
FAIL: tc007_ledger_reproducibility_test.sh

==> tc008_lint_position_shift_test.sh
checkout-fixture: bench/fixture-repo submodule not initialized; run 'git submodule update --init'
FAIL: tc008_lint_position_shift_test.sh

==> tc009_lint_diff_boundary_test.sh
TC-009: case (a) identical: new_issues_count=0 OK
TC-009: case (b) duplicate re-occurrence: new_issues_count=1 OK
TC-009: case (c) three new distinct issues: new_issues_count=3 OK
TC-009: case (d) unchanged identities + 1 new: new_issues_count=1 OK
TC-009: case (e) net-negative floored at zero: new_issues_count=0 OK
TC-009: base fixture duplicate-identity depth confirmed at 2
TC-009: regression: base ledger missing 'entries' array correctly rejected (exit 1): diff-ledgers: lint ledger /tmp/e40-f10-015-clean.93Gkot/bench/scripts/testdata/lint/malformed_missing_entries.json is missing an 'entries' array (found absent) -- structurally incomplete ledger, not a valid empty result
TC-009: regression: base ledger entry missing required field correctly rejected (exit 1): diff-ledgers: lint ledger /tmp/e40-f10-015-clean.93Gkot/bench/scripts/testdata/lint/malformed_bad_entry.json entries[0] is missing required field 'text'
TC-009: PASS
PASS: tc009_lint_diff_boundary_test.sh

==> tc010_test_diff_transitions_test.sh
TC-010: regressions={'pkg::B'}, removed={'pkg::C'}, D (fail->fail) and E (skip->fail) correctly produce no entry
TC-010: regression: ledger missing 'entries' array correctly rejected (exit 1): diff-ledgers: test ledger /tmp/e40-f10-015-clean.93Gkot/bench/scripts/testdata/test/malformed_missing_entries.json is missing an 'entries' array (found absent) -- structurally incomplete ledger, not a valid empty result
TC-010: regression: ledger entry missing required field correctly rejected (exit 1): diff-ledgers: test ledger /tmp/e40-f10-015-clean.93Gkot/bench/scripts/testdata/test/malformed_bad_entry.json entries[0] is missing required field 'action'
TC-010: PASS
PASS: tc010_test_diff_transitions_test.sh

==> tc011_toolchain_guard_test.sh
TC-011 FAIL: fixture .golangci.yml missing: /tmp/e40-f10-015-clean.93Gkot/bench/fixture-repo/.golangci.yml
FAIL: tc011_toolchain_guard_test.sh

==> tc013_admit_offline_test.sh
checkout-fixture: bench/fixture-repo submodule not initialized; run 'git submodule update --init'
FAIL: tc013_admit_offline_test.sh

==> tc014_run_one_smoke_test.sh
TC-014 FAIL: real shark binary missing at /tmp/e40-f10-015-clean.93Gkot/bin/shark (run 'make shark' first)
FAIL: tc014_run_one_smoke_test.sh

==> tc015_collect_run_record_test.sh
TC-015a: clean-completed -> outcome=completed PASS
TC-015a: clean-paused-question -> outcome=paused PASS
TC-015a: clean-already-terminal -> outcome=already_terminal PASS
TC-015a: clean-no-action -> outcome=no_action PASS
TC-015a: clean-failed -> outcome=failed PASS
TC-015b: liveness sub-case PASS
TC-015b: scratch-DB status fallback sub-case PASS
TC-015c: modelUsage axis PASS (named error, metric absent, other fields intact)
TC-015c: num_turns axis PASS (named error, metric absent, other fields intact)
TC-015c: duration_api_ms axis PASS (named error, metric absent, other fields intact)
TC-015c: negative PASS (all-fields-present transcript produces zero envelope_parse_error entries)
TC-015d: advance_status-only positive PASS (zero envelope/transcript errors)
TC-015d: stray-transcript negative PASS (ignored, not misattributed)
TC-015e: count-mismatch sub-case PASS
TC-015e: component-mismatch sub-case PASS
TC-015f: single-candidate fallback PASS
TC-015f: two-candidate mtime race PASS (newest wins)
TC-015f: negative PASS (stream takes priority over a stale fallback candidate)
TC-015g: disagree sub-case PASS
TC-015g: zero-agreement boundary sub-case PASS
TC-015g: unresolved-entity_key negative PASS
TC-015h: oracle/quality byte-identical-copy PASS
TC-015i: toolchain-guard abort sub-case PASS
TC-015i: negative PASS (passing guard never aborts, regardless of diff findings)
TC-015j: PASS (byte-identical across two independent invocations, exactly one line)
TC-015l: PASS (prod/test-split arithmetic over mixed numstat lines)
TC-015m: cap-fired timeout precedence PASS
TC-015m: unexecutable gate reason PASS
TC-015m: post-run abort record PASS
TC-015m: malformed abort marker rejection PASS
TC-015: PASS
PASS: tc015_collect_run_record_test.sh

==> tc016_canary_runsurface_test.sh
TC-016 FAIL: real shark binary missing at /tmp/e40-f10-015-clean.93Gkot/bin/shark (run 'make shark' first)
FAIL: tc016_canary_runsurface_test.sh

==> tc017_run_batch_test.sh
TC-017a PASS
TC-017a(negative) PASS
TC-017b PASS
TC-017c PASS
TC-017d PASS
TC-017e PASS
TC-017e(negative, failure confirmed at the last-enumerated/last-logged position) PASS
TC-017f PASS
TC-017g PASS
TC-017h PASS
TC-017h(mix) PASS
TC-017i PASS
TC-017j PASS
TC-017k PASS
TC-017k(dry-run) PASS
TC-017l PASS
TC-017m(variant) PASS
TC-017m(item) PASS
TC-017n(dry-run) PASS
TC-017n PASS
TC-017o PASS
TC-017 PASS
PASS: tc017_run_batch_test.sh

==> tc018_aggregate_report_test.sh
TC-018 NEW-3 PASS
TC-018a(LC_ALL=C pair byte-identical) PASS
TC-018a(LC_ALL=en_US.UTF-8 pair byte-identical, matches C pair) PASS
TC-018a PASS
TC-018b PASS
TC-018c PASS
TC-018c(negative, partial absence still anomaly) PASS
TC-018d PASS
TC-018e PASS
TC-018e(negative, whole-aggregation exit status) PASS
TC-018f(model_ids) PASS
TC-018f(fixture_base_sha) PASS
TC-018f(variant_bundle_sha256) PASS
TC-018f(corpus_schema_version) PASS
TC-018f(shark_version) PASS
TC-018f(negative, rep differing is not a violation) PASS
TC-018g PASS
TC-018h PASS
TC-018i(aggregate-side flag) PASS
TC-018i(report-rendering half: heading names E40-F01 verbatim) PASS
TC-018i PASS
TC-018j PASS
TC-018j(negative, spread_abs == mean is not flagged) PASS
TC-018k PASS
TC-018l PASS
TC-018m(a, omitted gate key within a present block zero-fills, still counted) PASS
TC-018m(b, whole rejections block absent excludes, never zero-fills) PASS
TC-018m PASS
TC-018m2: per-item gate universe PASS
TC-018m2 PASS
TC-018q(a, oracle present with sources.oracle absent still contributes) PASS
TC-018q(b, whole sources block absent is not itself an anomaly signal) PASS
TC-018q PASS
TC-018r(a, mutation sensitivity) PASS
TC-018r(b, order independence) PASS
TC-018r(c, location independence) PASS
TC-018r PASS
TC-018s PASS
TC-018t PASS
TC-018n(byte-identical across two invocations) PASS
TC-018n(no fabricated timestamp -- any date/time-shaped substring traces to the aggregate itself) PASS
TC-018n PASS
TC-018o PASS
TC-018p PASS
TC-018u(a, unsupported schema_version) PASS
TC-018u(b, unparseable JSON) PASS
TC-018u(c, unreadable/missing aggregate) PASS
TC-018u PASS
TC-018v PASS
TC-018w(a, null family classifies anomaly, not complete) PASS
TC-018w(b, null family with explanation is explained_absence, not anomaly) PASS
TC-018w PASS
TC-018x(a, model_ids absent on a timeout record is exempt) PASS
TC-018x(b, fixture_base_sha absent on a complete record is a divergence, not silently skipped) PASS
TC-018x(c, absence shared by every record is unpinned, not agreed -- non-uniform) PASS
TC-018x PASS
TC-018y(a: implicit matrix derivation from observed reps) PASS
TC-018y(b: explicit --reps reveals a hole no surviving artifact could) PASS
TC-018y PASS
TC-018z PASS
TC-018aa PASS
TC-018bb PASS
TC-018cc PASS
TC-018dd PASS
TC-018ee PASS
TC-018ff PASS
TC-018gg PASS
TC-018hh PASS
TC-018ii PASS
TC-018 R2-F-10(a, non-dict family value is a hard structural failure, nothing printed) PASS
TC-018 R2-F-10(b, empty-dict family is anomaly, families_present agrees with excluded[]) PASS
TC-018 R2-F-10 PASS
TC-018 R2-F-12(a, Class B negative value excluded with out_of_domain, AC-12 invariant holds) PASS
TC-018 R2-F-12(b, Class C non-finite value excluded with out_of_domain, JSON-decode-reachable) PASS
TC-018 R2-F-12(c, compute_stats' own runtime invariant check fires on a direct out-of-domain call) PASS
TC-018 R2-F-12(d, invariant check is NOT elided under PYTHONOPTIMIZE=1 -- same failure mode as normal mode) PASS
TC-018 R2-F-12(e, full-pipeline output/exit status identical under PYTHONOPTIMIZE=1) PASS
TC-018 R2-F-12 PASS
TC-018 NEW-2(a, declared item with zero records: missing_run everywhere, flags.missing_items, baseline_id withheld) PASS
TC-018 NEW-2(b, observed item outside the declared set: flags.unexpected_items, baseline_id still publishes) PASS
TC-018 NEW-2(c, malformed --items is a usage error) PASS
TC-018 NEW-2 PASS
TC-018 NEW-4 PASS
TC-018 NEW-5 PASS
TC-018 CR5-1 PASS
TC-018 CR6-1 PASS
TC-018 PASS
PASS: tc018_aggregate_report_test.sh

==> tc019_replay_manifest_test.sh
TC-019a(i, ledger dir absent) PASS
TC-019a(i-partial, ledger dir exists but lint.json missing) PASS
TC-019a(ii, item id unresolved) PASS
TC-019a(iii, no band entry) PASS
TC-019a(multi, two preconditions fail together) PASS
TC-019a(negative, all preconditions hold) PASS
TC-019a PASS
TC-019b PASS
TC-019c PASS
TC-019d PASS
TC-019e PASS
TC-019f(a, every metric inside its interval) PASS
TC-019f(b, one metric outside its interval) PASS
TC-019f PASS
TC-019g PASS
TC-019h PASS
TC-019i(a, anomaly -> invalid, never pass) PASS
TC-019i(b, explained_absence still drops band metrics -> invalid, the trap) PASS
TC-019i(c, 0 comparable metrics -> invalid, never a vacuous pass) PASS
TC-019i PASS
TC-019j PASS
TC-019k PASS
TC-019m PASS
TC-019l(fixture_base_sha) PASS
TC-019l(corpus_schema_version) PASS
TC-019l(p2p_set) PASS
TC-019l(shark_version) PASS
TC-019l PASS
TC-019n(item_id) PASS
TC-019n(variant_id) PASS
TC-019o PASS
TC-019p(a, invariant check fires on a direct mismatched-length call) PASS
TC-019p(b, invariant check is NOT elided under PYTHONOPTIMIZE=1 -- same failure mode as normal mode) PASS
TC-019p(c, full-pipeline output/exit status identical under PYTHONOPTIMIZE=1) PASS
TC-019p PASS
TC-019 PASS
PASS: tc019_replay_manifest_test.sh

==> tc020_zero_go_change_test.sh
TC-020(registration: tc017/tc018/tc019 all registered in run-all.sh) PASS
TC-020(diff-stat: non-empty diff since baf9b021160985ecbd1945820ce1e0431f2bb521, but every contributing commit belongs to a sibling epic feature, none to e40-f03 -- skipped, logged not silently passed) SKIP
TC-020: sibling-feature commits touching internal/, cmd/, or tests/contracts/ since baf9b021160985ecbd1945820ce1e0431f2bb521:
c3c1547c fix(E40-F10): UAT-R3-01 -- refuse fabricated placeholder retention artifacts
6ae76282 T-E40-F10-002: F10 schema exhaustive invalid-fixture matrix and TC-078 validator
297459aa T-E40-F10-001: F10 schema, valid fixtures, and pinned regression baselines
TC-020 PASS
PASS: tc020_zero_go_change_test.sh

==> tc031_adapter_conformance_test.sh
TC-031 FAIL: bench/fixture-repo submodule not initialized; run 'git submodule update --init'
FAIL: tc031_adapter_conformance_test.sh

==> tc032_admission_full_confirmation_test.sh
TC-032 FAIL: py-bug-due-date-boundary: admit-scenario.sh exited 1 (expected 0, admitted); stderr: 
FAIL: tc032_admission_full_confirmation_test.sh

==> tc033_admission_rejection_test.sh
TC-033 FAIL: bench/fixture-py submodule not initialized; run 'git submodule update --init'
FAIL: tc033_admission_rejection_test.sh

==> tc034_admission_determinism_test.sh
TC-034: round 1 - independently provisioned candidate copies and checkouts
TC-034: round 2 - independently provisioned candidate copies and checkouts
TC-034: comparing round 1 vs round 2 for byte-identical verdict output
TC-034 FAIL: py-bug-due-date-boundary did not exit 0 (admitted) in round 1: 
FAIL: tc034_admission_determinism_test.sh

==> tc035_toolchain_identity_test.sh
TC-035: provisioning two real, pinned Python environments (3.11, 3.12)
TC-035: capturing identity under environment A (Python 3.11)
checkout-scenario-fixture: bench/fixture-py submodule not initialized; run 'git submodule update --init'
adapter.sh: checkout dir not found: /tmp/e40-f10-015-run.gBtgTW/tmp.1uMtd5Fctx/identity-checkout-a
TC-035 FAIL: a: adapter.sh identity failed under this environment
FAIL: tc035_toolchain_identity_test.sh

==> tc036_final_predicate_test.sh
TC-036: f2p_p2p (py-bug-due-date-boundary)
checkout-scenario-fixture: bench/fixture-py submodule not initialized; run 'git submodule update --init'
FAIL: tc036_final_predicate_test.sh

==> tc037_repo_hygiene_test.sh
TC-037: state 1 - submodules populated (this checkout's live state)
TC-037 FAIL: bench/fixture-py submodule not initialized in this checkout; run 'git submodule update --init' before running TC-037
FAIL: tc037_repo_hygiene_test.sh

==> tc038_frozen_interface_test.sh
TC-038 FAIL: bench/fixture-repo submodule not initialized; run 'git submodule update --init'
FAIL: tc038_frozen_interface_test.sh

==> tc039_offline_capability_test.sh
TC-039 FAIL: bench/fixture-py submodule not initialized; run 'git submodule update --init'
FAIL: tc039_offline_capability_test.sh

==> tc040_fixture_base_verification_test.sh
TC-040 FAIL: bench/fixture-py submodule not initialized; run 'git submodule update --init'
FAIL: tc040_fixture_base_verification_test.sh

==> tc041_predicate_argument_trace_test.sh
TC-041: part 1 - every open(...) call traces to $1/$2/$3
TC-041(part 1: all 3 open() calls trace to sys.argv[1:4] via {package_yaml_path, test_output_path, lint_output_path}) PASS
TC-041: part 2 - no cat/source/jq -f/stray redirection in the bash preamble
TC-041(part 2: bash preamble has no cat/source/jq -f and no stray '<' redirection) PASS
TC-041: part 3 - no ledger/baseline/snapshot naming convention in eval-predicate.sh
TC-041(part 3: no ledger/baseline/snapshot token anywhere in eval-predicate.sh) PASS
TC-041: part 4 - no ledger/baseline/snapshot-named file under bench/scenarios/
TC-041(part 4: no ledger/baseline/snapshot-named file under bench/scenarios/) PASS
TC-041: PASS
PASS: tc041_predicate_argument_trace_test.sh

==> tc043_root_policy_isolation_test.sh
TC-043 FAIL: bench/fixture-py submodule not initialized; run 'git submodule update --init'
FAIL: tc043_root_policy_isolation_test.sh

==> tc044_time_ledger_reconciliation_test.sh
TC-044: case (i) - six disjoint half-open intervals reconcile exactly -> accepted
TC-044(case i: disjoint six-category ledger reconciles exactly -> accepted) PASS
TC-044: case (ii) - one-nanosecond overlap across two categories -> rejected naming both
TC-044(case ii: 1ns overlap between provider_active and tool_and_test -> rejected naming both categories) PASS
TC-044: case (iii) - interval end exceeds stage_end -> rejected naming interval/window
TC-044(case iii: interval end 1000001 > stage_end 1000000 -> rejected naming interval and window) PASS
TC-044: case (iv) - residual (1000ns) > epsilon (100ns) -> rejected naming the magnitude
TC-044(case iv: 1000ns residual > 100ns epsilon -> rejected naming the residual magnitude) PASS
TC-044: case (v) - residual (50ns) within epsilon (100ns) -> accepted, attributed to unclassified
TC-044(case v: 50ns residual within 100ns epsilon -> accepted, unclassified, absent from provider_active) PASS
TC-044: AC-T5 - interval category outside i05-schema.yaml's vocabulary -> rejected
TC-044(AC-T5: unknown category rejected naming it; vocabulary sourced from i05-schema.yaml, not hardcoded) PASS
TC-044: AC-T4/REQ-NF-007 - dispatch-boundary check's own elapsed time categorized tool_and_test
TC-044(AC-T4/REQ-NF-007: dispatch-boundary check's own elapsed time attributed to tool_and_test, never provider_active) PASS
TC-044: PASS
PASS: tc044_time_ledger_reconciliation_test.sh

==> tc045_candidate_identity_test.sh
TC-045: AC-T1 - missing-binary-diff-digest (missing candidate.binary_diff_digest) -> rejected naming that field
TC-045(AC-T1: missing-binary-diff-digest missing candidate.binary_diff_digest -> rejected naming field=binary_diff_digest) PASS
TC-045: AC-T1 - missing-tree-digest (missing candidate.tree_digest) -> rejected naming that field
TC-045(AC-T1: missing-tree-digest missing candidate.tree_digest -> rejected naming field=tree_digest) PASS
TC-045: AC-T1 - missing-dirty-untracked-manifest (missing candidate.dirty_untracked_manifest) -> rejected naming that field
TC-045(AC-T1: missing-dirty-untracked-manifest missing candidate.dirty_untracked_manifest -> rejected naming field=dirty_untracked_manifest) PASS
TC-045: AC-T1 - missing-changed-path-digest (missing candidate.changed_path_digest) -> rejected naming that field
TC-045(AC-T1: missing-changed-path-digest missing candidate.changed_path_digest -> rejected naming field=changed_path_digest) PASS
TC-045: AC-T1 - missing-test-suite-digest (missing candidate.test_suite_digest) -> rejected naming that field
TC-045(AC-T1: missing-test-suite-digest missing candidate.test_suite_digest -> rejected naming field=test_suite_digest) PASS
TC-045: AC-T2 - shared base_commit, differing tree_digest -> distinct candidates
TC-045(AC-T2: distinct-a/distinct-b share base_commit, differ only in tree_digest, report distinct candidate_identity_digest values -> never merged) PASS
TC-045: AC-T3 - verify-stage-evidence.sh contains no fixture-language branching token
TC-045(AC-T3: verify-stage-evidence.sh contains no forbidden fixture-language token; test_suite_digest validated opaque -- repo-wide sweep is AC-019/task 011) PASS
TC-045: PASS
PASS: tc045_candidate_identity_test.sh

==> tc046_artifact_record_test.sh
TC-046: mixed-consumers bundle -> distinct, non-coerced verdicts per artifact
TC-046(AC-T1: consumers: [] -> orphan; AC-T2: absent consumers key -> consumption_evidence_missing; AC-T3: neither verdict coerced into the other in either direction) PASS
TC-046: PASS
PASS: tc046_artifact_record_test.sh

==> tc047_usage_mapping_canary_test.sh
TC-047(agreeing) PASS
TC-047(drifted-field) PASS
TC-047(operator-transcript) PASS
TC-047(envelope-unavailable) PASS
TC-047 PASS
PASS: tc047_usage_mapping_canary_test.sh

==> tc048_evaluator_access_ordering_test.sh
TC-048 (a): inject-tests before terminal status -> isolation_violation, nothing placed
TC-048(AC-T1: pre-terminal inject-tests rejected as isolation_violation before any placement or event) PASS
TC-048 (b): inject-tests after terminal status -> accepted via real adapter.sh, one evaluator_access event
TC-048(AC-T2: post-terminal inject-tests accepted through the real adapter, one evaluator_access event appended with all fields populated) PASS
TC-048 (c): in-place oracle read after terminal status, clean checkout -> accepted, one evaluator_access event
TC-048(AC-T3: post-terminal in-place read accepted, digest matches the real evaluator-only file, one evaluator_access event appended, no copy left behind) PASS
TC-048 (d): same read, but a pre-completion copy already sits in the checkout -> rejected naming the violation
TC-048(AC-T4: pre-completion copy detected via its real backdated mtime and rejected naming the violation; no event appended) PASS
TC-048: case (b)'s accepted inject-tests placement of a different artifact must not trip an in-place-read grant
TC-048: case (b) placement and this in-place read coexist without a false isolation_violation PASS
TC-048: PASS
PASS: tc048_evaluator_access_ordering_test.sh

==> tc049_snapshot_replay_test.sh
TC-049: baseline - unmutated bundle and checkout replay clean
TC-049(baseline: unmutated bundle/checkout -> clean, zero provider invocations) PASS
TC-049: AC-T1(a) - tracked file edited -> tracked_file_changed
TC-049(AC-T1(a): edited tracked file -> tracked_file_changed naming the path, zero provider invocations) PASS
TC-049: AC-T1(b) - untracked file added -> untracked_file_changed
TC-049(AC-T1(b): added untracked file -> untracked_file_changed naming the path, zero provider invocations) PASS
TC-049: AC-T2(c) - adapter test-id set changed -> test_suite_changed
TC-049(AC-T2(c): changed adapter test-id set -> test_suite_changed naming the differing id, zero provider invocations) PASS
TC-049: AC-T2(d) - artifact consumers key deleted -> artifact_consumption_record_missing
TC-049(AC-T2(d): deleted consumers key -> artifact_consumption_record_missing AND snapshot_mutated, zero provider invocations) PASS
TC-049: AC-013(i) - unmodified snapshot reproduces its recorded snapshot_digest
TC-049(AC-013(i): unmodified snapshot's recomputed digest reproduces the recorded value, zero provider invocations) PASS
TC-049: AC-013(ii) - one-byte edit to rework_count -> snapshot_mutated
TC-049(AC-013(ii): one-byte rework_count edit -> snapshot_mutated naming the stage, zero provider invocations) PASS
TC-049: replay-stage-evidence.sh contains no fixture-language branching token
TC-049(replay-stage-evidence.sh contains no forbidden fixture-language token) PASS
TC-049: PASS
PASS: tc049_snapshot_replay_test.sh

==> tc050_partial_evidence_test.sh
TC-050: AC-T1 - resource_limit -> partial evidence retained, publication_eligible: false
TC-050(AC-T1: resource_limit -> 2 partial snapshots present/readable, publication_eligible: false, ineligibility_reasons[] non-empty) PASS
TC-050: AC-T1 - lease_loss -> partial evidence retained, publication_eligible: false
TC-050(AC-T1: lease_loss -> 2 partial snapshots present/readable, publication_eligible: false, ineligibility_reasons[] non-empty) PASS
TC-050: AC-T1 - missing_outcome -> partial evidence retained, publication_eligible: false
TC-050(AC-T1: missing_outcome -> 2 partial snapshots present/readable, publication_eligible: false, ineligibility_reasons[] non-empty) PASS
TC-050: AC-T1 - unresolved_gate -> partial evidence retained, publication_eligible: false
TC-050(AC-T1: unresolved_gate -> 2 partial snapshots present/readable, publication_eligible: false, ineligibility_reasons[] non-empty) PASS
TC-050: AC-T1 - pause -> partial evidence retained, publication_eligible: false
TC-050(AC-T1: pause -> 2 partial snapshots present/readable, publication_eligible: false, ineligibility_reasons[] non-empty) PASS
TC-050: AC-T1 - archive -> partial evidence retained, publication_eligible: false
TC-050(AC-T1: archive -> 2 partial snapshots present/readable, publication_eligible: false, ineligibility_reasons[] non-empty) PASS
TC-050: AC-T1 - error -> partial evidence retained, publication_eligible: false
TC-050(AC-T1: error -> 2 partial snapshots present/readable, publication_eligible: false, ineligibility_reasons[] non-empty) PASS
TC-050: AC-T1 - cancellation -> partial evidence retained, publication_eligible: false
TC-050(AC-T1: cancellation -> 2 partial snapshots present/readable, publication_eligible: false, ineligibility_reasons[] non-empty) PASS
TC-050: AC-T1 - worker_failure -> partial evidence retained, publication_eligible: false
TC-050(AC-T1: worker_failure -> 2 partial snapshots present/readable, publication_eligible: false, ineligibility_reasons[] non-empty) PASS
TC-050: AC-T1 - timeout -> partial evidence retained, publication_eligible: false
TC-050(AC-T1: timeout -> 2 partial snapshots present/readable, publication_eligible: false, ineligibility_reasons[] non-empty) PASS
TC-050: AC-T2 - stop_outcome paired with publication_eligible: true -> rejected naming the contradiction
TC-050(AC-T2: stop_outcome + publication_eligible: true -> rejected naming publication_eligible_conflict) PASS
TC-050: PASS
PASS: tc050_partial_evidence_test.sh

==> tc051_evidence_offline_determinism_test.sh
TC-051: mechanism 1 - unshare --user --net (real Linux network-namespace block)
TC-051: unshare-net/verify-evidence-roots.sh - two back-to-back runs produced byte-identical stdout (exit 0)
TC-051: unshare-net/verify-stage-evidence.sh - two back-to-back runs produced byte-identical stdout (exit 0)
TC-051: unshare-net/replay-stage-evidence.sh - two fresh-copy runs of the same committed content produced byte-identical stdout (exit 0)
TC-051: unshare-net/canary-usagemapping.sh - two back-to-back runs produced byte-identical stdout (exit 0)
TC-051: unshare-net - stubbed provider invocation log empty across both runs of all four guards (AC-T2)
TC-051: mechanism 2 - portable GOPROXY=off/PIP_NO_INDEX=1 fallback with a poisoned proxy
TC-051: portable-fallback/verify-evidence-roots.sh - two back-to-back runs produced byte-identical stdout (exit 0)
TC-051: portable-fallback/verify-stage-evidence.sh - two back-to-back runs produced byte-identical stdout (exit 0)
TC-051: portable-fallback/replay-stage-evidence.sh - two fresh-copy runs of the same committed content produced byte-identical stdout (exit 0)
TC-051: portable-fallback/canary-usagemapping.sh - two back-to-back runs produced byte-identical stdout (exit 0)
TC-051: portable-fallback - stubbed provider invocation log empty across both runs of all four guards (AC-T2)
TC-051: both isolation mechanisms independently completed all four guards, twice each, offline (AC-T1, AC-T2)
TC-051: AC-T3 - repo-wide grep for forbidden generic-guard tokens
TC-051: AC-T3 - zero forbidden-token hits outside bench/adapters/*/ and the two named legitimate exceptions (9 known-legitimate hit(s) correctly discriminated) PASS
TC-051: PASS
PASS: tc051_evidence_offline_determinism_test.sh

==> tc053_live_egress_denial_test.sh
TC-053: case (a1) - real constructed argv contains one denial argument per live-egress-set member
TC-053(case a1: real argv has one --disallowedTools per live-egress-set member, no extras) PASS
TC-053: case (a1b) - AC-T3 dispatch shape: PATH-resolved binary, non-interactive print mode, preamble + Rider action invocation prompt
TC-053(case a1b: dispatch shape -- '-p' print mode, preamble-then-Rider-invocation prompt) PASS
TC-053: case (a2) - removing a live-egress-tools.yaml member (scratch copy) changes the argv with no script edit
TC-053(case a2: removing WebFetch from a scratch copy shrinks the argv accordingly, unmodified run-prelude.sh) PASS
TC-053: case (a3) - stubbed argv missing a member fails before dispatch, naming the missing member
TC-053(case a3: stubbed argv missing WebFetch -> argv_incomplete naming it, zero dispatcher invocations) PASS
TC-053: case (a4) - positive control: a complete captured argv passes --verify-argv
TC-053(case a4: complete argv -> ARGV_COMPLETE, positive control for case a3) PASS
TC-053: case (b1) - retained transcript with a WebSearch tool-use record yields live_interaction_reached
TC-053(case b1: WebSearch record -> live_interaction_reached naming tool=WebSearch stage=D03) PASS
TC-053: case (b2) - a clean retained transcript passes
TC-053(case b2: clean transcript -> exit 0, CLEAN) PASS
TC-053: case (b3) - fail-closed regression: unrecognized transcript shape is refused, not silently CLEAN
TC-053(case b3: unrecognized transcript shape -> refused (exit 2), never silently CLEAN) PASS
TC-053: negative-half regression - structural pass does not imply observational pass
TC-053(negative-half regression: structural correctness alone does not mask a live-egress transcript record) PASS
TC-053: PASS
PASS: tc053_live_egress_denial_test.sh

==> tc054_replay_resolver_test.sh
TC-054: case (i)+(ii) - matching supply, then unresolved_gate after exhaustion
TC-054(case i: matching call supplies the lowest unconsumed ordinal, exactly one consumption record) PASS
TC-054(case ii: exhausted stage -> unresolved_gate naming stage/kind/topic, no answer invented, no phantom consumption) PASS
TC-054: case (iii) - disagreeing --topic fails replay_desync naming both topics
TC-054(case iii: replay_desync names both expected and supplied topic, no consumption recorded) PASS
TC-054: case (iv) - one-character near-miss --topic never supplies a response (no fuzzy match)
TC-054(case iv: one-character near-miss topic -> no supply, proving no nearest/fuzzy-match path) PASS
TC-054: case (v) - {path, digest} response resolves relative to the bundle directory
TC-054(case v: {path, digest} response resolved relative to bundle directory, supplied byte-for-byte) PASS
TC-054: case (vi)/AC-005 - two-pass reproducibility over the T-E40-F07-003 reference bundle's D02 ambiguity
TC-054(case vi part 1: three supplied responses are byte-identical across both passes) PASS
TC-054(case vi part 2: consumption ledgers byte-identical on entry ids/order/digests, D02's real ordinal ambiguity exercised, not assumed absent) PASS
TC-054 PASS
PASS: tc054_replay_resolver_test.sh

==> tc055_lineage_reconciliation_test.sh
TC-055: case (i) - claimed consumption absent from the ledger -> unattributed_artifact naming the entry
TC-055(case i: fabricated consumption claim rejected unattributed_artifact naming the entry) PASS
TC-055: case (ii) - artifact consumed zero required entries -> unattributed_artifact naming the stage
TC-055(case ii: artifact with zero required consumption rejected unattributed_artifact naming the stage) PASS
TC-055: case (iii) - genuine unresolved_gate (no artifact produced) -> accepted, reported as unresolved_gate
TC-055(case iii: genuine gate accepted and reported as unresolved_gate, never rejected as unattributed_artifact) PASS
TC-055: case (iv) - clean stage matching the real ledger is accepted
TC-055(case iv: clean stage reconciling against the real ledger is accepted) PASS
TC-055: case (v) - combined result, fixed-order output regardless of input order
TC-055(case v: combined result accepted, output stage order fixed regardless of input order) PASS
TC-055: case (vi) - zero-required-consumed defect laundered behind terminal_outcome: unresolved_gate is still rejected
TC-055(case vi: laundering the defect behind terminal_outcome: unresolved_gate does not fool the guard) PASS
TC-055: case (vii) - zero consumption against a stage with no required entries is accepted
TC-055(case vii: zero consumption against a stage with no required entries is accepted) PASS
TC-055 PASS
PASS: tc055_lineage_reconciliation_test.sh

==> tc056_bundle_disclosure_test.sh
TC-056: case (a) - bundle planted in fixture checkout fails, naming root and path
TC-056(case a: bundle planted in fixture checkout -> bundle_bulk_disclosure naming root=agent_fixture_checkout and the exact path) PASS
TC-056: case (b) - digest-matched renamed copy planted in scratch project fails, naming root and path
TC-056(case b: digest-matched renamed copy in scratch project -> bundle_bulk_disclosure naming root=scratch_shark_project and the exact path, despite the different filename) PASS
TC-056: case (c) - clean roots with one supplied entry in place exit 0
TC-056(case c: clean roots + one supplied entry in place -> exit 0, CLEAN -- entry-at-a-time disclosure permitted) PASS
TC-056: case (d) - case (a) repeated under a PATH-stubbed dispatcher records zero invocations
TC-056(case d: bulk-disclosure failure occurs with zero PATH-stubbed dispatcher invocations, proving the check runs before dispatch) PASS
TC-056: case (e) - bundle reached via a symlinked directory in fixture checkout fails
TC-056(case e: bundle reached via a symlinked directory in fixture checkout -> bundle_bulk_disclosure naming root=agent_fixture_checkout and the exact path, Code Review Kickback Round 2 Finding A) PASS
TC-056: case (f) - bundle reached via a symlinked directory in scratch project fails
TC-056(case f: bundle reached via a symlinked directory in scratch project -> bundle_bulk_disclosure naming root=scratch_shark_project and the exact path, Code Review Kickback Round 2 Finding A) PASS
TC-056: case (g) - a self-referential symlinked directory does not hang the guard
TC-056(case g: self-referential symlinked directory -> guard terminates and reports CLEAN, no infinite loop) PASS
TC-056: case (h) - bundle hidden below .git fails closed as disclosure
TC-056(case h: .git-hidden bundle copy -> bundle_bulk_disclosure naming exact path) PASS
TC-056: case (i) - deep tree remains scannable without recursion failure
TC-056(case i: deep planted copy -> bundle_bulk_disclosure without RecursionError) PASS
TC-056: case (j) - unreadable directory fails closed instead of CLEAN
TC-056(case j: unreadable directory -> scan error, never CLEAN) PASS
TC-056: case (k) - unreadable file fails closed instead of CLEAN
TC-056(case k: unreadable file -> scan error, never CLEAN) PASS
TC-056: case (l) - inaccessible symlink target fails closed instead of CLEAN
TC-056(case l: inaccessible symlink target -> scan error, never CLEAN) PASS
TC-056: PASS
PASS: tc056_bundle_disclosure_test.sh

==> tc057_non_applicable_record_test.sh
TC-057: case AC-010 (bug) - all-non-applicable package never dispatches, writes verbatim not_applicable record
TC-057(case AC-010 bug: zero dispatch, not_applicable, verbatim reasons D01-D05) PASS
TC-057: case AC-010 (change_card) - all-non-applicable package never dispatches, writes verbatim not_applicable record
TC-057(case AC-010 change_card: zero dispatch, not_applicable, verbatim reasons D01-D05) PASS
TC-057: case AC-010 (tech_debt) - all-non-applicable package never dispatches, writes verbatim not_applicable record
TC-057(case AC-010 tech_debt: zero dispatch, not_applicable, verbatim reasons D01-D05) PASS
TC-057: case AC-010 (iv) - absent replay result is a named failure, never an accepted absence
TC-057(case AC-010 iv: absent result file -> named, non-zero failure) PASS
TC-057: case AC-011 (i) - real feature package passes the consistency check
TC-057(case AC-011 i: real feature package passes, falls through to dispatch) PASS
TC-057: case AC-011 (ii) - scratch feature copy missing replay_reference is rejected naming the field
TC-057(case AC-011 ii: missing replay_reference on an applicable package -> rejected naming the field, zero dispatch) PASS
TC-057: case AC-011 (iii) - scratch bug copy with an unexpected replay_reference is rejected naming the field
TC-057(case AC-011 iii: unexpected replay_reference on a non-applicable package -> rejected naming the field, zero dispatch) PASS
TC-057: case AC-011 (iv) - scratch feature copy pointing at a bundle with a disagreeing scenario_id is rejected naming both ids
TC-057(case AC-011 iv: disagreeing scenario_binding.scenario_id -> rejected naming both ids, zero dispatch) PASS
TC-057: repo-hygiene regression - no file under bench/scenarios/ was modified
TC-057(repo-hygiene regression: bench/scenarios/ untouched) PASS
TC-057: PASS
PASS: tc057_non_applicable_record_test.sh

==> tc058_prelude_placement_test.sh
TC-058: setup - real scratch Shark project, fixture-checkout/evaluator-only stand-ins, conforming D01-D05 fixtures
Building shark binary (bin/shark not found)...
make: Entering directory '/tmp/e40-f10-015-clean.93Gkot'
Building Shark CLI...
Shark CLI built: ./bin/shark
make: Leaving directory '/tmp/e40-f10-015-clean.93Gkot'
 SUCCESS  Shark CLI initialized successfully!

✓ Database created: /tmp/e40-f10-015-run.gBtgTW/shark-scratch-tc058-main-Imka1Z/shark-tasks.db
✓ Folder created: /tmp/e40-f10-015-run.gBtgTW/shark-scratch-tc058-main-Imka1Z/docs/plan
✓ Config file created: /tmp/e40-f10-015-run.gBtgTW/shark-scratch-tc058-main-Imka1Z/.sharkconfig.json

Next steps:
1. Create your first epic with: shark epic create "Epic Title"
2. Create your first task with: shark task create E01 F01 "Task title"
3. Optionally extract workflow/prompt/skill defaults: shark admin install-shark-data
TC-058: setup complete
TC-058: case AC-T1 - dispatch working directory equals the scratch project root; result records a recomputable identity digest
TC-058(case AC-T1: dispatch cwd == scratch_shark_project root; artifact_root.path/identity_digest recorded and recomputable) PASS
TC-058: case AC-T2 - no off-limits write in the fixture checkout or evaluator-only root
TC-058(case AC-T2: zero D0X/progress.md writes in fixture-checkout/evaluator-only; scratch project itself genuinely carries them) PASS
TC-058: case AC-T3 - recorded prompt contains preamble.md verbatim; preamble_digest matches the real file's sha256
TC-058(case AC-T3: dispatched prompt carries preamble.md verbatim; preamble_digest == real file's sha256) PASS
TC-058: case AC-T4 (positive) - every produced artifact filename matches the D0X-*.md Output Standard
TC-058: all recorded artifact filenames conform: ['D01-vision-statement.md', 'D02-success-criteria.md', 'D03-market-research.md', 'D04-feasibility-report.md', 'D05-stakeholder-insights.md']
TC-058(case AC-T4 positive: every recorded artifact filename matches D0X-*.md) PASS
TC-058: case AC-T4 (negative) - a non-conforming produced filename is rejected, naming it, zero result written
 SUCCESS  Shark CLI initialized successfully!

✓ Database created: /tmp/e40-f10-015-run.gBtgTW/shark-scratch-tc058-bad-filename-hH0Fm6/shark-tasks.db
✓ Folder created: /tmp/e40-f10-015-run.gBtgTW/shark-scratch-tc058-bad-filename-hH0Fm6/docs/plan
✓ Config file created: /tmp/e40-f10-015-run.gBtgTW/shark-scratch-tc058-bad-filename-hH0Fm6/.sharkconfig.json

Next steps:
1. Create your first epic with: shark epic create "Epic Title"
2. Create your first task with: shark task create E01 F01 "Task title"
3. Optionally extract workflow/prompt/skill defaults: shark admin install-shark-data
TC-058(case AC-T4 negative: non-conforming filename rejected by name, no result written) PASS
TC-058: case AC-T4 (containment) - a symlinked D0X-*.md artifact pointing outside artifact_root is rejected, naming the path
 SUCCESS  Shark CLI initialized successfully!

✓ Database created: /tmp/e40-f10-015-run.gBtgTW/shark-scratch-tc058-symlink-escape-tAjSVW/shark-tasks.db
✓ Folder created: /tmp/e40-f10-015-run.gBtgTW/shark-scratch-tc058-symlink-escape-tAjSVW/docs/plan
✓ Config file created: /tmp/e40-f10-015-run.gBtgTW/shark-scratch-tc058-symlink-escape-tAjSVW/.sharkconfig.json

Next steps:
1. Create your first epic with: shark epic create "Epic Title"
2. Create your first task with: shark task create E01 F01 "Task title"
3. Optionally extract workflow/prompt/skill defaults: shark admin install-shark-data
TC-058(case AC-T4 containment: symlinked D0X-*.md artifact escaping artifact_root rejected by real path, naming it, no result written) PASS
TC-058: PASS
PASS: tc058_prelude_placement_test.sh

==> tc059_replay_offline_determinism_test.sh
TC-059: mechanism 1 - unshare --user --net (real Linux network-namespace block)
TC-059: unshare-net/replay-answer.sh - two fresh-copy runs of the same committed bundle content produced byte-identical stdout (exit 0)
TC-059: unshare-net/verify-replay-result.sh - two back-to-back runs produced byte-identical, non-empty stdout (exit 0)
TC-059: unshare-net/verify-replay-isolation.sh(transcript) - two back-to-back runs produced byte-identical, non-empty stdout (exit 0)
TC-059: unshare-net/verify-replay-isolation.sh(disclosure clean) - two back-to-back runs produced byte-identical, non-empty stdout (exit 0)
TC-059: unshare-net/verify-replay-isolation.sh(disclosure violation, duplicate-digest ordering) - two back-to-back runs produced byte-identical, non-empty stderr (exit 1)
TC-059: unshare-net/run-prelude.sh(--verify-argv) - two back-to-back runs produced byte-identical, non-empty stdout (exit 0)
TC-059: unshare-net/run-prelude.sh(--package non-applicable) - two back-to-back runs produced byte-identical, non-empty stdout (exit 0)
TC-059: unshare-net - stubbed provider invocation log empty across both runs of every guard/script (AC-T2)
TC-059: mechanism 2 - portable GOPROXY=off/PIP_NO_INDEX=1 fallback with a poisoned proxy
TC-059: portable-fallback/replay-answer.sh - two fresh-copy runs of the same committed bundle content produced byte-identical stdout (exit 0)
TC-059: portable-fallback/verify-replay-result.sh - two back-to-back runs produced byte-identical, non-empty stdout (exit 0)
TC-059: portable-fallback/verify-replay-isolation.sh(transcript) - two back-to-back runs produced byte-identical, non-empty stdout (exit 0)
TC-059: portable-fallback/verify-replay-isolation.sh(disclosure clean) - two back-to-back runs produced byte-identical, non-empty stdout (exit 0)
TC-059: portable-fallback/verify-replay-isolation.sh(disclosure violation, duplicate-digest ordering) - two back-to-back runs produced byte-identical, non-empty stderr (exit 1)
TC-059: portable-fallback/run-prelude.sh(--verify-argv) - two back-to-back runs produced byte-identical, non-empty stdout (exit 0)
TC-059: portable-fallback/run-prelude.sh(--package non-applicable) - two back-to-back runs produced byte-identical, non-empty stdout (exit 0)
TC-059: portable-fallback - stubbed provider invocation log empty across both runs of every guard/script (AC-T2)
TC-059: both isolation mechanisms independently completed all scripts, twice each, offline (AC-T1, AC-T2)
TC-059: AC-T3/AC-019 - repo-wide grep for forbidden generic-guard tokens
TC-059: AC-T3/AC-019 - zero forbidden-token hits across the four generic F07 scripts PASS
TC-059: AC-T3/AC-019 - negative control: the sweep pattern catches a real violation
TC-059: AC-T3/AC-019 - negative control confirms the sweep pattern is not vacuously blind PASS
TC-059: PASS
PASS: tc059_replay_offline_determinism_test.sh

==> tc060_lifecycle_runner_contract_test.sh
TC-060: TC-002 exact prompt handoff and bounded semantic result
{"evidence":[{"path":"runs/tc060/evidence.json","size_bytes":42,"type":"artifact"},"[REDACTED]"],"kind":"final","prompt_bytes":81,"prompt_sha256":"55ea795c3d4df1da3d0bc60d7f13d22637e368eedcd941105c56aa287cdb6e84","recommended_outcome":"deep_verify","session_id":"SID-002","worker_id":"worker-canary-001"}
TC-060(TC-002: exact prompt bytes, identity/session, outcome, bounded evidence, and no authority/leak) PASS
TC-060: TC-002 invalid prompt provenance refuses provider dispatch
TC-060(TC-002: prompt digest mismatch fails before provider invocation) PASS
TC-060: TC-003 missing semantic result refuses exit-code substitution
TC-060(TC-003: awaited provider failure never becomes a completed outcome) PASS
TC-060: PASS
PASS: tc060_lifecycle_runner_contract_test.sh

==> tc061_lifecycle_runner_loop_test.sh
TC-061: pass (canonical claim/heartbeat/transition/release and exact prompt handoff)
PASS: tc061_lifecycle_runner_loop_test.sh

==> tc062_lifecycle_runner_limits_test.sh
TC-062: pass (first exceeded ceiling stops scenario and retains partial evidence)
PASS: tc062_lifecycle_runner_limits_test.sh

==> tc063_review_finding_capture_test.sh
TC-063(TC-006/TC-009: distinct gate states, raw finding preservation, and exact joins) PASS
PASS: tc063_review_finding_capture_test.sh

==> tc064_lifecycle_runner_offline_determinism_test.sh
TC-064: pass (contract mode has no provider adapter and repeated verdicts are byte-identical)
PASS: tc064_lifecycle_runner_offline_determinism_test.sh

==> tc065_prelude_question_isolation_test.sh
TC-065: pass (prelude ordering, explicit non-applicable records, Question routing, blocked replay, and isolation gate)
PASS: tc065_prelude_question_isolation_test.sh

==> tc066_lifecycle_worker_question_handoff_test.sh
TC-066: pass (question worker result creates, configures, links, and pauses the parent-owned lifecycle)
PASS: tc066_lifecycle_worker_question_handoff_test.sh

==> tc067_lifecycle_evaluation_truth_test.sh
TC-067: caller-supplied --review-findings is rejected as review_findings_bypass
TC-067: truth blocks remain independent and missing oracle evidence is retained
PASS: tc067_lifecycle_evaluation_truth_test.sh

==> tc068_heldback_oracle_isolation_test.sh
TC-068: pre-terminal access is refused before adapter or filesystem use
TC-068: evaluator entrypoint retains pre-terminal oracle refusal
TC-068: terminal-but-unauthorized -- both sides agree the run is terminal but the I-05 broker cannot authorize access
TC-068: a terminal-but-unauthorizable bundle is refused (not the pre_terminal code) with zero adapter calls
TC-068: authorized post-terminal -- the real I-04 adapter and I-05 guard produce a clean, successful oracle result
checkout-scenario-fixture: bench/fixture-py submodule not initialized; run 'git submodule update --init'
FAIL: tc068_heldback_oracle_isolation_test.sh

==> tc069_calibration_boundary_test.sh
TC-069: 32 calibration mutation cases PASS
TC-069: --judge-result omitted entirely is still named missing_judge
TC-069: unknown judge fields are dropped, not rejected
TC-069: caller-supplied applicability/observed_result cannot override validation
TC-069: a non-applicable planning artifact never opens --judge-result
Traceback (most recent call last):
  File "<stdin>", line 258, in <module>
  File "/usr/lib/python3.12/subprocess.py", line 571, in run
    raise CalledProcessError(retcode, process.args,
subprocess.CalledProcessError: Command '['/tmp/e40-f10-015-clean.93Gkot/bench/scripts/checkout-scenario-fixture.sh', 'py', '964fa68e4c9e0c4e0f3756d9efd78b888c558fd9', '/tmp/e40-f10-015-run.gBtgTW/shark-tc069.gOwPbG/eligible/checkout']' returned non-zero exit status 1.
FAIL: tc069_calibration_boundary_test.sh

==> tc070_comparison_identity_test.sh
TC-070 PASS
PASS: tc070_comparison_identity_test.sh

==> tc075_content-identity_x12_test.sh
TC-075 AC-010 core PASS
TC-075 X-12 inventory partitions PASS
TC-075 PASS
PASS: tc075_content-identity_x12_test.sh

==> tc071_review_finding_normalization_test.sh
checkout-scenario-fixture: bench/fixture-py submodule not initialized; run 'git submodule update --init'
FAIL: tc071_review_finding_normalization_test.sh

==> tc072_review_comparison_modes_test.sh
TC-072 PASS
PASS: tc072_review_comparison_modes_test.sh

==> tc073_evaluation_replay_determinism_test.sh
TC-073: deterministic offline verification and duplicate rejection pass
PASS: tc073_evaluation_replay_determinism_test.sh

==> tc074_invalid-retention-and-aggregation_test.sh
TC-074: invalid record retained and excluded from eligibility
PASS: tc074_invalid-retention-and-aggregation_test.sh

==> tc076_static-safety-language-neutrality_test.sh
TC-076 PASS: full-surface safety scan and 100 MB streaming boundary pass
PASS: tc076_static-safety-language-neutrality_test.sh

==> tc077_full-regression-registration_test.sh
TC-077: F01-F08 and complete F09 registration pass
PASS: tc077_full-regression-registration_test.sh

==> tc079_operator_preview_zero_spend_test.sh
TC-079(batch half AC-002/AC-T1): preview exits 0, zero provider/network calls, real dry-run delegation, full-replay scenario not omitted -- PASS
TC-079(REQ-F-001 --dry-run alias): identical zero-spend preview behavior -- PASS
TC-079(Negative Cases): --help exposes no third preview flag convention -- PASS
every required artifact carries a real, non-empty source_path and a byte-preserved digest
TC-079(rework: every required artifact carries a real, non-empty source_path -- UAT-R3-01) PASS
TC-079(UAT-R3-01 counterfactual: batch driver refuses the whole pair, no fabricated placeholder, when required transcripts/oracle sources are absent) PASS
TC-079(AC-T2 part 1: repeat of already-retained pair classified and skipped) PASS
TC-079(AC-T2 part 2: incomplete prior attempt skipped, bytes untouched, exit 4) PASS
TC-079(AC-T2 part 3: --reclaim-incomplete quarantines via move, never deletes, then reruns) PASS
manifest digests verified real
TC-079(rework: retain_pair copies real evidence/transcripts/oracle.json content, digests verified) PASS
TC-079: pass (batch driver half: zero-spend preview, --dry-run alias, no third flag convention, AC-T2 classification/reclaim, real evidence/transcripts/oracle.json retention)
TC-079(comparison half AC-002/AC-T1, independent_frozen_candidate): preview exits 0, zero provider/network calls, real dry-run delegation per gate, candidates/policies/provider-call-inventory/truth-set/fix-rules all printed -- PASS
TC-079(comparison half, sequential_delivery): identical zero-spend preview behavior -- PASS
TC-079(AC-T3): run-review-comparison.sh contains no comparator identity field-name vocabulary -- PASS
TC-079: pass (comparison driver half: zero-spend preview in both comparison modes, candidates/policies/provider-call-inventory/truth-set/fix-rules printed, no local identity vocabulary)
PASS: tc079_operator_preview_zero_spend_test.sh

==> tc080_spend_gate_refusal_test.sh
spend-gate: refused (missing_acknowledgement): --acknowledge-provider-spend was not supplied on the command line
spend-gate: refused (missing_max_cost_usd): --max-cost-usd was not supplied or had no value
spend-gate: refused (non_positive_max_cost_usd): --max-cost-usd value '0' is not strictly positive
spend-gate: refused (non_positive_max_cost_usd): --max-cost-usd value '-1' is not strictly positive
spend-gate: usage error: --max-cost-usd value 'not-a-number' is not numeric
spend-gate: refused (missing_max_wall_clock_seconds): --max-wall-clock-seconds was not supplied or had no value
spend-gate: refused (non_positive_max_wall_clock_seconds): --max-wall-clock-seconds value '0' is not strictly positive
spend-gate: refused (non_positive_max_wall_clock_seconds): --max-wall-clock-seconds value '-1' is not strictly positive
spend-gate: usage error: --max-wall-clock-seconds value 'not-a-number' is not numeric
spend-gate: refused (missing_max_generated_tasks): --max-generated-tasks was not supplied or had no value
spend-gate: refused (non_positive_max_generated_tasks): --max-generated-tasks value '0' is not strictly positive
spend-gate: refused (non_positive_max_generated_tasks): --max-generated-tasks value '-1' is not strictly positive
spend-gate: usage error: --max-generated-tasks value 'not-a-number' is not numeric
spend-gate: refused (missing_retention_root): --retention-root was not supplied on the command line or had no value
spend-gate: refused (missing_acknowledgement): --acknowledge-provider-spend was not supplied on the command line
spend-gate: refused (missing_acknowledgement): --acknowledge-provider-spend was not supplied on the command line
spend-gate: refused (missing_acknowledgement): --acknowledge-provider-spend was not supplied on the command line
spend-gate: refused (missing_pilot_attestation): no pilot-ledger.jsonl found under retention root '/tmp/e40-f10-015-run.gBtgTW/tmp.hQQxPEF213/retention'
spend-gate: refused (non_positive_max_cost_usd): --max-cost-usd value '0' is not strictly positive
spend-gate: refused (non_positive_max_cost_usd): --max-cost-usd value '-1' is not strictly positive
TC-080: pass (spend-gate.sh refuses on every missing/non-positive condition before any subprocess, ack is CLI-flag-only, ceiling positivity matches run-lifecycle.sh's own authority)
TC-080(driver half, T-E40-F10-004): run-lifecycle-batch.sh's real CLI refuses every missing/non-positive/env-only-ack condition before any subprocess -- PASS
TC-080(driver half, T-E40-F10-004): fully-satisfied invocation proceeds past the spend gate to real dispatch classification -- PASS
TC-080(comparison driver half, T-E40-F10-005): run-review-comparison.sh's real CLI refuses every missing/non-positive/env-only-ack/no-retention-root condition before any subprocess -- PASS
TC-080(comparison driver half, T-E40-F10-005): fully-satisfied invocation proceeds past the spend gate to real gate dispatch -- PASS
TC-080(UAT-R2-01 regression, batch driver, T-E40-F10-004): real run-lifecycle-batch.sh --mode pilot invocation of the real run-lifecycle.sh carries the operator's CLI ceilings via --limits, and the real I-07 record's limits reflect those operator values -- not the scenario's own (much larger) resource_policy default -- PASS
TC-080(UAT-R2-01 regression, comparison driver, T-E40-F10-005): real run-review-comparison.sh --mode pilot invocations (both qa and deep_review gates) of the real run-lifecycle.sh carry the operator's CLI ceilings via --limits, and the real I-07 record's limits reflect those operator values -- not the scenario's own (much larger) resource_policy default -- PASS
TC-080(UAT-R2-01 duplicate-flag regression, batch driver, T-E40-F10-004): a repeated --max-cost-usd resolves to the FIRST (spend-gate-validated, batch.json-recorded) occurrence in the materialized --limits file and the real I-07 record, not the last -- PASS
spend-gate: refused (missing_pilot_attestation): pilot attestation gate failed for the following families: family-r5 (no_attestation)
spend-gate: refused (stale_pilot_attestation_digest): pilot attestation gate failed for the following families: family-r5 (stale_digest)
TC-080(UAT-R5-HIGH-2 regression, library level): spend_gate_check_pilot_ledger_families performs real per-family digest verification for a --candidate invocation (missing/verified/stale), not a --batch-only no-op -- PASS
spend-gate: refused (missing_pilot_attestation): could not derive a scenario family set from the supplied --batch/--candidate declaration; refusing rather than assuming no family requires attestation
spend-gate: refused (missing_pilot_attestation): --retention-root was not supplied; cannot verify the pilot attestation a --batch/--candidate baseline invocation requires
TC-080(UAT-R5-HIGH-2 regression, fail-closed derivation): a --candidate flag present with no derivable family, or with no --retention-root, refuses instead of falling back to the no-source-flag no-op -- PASS
spend-gate: refused (missing_pilot_attestation): pilot-ledger verification helper not found or not executable at '/tmp/e40-f10-015-run.gBtgTW/tmp.8FCNr2JCwQ/no-exec-helper/pilot-ledger.sh'; cannot verify attestation for the requested families: family-r5
TC-080(UAT-R5-HIGH-2 regression, fail-closed helper): a missing/non-executable pilot-ledger.sh helper refuses the gate instead of silently passing it -- PASS
TC-080(UAT-R5-HIGH-2 regression, comparison driver, T-E40-F10-005 coordination): real run-review-comparison.sh --mode baseline refuses on an unattested family even with a present pilot-ledger.jsonl, with no change required to run-review-comparison.sh itself -- PASS
PASS: tc080_spend_gate_refusal_test.sh

==> tc081_pilot_ledger_gate_test.sh
TC-081: pass (pilot-ledger attestation gate refuses --mode baseline as a whole command naming every failing family, verified digest-current attestations proceed, and a post-attestation mutation invalidates a previously-verified attestation)
TC-081 (rework, findings 1/7, corrected by UAT-R3-01): pass (a required artifact with no real source provenance now refuses --record and --verify, never an accepted honest gap; a real-source-checked-but-empty artifact remains a --verify defect, distinct from staleness and from missing provenance)
TC-081 (UAT-R3-01 counterfactual): pass (a previously-verified attestation is invalidated by a post-attestation source_path mutation, distinctly as missing_source_provenance)
TC-081 (rework, defect 13): pass (--scenario is refused before any read/write for both an out-of-grammar value and a grammar-valid value whose path escapes the retention root via a symlink, on both --record and --verify)
TC-081 (rework, defect 3): pass (a ledger row missing recorded digests for required artifacts is never treated as verified via a None == None comparison)
TC-081 (UAT round 6, forged manifest at --record): pass (--record refuses a manifest whose per-artifact digest claim disagrees with the actual retained bytes, not just a non-empty source_path string)
TC-081 (UAT round 6, forged manifest at --verify): pass (a hand-forged ledger row whose digests match the real current bytes -- defeating pilot-ledger's own staleness check -- is still caught by cross-checking manifest.json's own recorded per-artifact digest against those same bytes)
TC-081 (round 13): parseable non-object manifest roots refuse cleanly
PASS: tc081_pilot_ledger_gate_test.sh

==> tc082_retention_layout_test.sh
TC-082: a root produced by one real run-lifecycle-batch.sh --mode pilot retention verifies cleanly (Caller-Path Contract)
TC-082(a3): lib/retain_pair refuses to write through a pre-existing destination symlink -- external content untouched, file case installs real content in its place, directory case fails loudly (finding 2)
TC-082(UAT-R3-01 counterfactual: all seven required-with-source artifacts fail as missing_source_provenance when their manifest source_path is empty, even though their digest still matches) PASS
TC-082(code-review round-2 counterfactual: all seven required-with-source artifacts fail as missing_source_provenance when their manifest source_path is a non-string truthy value (a list), both directly against lib/verify_pair_retention and through verify-retention-root.sh) PASS
TC-082(UAT round 6 sweep site 1: all seven required-with-source artifacts fail distinctly when their manifest.json artifacts entry is removed entirely, even though the fabricated file itself is present on disk) PASS
TC-082(UAT round 6 sweep site 2: verify-retention-root.sh's verdict never diverges from lib/verify_pair_retention's own refusal for the same pair) PASS
TC-082: upstream schema-validity delegation (lifecycle + evaluation) fails distinctly on malformed-but-digest-matching content
TC-082: layout completeness, digest equality, re-serialization detection, source-path/lineage checks, and AC-T2 ordering all pass
TC-082: comparison-driven qa/deep_review pairs (with an additive manifest.json 'gate' field and an unrecorded comparison.json) coexisting with a real batch pair in the same retention root verify cleanly, not misread as broken lifecycle pairs
TC-082: reclaim-incomplete classification (plain skip vs. quarantine-and-rerun) passes
TC-082(classify_pair symlink, finding 2 round-4): classify_pair refuses to treat a symlinked rep directory as skipped_complete, before ever trusting evaluation.jsonl presence through it
TC-082(classify_pair provenance mismatch, finding 2 round-4): classify_pair refuses to treat a rep directory as skipped_complete when its manifest.json scenario_id/rep does not match, even though it is a real (non-symlink) directory
TC-082(pair_retention_verified missing artifact, UAT round-6): classify_pair refuses to treat a pair as skipped_complete when a required artifact is absent, even though evaluation.jsonl and an identity-matching manifest.json are both present
TC-082(pair_retention_verified digest mismatch, UAT round-6): classify_pair refuses to treat a pair as skipped_complete when a retained artifact's recomputed digest disagrees with manifest.json's recorded value, never trusting the manifest's own sha256 field as proof
TC-082(retain_pair source-tree symlink containment, UAT round-6 MEDIUM finding): copy_dir_artifact refuses a directory artifact whose source tree contains a nested symlink rather than following it, so content from outside the declared source can never be copied into retention
TC-082(retain_pair source-tree symlink containment, top-level transcripts argument, advisor-caught round-6 gap): copy_dir_artifact refuses when its OWN source_dir argument is itself a symlink, closing the gap where exclude_top_level shields one call's walk while the sibling call dereferences that same path as its top-level argument
TC-082(batch.json symlink, finding 3 round-4): batch.json's writer replaces a pre-existing destination symlink instead of writing through it -- external content untouched
TC-082(invalid/ symlink, finding 3 round-4): the invalid/index.jsonl writer refuses to write through a pre-existing symlink at invalid/ -- external directory untouched
TC-082(--reps upper bound, tech-debt item 4): --reps at or above the reserved gate-rep band is rejected as a usage error; just under it is accepted
TC-082(min_reps upper bound, round-4 sweep): a batch policy's top-level min_reps at the reserved gate-rep band is rejected
TC-082(per-scenario reps upper bound, round-4 sweep): a batch policy's scenarios.<id>.reps override at the reserved gate-rep band is rejected
TC-082(quarantine_pair symlink, round-4 sweep): quarantine_pair refuses to move an incomplete prior attempt through a pre-existing symlink at .incomplete/<scenario_id> -- foreign directory untouched, original attempt left in place
TC-082(classify_pair ancestor-level symlink, round-5 finding 1): classify_pair now refuses to treat a scenario reached through an ANCESTOR-level symlink (scenarios/<scenario_id> itself, one level above the rep directory) as skipped_complete -- structurally closed via assert_no_symlink_in_chain
TC-082(dispatch_pair scratch_root TOP-LEVEL symlink, round-6 generalization): a symlinked scratch_root is now dereferenced (copy_tree_dereferenced) and dispatched successfully rather than refused -- the stub's write through the ephemeral copy lands only there, the real template is provably untouched
TC-082(dispatch_pair scratch_root NESTED symlink, round-6 finding 1): a real scratch_root containing a nested symlink is dispatched successfully (not refused), the worker's write through the nested path lands only in the dereferenced ephemeral copy, and the external target is provably untouched
TC-082(dispatch_pair scratch_root DANGLING nested symlink, advisor-caught round-6 regression): a scratch_root with a dangling nested symlink is recorded invalid per-pair (scratch_root_copy_failed), and the batch loop proceeds to the next scenario rather than aborting on an unguarded Python traceback
TC-082(chokepoint enforcement, fable-advisor policy): run-lifecycle-batch.sh and run-review-comparison.sh contain no raw cp -a/-r/-R, rsync, or shutil.copytree(..., symlinks=True) invocation -- the source-side symlink-preserving-copy defect class cannot silently reappear in these two files without a test failure
TC-082(assert_no_symlink_in_chain intermediate-component unit test, round-5 structural fix): the shared primitive rejects a symlink at an arbitrary intermediate path component (neither the leaf nor its immediate parent), and does not falsely reject an equally deep symlink-free path
TC-082 (round 13): parseable non-object manifest roots refuse cleanly
TC-082 (round 14): production pair-reuse helper refuses parseable non-object manifest roots
TC-082 (round 6 UAT): offline retention verification refuses symlinked retained artifact paths
TC-082 (round 7 UAT): offline retention verification refuses nested file symlinks inside retained directory artifacts
PASS: tc082_retention_layout_test.sh

==> tc083_failed_oracle_diagnosis_test.sh
TC-083: a completed workflow with a failed held-back oracle renders NOT correct from I-08's own verbatim eligibility (never inferred from I-07 outcome.terminal alone); every evidence path printed resolves to a real file/dir under the retention root without rerunning the scenario; an inconsistent upstream fixture still surfaces the oracle-fail evidence and is named an upstream contract defect (REQ-F-008); a missing oracle result renders distinctly from a passed one
TC-083: PASS
PASS: tc083_failed_oracle_diagnosis_test.sh

==> tc084_time_reconciliation_test.sh
TC-084(a): happy path -- full 8x6 matrix reconciles for time (zero unattributed) and cost (judge-cost unattributed), REQ-F-011 shares numerically exact
TC-084(b): rework/I-08 metrics.rework mismatch reported as an upstream contract defect (REQ-F-008), aggregation still completes
TC-084(c): a code stage with the rework flag entirely absent fails loudly, never silently defaulted
TC-084(d): stage_diagnostic view carries the headline verdict in its own header and prints stage/interval time-cost partitions with explicit unattributed lines
TC-084(d): report half (stage_diagnostic view happy path) PASS
TC-084(e): stage_diagnostic refuses to render (empty stdout) when the headline eligibility verdict is unavailable for a scenario; headline view is unaffected
TC-084(f): stage_diagnostic refuses when the aggregate has zero scenarios (nothing to carry a headline verdict for)
TC-084(g): a retained artifact whose actual bytes no longer match manifest.json's recorded sha256 is refused, naming the artifact and pair (recomputed, never trusted)
TC-084(h): a wrong-typed nested eligibility value (string instead of boolean) fails closed at the producer boundary, matching the aggregate.json contract's own wrong-type rejection
TC-084(i): a manifest.json artifact entry whose source_path is a non-string truthy value (a list) fails closed exactly like an empty one, never accepted on a truthy-check alone
TC-084(j): parseable non-object manifest roots refuse cleanly
TC-084: stage/interval/share time reconciliation, cost partition with a real judge-cost unattributed residual, both aggregator-half negative cases, the stage_diagnostic report half (headline-verdict carry, explicit unattributed lines), both AC-T1 refusal cases, the UAT round 5 digest-recomputation/type-validation refusal cases, and the code-review round-2 source_path type-check refusal case pass
PASS: tc084_time_reconciliation_test.sh

==> tc085_review_value_report_test.sh
TC-085: all seven finding measures render correctly broken out by severity/defect class; zero_findings and collection_failure render as distinct never-collapsed states; precision/recall render 'unavailable' (never 0) without a seeded truth set and numeric with one; per-gate elapsed/cost render the distinct upstream-contract-defect reason (never bare 'unavailable', never 0); first_pass_yield reconciles against retained gate rounds
TC-085 (aggregator half): PASS
TC-085 (report half): review_value block renders all seven finding measures broken out by severity/defect class; zero_findings and collection_failure render visibly distinct; precision/recall render exactly 'unavailable' without a seeded truth set and numeric with one; per-gate elapsed/cost render the distinct upstream-contract-defect reason, never bare 'unavailable'
TC-085 (report half): PASS
PASS: tc085_review_value_report_test.sh

==> tc086_artifact_use_and_replay_proxy_test.sh
TC-086(a): consumed/orphan/reused/evidence-missing distinguished with typed edges; replayed_interaction_proxy carries mapped numeric values under its label
TC-086(b): absent replayed_interaction_proxies renders every proxy field 'unavailable', never 0, while the block shape (label) stays present
TC-086 (aggregator half): PASS
TC-086 (report half): artifact_use block distinguishes the consumed artifact and the true orphan with typed producer/consumer edges, and renders replayed-interaction-proxy counts/sizes/revisions/unresolved gates under a visible replayed-proxy label
TC-086 (report half): PASS
TC-086 (static scan): zero forbidden_effort_language matches across 7 enumerated F10 files against 21 closed terms
TC-086 (static scan): PASS
PASS: tc086_artifact_use_and_replay_proxy_test.sh

==> tc087_review_comparison_operator_test.sh
fixtures written
TC-087(case A, AC-010): identity-compatible independent pair accepted and published, byte-identical to the real comparator's own output -- PASS
comparison_divergence fields=candidate/tree_digest,candidate/identity_digest
TC-087(case B, AC-010/AC-T2): one-field-divergent independent pair rejected, never published, divergence reason preserved verbatim -- PASS
TC-087(case C, REQ-F-015 Negative Case): a HEAD-only candidate identity is rejected by the delegated comparator, not a local F10 special-case -- PASS
TC-087(case D, Edge Case): workflow-policy-only divergence rejected with a policy-specific reason, distinct from a candidate divergence -- PASS
TC-087(case E, AC-010): three-candidate sequential_delivery chain accepted and published; every intervening candidate exercised; lineage rendering is distinct from independent_frozen_candidate mode -- PASS
TC-087(case F, finding 2): the accepted-comparison publish path replaces a pre-existing destination symlink instead of writing through it -- an unrelated in-root retained artifact untouched
TC-087(case G, finding 1 round-4): the accepted-comparison publish path replaces a pre-existing DIRECTORY-shaped destination symlink instead of moving content into it -- an unrelated in-root retained directory untouched
TC-087(case H, finding 2 round-4): dispatch_gate refuses when the rep-level directory ITSELF is a pre-existing symlink, before ever reaching the evaluation.jsonl-presence skip check -- even when the symlinked-to content would otherwise pass provenance
TC-087(case I, finding 2 round-4): gate_dest_provenance_ok refuses a rep directory whose manifest.json 'gate' field matches but scenario_id does not -- the confused-deputy shape a gate-only check missed
TC-087(case J, round-5 finding 1): dispatch_gate now refuses when scenarios/<scenario_id> itself (an ANCESTOR of the rep-level directory, not the rep directory itself) is a pre-existing symlink -- structurally closed via assert_no_symlink_in_chain
TC-087(case K, round-6 generalization): dispatch_gate dereferences (copy_tree_dereferenced) a TOP-LEVEL symlinked scratch_root and dispatches successfully rather than refusing -- the stub's write through the ephemeral copy lands only there, the real template is provably untouched
TC-087(case L, round-6 finding 1): dispatch_gate dispatches (does not refuse) a real scratch_root containing a nested symlink -- the stub lifecycle worker's write through the nested path lands only in the dereferenced ephemeral copy, and the external target is provably untouched
TC-087(case M, UAT round-6): gate_dest_provenance_ok refuses to treat the deep_review gate as already-retained/skip when a required artifact is absent, even though evaluation.jsonl and an identity-matching manifest.json are both present
TC-087(case N, UAT round-6): gate_dest_provenance_ok refuses to treat the deep_review gate as already-retained/skip when a retained artifact's recomputed digest disagrees with manifest.json's recorded value, never trusting the manifest's own sha256 field as proof
TC-087(AC-T3): run-review-comparison.sh contains no comparator identity field-name vocabulary -- PASS
TC-087: pass (identity-compatible pair published byte-identical to the real comparator; divergent/branch-identity/policy-only pairs rejected and never published with verbatim reasons; sequential chain exercises every intervening candidate with a lineage distinct from independent mode)
PASS: tc087_review_comparison_operator_test.sh

==> tc088_dimension_separation_and_noise_band_test.sh
TC-088 (aggregator half): noise_bands publishes a real min/median/max/spread_abs/acceptance_interval band per (scenario, metric) with insufficient_reps=false when reps meet the batch's declared minimum, and insufficient_reps=true (AC-T1) when a scenario's rep count falls below it; comparisons[] republishes the comparator's verdict verbatim; invalid[] carries every invalidity_reasons entry from both the batch dispatch-failure ledger and retained-but-ineligible pairs, the latter an exact verbatim copy of scenarios[].eligibility (AC-T2); the aggregate output carries no composite/weighted/blended score field
TC-088 (schema static scan, target i): zero property-name matches against 13 forbidden_composite_fields terms across 90 required-field pointers and 24 typed properties (schema's own list declaration excluded)
TC-088 (aggregator half): PASS
TC-088 (report-template static scan, target ii): zero forbidden_composite_fields matches across 7 enumerated F10 files (no exclusion) against 13 closed terms
TC-088 (report half, target ii): PASS
TC-088 (no-detectable-effect check): an in-band quality paired delta renders exactly 'no detectable effect'; an out-of-band delta renders its value without that phrase and without an improvement/regression claim; time and cost dimensions render the schema-owned upstream-contract-defect reason, never the bare 'unavailable' string
TC-088 (no-detectable-effect check): PASS
T-E40-F10-005 round-3 rework: real run-lifecycle-batch.sh dispatched (not skipped_complete) reps 1 and 2 for a scenario_id already occupied by gate reps -- no collision
T-E40-F10-005 round-3 rework: gate-retained manifests at 900001/900002 untouched by the real batch dispatch
TC-088 (T-E40-F10-010 rework, real comparison-chain end-to-end): a real run-review-comparison.sh --mode pilot run (real retain_gate()/lib/retain_pair dispatch path, real compare-lifecycle-evaluations.sh) co-located with a batch-produced pair of the SAME scenario_id chains cleanly into a real aggregate-lifecycle.sh run -- no crash, and the published comparison.json reaches /comparisons verbatim
TC-088 (T-E40-F10-010 rework, real comparison-chain end-to-end): PASS
PASS: tc088_dimension_separation_and_noise_band_test.sh

==> tc089_phase_separation_test.sh
TC-089(a): pure v1 root refused with the named phase1_record_input_refused reason, no partial aggregate on stdout
TC-089(b): mixed v1+v2 root refuses the WHOLE aggregation (ADR-F10-11), not a partial aggregate of the valid v2 pair
TC-089(c): the unmodified Phase 1 run-batch.sh/aggregate-runs.sh/report-baseline.sh path still runs end-to-end
TC-089(c): run-batch.sh, aggregate-runs.sh, and report-baseline.sh are byte-unmodified vs PRE_F10_BASELINE_SHA (baf9b021160985ecbd1945820ce1e0431f2bb521)
TC-089(d): no Phase 1 (v1) output carries the lifecycle_v2 phase label
TC-089(e): a valid v2-only aggregate carries the lifecycle_v2 phase label in /identity/phase
TC-089: v1-only and mixed v1+v2 roots both refuse the whole aggregation with a named reason; the unmodified Phase 1 path runs end-to-end and stays byte-identical to PRE_F10_BASELINE_SHA; no v1 output is relabelled lifecycle_v2 and every v2 aggregate carries it
PASS: tc089_phase_separation_test.sh

==> tc090_offline_determinism_and_scale_test.sh
TC-090 (AC-T1): byte-identical double run PASS (aggregate.json + headline + stage_diagnostic)
TC-090 (negative case): fake-clock injection has no effect on output; date never invoked PASS
TC-090 (AC-T2): zero denied calls across provider/network/DB/live-tree surfaces PASS
TC-090 (generator determinism): same seed -> byte-identical retention tree PASS
TC-090 (AC-T3): 100 MB fixture (104866863 bytes) aggregated in 0s, peak RSS 19376 KiB (bound 25600 KiB) PASS
TC-090: offline determinism and 100 MB retention-fixture scale test PASS
PASS: tc090_offline_determinism_and_scale_test.sh

==> tc091_static_safety_language_neutrality_test.sh
scan (a) write-path assignment-chain trace -- scanned files:
  - /tmp/e40-f10-015-clean.93Gkot/bench/scripts/run-lifecycle-batch.sh
  - /tmp/e40-f10-015-clean.93Gkot/bench/scripts/run-review-comparison.sh
  - /tmp/e40-f10-015-clean.93Gkot/bench/scripts/pilot-ledger.sh
  - /tmp/e40-f10-015-clean.93Gkot/bench/scripts/verify-retention-root.sh
  - /tmp/e40-f10-015-clean.93Gkot/bench/scripts/aggregate-lifecycle.sh
  - /tmp/e40-f10-015-clean.93Gkot/bench/scripts/report-lifecycle.sh
  - /tmp/e40-f10-015-clean.93Gkot/bench/scripts/lib/spend-gate.sh
  - /tmp/e40-f10-015-clean.93Gkot/bench/reports/lifecycle-baseline-schema.yaml
  /tmp/e40-f10-015-clean.93Gkot/bench/scripts/run-lifecycle-batch.sh: 7 write-destination site(s) (4 root-anchored, 3 mktemp-scratch, 0 violation(s))
  /tmp/e40-f10-015-clean.93Gkot/bench/scripts/run-review-comparison.sh: 5 write-destination site(s) (4 root-anchored, 1 mktemp-scratch, 0 violation(s))
  /tmp/e40-f10-015-clean.93Gkot/bench/scripts/pilot-ledger.sh: 0 write-destination site(s) (0 root-anchored, 0 mktemp-scratch, 0 violation(s))
  /tmp/e40-f10-015-clean.93Gkot/bench/scripts/verify-retention-root.sh: 1 write-destination site(s) (0 root-anchored, 1 mktemp-scratch, 0 violation(s))
  /tmp/e40-f10-015-clean.93Gkot/bench/scripts/aggregate-lifecycle.sh: 0 write-destination site(s) (0 root-anchored, 0 mktemp-scratch, 0 violation(s))
  /tmp/e40-f10-015-clean.93Gkot/bench/scripts/report-lifecycle.sh: 0 write-destination site(s) (0 root-anchored, 0 mktemp-scratch, 0 violation(s))
  /tmp/e40-f10-015-clean.93Gkot/bench/scripts/lib/spend-gate.sh: 0 write-destination site(s) (0 root-anchored, 0 mktemp-scratch, 0 violation(s))
  /tmp/e40-f10-015-clean.93Gkot/bench/reports/lifecycle-baseline-schema.yaml: 0 write-destination site(s) (0 root-anchored, 0 mktemp-scratch, 0 violation(s))
scan (a): 0 violations across 13 write-destination site(s) in 8 scanned file(s)

scan (b) forbidden-path scan -- scanned files:
  - /tmp/e40-f10-015-clean.93Gkot/bench/scripts/run-lifecycle-batch.sh
  - /tmp/e40-f10-015-clean.93Gkot/bench/scripts/run-review-comparison.sh
  - /tmp/e40-f10-015-clean.93Gkot/bench/scripts/pilot-ledger.sh
  - /tmp/e40-f10-015-clean.93Gkot/bench/scripts/verify-retention-root.sh
  - /tmp/e40-f10-015-clean.93Gkot/bench/scripts/aggregate-lifecycle.sh
  - /tmp/e40-f10-015-clean.93Gkot/bench/scripts/report-lifecycle.sh
  - /tmp/e40-f10-015-clean.93Gkot/bench/scripts/lib/spend-gate.sh
  - /tmp/e40-f10-015-clean.93Gkot/bench/reports/lifecycle-baseline-schema.yaml
scan (b): 0 matches for 4 forbidden path prefixes across 8 scanned file(s)

scan (c) language-branch scan -- scanned files:
  - /tmp/e40-f10-015-clean.93Gkot/bench/scripts/run-lifecycle-batch.sh
  - /tmp/e40-f10-015-clean.93Gkot/bench/scripts/run-review-comparison.sh
  - /tmp/e40-f10-015-clean.93Gkot/bench/scripts/pilot-ledger.sh
  - /tmp/e40-f10-015-clean.93Gkot/bench/scripts/verify-retention-root.sh
  - /tmp/e40-f10-015-clean.93Gkot/bench/scripts/aggregate-lifecycle.sh
  - /tmp/e40-f10-015-clean.93Gkot/bench/scripts/report-lifecycle.sh
  - /tmp/e40-f10-015-clean.93Gkot/bench/scripts/lib/spend-gate.sh
  - /tmp/e40-f10-015-clean.93Gkot/bench/reports/lifecycle-baseline-schema.yaml
scan (c): 0 fixture-language-branch matches across 8 scanned file(s) (python3 interpreter invocations exempted)

scan (d) content-disclosure scan -- scanned files:
  - /tmp/e40-f10-015-clean.93Gkot/bench/scripts/run-lifecycle-batch.sh
  - /tmp/e40-f10-015-clean.93Gkot/bench/scripts/run-review-comparison.sh
  - /tmp/e40-f10-015-clean.93Gkot/bench/scripts/pilot-ledger.sh
  - /tmp/e40-f10-015-clean.93Gkot/bench/scripts/verify-retention-root.sh
  - /tmp/e40-f10-015-clean.93Gkot/bench/scripts/aggregate-lifecycle.sh
  - /tmp/e40-f10-015-clean.93Gkot/bench/scripts/report-lifecycle.sh
  - /tmp/e40-f10-015-clean.93Gkot/bench/scripts/lib/spend-gate.sh
  - /tmp/e40-f10-015-clean.93Gkot/bench/reports/lifecycle-baseline-schema.yaml
scan (d): 0 credential / disclosure-directory / uncapped-transcript-read matches across 8 scanned file(s)

TC-091 PASS: all four static scans report zero violations over the enumerated F10 file set (AC-T1); scan (a) correctly traces a two-statement concatenation chain both to the retention root (positive fixture) and away from it (negative fixture, AC-T2)
PASS: tc091_static_safety_language_neutrality_test.sh

==> tc092_full-regression-registration_test.sh
TC-092: AC-T2 pass (62 pre-F10 tests present in run-all.sh, relative order unchanged)
TC-092: every pre-F10 test still declares a discoverable pass marker
TC-092: AC-T3 NOT EXERCISED in this invocation (no TC092_RUN_LOG supplied).
TC-092: re-run with TC092_RUN_LOG=<captured run-all.sh output> to verify AC-T3; see bench/README.md.
TC-092: complete F10 suite (TC-079 through TC-092) registered in run-all.sh
TC-092: F01-F09 and complete F10 registration pass
PASS: tc092_full-regression-registration_test.sh

