TC-092: AC-T2 pass (62 pre-F10 tests present in run-all.sh, relative order unchanged)
TC-092: every pre-F10 test still declares a discoverable pass marker
TC-092: AC-T3 FAIL - tc003_clean_checkout_test.sh's own pass marker not found in captured run output: TC-003: PASS
TC-092: AC-T3 FAIL - run-all.sh wrapper line 'PASS: tc003_clean_checkout_test.sh' not found in captured run output
TC-092: AC-T3 FAIL - tc004_admit_full_set_test.sh's own pass marker not found in captured run output: TC-004: PASS
TC-092: AC-T3 FAIL - run-all.sh wrapper line 'PASS: tc004_admit_full_set_test.sh' not found in captured run output
TC-092: AC-T3 FAIL - tc005_admit_rejection_branches_test.sh's own pass marker not found in captured run output: TC-005: PASS
TC-092: AC-T3 FAIL - run-all.sh wrapper line 'PASS: tc005_admit_rejection_branches_test.sh' not found in captured run output
TC-092: AC-T3 FAIL - tc006_admit_reproducibility_test.sh's own pass marker not found in captured run output: TC-006: PASS
TC-092: AC-T3 FAIL - run-all.sh wrapper line 'PASS: tc006_admit_reproducibility_test.sh' not found in captured run output
TC-092: AC-T3 FAIL - tc007_ledger_reproducibility_test.sh's own pass marker not found in captured run output: TC-007: PASS
TC-092: AC-T3 FAIL - run-all.sh wrapper line 'PASS: tc007_ledger_reproducibility_test.sh' not found in captured run output
TC-092: AC-T3 FAIL - tc008_lint_position_shift_test.sh's own pass marker not found in captured run output: TC-008: PASS
TC-092: AC-T3 FAIL - run-all.sh wrapper line 'PASS: tc008_lint_position_shift_test.sh' not found in captured run output
TC-092: AC-T3 FAIL - tc011_toolchain_guard_test.sh's own pass marker not found in captured run output: TC-011: PASS
TC-092: AC-T3 FAIL - run-all.sh wrapper line 'PASS: tc011_toolchain_guard_test.sh' not found in captured run output
TC-092: AC-T3 FAIL - tc013_admit_offline_test.sh's own pass marker not found in captured run output: TC-013: PASS
TC-092: AC-T3 FAIL - run-all.sh wrapper line 'PASS: tc013_admit_offline_test.sh' not found in captured run output
TC-092: AC-T3 FAIL - tc014_run_one_smoke_test.sh's own pass marker not found in captured run output: TC-014: all sub-cases PASS
TC-092: AC-T3 FAIL - run-all.sh wrapper line 'PASS: tc014_run_one_smoke_test.sh' not found in captured run output
TC-092: AC-T3 FAIL - tc016_canary_runsurface_test.sh's own pass marker not found in captured run output: TC-016 PASS
TC-092: AC-T3 FAIL - run-all.sh wrapper line 'PASS: tc016_canary_runsurface_test.sh' not found in captured run output
TC-092: AC-T3 FAIL - tc031_adapter_conformance_test.sh's own pass marker not found in captured run output: TC-031: PASS
TC-092: AC-T3 FAIL - run-all.sh wrapper line 'PASS: tc031_adapter_conformance_test.sh' not found in captured run output
TC-092: AC-T3 FAIL - tc032_admission_full_confirmation_test.sh's own pass marker not found in captured run output: TC-032: PASS
TC-092: AC-T3 FAIL - run-all.sh wrapper line 'PASS: tc032_admission_full_confirmation_test.sh' not found in captured run output
TC-092: AC-T3 FAIL - tc033_admission_rejection_test.sh's own pass marker not found in captured run output: TC-033: PASS
TC-092: AC-T3 FAIL - run-all.sh wrapper line 'PASS: tc033_admission_rejection_test.sh' not found in captured run output
TC-092: AC-T3 FAIL - tc034_admission_determinism_test.sh's own pass marker not found in captured run output: TC-034: PASS
TC-092: AC-T3 FAIL - run-all.sh wrapper line 'PASS: tc034_admission_determinism_test.sh' not found in captured run output
TC-092: AC-T3 FAIL - tc035_toolchain_identity_test.sh's own pass marker not found in captured run output: TC-035: PASS
TC-092: AC-T3 FAIL - run-all.sh wrapper line 'PASS: tc035_toolchain_identity_test.sh' not found in captured run output
TC-092: AC-T3 FAIL - tc036_final_predicate_test.sh's own pass marker not found in captured run output: TC-036: PASS
TC-092: AC-T3 FAIL - run-all.sh wrapper line 'PASS: tc036_final_predicate_test.sh' not found in captured run output
TC-092: AC-T3 FAIL - tc037_repo_hygiene_test.sh's own pass marker not found in captured run output: TC-037: PASS
TC-092: AC-T3 FAIL - run-all.sh wrapper line 'PASS: tc037_repo_hygiene_test.sh' not found in captured run output
TC-092: AC-T3 FAIL - tc038_frozen_interface_test.sh's own pass marker not found in captured run output: TC-038: PASS
TC-092: AC-T3 FAIL - run-all.sh wrapper line 'PASS: tc038_frozen_interface_test.sh' not found in captured run output
TC-092: AC-T3 FAIL - tc039_offline_capability_test.sh's own pass marker not found in captured run output: TC-039: PASS
TC-092: AC-T3 FAIL - run-all.sh wrapper line 'PASS: tc039_offline_capability_test.sh' not found in captured run output
TC-092: AC-T3 FAIL - tc040_fixture_base_verification_test.sh's own pass marker not found in captured run output: TC-040: PASS
TC-092: AC-T3 FAIL - run-all.sh wrapper line 'PASS: tc040_fixture_base_verification_test.sh' not found in captured run output
TC-092: AC-T3 FAIL - tc043_root_policy_isolation_test.sh's own pass marker not found in captured run output: TC-043: PASS
TC-092: AC-T3 FAIL - run-all.sh wrapper line 'PASS: tc043_root_policy_isolation_test.sh' not found in captured run output
TC-092: AC-T3 FAIL - tc068_heldback_oracle_isolation_test.sh's own pass marker not found in captured run output: TC-068: PASS
TC-092: AC-T3 FAIL - run-all.sh wrapper line 'PASS: tc068_heldback_oracle_isolation_test.sh' not found in captured run output
TC-092: AC-T3 FAIL - tc069_calibration_boundary_test.sh's own pass marker not found in captured run output: TC-069 PASS
TC-092: AC-T3 FAIL - run-all.sh wrapper line 'PASS: tc069_calibration_boundary_test.sh' not found in captured run output
TC-092: AC-T3 FAIL - tc071_review_finding_normalization_test.sh's own pass marker not found in captured run output: TC-071 PASS
TC-092: AC-T3 FAIL - run-all.sh wrapper line 'PASS: tc071_review_finding_normalization_test.sh' not found in captured run output
