After completing ALL work below, stop and hand control back to the parent loop. Do not run Shark status-transition commands yourself; report the recommended outcome in your final response so the parent can advance the workflow.

Plan sprint E07-F01: "Sample feature for golden test".


# Sprint Planning

## What This Is

A **mode-aware sprint scoping harness**. It reads the sprint's goal, cross-checks open tech-debt for landmines under that scope (a Rider-side relevance judgment — see Step 1.5, not a shark-computed field), reads `shark sprint plan` once, surfaces backlog entities grouped by feature and agent type, and walks through assignment confirmation — either item-by-item (interactive mode) or with a single greedy-fill proposal (auto mode). When done, it reports the readiness-score delta and suggests `/shark-rider run-sprint` as the next step. It does NOT call `shark sprint start`.

```
shark get {S###} --json → tech-debt landmine cross-check (Rider-side judgment, confirm) →
shark sprint plan {S###} --json → surface backlog → confirm assignments →
shark sprint readiness {S###} --json → report delta
```

It does NOT decide which sprint strategy to use. It reads capacity and readiness from shark, proposes based on that data, and requires explicit user confirmation before any `shark sprint add` call.

## Command

```
/shark-rider plan-sprint S###                       # Interactive mode (default)
/shark-rider plan-sprint S###  --mode=auto          # Greedy-fill with single confirmation
/shark-rider plan-sprint S###  --mode=interactive   # Explicit interactive (same as default)
/shark-rider plan-sprint S###  --max-add=N          # Limit total entities added this session
```

**Read `workflows/plan-sprint.md`** to get the full step-by-step workflow procedure.

## Modes

- **interactive** (default) — surfaces each backlog group (by feature, then standalones), asks which items to add, calls `shark sprint add` only after explicit per-item or per-group confirmation.
- **auto** — greedily selects backlog entities up to capacity per agent type, sorted by priority descending then size ascending, proposes the full plan, asks for ONE final confirmation before calling `shark sprint add` for each selected entity.

## JSON Handling

- All shark calls use `--json` or `--field`
- Never truncate output with `head`, `tail`, or `grep`
- Sprint plan JSON includes backlog list, capacity per agent type, and readiness score


PRODUCT CRITICAL-PATH GUARD — consult before choosing or starting any work item:

Check whether these four files exist in this project:
- `docs/product/D01-vision-statement.md`
- `docs/product/D02-success-criteria.md`
- `docs/plan/product-delivery-roadmap.md`
- `docs/plan/product-critical-path.md`

If a file is missing, report it and move on — a missing file is an advisory
note, not a reason to stop:
- `docs/product/D01-vision-statement.md` missing → report: `unresolved prerequisite: docs/product/D01-vision-statement.md missing`
- `docs/product/D02-success-criteria.md` missing → report: `unresolved prerequisite: docs/product/D02-success-criteria.md missing`
- `docs/plan/product-delivery-roadmap.md` missing → report: `unresolved prerequisite: docs/plan/product-delivery-roadmap.md missing`
- `docs/plan/product-critical-path.md` missing → report: `unresolved prerequisite: docs/plan/product-critical-path.md missing`

When the files are present, read them and report all of the following before
choosing or starting work:

1. **Gate name** — the current roadmap gate's name/number, from
   `docs/plan/product-critical-path.md`'s "## Current Gate" section.
2. **Relationship to the gate** — how the proposed work item moves that named
   gate forward.
3. **Executable advancement evidence** — a link to a runnable command or test
   that proves forward movement against the live golden path. None of the
   following count as executable advancement evidence:
   - fixture data
   - a captured/recorded run
   - a hand-authored test actor standing in for a real caller
   - a contract-only test that never exercises the production path
   - a component-level test suite that stops short of the live golden path

   Only evidence that runs against the live golden path — an executed
   command, a passing end-to-end test, or a demonstrated production
   interaction — moves the gate forward.
4. **Unresolved prerequisites** — any of the four files above that is
   missing, stale, or names an unclear gate.
5. **Side-quest call** — when the work item does not move the named gate
   forward, say so explicitly and give one of two calls: proceed, with a
   stated reason (e.g. an urgent bug fix), or defer.

This guard only reports; it never names a target status of its own and never
makes the choice for you.


Read the sprint plan and readiness data (`shark sprint plan E07-F01 --json`),
propose entity assignments, and confirm scope. Do NOT start the sprint — starting
is an explicit user action. When scope is agreed, release outcome `pass` to make
the sprint active.
