
After completing ALL work below, exit with: shark status advance E07-F01

Design architecture for epic E07-F01: "Sample feature for golden test".

Check for existing architecture docs and UAT plan in epic directory. If both exist and meet exit gate criteria, advance immediately.

---

Load skills from `shark-data/skills/architecture/`:
  - `workflows/design-system.md`
  - `workflows/design-backend.md`
  - `workflows/design-database as applicable.md`

READ:
(1) Epic PRD for scope and requirements
(2) Research report for existing implementations and extension points
(3) CLAUDE.md for architecture patterns and coding standards
(4) Existing architecture docs in codebase for consistency

PRODUCE two documents (plus interaction map when applicable):

**architecture.md** — System-level design:
(1) Component overview: what changes, what stays
(2) Key technical decisions with rationale (ADRs)
(3) Data model changes (if any)
(4) Integration approach (how new code connects to existing)
(5) Migration strategy (if applicable)

**uat-plan.md** — Epic acceptance plan:
(1) UAT scenarios derived from epic PRD success criteria
(2) Acceptance test descriptions (what to verify, not how)
(3) Cross-feature integration scenarios
(4) Performance/security considerations

**E07-F01-interaction-map.md** — Cross-feature wiring:
REQUIRED if this epic is expected to decompose into 3+ features. SKIP only for
single-feature epics or epics with fewer than 3 features and no explicit
cross-feature handoff.

Use this table:

| ID | Producer feature | Consumer feature(s) | Shape | Payload | Style |
|----|------------------|---------------------|-------|---------|-------|

Rules:
- I-## IDs are stable: assign once here and reference verbatim in
  decomposition, feature specs, producing/consuming task specs, feature review,
  task review, and QA.
- Each interaction's shape source resolves to a section in architecture.md.
  Producer and consumer features must point to the SAME architecture.md section.
- Producer feature and consumer feature(s) may be intended feature names at this
  phase; decomposition must create matching feature boundaries or update the map
  before advancing.
- Payload names the concrete data, event, file, state, API, CLI output, or
  artifact that crosses the feature boundary.
- Style names the interaction mode: API, event, shared data model, file
  artifact, CLI contract, UI handoff, or other concrete style.
- Register the document after writing it:
  `shark related-docs add "Interaction Map" E07-F01-interaction-map.md --epic=E07-F01`

CRITICAL: Architecture must align with existing patterns from research report. Do not propose patterns that contradict CLAUDE.md conventions.

EXIT GATE:
- Architecture follows existing codebase patterns
- Every technical decision has rationale
- UAT scenarios map to epic success criteria
- No orphaned requirements
- Multi-feature epic: E07-F01-interaction-map.md exists with at least one I-##
  row, and every row's shape source resolves to a section in architecture.md
