
After completing ALL work below, exit with: shark status advance E07-F01

RESUME codebase research for epic E07-F01: "Sample feature for golden test".

Check for existing research report in epic directory. If report exists with all sections populated and file paths cited, advance immediately.

Otherwise, continue brownfield research following the ready_for_research instructions.
